P11-FEAT-009 loft kernel probe (OCCT 8.0.1, GCC 16.1 MinGW, -O2), run 2026-09-15T22:56:21+10:00.
One process per line; '-> exit N' marks a process that ended with an error.

rect-equal       ruled    done solids=1 valid=1 V=20000 expected=20000 (A h = 200 x 100) rel=0.00e+00 box=(-5.0000001,-10.0000001,-1e-07)-(5.0000001,10.0000001,100) centre=(-1.8189894e-16,-5.91704463e-16,50) t=0.003s faces: plane=6 selfcheck=1 (0.010s)
rect-equal       ruled-cc done solids=1 valid=1 V=20000 expected=20000 (A h = 200 x 100) rel=0.00e+00 box=(-5.0000001,-10.0000001,-1e-07)-(5.0000001,10.0000001,100) centre=(-1.8189894e-16,-5.91704463e-16,50) t=0.004s faces: plane=6 selfcheck=1 (0.010s)
rect-equal       smooth   done solids=1 valid=1 V=20000 expected=20000 (A h = 200 x 100) rel=0.00e+00 box=(-5.0000001,-10.0000001,-1e-07)-(5.0000001,10.0000001,100) centre=(-1.8189894e-16,-5.91704463e-16,50) t=0.003s faces: plane=6 selfcheck=1 (0.010s)
rect-equal       shifted  done solids=1 valid=1 V=13333.333333333334 expected=20000 (A h = 200 x 100) rel=3.33e-01 box=(-5.0000001,-10.0000001,-1e-07)-(5.0000001,10.0000001,100) centre=(1.70530257e-17,-7.33280103e-16,50) t=0.005s faces: bspline=4 plane=2 selfcheck=1 (0.145s)
circle-equal     ruled    done solids=1 valid=1 V=7853.9816339744793 expected=7853.981633974483 (pi r^2 h) rel=4.63e-16 box=(-5.0000001,-5.0000001,-1e-07)-(5.0000001,5.0000001,100) centre=(-1.6791067e-15,-3.18451271e-16,50) t=0.003s faces: cylinder=1 plane=2 selfcheck=1 (0.007s)
circle-equal     ruled-cc done solids=1 valid=1 V=7853.9816339744793 expected=7853.981633974483 (pi r^2 h) rel=4.63e-16 box=(-5.0000001,-5.0000001,-1e-07)-(5.0000001,5.0000001,100) centre=(-1.6791067e-15,-3.18451271e-16,50) t=0.003s faces: cylinder=1 plane=2 selfcheck=1 (0.005s)
circle-equal     smooth   done solids=1 valid=1 V=7853.9816339744793 expected=7853.981633974483 (pi r^2 h) rel=4.63e-16 box=(-5.0000001,-5.0000001,-1e-07)-(5.0000001,5.0000001,100) centre=(-1.6791067e-15,-3.18451271e-16,50) t=0.003s faces: cylinder=1 plane=2 selfcheck=1 (0.004s)
circle-equal     shifted  done solids=1 valid=1 V=5235.9877560815248 expected=7853.981633974483 (pi r^2 h) rel=3.33e-01 box=(-5.0000001,-5.0000001,-1e-07)-(5.0000001,5.0000001,100) centre=(4.70938404e-11,4.7099768e-11,50) t=0.004s faces: bspline=1 plane=2 selfcheck=1 (0.033s)
frustum          ruled    done solids=1 valid=1 V=5497.7871437821368 expected=5497.7871437821377 (pi h/3 (r1^2 + r1 r2 + r2^2)) rel=1.65e-16 box=(-10.0000001,-10.0000001,-1e-07)-(10.0000001,10.0000001,30.0000001) centre=(-7.03074234e-16,-2.99840482e-16,11.7857143) t=0.003s faces: cone=1 plane=2 selfcheck=1 (0.006s)
frustum          ruled-cc done solids=1 valid=1 V=5497.7871437821368 expected=5497.7871437821377 (pi h/3 (r1^2 + r1 r2 + r2^2)) rel=1.65e-16 box=(-10.0000001,-10.0000001,-1e-07)-(10.0000001,10.0000001,30.0000001) centre=(-7.03074234e-16,-2.99840482e-16,11.7857143) t=0.003s faces: cone=1 plane=2 selfcheck=1 (0.005s)
frustum          smooth   done solids=1 valid=1 V=5497.7871437821368 expected=5497.7871437821377 (pi h/3 (r1^2 + r1 r2 + r2^2)) rel=1.65e-16 box=(-10.0000001,-10.0000001,-1e-07)-(10.0000001,10.0000001,30.0000001) centre=(-7.03074234e-16,-2.99840482e-16,11.7857143) t=0.002s faces: cone=1 plane=2 selfcheck=1 (0.005s)
frustum          shifted  done solids=1 valid=1 V=3926.9908170611529 expected=5497.7871437821377 (pi h/3 (r1^2 + r1 r2 + r2^2)) rel=2.86e-01 box=(-10.0000001,-10.0000001,-1e-07)-(10.0000001,10.0000001,30.0000001) centre=(1.08325803e-10,4.0030157e-11,10.5) t=0.004s faces: bspline=1 plane=2 selfcheck=1 (0.025s)
rect-frustum     ruled    done solids=1 valid=1 V=3500.0000000000009 expected=3500 (h/3 (A1 + A2 + sqrt(A1 A2))) rel=2.60e-16 box=(-10.0000001,-5.0000001,-1e-07)-(10.0000001,5.0000001,30.0000001) centre=(-1.46168791e-16,-3.06184301e-16,11.7857143) t=0.005s faces: bspline=4 plane=2 selfcheck=1 (0.113s)
rect-frustum     ruled-cc done solids=1 valid=1 V=3500.0000000000009 expected=3500 (h/3 (A1 + A2 + sqrt(A1 A2))) rel=2.60e-16 box=(-10.0000001,-5.0000001,-1e-07)-(10.0000001,5.0000001,30.0000001) centre=(-1.46168791e-16,-3.06184301e-16,11.7857143) t=0.005s faces: bspline=4 plane=2 selfcheck=1 (0.113s)
rect-frustum     smooth   done solids=1 valid=1 V=3500.0000000000009 expected=3500 (h/3 (A1 + A2 + sqrt(A1 A2))) rel=2.60e-16 box=(-10.0000001,-5.0000001,-1e-07)-(10.0000001,5.0000001,30.0000001) centre=(-1.46168791e-16,-3.06184301e-16,11.7857143) t=0.006s faces: bspline=4 plane=2 selfcheck=1 (0.109s)
rect-frustum     shifted  done solids=1 valid=1 V=2500 expected=3500 (h/3 (A1 + A2 + sqrt(A1 A2))) rel=2.86e-01 box=(-10.0000001,-5.0000001,-1e-07)-(10.0000001,5.0000001,30.0000001) centre=(-5.68434189e-18,-4.03588274e-16,10.5) t=0.005s faces: bspline=4 plane=2 selfcheck=1 (0.129s)
rect-prismatoid  ruled    done solids=1 valid=1 V=6500 expected=6500 (h/6 (A0 + 4 Am + A1)) rel=0.00e+00 box=(-10.0000001,-10.0000001,-1e-07)-(10.0000001,10.0000001,30.0000001) centre=(-7.76724584e-33,-4.08863099e-16,15) t=0.006s faces: bspline=4 plane=2 selfcheck=1 (0.149s)
rect-prismatoid  ruled-cc done solids=1 valid=1 V=6500 expected=6500 (h/6 (A0 + 4 Am + A1)) rel=0.00e+00 box=(-10.0000001,-10.0000001,-1e-07)-(10.0000001,10.0000001,30.0000001) centre=(-7.76724584e-33,-4.08863099e-16,15) t=0.005s faces: bspline=4 plane=2 selfcheck=1 (0.117s)
rect-prismatoid  smooth   done solids=1 valid=1 V=6500 expected=6500 (h/6 (A0 + 4 Am + A1)) rel=0.00e+00 box=(-10.0000001,-10.0000001,-1e-07)-(10.0000001,10.0000001,30.0000001) centre=(-7.76724584e-33,-4.08863099e-16,15) t=0.004s faces: bspline=4 plane=2 selfcheck=1 (0.117s)
rect-prismatoid  shifted  done solids=1 valid=1 V=4000 expected=6500 (h/6 (A0 + 4 Am + A1)) rel=3.85e-01 box=(-10.0000001,-10.0000001,-1e-07)-(10.0000001,10.0000001,30.0000001) centre=(1.81188398e-16,-3.51718654e-16,15) t=0.004s faces: bspline=4 plane=2 selfcheck=1 (0.136s)
three-circles    ruled    done solids=1 valid=1 V=18325.957145940461 expected=18325.957145940461 (two frustums) rel=0.00e+00 box=(-10.0000001,-10.0000001,-1e-07)-(10.0000001,10.0000001,100) centre=(-5.95545233e-16,-7.50635138e-16,50) t=0.003s faces: cone=2 plane=2 selfcheck=1 (0.007s)
three-circles    ruled-cc done solids=1 valid=1 V=18325.957145940461 expected=18325.957145940461 (two frustums) rel=0.00e+00 box=(-10.0000001,-10.0000001,-1e-07)-(10.0000001,10.0000001,100) centre=(-5.95545233e-16,-7.50635138e-16,50) t=0.003s faces: cone=2 plane=2 selfcheck=1 (0.009s)
three-circles    smooth   done solids=1 valid=1 V=22514.747351574282 expected=18325.957145940461 (two frustums) rel=2.29e-01 box=(-10.0000001,-10.0000001,-1e-07)-(10.0000001,10.0000001,100) centre=(3.32270107e-10,3.76255241e-15,50) t=0.004s faces: bspline=1 plane=2 selfcheck=1 (0.010s)
three-circles    shifted  done solids=1 valid=1 V=15707.963268146021 expected=18325.957145940461 (two frustums) rel=1.43e-01 box=(-10.0000001,-10.0000001,-1e-07)-(10.0000001,10.0000001,100) centre=(1.451198e-11,9.76993733e-11,54.1666667) t=0.003s faces: bspline=1 cone=1 plane=2 selfcheck=1 (0.047s)
four-circles     ruled    done solids=1 valid=1 V=9361.9461076975822 expected=9361.946107697584 (three frustums) rel=1.94e-16 box=(-10.0000001,-10.0000001,-1e-07)-(10.0000001,10.0000001,60.0000001) centre=(-1.10505894e-15,-4.17432978e-16,24.7119687) t=0.003s faces: cone=3 plane=2 selfcheck=1 (0.008s)
four-circles     ruled-cc done solids=1 valid=1 V=9361.9461076975822 expected=9361.946107697584 (three frustums) rel=1.94e-16 box=(-10.0000001,-10.0000001,-1e-07)-(10.0000001,10.0000001,60.0000001) centre=(-1.10505894e-15,-4.17432978e-16,24.7119687) t=0.003s faces: cone=3 plane=2 selfcheck=1 (0.009s)
four-circles     smooth   done solids=1 valid=1 V=9965.9376347361449 expected=9361.946107697584 (three frustums) rel=6.45e-02 box=(-10.0000001,-10.0000001,-1.00000004e-07)-(10.0000001,10.0000001,60.0000001) centre=(2.83872848e-10,-6.83974585e-15,30.2171073) t=0.004s faces: bspline=1 plane=2 selfcheck=1 (0.011s)
four-circles     shifted  done solids=1 valid=1 V=8105.3090462684177 expected=9361.946107697584 (three frustums) rel=1.34e-01 box=(-10.0000001,-10.0000001,-1e-07)-(10.0000001,10.0000001,60.0000001) centre=(-2.91719822e-11,2.20805084e-11,26.9928941) t=0.004s faces: bspline=1 cone=2 plane=2 selfcheck=1 (0.047s)
offset-circles   ruled    done solids=1 valid=1 V=5497.7871439151513 expected=5497.7871437821377 (oblique frustum (Cavalieri)) rel=2.42e-11 box=(-10.0000001,-10.0000001,-1e-07)-(15.0000001,10.0000001,30.0000001) centre=(3.92857143,8.01324014e-15,11.7857143) t=0.003s faces: bspline=1 plane=2 selfcheck=1 (0.021s)
offset-circles   ruled-cc done solids=1 valid=1 V=5497.7871439151513 expected=5497.7871437821377 (oblique frustum (Cavalieri)) rel=2.42e-11 box=(-10.0000001,-10.0000001,-1e-07)-(15.0000001,10.0000001,30.0000001) centre=(3.92857143,8.01324014e-15,11.7857143) t=0.004s faces: bspline=1 plane=2 selfcheck=1 (0.022s)
offset-circles   smooth   done solids=1 valid=1 V=5497.7871439151513 expected=5497.7871437821377 (oblique frustum (Cavalieri)) rel=2.42e-11 box=(-10.0000001,-10.0000001,-1e-07)-(15.0000001,10.0000001,30.0000001) centre=(3.92857143,8.01324014e-15,11.7857143) t=0.004s faces: bspline=1 plane=2 selfcheck=1 (0.023s)
offset-circles   shifted  done solids=1 valid=1 V=3926.9908170611429 expected=5497.7871437821377 (oblique frustum (Cavalieri)) rel=2.86e-01 box=(-10.0000001,-10.0000001,-1e-07)-(15.0000001,10.0000001,30.0000001) centre=(3.5,4.00296359e-11,10.5) t=0.003s faces: bspline=1 plane=2 selfcheck=1 (0.023s)
twisted-square   ruled    done solids=1 valid=1 V=11464.101615137755 expected=11464.101615137755 (h/6 (A0 + 4 Am + A1)) rel=0.00e+00 box=(-13.6602541,-13.6602541,-1e-07)-(13.6602541,13.6602541,30.0000001) centre=(2.48564827e-16,1.19626181e-15,15) t=0.004s faces: bspline=4 plane=2 selfcheck=1 (0.200s)
twisted-square   ruled-cc done solids=1 valid=1 V=11464.101615137755 expected=11464.101615137755 (h/6 (A0 + 4 Am + A1)) rel=0.00e+00 box=(-13.6602541,-13.6602541,-1e-07)-(13.6602541,13.6602541,30.0000001) centre=(2.48564827e-16,1.19626181e-15,15) t=0.005s faces: bspline=4 plane=2 selfcheck=1 (0.197s)
twisted-square   smooth   done solids=1 valid=1 V=11464.101615137755 expected=11464.101615137755 (h/6 (A0 + 4 Am + A1)) rel=0.00e+00 box=(-13.6602541,-13.6602541,-1e-07)-(13.6602541,13.6602541,30.0000001) centre=(2.48564827e-16,1.19626181e-15,15) t=0.004s faces: bspline=4 plane=2 selfcheck=1 (0.205s)
twisted-square   shifted  done solids=1 valid=1 V=6000.0000000000009 expected=11464.101615137755 (h/6 (A0 + 4 Am + A1)) rel=4.77e-01 box=(-13.6602541,-13.6602541,-1e-07)-(13.6602541,13.6602541,30.0000001) centre=(5.27775354e-16,5.75391586e-16,15) t=0.005s faces: bspline=4 plane=2 selfcheck=1 (0.242s)
hexagons         ruled    done solids=1 valid=1 V=4546.6333698683029 expected=4546.6333698683029 (h/3 (A1 + A2 + sqrt(A1 A2))) rel=0.00e+00 box=(-10.0000001,-8.66025414,-1e-07)-(10.0000001,8.66025414,30.0000001) centre=(-3.46703374e-16,-4.04000651e-16,11.7857143) t=0.005s faces: bspline=6 plane=2 selfcheck=1 (0.226s)
hexagons         ruled-cc done solids=1 valid=1 V=4546.6333698683029 expected=4546.6333698683029 (h/3 (A1 + A2 + sqrt(A1 A2))) rel=0.00e+00 box=(-10.0000001,-8.66025414,-1e-07)-(10.0000001,8.66025414,30.0000001) centre=(-3.46703374e-16,-4.04000651e-16,11.7857143) t=0.006s faces: bspline=6 plane=2 selfcheck=1 (0.205s)
hexagons         smooth   done solids=1 valid=1 V=4546.6333698683029 expected=4546.6333698683029 (h/3 (A1 + A2 + sqrt(A1 A2))) rel=0.00e+00 box=(-10.0000001,-8.66025414,-1e-07)-(10.0000001,8.66025414,30.0000001) centre=(-3.46703374e-16,-4.04000651e-16,11.7857143) t=0.006s faces: bspline=6 plane=2 selfcheck=1 (0.221s)
hexagons         shifted  done solids=1 valid=1 V=3897.1143170299738 expected=4546.6333698683029 (h/3 (A1 + A2 + sqrt(A1 A2))) rel=1.43e-01 box=(-10.0000001,-8.66025414,-1e-07)-(10.0000001,8.66025414,30.0000001) centre=(-2.93181777e-16,-1.90901168e-16,11.25) t=0.006s faces: bspline=6 plane=2 selfcheck=1 (0.271s)
slots            ruled    done solids=1 valid=1 V=4874.4467870512262 expected=4874.4467859455344 (h/3 (A1 + A2 + sqrt(A1 A2))) rel=2.27e-10 box=(-15.0000001,-5.0000001,-1e-07)-(15.0000001,5.0000001,30.0000001) centre=(-1.93349712e-16,4.2218317e-16,11.7857143) t=0.005s faces: bspline=4 plane=2 selfcheck=1 (0.093s)
slots            ruled-cc done solids=1 valid=1 V=4874.4467870512262 expected=4874.4467859455344 (h/3 (A1 + A2 + sqrt(A1 A2))) rel=2.27e-10 box=(-15.0000001,-5.0000001,-1e-07)-(15.0000001,5.0000001,30.0000001) centre=(-1.93349712e-16,4.2218317e-16,11.7857143) t=0.006s faces: bspline=4 plane=2 selfcheck=1 (0.092s)
slots            smooth   done solids=1 valid=1 V=4874.4467870512262 expected=4874.4467859455344 (h/3 (A1 + A2 + sqrt(A1 A2))) rel=2.27e-10 box=(-15.0000001,-5.0000001,-1e-07)-(15.0000001,5.0000001,30.0000001) centre=(-1.93349712e-16,4.2218317e-16,11.7857143) t=0.006s faces: bspline=4 plane=2 selfcheck=1 (0.096s)
slots            shifted  done solids=1 valid=1 V=3481.7477048610845 expected=4874.4467859455344 (h/3 (A1 + A2 + sqrt(A1 A2))) rel=2.86e-01 box=(-15.0000001,-5.0000001,-1e-07)-(15.0000001,5.0000001,30.0000001) centre=(-1.67342695e-16,-3.06114685e-17,10.5) t=0.007s faces: bspline=4 plane=2 selfcheck=1 (0.143s)
slot-twist       ruled    done solids=1 valid=1 V=7983.0218977856057 expected=7983.0218959516078 (h/6 (A0 + 4 Am + A1)) rel=2.30e-10 box=(-15.0000001,-10.0000001,-1e-07)-(15.0000001,10.0000001,30.0000001) centre=(3.25313145e-16,-2.83028463e-16,15) t=0.005s faces: bspline=4 plane=2 selfcheck=1 (0.095s)
slot-twist       ruled-cc done solids=1 valid=1 V=7983.0218977856057 expected=7983.0218959516078 (h/6 (A0 + 4 Am + A1)) rel=2.30e-10 box=(-15.0000001,-10.0000001,-1e-07)-(15.0000001,10.0000001,30.0000001) centre=(3.25313145e-16,-2.83028463e-16,15) t=0.007s faces: bspline=4 plane=2 selfcheck=1 (0.132s)
slot-twist       smooth   done solids=1 valid=1 V=7983.0218977856057 expected=7983.0218959516078 (h/6 (A0 + 4 Am + A1)) rel=2.30e-10 box=(-15.0000001,-10.0000001,-1e-07)-(15.0000001,10.0000001,30.0000001) centre=(3.25313145e-16,-2.83028463e-16,15) t=0.005s faces: bspline=4 plane=2 selfcheck=1 (0.096s)
slot-twist       shifted  done solids=1 valid=1 V=3684.1765554443559 expected=7983.0218959516078 (h/6 (A0 + 4 Am + A1)) rel=5.38e-01 box=(-15.0000001,-10.0000001,-1e-07)-(15.0000001,10.0000001,30.0000001) centre=(7.30924114e-16,-9.52716998e-16,15) t=0.006s faces: bspline=4 plane=2 selfcheck=0 (0.289s)
slot-offset      ruled    done solids=1 valid=1 V=4874.4467870512271 expected=4874.4467859455344 (h/6 (A0 + 4 Am + A1)) rel=2.27e-10 box=(-15.0000001,-5.0000001,-1e-07)-(15.0000001,5.5000001,30.0000001) centre=(2.75,1.17857143,11.7857143) t=0.005s faces: bspline=4 plane=2 selfcheck=1 (0.096s)
slot-offset      ruled-cc done solids=1 valid=1 V=4874.4467870512271 expected=4874.4467859455344 (h/6 (A0 + 4 Am + A1)) rel=2.27e-10 box=(-15.0000001,-5.0000001,-1e-07)-(15.0000001,5.5000001,30.0000001) centre=(2.75,1.17857143,11.7857143) t=0.006s faces: bspline=4 plane=2 selfcheck=1 (0.090s)
slot-offset      smooth   done solids=1 valid=1 V=4874.4467870512271 expected=4874.4467859455344 (h/6 (A0 + 4 Am + A1)) rel=2.27e-10 box=(-15.0000001,-5.0000001,-1e-07)-(15.0000001,5.5000001,30.0000001) centre=(2.75,1.17857143,11.7857143) t=0.005s faces: bspline=4 plane=2 selfcheck=1 (0.091s)
slot-offset      shifted  done solids=1 valid=1 V=3481.747704861084 expected=4874.4467859455344 (h/6 (A0 + 4 Am + A1)) rel=2.86e-01 box=(-15.0000001,-5.0000001,-1e-07)-(15.0000001,5.5000001,30.0000001) centre=(2.45,1.05,10.5) t=0.006s faces: bspline=4 plane=2 selfcheck=1 (0.137s)
slot-tiny        ruled    done solids=1 valid=1 V=3091.7919620507687 expected=3091.7919613711679 (h/6 (A0 + 4 Am + A1)) rel=2.20e-10 box=(-15.0000001,-5.0000001,-1e-07)-(15.0000001,5.0000001,30.0000001) centre=(1.31294004e-15,4.82635686e-17,8.31081081) t=0.005s faces: bspline=4 plane=2 selfcheck=1 (0.103s)
slot-tiny        ruled-cc done solids=1 valid=1 V=3091.7919620507687 expected=3091.7919613711679 (h/6 (A0 + 4 Am + A1)) rel=2.20e-10 box=(-15.0000001,-5.0000001,-1e-07)-(15.0000001,5.0000001,30.0000001) centre=(1.31294004e-15,4.82635686e-17,8.31081081) t=0.006s faces: bspline=4 plane=2 selfcheck=1 (0.107s)
slot-tiny        smooth   done solids=1 valid=1 V=3091.7919620507687 expected=3091.7919613711679 (h/6 (A0 + 4 Am + A1)) rel=2.20e-10 box=(-15.0000001,-5.0000001,-1e-07)-(15.0000001,5.0000001,30.0000001) centre=(1.31294004e-15,4.82635686e-17,8.31081081) t=0.005s faces: bspline=4 plane=2 selfcheck=1 (0.105s)
slot-tiny        shifted  done solids=1 valid=1 V=2813.2521455354822 expected=3091.7919613711679 (h/6 (A0 + 4 Am + A1)) rel=9.01e-02 box=(-15.0000001,-5.0000001,-1e-07)-(15.0000001,5.0000001,30.0000001) centre=(-2.61469014e-16,-3.91483302e-16,7.64851485) t=0.007s faces: bspline=4 plane=2 selfcheck=1 (0.148s)
slots-split      ruled    done solids=1 valid=1 V=4874.4467855351595 expected=4874.4467859455344 (h/6 (A0 + 4 Am + A1)) rel=8.42e-11 box=(-15.0000001,-5.0000001,-1e-07)-(15.0000001,5.0000001,30.0000001) centre=(2.37145405e-15,-1.39027086e-16,11.7857143) t=0.012s faces: bspline=6 plane=2 selfcheck=1 (0.131s)
slots-split      ruled-cc done solids=1 valid=1 V=4874.4467855351595 expected=4874.4467859455344 (h/6 (A0 + 4 Am + A1)) rel=8.42e-11 box=(-15.0000001,-5.0000001,-1e-07)-(15.0000001,5.0000001,30.0000001) centre=(2.37145405e-15,-1.39027086e-16,11.7857143) t=0.009s faces: bspline=6 plane=2 selfcheck=1 (0.130s)
slots-split      smooth   done solids=1 valid=1 V=4874.4467855351595 expected=4874.4467859455344 (h/6 (A0 + 4 Am + A1)) rel=8.42e-11 box=(-15.0000001,-5.0000001,-1e-07)-(15.0000001,5.0000001,30.0000001) centre=(2.37145405e-15,-1.39027086e-16,11.7857143) t=0.006s faces: bspline=6 plane=2 selfcheck=1 (0.118s)
slots-split      shifted  done solids=1 valid=1 V=4243.3674763942417 expected=4874.4467859455344 (h/6 (A0 + 4 Am + A1)) rel=1.29e-01 box=(-15.0000001,-5.0000001,-1e-07)-(15.0000001,5.0000001,30.0000001) centre=(7.43468428e-16,2.16007719e-16,11.3076814) t=0.007s faces: bspline=6 plane=2 selfcheck=1 (0.201s)
rounded          ruled    done solids=1 valid=1 V=13759.645942742498 expected=13759.645943005142 (h/6 (A0 + 4 Am + A1)) rel=1.91e-11 box=(-20.0000001,-10.0000001,-1e-07)-(20.0000001,10.0000001,30.0000001) centre=(3.86264275e-16,5.86625958e-16,11.7857143) t=0.007s faces: bspline=8 plane=2 selfcheck=1 (0.178s)
rounded          ruled-cc done solids=1 valid=1 V=13759.645942742498 expected=13759.645943005142 (h/6 (A0 + 4 Am + A1)) rel=1.91e-11 box=(-20.0000001,-10.0000001,-1e-07)-(20.0000001,10.0000001,30.0000001) centre=(3.86264275e-16,5.86625958e-16,11.7857143) t=0.008s faces: bspline=8 plane=2 selfcheck=1 (0.178s)
rounded          smooth   done solids=1 valid=1 V=13759.645942742498 expected=13759.645943005142 (h/6 (A0 + 4 Am + A1)) rel=1.91e-11 box=(-20.0000001,-10.0000001,-1e-07)-(20.0000001,10.0000001,30.0000001) centre=(3.86264275e-16,5.86625958e-16,11.7857143) t=0.007s faces: bspline=8 plane=2 selfcheck=1 (0.175s)
rounded          shifted  done solids=1 valid=1 V=13028.769329952778 expected=13759.645943005142 (h/6 (A0 + 4 Am + A1)) rel=5.31e-02 box=(-20.0000001,-10.0000001,-1e-07)-(20.0000001,10.0000001,30.0000001) centre=(1.98512652e-16,1.73725839e-15,11.6054021) t=0.010s faces: bspline=8 plane=2 selfcheck=1 (0.361s)
rounded-twist    ruled    done solids=1 valid=1 V=16887.290791195792 expected=16887.290791523283 (h/6 (A0 + 4 Am + A1)) rel=1.94e-11 box=(-20.0000001,-10.5773347,-1e-07)-(20.0000001,10.5773347,30.0000001) centre=(-1.19384797e-15,5.21760206e-16,13.2190953) t=0.008s faces: bspline=8 plane=2 selfcheck=1 (0.181s)
rounded-twist    ruled-cc done solids=1 valid=1 V=16887.290791195792 expected=16887.290791523283 (h/6 (A0 + 4 Am + A1)) rel=1.94e-11 box=(-20.0000001,-10.5773347,-1e-07)-(20.0000001,10.5773347,30.0000001) centre=(-1.19384797e-15,5.21760206e-16,13.2190953) t=0.008s faces: bspline=8 plane=2 selfcheck=1 (0.178s)
rounded-twist    smooth   done solids=1 valid=1 V=16887.290791195792 expected=16887.290791523283 (h/6 (A0 + 4 Am + A1)) rel=1.94e-11 box=(-20.0000001,-10.5773347,-1e-07)-(20.0000001,10.5773347,30.0000001) centre=(-1.19384797e-15,5.21760206e-16,13.2190953) t=0.008s faces: bspline=8 plane=2 selfcheck=1 (0.181s)
rounded-twist    shifted  done solids=1 valid=1 V=13914.477389343623 expected=16887.290791523283 (h/6 (A0 + 4 Am + A1)) rel=1.76e-01 box=(-20.0000001,-10.5773347,-1e-07)-(20.0000001,10.5773347,30.0000001) centre=(-1.00572064e-15,-3.07635365e-16,12.838607) t=0.011s faces: bspline=8 plane=2 selfcheck=1 (0.345s)
pacman           ruled    done solids=1 valid=1 V=4581.4892864851172 expected=4581.4892864851136 (h/6 (A0 + 4 Am + A1)) rel=7.94e-16 box=(-10.0000001,-10.0000001,-1e-07)-(8.66025414,10.0000001,30.0000001) centre=(-1.02313892,-5.3759927e-16,11.7857143) t=0.003s faces: bspline=2 cone=1 plane=2 selfcheck=1 (0.064s)
pacman           ruled-cc done solids=1 valid=1 V=4581.4892864851172 expected=4581.4892864851136 (h/6 (A0 + 4 Am + A1)) rel=7.94e-16 box=(-10.0000001,-10.0000001,-1e-07)-(8.66025414,10.0000001,30.0000001) centre=(-1.02313892,-5.3759927e-16,11.7857143) t=0.005s faces: bspline=2 cone=1 plane=2 selfcheck=1 (0.072s)
pacman           smooth   done solids=1 valid=1 V=4581.4892864851172 expected=4581.4892864851136 (h/6 (A0 + 4 Am + A1)) rel=7.94e-16 box=(-10.0000001,-10.0000001,-1e-07)-(8.66025414,10.0000001,30.0000001) centre=(-1.02313892,-5.3759927e-16,11.7857143) t=0.004s faces: bspline=2 cone=1 plane=2 selfcheck=1 (0.066s)
pacman           shifted  done solids=1 valid=1 V=3116.4926888072769 expected=4581.4892864851136 (h/6 (A0 + 4 Am + A1)) rel=3.20e-01 box=(-10.0000001,-10.0000001,-1e-07)-(8.66025414,10.0000001,30.0000001) centre=(-0.241854918,-0.125805786,10.2747473) t=0.005s faces: bspline=3 plane=2 selfcheck=0 (0.457s)
pacman-split     ruled    done solids=1 valid=1 V=4581.4892864851154 expected=4581.4892864851154 (h/6 (A0 + 4 Am + A1)) rel=0.00e+00 box=(-10.0000001,-10.0000001,-1e-07)-(8.66025414,10.0000001,30.0000001) centre=(-1.02313892,-1.47390337e-16,11.7857143) t=0.007s faces: bspline=2 cone=4 plane=2 selfcheck=1 (0.084s)
pacman-split     ruled-cc done solids=1 valid=1 V=4581.4892864851154 expected=4581.4892864851154 (h/6 (A0 + 4 Am + A1)) rel=0.00e+00 box=(-10.0000001,-10.0000001,-1e-07)-(8.66025414,10.0000001,30.0000001) centre=(-1.02313892,-1.47390337e-16,11.7857143) t=0.005s faces: bspline=2 cone=4 plane=2 selfcheck=1 (0.073s)
pacman-split     smooth   done solids=1 valid=1 V=4581.4892864851154 expected=4581.4892864851154 (h/6 (A0 + 4 Am + A1)) rel=0.00e+00 box=(-10.0000001,-10.0000001,-1e-07)-(8.66025414,10.0000001,30.0000001) centre=(-1.02313892,-1.47390337e-16,11.7857143) t=0.006s faces: bspline=2 cone=4 plane=2 selfcheck=1 (0.073s)
pacman-split     shifted  done solids=1 valid=1 V=3593.2117107091631 expected=4581.4892864851154 (h/6 (A0 + 4 Am + A1)) rel=2.16e-01 box=(-10.0000001,-10.0000001,-1e-07)-(8.66025414,10.0000001,30.0000001) centre=(-1.02597715,-0.0573853174,10.9016566) t=0.007s faces: bspline=6 plane=2 selfcheck=1 (0.402s)
pacman-offset    ruled    done solids=1 valid=1 V=4581.4892860234231 expected=4581.4892864851136 (h/6 (A0 + 4 Am + A1)) rel=1.01e-10 box=(-10.0000001,-10.0000001,-1e-07)-(8.66025414,10.0000001,30.0000001) centre=(0.155432508,0.392857143,11.7857143) t=0.004s faces: bspline=3 plane=2 selfcheck=1 (0.130s)
pacman-offset    ruled-cc done solids=1 valid=1 V=4581.4892860234231 expected=4581.4892864851136 (h/6 (A0 + 4 Am + A1)) rel=1.01e-10 box=(-10.0000001,-10.0000001,-1e-07)-(8.66025414,10.0000001,30.0000001) centre=(0.155432508,0.392857143,11.7857143) t=0.005s faces: bspline=3 plane=2 selfcheck=1 (0.131s)
pacman-offset    smooth   done solids=1 valid=1 V=4581.4892860234231 expected=4581.4892864851136 (h/6 (A0 + 4 Am + A1)) rel=1.01e-10 box=(-10.0000001,-10.0000001,-1e-07)-(8.66025414,10.0000001,30.0000001) centre=(0.155432508,0.392857143,11.7857143) t=0.005s faces: bspline=3 plane=2 selfcheck=1 (0.135s)
pacman-offset    shifted  done solids=1 valid=1 V=3116.492688807276 expected=4581.4892864851136 (h/6 (A0 + 4 Am + A1)) rel=3.20e-01 box=(-10.0000001,-10.0000001,-1e-07)-(8.66025414,10.0000001,30.0000001) centre=(0.78561981,0.21668579,10.2747473) t=0.005s faces: bspline=3 plane=2 selfcheck=0 (0.288s)
pacman-twist     ruled    done solids=1 valid=1 V=5561.9639251227381 expected=5561.9639256888868 (h/6 (A0 + 4 Am + A1)) rel=1.02e-10 box=(-10.0000001,-10.0000001,-1e-07)-(9.20837328,10.0000001,30.0000001) centre=(-0.0850280349,-0.192807088,13.199588) t=0.004s faces: bspline=3 plane=2 selfcheck=1 (0.126s)
pacman-twist     ruled-cc done solids=1 valid=1 V=5561.9639251227381 expected=5561.9639256888868 (h/6 (A0 + 4 Am + A1)) rel=1.02e-10 box=(-10.0000001,-10.0000001,-1e-07)-(9.20837328,10.0000001,30.0000001) centre=(-0.0850280349,-0.192807088,13.199588) t=0.005s faces: bspline=3 plane=2 selfcheck=1 (0.127s)
pacman-twist     smooth   done solids=1 valid=1 V=5561.9639251227381 expected=5561.9639256888868 (h/6 (A0 + 4 Am + A1)) rel=1.02e-10 box=(-10.0000001,-10.0000001,-1e-07)-(9.20837328,10.0000001,30.0000001) centre=(-0.0850280349,-0.192807088,13.199588) t=0.004s faces: bspline=3 plane=2 selfcheck=1 (0.137s)
pacman-twist     shifted  done solids=1 valid=1 V=3862.5967332854311 expected=5561.9639256888868 (h/6 (A0 + 4 Am + A1)) rel=3.06e-01 box=(-10.0000001,-10.0000001,-1e-07)-(9.20837328,10.0000001,30.0000001) centre=(1.10733103,0.0736599459,12.4074885) t=0.005s faces: bspline=3 plane=2 selfcheck=0 (1.829s)
halfdisc-turn    ruled    done solids=1 valid=1 V=785.39816388886732 expected=785.39816339744846 (h A (2 + cos 90) / 3) rel=6.26e-10 box=(-5.0000001,-5.0000001,-1e-07)-(5.0000001,5.0000001,30.0000001) centre=(1.06103295,-1.06103295,15) t=0.004s faces: bspline=2 plane=2 selfcheck=1 (0.148s)
halfdisc-turn    ruled-cc done solids=1 valid=1 V=4.8316906031686813e-13 expected=785.39816339744846 (h A (2 + cos 90) / 3) rel=1.00e+00 box=(-5.0000001,-5.0000001,-1e-07)-(5.0000001,5.0000001,30.0000001) centre=(8.62362061e+14,8.62362061e+14,-1.21913564e+16) t=0.004s faces: bspline=2 plane=2 selfcheck=0 (0.158s)
halfdisc-turn    smooth   done solids=1 valid=1 V=785.39816388886732 expected=785.39816339744846 (h A (2 + cos 90) / 3) rel=6.26e-10 box=(-5.0000001,-5.0000001,-1e-07)-(5.0000001,5.0000001,30.0000001) centre=(1.06103295,-1.06103295,15) t=0.004s faces: bspline=2 plane=2 selfcheck=1 (0.143s)
halfdisc-turn    shifted  done solids=1 valid=1 V=785.39816388886732 expected=785.39816339744846 (h A (2 + cos 90) / 3) rel=6.26e-10 box=(-5.0000001,-5.0000001,-1e-07)-(5.0000001,5.0000001,30.0000001) centre=(0.672203049,-0.672203049,15) t=0.004s faces: bspline=2 plane=2 selfcheck=1 (0.080s)
flipped          ruled    done solids=1 valid=1 V=2356.1944902366845 expected=5497.7871437821377 (pi h/3 (r1^2 + r1 r2 + r2^2)) rel=5.71e-01 box=(-10.0000001,-10.0000001,-1e-07)-(10.0000001,10.0000001,30.0000001) centre=(1.60890749e-10,6.34205907e-15,2.5) t=0.003s faces: bspline=1 plane=2 selfcheck=0 (0.046s)
flipped          ruled-cc done solids=1 valid=1 V=5497.7871437821368 expected=5497.7871437821377 (pi h/3 (r1^2 + r1 r2 + r2^2)) rel=1.65e-16 box=(-10.0000001,-10.0000001,-1e-07)-(10.0000001,10.0000001,30.0000001) centre=(-7.03074234e-16,-3.82555098e-16,11.7857143) t=0.003s faces: cone=1 plane=2 selfcheck=1 (0.005s)
flipped          smooth   done solids=1 valid=1 V=2356.1944902366845 expected=5497.7871437821377 (pi h/3 (r1^2 + r1 r2 + r2^2)) rel=5.71e-01 box=(-10.0000001,-10.0000001,-1e-07)-(10.0000001,10.0000001,30.0000001) centre=(1.60890749e-10,6.34205907e-15,2.5) t=0.003s faces: bspline=1 plane=2 selfcheck=0 (0.048s)
flipped          shifted  done solids=1 valid=1 V=2356.1944902366904 expected=5497.7871437821377 (pi h/3 (r1^2 + r1 r2 + r2^2)) rel=5.71e-01 box=(-10.0000001,-10.0000001,-1e-07)-(10.0000001,10.0000001,30.0000001) centre=(1.33438826e-10,-2.74803302e-11,2.5) t=0.004s faces: bspline=1 plane=2 selfcheck=0 (0.042s)
circle-square    ruled    done solids=1 valid=0 V=0 box=(-10.0000001,-10.0000001,-1e-07)-(10.0000001,10.0000001,30.0000001) centre=(0,0,0) t=0.004s faces: bspline=1 plane=2 selfcheck=0 (0.033s)
circle-square    ruled-cc done solids=1 valid=1 V=10742.857917631671 box=(-10.0000001,-10.0000001,-1e-07)-(10.0000001,10.0000001,30.0000001) centre=(1.28720452e-10,7.35487268e-16,15.599287) t=0.007s faces: bspline=5 plane=2 selfcheck=1 (0.212s)
circle-square    smooth   done solids=1 valid=0 V=0 box=(-10.0000001,-10.0000001,-1e-07)-(10.0000001,10.0000001,30.0000001) centre=(0,0,0) t=0.004s faces: bspline=1 plane=2 selfcheck=0 (0.033s)
circle-square    shifted  done solids=1 valid=0 V=0 box=(-10.0000001,-10.0000001,-1e-07)-(10.0000001,10.0000001,30.0000001) centre=(0,0,0) t=0.004s faces: bspline=1 plane=2 selfcheck=0 (0.028s)
tilted           ruled    done solids=1 valid=1 V=5473.9232181502975 box=(-10.0000001,-10.0000001,-1e-07)-(10.0000001,10.0000001,30.868241) centre=(1.8658305e-10,0.0723534074,11.7589584) t=0.003s faces: bspline=1 plane=2 selfcheck=1 (0.022s)
tilted           ruled-cc done solids=1 valid=1 V=5473.9232181502975 box=(-10.0000001,-10.0000001,-1e-07)-(10.0000001,10.0000001,30.868241) centre=(1.8658305e-10,0.0723534074,11.7589584) t=0.004s faces: bspline=1 plane=2 selfcheck=1 (0.025s)
tilted           smooth   done solids=1 valid=1 V=5473.9232181502975 box=(-10.0000001,-10.0000001,-1e-07)-(10.0000001,10.0000001,30.868241) centre=(1.8658305e-10,0.0723534074,11.7589584) t=0.003s faces: bspline=1 plane=2 selfcheck=1 (0.025s)
tilted           shifted  done solids=1 valid=1 V=3915.0588541822576 box=(-10.0000001,-10.0000001,-1e-07)-(10.0000001,10.0000001,30.868241) centre=(0.0435443518,0.0288090557,10.4659479) t=0.003s faces: bspline=1 plane=2 selfcheck=1 (0.027s)
coincident       ruled    done solids=1 valid=1 V=0 box=(-10.0000001,-10.0000001,-1e-07)-(10.0000001,10.0000001,1e-07) centre=(0,0,0) t=0.003s faces: bspline=1 plane=2 selfcheck=0 (0.027s)
coincident       ruled-cc done solids=1 valid=1 V=0 box=(-10.0000001,-10.0000001,-1e-07)-(10.0000001,10.0000001,1e-07) centre=(0,0,0) t=0.007s faces: bspline=1 plane=2 selfcheck=0 (0.028s)
coincident       smooth   done solids=1 valid=1 V=0 box=(-10.0000001,-10.0000001,-1e-07)-(10.0000001,10.0000001,1e-07) centre=(0,0,0) t=0.005s faces: bspline=1 plane=2 selfcheck=0 (0.027s)
coincident       shifted  done solids=1 valid=1 V=0 box=(-10.0000001,-10.0000001,-1e-07)-(10.0000001,10.0000001,1e-07) centre=(0,0,0) t=0.003s faces: bspline=1 plane=2 selfcheck=0 (0.029s)
back             ruled    done solids=1 valid=1 V=8723.1556014676553 box=(-10.0000001,-10.0000001,-1e-07)-(10.0000001,10.0000001,50.0000001) centre=(-4.84818861e-15,-6.97252932e-16,16.5996399) t=0.004s faces: cone=2 plane=2 selfcheck=1 (0.010s)
back             ruled-cc done solids=1 valid=1 V=8723.1556014676553 box=(-10.0000001,-10.0000001,-1e-07)-(10.0000001,10.0000001,50.0000001) centre=(-4.84818861e-15,-6.97252932e-16,16.5996399) t=0.003s faces: cone=2 plane=2 selfcheck=1 (0.010s)
back             smooth   done solids=1 valid=1 V=11135.960112118722 box=(-10.0000001,-10.0000001,-1.00000007e-07)-(10.0000001,10.0000001,50.5915921) centre=(4.08382077e-10,-7.82478754e-15,19.87311) t=0.004s faces: bspline=1 plane=2 selfcheck=1 (0.024s)
back             shifted  done solids=1 valid=1 V=4534.3653968414692 box=(-10.0000001,-10.0000001,-1e-07)-(10.0000001,10.0000001,50.0000001) centre=(1.99249024e-10,1.316239e-10,8.83949192) t=0.004s faces: bspline=1 cone=1 plane=2 selfcheck=0 (0.078s)
bowtie           ruled    done solids=1 valid=1 V=4000 box=(-10.0000001,-10.0000001,-1e-07)-(10.0000001,10.0000001,30.0000001) centre=(6.02887524e-16,1.71795138e-15,15) t=0.005s faces: bspline=4 plane=2 selfcheck=0 (1.044s)
bowtie           ruled-cc done solids=1 valid=1 V=12000.000000000004 box=(-10.0000001,-10.0000001,-1e-07)-(10.0000001,10.0000001,30.0000001) centre=(-9.46600822e-16,2.06392382e-15,15) t=0.003s faces: plane=6 selfcheck=1 (0.011s)
bowtie           smooth   done solids=1 valid=1 V=4000 box=(-10.0000001,-10.0000001,-1e-07)-(10.0000001,10.0000001,30.0000001) centre=(6.02887524e-16,1.71795138e-15,15) t=0.005s faces: bspline=4 plane=2 selfcheck=0 (1.100s)
bowtie           shifted  done solids=1 valid=1 V=8000 box=(-10.0000001,-10.0000001,-1e-07)-(10.0000001,10.0000001,30.0000001) centre=(5.53039096e-16,1.79500859e-15,15) t=0.005s faces: bspline=4 plane=2 selfcheck=1 (0.172s)
dart             ruled    done solids=1 valid=1 V=840.00000000000023 box=(-10.0000001,-6.0000001,-1e-07)-(10.0000001,6.0000001,30.0000001) centre=(0,5.92330027e-18,15) t=0.006s faces: bspline=4 plane=2 selfcheck=0 (1.647s)
dart             ruled-cc done solids=1 valid=1 V=1680.0000000000002 box=(-10.0000001,-6.0000001,-1e-07)-(10.0000001,6.0000001,30.0000001) centre=(-3.72189052e-16,-0.928571429,15) t=0.006s faces: bspline=4 plane=2 selfcheck=0 (0.195s)
dart             smooth   done solids=1 valid=1 V=840.00000000000023 box=(-10.0000001,-6.0000001,-1e-07)-(10.0000001,6.0000001,30.0000001) centre=(0,5.92330027e-18,15) t=0.005s faces: bspline=4 plane=2 selfcheck=0 (1.668s)
dart             shifted  done solids=1 valid=1 V=1680.0000000000002 box=(-10.0000001,-6.0000001,-1e-07)-(10.0000001,6.0000001,30.0000001) centre=(-3.72189052e-16,-0.928571429,15) t=0.005s faces: bspline=4 plane=2 selfcheck=0 (0.197s)
