[1/592] Checking git revision
[2/592] Building CXX object _deps/catch2-build/src/CMakeFiles/Catch2.dir/catch2/benchmark/catch_chronometer.cpp.obj
[3/592] Building CXX object _deps/catch2-build/src/CMakeFiles/Catch2.dir/catch2/benchmark/detail/catch_benchmark_function.cpp.obj
[4/592] Building CXX object _deps/catch2-build/src/CMakeFiles/Catch2.dir/catch2/benchmark/detail/catch_run_for_at_least.cpp.obj
[5/592] Building CXX object _deps/catch2-build/src/CMakeFiles/Catch2.dir/catch2/benchmark/detail/catch_analyse.cpp.obj
[6/592] Building CXX object src/core/CMakeFiles/bettercad_core.dir/Error.cpp.obj
[7/592] Building CXX object _deps/catch2-build/src/CMakeFiles/Catch2.dir/catch2/benchmark/catch_benchmark.cpp.obj
[8/592] Building CXX object src/core/CMakeFiles/bettercad_core.dir/BuildInfo.cpp.obj
[9/592] Building CXX object src/core/CMakeFiles/bettercad_core.dir/Uuid.cpp.obj
[10/592] Building CXX object src/core/CMakeFiles/bettercad_core.dir/Naming.cpp.obj
[11/592] Building CXX object src/core/CMakeFiles/bettercad_core.dir/document/CommandHistory.cpp.obj
[12/592] Building CXX object src/core/CMakeFiles/bettercad_core.dir/document/DocumentObject.cpp.obj
[13/592] Building CXX object src/core/CMakeFiles/bettercad_core.dir/document/DependencyGraph.cpp.obj
[14/592] Building CXX object src/core/CMakeFiles/bettercad_core.dir/document/Configurations.cpp.obj
[15/592] Building CXX object src/core/CMakeFiles/bettercad_core.dir/document/Commands.cpp.obj
[16/592] Building CXX object src/core/CMakeFiles/bettercad_core.dir/document/ObjectReference.cpp.obj
[17/592] Building CXX object src/core/CMakeFiles/bettercad_core.dir/document/MateReference.cpp.obj
[18/592] Building CXX object src/core/CMakeFiles/bettercad_core.dir/document/Document.cpp.obj
[19/592] Building CXX object src/core/CMakeFiles/bettercad_core.dir/math/Direction.cpp.obj
[20/592] Building CXX object src/core/CMakeFiles/bettercad_core.dir/document/Placement.cpp.obj
[21/592] Building CXX object src/core/CMakeFiles/bettercad_core.dir/document/References.cpp.obj
[22/592] Building CXX object src/core/CMakeFiles/bettercad_core.dir/math/Frame.cpp.obj
[23/592] Building CXX object src/core/CMakeFiles/bettercad_core.dir/document/ParameterExpressions.cpp.obj
[24/592] Building CXX object src/core/CMakeFiles/bettercad_core.dir/math/BSpline.cpp.obj
[25/592] Building CXX object src/core/CMakeFiles/bettercad_core.dir/parameters/Parameter.cpp.obj
[26/592] Building CXX object src/core/CMakeFiles/bettercad_core.dir/parameters/Expression.cpp.obj
[27/592] Building CXX object src/core/CMakeFiles/bettercad_core.dir/parameters/ParameterTable.cpp.obj
[28/592] Building CXX object src/core/CMakeFiles/bettercad_core.dir/materials/Completeness.cpp.obj
[29/592] Building CXX object src/core/CMakeFiles/bettercad_core.dir/materials/MaterialLibrary.cpp.obj
[30/592] Building CXX object src/core/CMakeFiles/bettercad_core.dir/materials/MaterialProperty.cpp.obj
[31/592] Building CXX object src/core/CMakeFiles/bettercad_core.dir/standards/ClearanceHoles.cpp.obj
[32/592] Building CXX object src/core/CMakeFiles/bettercad_core.dir/materials/Provenance.cpp.obj
[33/592] Building CXX object src/core/CMakeFiles/bettercad_core.dir/materials/MechanicalProperties.cpp.obj
[34/592] Building CXX object src/core/CMakeFiles/bettercad_core.dir/units/Format.cpp.obj
[35/592] Building CXX object src/core/CMakeFiles/bettercad_core.dir/__/__/generated/src/core/GitRevision.cpp.obj
[36/592] Building CXX object src/core/CMakeFiles/bettercad_core.dir/standards/HoleTolerances.cpp.obj
[37/592] Building CXX object src/core/CMakeFiles/bettercad_core.dir/units/UnitCatalog.cpp.obj
[38/592] Building CXX object src/core/CMakeFiles/bettercad_core.dir/standards/MetricThreads.cpp.obj
[39/592] Building CXX object src/core/CMakeFiles/bettercad_core.dir/materials/ThermalProperties.cpp.obj
[40/592] Linking CXX shared library bin\libbettercad_core.dll
[41/592] Building CXX object src/core/geometry/CMakeFiles/bettercad_geometry.dir/Blends.cpp.obj
[42/592] Building CXX object src/core/geometry/CMakeFiles/bettercad_geometry.dir/Edges.cpp.obj
[43/592] Building CXX object src/core/geometry/CMakeFiles/bettercad_geometry.dir/Draft.cpp.obj
[44/592] Building CXX object src/core/geometry/CMakeFiles/bettercad_geometry.dir/Faces.cpp.obj
[45/592] Building CXX object src/core/geometry/CMakeFiles/bettercad_geometry.dir/Holes.cpp.obj
[46/592] Building CXX object src/core/geometry/CMakeFiles/bettercad_geometry.dir/RadiusLaw.cpp.obj
[47/592] Building CXX object src/core/geometry/CMakeFiles/bettercad_geometry.dir/LoftMatching.cpp.obj
[48/592] Building CXX object src/core/geometry/CMakeFiles/bettercad_geometry.dir/Profile.cpp.obj
[49/592] Building CXX object src/core/geometry/CMakeFiles/bettercad_geometry.dir/Shell.cpp.obj
[50/592] Building CXX object src/core/geometry/CMakeFiles/bettercad_geometry.dir/LoftPlan.cpp.obj
[51/592] Building CXX object src/core/geometry/CMakeFiles/bettercad_geometry.dir/Rib.cpp.obj
[52/592] Building CXX object src/core/geometry/CMakeFiles/bettercad_geometry.dir/Split.cpp.obj
[53/592] Building CXX object src/core/geometry/CMakeFiles/bettercad_geometry.dir/SweepPlan.cpp.obj
[54/592] Building CXX object src/core/geometry/CMakeFiles/bettercad_geometry.dir/SweptPathPlan.cpp.obj
[55/592] Building CXX object src/core/geometry/CMakeFiles/bettercad_geometry.dir/VariableFillet.cpp.obj
[56/592] Building CXX object src/core/geometry/CMakeFiles/bettercad_geometry.dir/occt/OcctBooleans.cpp.obj
[57/592] Building CXX object src/core/geometry/CMakeFiles/bettercad_geometry.dir/occt/OcctChamfer.cpp.obj
[58/592] Building CXX object src/core/geometry/CMakeFiles/bettercad_geometry.dir/occt/OcctBody.cpp.obj
[59/592] Building CXX object src/core/geometry/CMakeFiles/bettercad_geometry.dir/occt/OcctBlend.cpp.obj
[60/592] Building CXX object src/core/geometry/CMakeFiles/bettercad_geometry.dir/occt/OcctDraft.cpp.obj
[61/592] Building CXX object src/core/geometry/CMakeFiles/bettercad_geometry.dir/occt/OcctEdges.cpp.obj
[62/592] Building CXX object src/core/geometry/CMakeFiles/bettercad_geometry.dir/occt/OcctFaceNames.cpp.obj
[63/592] Building CXX object src/core/geometry/CMakeFiles/bettercad_geometry.dir/occt/OcctKernel.cpp.obj
[64/592] Building CXX object src/core/geometry/CMakeFiles/bettercad_geometry.dir/occt/OcctFillet.cpp.obj
[65/592] Building CXX object src/core/geometry/CMakeFiles/bettercad_geometry.dir/occt/OcctHiddenLine.cpp.obj
[66/592] Building CXX object src/core/geometry/CMakeFiles/bettercad_geometry.dir/occt/OcctFaces.cpp.obj
[67/592] Building CXX object src/core/geometry/CMakeFiles/bettercad_geometry.dir/occt/OcctHole.cpp.obj
[68/592] Building CXX object src/core/geometry/CMakeFiles/bettercad_geometry.dir/occt/OcctPrimitives.cpp.obj
[69/592] Building CXX object src/core/geometry/CMakeFiles/bettercad_geometry.dir/occt/OcctMesh.cpp.obj
[70/592] Building CXX object src/core/geometry/CMakeFiles/bettercad_geometry.dir/occt/OcctShell.cpp.obj
[71/592] Building CXX object src/core/geometry/CMakeFiles/bettercad_geometry.dir/occt/OcctSplit.cpp.obj
[72/592] Building CXX object src/core/geometry/CMakeFiles/bettercad_geometry.dir/occt/OcctStep.cpp.obj
[73/592] Building CXX object src/core/geometry/CMakeFiles/bettercad_geometry.dir/occt/OcctTransform.cpp.obj
[74/592] Building CXX object src/core/geometry/CMakeFiles/bettercad_geometry.dir/occt/OcctSweeps.cpp.obj
[75/592] Building CXX object src/core/geometry/CMakeFiles/bettercad_geometry.dir/occt/OcctVariableFillet.cpp.obj
[76/592] Building CXX object src/sketch/CMakeFiles/bettercad_sketch.dir/SketchRegeneration.cpp.obj
[77/592] Building CXX object src/sketch/CMakeFiles/bettercad_sketch.dir/SketchCommands.cpp.obj
[78/592] Building CXX object src/sketch/CMakeFiles/bettercad_sketch.dir/entities/Entities.cpp.obj
[79/592] Linking CXX shared library bin\libbettercad_geometry.dll
[80/592] Building CXX object src/sketch/CMakeFiles/bettercad_sketch.dir/Sketch.cpp.obj
[81/592] Building CXX object src/sketch/CMakeFiles/bettercad_sketch.dir/constraints/SketchConstraints.cpp.obj
[82/592] Building CXX object src/features/CMakeFiles/bettercad_features.dir/Feature.cpp.obj
[83/592] Building CXX object src/features/CMakeFiles/bettercad_features.dir/ResultBodies.cpp.obj
[84/592] Building CXX object src/features/CMakeFiles/bettercad_features.dir/SolidSupport.cpp.obj
[85/592] Building CXX object src/sketch/CMakeFiles/bettercad_sketch.dir/solver/SolverSystem.cpp.obj
[86/592] Building CXX object src/features/CMakeFiles/bettercad_features.dir/Regenerator.cpp.obj
[87/592] Building CXX object src/features/CMakeFiles/bettercad_features.dir/boolean/CombineFeature.cpp.obj
[88/592] Building CXX object src/features/CMakeFiles/bettercad_features.dir/boolean/BooleanRegeneration.cpp.obj
[89/592] Building CXX object src/features/CMakeFiles/bettercad_features.dir/boolean/SplitFeature.cpp.obj
[90/592] Building CXX object src/features/CMakeFiles/bettercad_features.dir/Validation.cpp.obj
[91/592] Building CXX object src/features/CMakeFiles/bettercad_features.dir/chamfer/ChamferFeature.cpp.obj
[92/592] Building CXX object src/features/CMakeFiles/bettercad_features.dir/draft/DraftFeature.cpp.obj
[93/592] Building CXX object src/features/CMakeFiles/bettercad_features.dir/chamfer/ChamferRegeneration.cpp.obj
[94/592] Building CXX object src/features/CMakeFiles/bettercad_features.dir/datum/Datums.cpp.obj
[95/592] Building CXX object src/features/CMakeFiles/bettercad_features.dir/datum/DatumResolution.cpp.obj
[96/592] Building CXX object src/features/CMakeFiles/bettercad_features.dir/draft/DraftRegeneration.cpp.obj
[97/592] Building CXX object src/features/CMakeFiles/bettercad_features.dir/fillet/FilletFeature.cpp.obj
[98/592] Building CXX object src/features/CMakeFiles/bettercad_features.dir/extrude/ExtrudeFeature.cpp.obj
[99/592] Building CXX object src/features/CMakeFiles/bettercad_features.dir/extrude/ExtrudeRegeneration.cpp.obj
[100/592] Building CXX object src/features/CMakeFiles/bettercad_features.dir/reference/FaceReferences.cpp.obj
[101/592] Building CXX object src/features/CMakeFiles/bettercad_features.dir/fillet/FilletRegeneration.cpp.obj
[102/592] Building CXX object src/features/CMakeFiles/bettercad_features.dir/fillet/VariableFilletFeature.cpp.obj
[103/592] Building CXX object src/features/CMakeFiles/bettercad_features.dir/fillet/VariableFilletRegeneration.cpp.obj
[104/592] Building CXX object src/features/CMakeFiles/bettercad_features.dir/hole/HoleFeature.cpp.obj
[105/592] Building CXX object src/features/CMakeFiles/bettercad_features.dir/hole/HoleRegeneration.cpp.obj
[106/592] Building CXX object src/features/CMakeFiles/bettercad_features.dir/loft/LoftFeature.cpp.obj
[107/592] Building CXX object src/features/CMakeFiles/bettercad_features.dir/loft/LoftRegeneration.cpp.obj
[108/592] Building CXX object src/features/CMakeFiles/bettercad_features.dir/material/Material.cpp.obj
[109/592] Building CXX object src/features/CMakeFiles/bettercad_features.dir/material/MassProperties.cpp.obj
[110/592] Building CXX object src/sketch/CMakeFiles/bettercad_sketch.dir/solver/Solver.cpp.obj
[111/592] Linking CXX shared library bin\libbettercad_sketch.dll
[112/592] Building CXX object src/features/CMakeFiles/bettercad_features.dir/material/MaterialCommands.cpp.obj
[113/592] Building CXX object src/features/CMakeFiles/bettercad_features.dir/material/Materials.cpp.obj
[114/592] Building CXX object src/features/CMakeFiles/bettercad_features.dir/pattern/CircularPatternFeature.cpp.obj
[115/592] Building CXX object src/features/CMakeFiles/bettercad_features.dir/pattern/CircularPatternRegeneration.cpp.obj
[116/592] Building CXX object src/features/CMakeFiles/bettercad_features.dir/pattern/LinearPatternFeature.cpp.obj
[117/592] Building CXX object src/features/CMakeFiles/bettercad_features.dir/pattern/MirrorFeature.cpp.obj
[118/592] Building CXX object src/features/CMakeFiles/bettercad_features.dir/pattern/LinearPatternRegeneration.cpp.obj
[119/592] Building CXX object src/features/CMakeFiles/bettercad_features.dir/revolve/RevolveFeature.cpp.obj
[120/592] Building CXX object src/features/CMakeFiles/bettercad_features.dir/pattern/MirrorRegeneration.cpp.obj
[121/592] Building CXX object src/features/CMakeFiles/bettercad_features.dir/pattern/PatternSupport.cpp.obj
[122/592] Building CXX object src/features/CMakeFiles/bettercad_features.dir/profile/Profiles.cpp.obj
[123/592] Building CXX object src/features/CMakeFiles/bettercad_features.dir/rib/RibFeature.cpp.obj
[124/592] Building CXX object src/features/CMakeFiles/bettercad_features.dir/revolve/RevolveRegeneration.cpp.obj
[125/592] Building CXX object src/features/CMakeFiles/bettercad_features.dir/shell/ShellFeature.cpp.obj
[126/592] Building CXX object src/assembly/CMakeFiles/bettercad_assembly.dir/Component.cpp.obj
[127/592] Building CXX object src/features/CMakeFiles/bettercad_features.dir/rib/RibRegeneration.cpp.obj
[128/592] Building CXX object src/features/CMakeFiles/bettercad_features.dir/shell/ShellRegeneration.cpp.obj
[129/592] Building CXX object src/features/CMakeFiles/bettercad_features.dir/sweep/SweepFeature.cpp.obj
[130/592] Building CXX object src/assembly/CMakeFiles/bettercad_assembly.dir/Commands.cpp.obj
[131/592] Building CXX object src/features/CMakeFiles/bettercad_features.dir/sweep/SweepRegeneration.cpp.obj
[132/592] Building CXX object src/assembly/CMakeFiles/bettercad_assembly.dir/Components.cpp.obj
[133/592] Linking CXX shared library bin\libbettercad_features.dll
[134/592] Building CXX object src/assembly/CMakeFiles/bettercad_assembly.dir/Configurations.cpp.obj
[135/592] Building CXX object src/assembly/CMakeFiles/bettercad_assembly.dir/Mate.cpp.obj
[136/592] Building CXX object src/assembly/CMakeFiles/bettercad_assembly.dir/Mates.cpp.obj
[137/592] Building CXX object src/assembly/CMakeFiles/bettercad_assembly.dir/Placement.cpp.obj
[138/592] Building CXX object src/drawing/CMakeFiles/bettercad_drawing.dir/Annotation.cpp.obj
[139/592] Building CXX object src/assembly/CMakeFiles/bettercad_assembly.dir/Resolution.cpp.obj
[140/592] Building CXX object src/drawing/CMakeFiles/bettercad_drawing.dir/Dimension.cpp.obj
[141/592] Building CXX object src/drawing/CMakeFiles/bettercad_drawing.dir/Annotations.cpp.obj
[142/592] Building CXX object src/drawing/CMakeFiles/bettercad_drawing.dir/HiddenLine.cpp.obj
[143/592] Building CXX object src/assembly/CMakeFiles/bettercad_assembly.dir/solver/SolverSystem.cpp.obj
[144/592] Building CXX object src/drawing/CMakeFiles/bettercad_drawing.dir/Dimensions.cpp.obj
[145/592] Building CXX object src/drawing/CMakeFiles/bettercad_drawing.dir/Scene.cpp.obj
[146/592] Building CXX object src/drawing/CMakeFiles/bettercad_drawing.dir/Regeneration.cpp.obj
[147/592] Building CXX object src/drawing/CMakeFiles/bettercad_drawing.dir/Sheet.cpp.obj
[148/592] Building CXX object src/drawing/CMakeFiles/bettercad_drawing.dir/Section.cpp.obj
[149/592] Building CXX object src/drawing/CMakeFiles/bettercad_drawing.dir/Sheets.cpp.obj
[150/592] Building CXX object src/drawing/CMakeFiles/bettercad_drawing.dir/Resolution.cpp.obj
[151/592] Building CXX object src/drawing/CMakeFiles/bettercad_drawing.dir/SheetScene.cpp.obj
[152/592] Building CXX object src/drawing/CMakeFiles/bettercad_drawing.dir/Bom.cpp.obj
[153/592] Building CXX object src/drawing/CMakeFiles/bettercad_drawing.dir/Commands.cpp.obj
[154/592] Building CXX object src/drawing/CMakeFiles/bettercad_drawing.dir/Tolerance.cpp.obj
[155/592] Building CXX object _deps/catch2-build/src/CMakeFiles/Catch2.dir/catch2/generators/catch_generator_exception.cpp.obj
[156/592] Building CXX object _deps/catch2-build/src/CMakeFiles/Catch2.dir/catch2/generators/catch_generators.cpp.obj
[157/592] Building CXX object src/drawing/CMakeFiles/bettercad_drawing.dir/View.cpp.obj
[158/592] Building CXX object _deps/catch2-build/src/CMakeFiles/Catch2.dir/catch2/benchmark/detail/catch_stats.cpp.obj
[159/592] Building CXX object _deps/catch2-build/src/CMakeFiles/Catch2.dir/catch2/generators/catch_generators_throw.cpp.obj
[160/592] Building CXX object _deps/catch2-build/src/CMakeFiles/Catch2.dir/catch2/generators/catch_generators_random.cpp.obj
[161/592] Building CXX object _deps/catch2-build/src/CMakeFiles/Catch2.dir/catch2/reporters/catch_reporter_automake.cpp.obj
[162/592] Building CXX object src/drawing/CMakeFiles/bettercad_drawing.dir/Views.cpp.obj
[163/592] Building CXX object _deps/catch2-build/src/CMakeFiles/Catch2.dir/catch2/reporters/catch_reporter_common_base.cpp.obj
[164/592] Building CXX object _deps/catch2-build/src/CMakeFiles/Catch2.dir/catch2/reporters/catch_reporter_compact.cpp.obj
[165/592] Building CXX object _deps/catch2-build/src/CMakeFiles/Catch2.dir/catch2/reporters/catch_reporter_console.cpp.obj
[166/592] Building CXX object _deps/catch2-build/src/CMakeFiles/Catch2.dir/catch2/reporters/catch_reporter_cumulative_base.cpp.obj
[167/592] Building CXX object _deps/catch2-build/src/CMakeFiles/Catch2.dir/catch2/reporters/catch_reporter_event_listener.cpp.obj
[168/592] Building CXX object _deps/catch2-build/src/CMakeFiles/Catch2.dir/catch2/reporters/catch_reporter_helpers.cpp.obj
[169/592] Building CXX object _deps/catch2-build/src/CMakeFiles/Catch2.dir/catch2/reporters/catch_reporter_registrars.cpp.obj
[170/592] Building CXX object _deps/catch2-build/src/CMakeFiles/Catch2.dir/catch2/reporters/catch_reporter_junit.cpp.obj
[171/592] Building CXX object _deps/catch2-build/src/CMakeFiles/Catch2.dir/catch2/reporters/catch_reporter_multi.cpp.obj
[172/592] Building CXX object _deps/catch2-build/src/CMakeFiles/Catch2.dir/catch2/reporters/catch_reporter_json.cpp.obj
[173/592] Building CXX object src/renderer/CMakeFiles/bettercad_renderer.dir/occt/OcctViewer.cpp.obj
[174/592] Building CXX object src/assembly/CMakeFiles/bettercad_assembly.dir/solver/Solver.cpp.obj
[175/592] Linking CXX shared library bin\libbettercad_assembly.dll
[176/592] Building CXX object _deps/catch2-build/src/CMakeFiles/Catch2.dir/catch2/reporters/catch_reporter_streaming_base.cpp.obj
[177/592] Building CXX object _deps/catch2-build/src/CMakeFiles/Catch2.dir/catch2/reporters/catch_reporter_teamcity.cpp.obj
[178/592] Building CXX object _deps/catch2-build/src/CMakeFiles/Catch2.dir/catch2/reporters/catch_reporter_tap.cpp.obj
[179/592] Building CXX object _deps/catch2-build/src/CMakeFiles/Catch2.dir/catch2/reporters/catch_reporter_sonarqube.cpp.obj
[180/592] Building CXX object _deps/catch2-build/src/CMakeFiles/Catch2.dir/catch2/interfaces/catch_interfaces_registry_hub.cpp.obj
[181/592] Building CXX object _deps/catch2-build/src/CMakeFiles/Catch2.dir/catch2/reporters/catch_reporter_xml.cpp.obj
[182/592] Building CXX object _deps/catch2-build/src/CMakeFiles/Catch2.dir/catch2/interfaces/catch_interfaces_capture.cpp.obj
[183/592] Building CXX object _deps/catch2-build/src/CMakeFiles/Catch2.dir/catch2/interfaces/catch_interfaces_exception.cpp.obj
[184/592] Building CXX object _deps/catch2-build/src/CMakeFiles/Catch2.dir/catch2/interfaces/catch_interfaces_testcase.cpp.obj
[185/592] Building CXX object _deps/catch2-build/src/CMakeFiles/Catch2.dir/catch2/interfaces/catch_interfaces_config.cpp.obj
[186/592] Building CXX object _deps/catch2-build/src/CMakeFiles/Catch2.dir/catch2/interfaces/catch_interfaces_reporter_factory.cpp.obj
[187/592] Building CXX object _deps/catch2-build/src/CMakeFiles/Catch2.dir/catch2/interfaces/catch_interfaces_generatortracker.cpp.obj
[188/592] Building CXX object _deps/catch2-build/src/CMakeFiles/Catch2.dir/catch2/catch_assertion_result.cpp.obj
[189/592] Building CXX object _deps/catch2-build/src/CMakeFiles/Catch2.dir/catch2/interfaces/catch_interfaces_reporter.cpp.obj
[190/592] Building CXX object _deps/catch2-build/src/CMakeFiles/Catch2.dir/catch2/catch_approx.cpp.obj
[191/592] Building CXX object _deps/catch2-build/src/CMakeFiles/Catch2.dir/catch2/catch_get_random_seed.cpp.obj
[192/592] Building CXX object _deps/catch2-build/src/CMakeFiles/Catch2.dir/catch2/catch_tag_alias_autoregistrar.cpp.obj
[193/592] Building CXX object _deps/catch2-build/src/CMakeFiles/Catch2.dir/catch2/catch_message.cpp.obj
[194/592] Building CXX object _deps/catch2-build/src/CMakeFiles/Catch2.dir/catch2/catch_config.cpp.obj
[195/592] Building CXX object _deps/catch2-build/src/CMakeFiles/Catch2.dir/catch2/catch_registry_hub.cpp.obj
[196/592] Building CXX object _deps/catch2-build/src/CMakeFiles/Catch2.dir/catch2/catch_totals.cpp.obj
[197/592] Building CXX object _deps/catch2-build/src/CMakeFiles/Catch2.dir/catch2/catch_test_case_info.cpp.obj
[198/592] Building CXX object _deps/catch2-build/src/CMakeFiles/Catch2.dir/catch2/catch_test_spec.cpp.obj
[199/592] Building CXX object _deps/catch2-build/src/CMakeFiles/Catch2.dir/catch2/catch_translate_exception.cpp.obj
[200/592] Building CXX object _deps/catch2-build/src/CMakeFiles/Catch2.dir/catch2/catch_timer.cpp.obj
[201/592] Building CXX object _deps/catch2-build/src/CMakeFiles/Catch2.dir/catch2/catch_tostring.cpp.obj
[202/592] Building CXX object _deps/catch2-build/src/CMakeFiles/Catch2.dir/catch2/catch_version.cpp.obj
[203/592] Building CXX object _deps/catch2-build/src/CMakeFiles/Catch2.dir/catch2/internal/catch_case_insensitive_comparisons.cpp.obj
[204/592] Building CXX object _deps/catch2-build/src/CMakeFiles/Catch2.dir/catch2/internal/catch_context.cpp.obj
[205/592] Building CXX object _deps/catch2-build/src/CMakeFiles/Catch2.dir/catch2/internal/catch_assertion_handler.cpp.obj
[206/592] Building CXX object _deps/catch2-build/src/CMakeFiles/Catch2.dir/catch2/catch_session.cpp.obj
[207/592] Building CXX object _deps/catch2-build/src/CMakeFiles/Catch2.dir/catch2/internal/catch_debugger.cpp.obj
[208/592] Building CXX object _deps/catch2-build/src/CMakeFiles/Catch2.dir/catch2/internal/catch_clara.cpp.obj
[209/592] Building CXX object _deps/catch2-build/src/CMakeFiles/Catch2.dir/catch2/internal/catch_enforce.cpp.obj
[210/592] Building CXX object _deps/catch2-build/src/CMakeFiles/Catch2.dir/catch2/internal/catch_debug_console.cpp.obj
[211/592] Building CXX object _deps/catch2-build/src/CMakeFiles/Catch2.dir/catch2/internal/catch_errno_guard.cpp.obj
[212/592] Building CXX object _deps/catch2-build/src/CMakeFiles/Catch2.dir/catch2/internal/catch_decomposer.cpp.obj
[213/592] Building CXX object _deps/catch2-build/src/CMakeFiles/Catch2.dir/catch2/internal/catch_console_colour.cpp.obj
[214/592] Building CXX object _deps/catch2-build/src/CMakeFiles/Catch2.dir/catch2/internal/catch_enum_info.cpp.obj
[215/592] Building CXX object _deps/catch2-build/src/CMakeFiles/Catch2.dir/catch2/internal/catch_getenv.cpp.obj
[216/592] Building CXX object _deps/catch2-build/src/CMakeFiles/Catch2.dir/catch2/internal/catch_floating_point_helpers.cpp.obj
[217/592] Building CXX object _deps/catch2-build/src/CMakeFiles/Catch2.dir/catch2/internal/catch_commandline.cpp.obj
[218/592] Building CXX object _deps/catch2-build/src/CMakeFiles/Catch2.dir/catch2/internal/catch_exception_translator_registry.cpp.obj
[219/592] Building CXX object _deps/catch2-build/src/CMakeFiles/Catch2.dir/catch2/internal/catch_istream.cpp.obj
[220/592] Building CXX object _deps/catch2-build/src/CMakeFiles/Catch2.dir/catch2/internal/catch_leak_detector.cpp.obj
[221/592] Building CXX object _deps/catch2-build/src/CMakeFiles/Catch2.dir/catch2/internal/catch_jsonwriter.cpp.obj
[222/592] Building CXX object _deps/catch2-build/src/CMakeFiles/Catch2.dir/catch2/internal/catch_message_info.cpp.obj
[223/592] Building CXX object _deps/catch2-build/src/CMakeFiles/Catch2.dir/catch2/internal/catch_lazy_expr.cpp.obj
[224/592] Building CXX object _deps/catch2-build/src/CMakeFiles/Catch2.dir/catch2/internal/catch_fatal_condition_handler.cpp.obj
[225/592] Building CXX object _deps/catch2-build/src/CMakeFiles/Catch2.dir/catch2/internal/catch_random_number_generator.cpp.obj
[226/592] Building CXX object _deps/catch2-build/src/CMakeFiles/Catch2.dir/catch2/internal/catch_parse_numbers.cpp.obj
[227/592] Building CXX object _deps/catch2-build/src/CMakeFiles/Catch2.dir/catch2/internal/catch_polyfills.cpp.obj
[228/592] Building CXX object _deps/catch2-build/src/CMakeFiles/Catch2.dir/catch2/internal/catch_output_redirect.cpp.obj
[229/592] Building CXX object _deps/catch2-build/src/CMakeFiles/Catch2.dir/catch2/internal/catch_list.cpp.obj
[230/592] Building CXX object _deps/catch2-build/src/CMakeFiles/Catch2.dir/catch2/internal/catch_random_seed_generation.cpp.obj
[231/592] Building CXX object _deps/catch2-build/src/CMakeFiles/Catch2.dir/catch2/internal/catch_section.cpp.obj
[232/592] Building CXX object _deps/catch2-build/src/CMakeFiles/Catch2.dir/catch2/internal/catch_reusable_string_stream.cpp.obj
[233/592] Building CXX object _deps/catch2-build/src/CMakeFiles/Catch2.dir/catch2/internal/catch_singletons.cpp.obj
[234/592] Building CXX object _deps/catch2-build/src/CMakeFiles/Catch2.dir/catch2/internal/catch_startup_exception_registry.cpp.obj
[235/592] Building CXX object _deps/catch2-build/src/CMakeFiles/Catch2.dir/catch2/internal/catch_reporter_spec_parser.cpp.obj
[236/592] Building CXX object _deps/catch2-build/src/CMakeFiles/Catch2.dir/catch2/internal/catch_reporter_registry.cpp.obj
[237/592] Building CXX object _deps/catch2-build/src/CMakeFiles/Catch2.dir/catch2/internal/catch_source_line_info.cpp.obj
[238/592] Building CXX object _deps/catch2-build/src/CMakeFiles/Catch2.dir/catch2/internal/catch_run_context.cpp.obj
[239/592] Building CXX object _deps/catch2-build/src/CMakeFiles/Catch2.dir/catch2/internal/catch_stdstreams.cpp.obj
[240/592] Building CXX object _deps/catch2-build/src/CMakeFiles/Catch2.dir/catch2/internal/catch_stringref.cpp.obj
[241/592] Building CXX object _deps/catch2-build/src/CMakeFiles/Catch2.dir/catch2/internal/catch_test_case_info_hasher.cpp.obj
[242/592] Building CXX object _deps/catch2-build/src/CMakeFiles/Catch2.dir/catch2/internal/catch_string_manip.cpp.obj
[243/592] Building CXX object _deps/catch2-build/src/CMakeFiles/Catch2.dir/catch2/internal/catch_tag_alias_registry.cpp.obj
[244/592] Building CXX object _deps/catch2-build/src/CMakeFiles/Catch2.dir/catch2/internal/catch_test_registry.cpp.obj
[245/592] Building CXX object _deps/catch2-build/src/CMakeFiles/Catch2.dir/catch2/internal/catch_uncaught_exceptions.cpp.obj
[246/592] Building CXX object _deps/catch2-build/src/CMakeFiles/Catch2.dir/catch2/internal/catch_test_case_tracker.cpp.obj
[247/592] Building CXX object _deps/catch2-build/src/CMakeFiles/Catch2.dir/catch2/internal/catch_test_spec_parser.cpp.obj
[248/592] Building CXX object _deps/catch2-build/src/CMakeFiles/Catch2.dir/catch2/internal/catch_test_failure_exception.cpp.obj
[249/592] Building CXX object _deps/catch2-build/src/CMakeFiles/Catch2.dir/catch2/internal/catch_test_case_registry_impl.cpp.obj
[250/592] Building CXX object _deps/catch2-build/src/CMakeFiles/Catch2.dir/catch2/internal/catch_textflow.cpp.obj
[251/592] Building CXX object _deps/catch2-build/src/CMakeFiles/Catch2.dir/catch2/internal/catch_wildcard_pattern.cpp.obj
[252/592] Building CXX object _deps/catch2-build/src/CMakeFiles/Catch2.dir/catch2/internal/catch_xmlwriter.cpp.obj
[253/592] Building CXX object _deps/catch2-build/src/CMakeFiles/Catch2.dir/catch2/matchers/catch_matchers.cpp.obj
[254/592] Building CXX object _deps/catch2-build/src/CMakeFiles/Catch2.dir/catch2/matchers/catch_matchers_container_properties.cpp.obj
[255/592] Building CXX object _deps/catch2-build/src/CMakeFiles/Catch2.dir/catch2/matchers/catch_matchers_exception.cpp.obj
[256/592] Building CXX object _deps/catch2-build/src/CMakeFiles/Catch2.dir/catch2/matchers/catch_matchers_predicate.cpp.obj
[257/592] Building CXX object _deps/catch2-build/src/CMakeFiles/Catch2.dir/catch2/matchers/catch_matchers_quantifiers.cpp.obj
[258/592] Building CXX object _deps/catch2-build/src/CMakeFiles/Catch2.dir/catch2/matchers/catch_matchers_floating_point.cpp.obj
[259/592] Linking CXX shared library bin\libbettercad_drawing.dll
[260/592] Building CXX object _deps/catch2-build/src/CMakeFiles/Catch2.dir/catch2/matchers/catch_matchers_templated.cpp.obj
[261/592] Building CXX object _deps/catch2-build/src/CMakeFiles/Catch2.dir/catch2/matchers/internal/catch_matchers_impl.cpp.obj
[262/592] Building CXX object src/io/CMakeFiles/bettercad_io.dir/FileIo.cpp.obj
[263/592] Building CXX object _deps/catch2-build/src/CMakeFiles/Catch2.dir/catch2/matchers/catch_matchers_string.cpp.obj
[264/592] Building CXX object src/io/CMakeFiles/bettercad_io.dir/StlWriter.cpp.obj
[265/592] Building CXX object src/io/CMakeFiles/bettercad_io.dir/DocumentFile.cpp.obj
[266/592] Building CXX object src/io/CMakeFiles/bettercad_io.dir/DxfWriter.cpp.obj
[267/592] Building CXX object src/io/CMakeFiles/bettercad_io.dir/ModelExport.cpp.obj
[268/592] Building CXX object src/io/CMakeFiles/bettercad_io.dir/PdfWriter.cpp.obj
[269/592] Building CXX object src/io/CMakeFiles/bettercad_io.dir/SvgWriter.cpp.obj
[270/592] Building CXX object src/io/CMakeFiles/bettercad_io.dir/json/ComponentJson.cpp.obj
[271/592] Building CXX object src/io/CMakeFiles/bettercad_io.dir/json/BooleanJson.cpp.obj
[272/592] Building CXX object src/io/CMakeFiles/bettercad_io.dir/json/AnnotationJson.cpp.obj
[273/592] Building CXX object src/io/CMakeFiles/bettercad_io.dir/json/SheetJson.cpp.obj
[274/592] Building CXX object src/io/CMakeFiles/bettercad_io.dir/json/DimensionJson.cpp.obj
[275/592] Building CXX object src/io/CMakeFiles/bettercad_io.dir/json/ViewJson.cpp.obj
[276/592] Building CXX object src/io/CMakeFiles/bettercad_io.dir/json/MateJson.cpp.obj
[277/592] Building CXX object src/io/CMakeFiles/bettercad_io.dir/json/DraftJson.cpp.obj
[278/592] Building CXX object src/io/CMakeFiles/bettercad_io.dir/json/MaterialJson.cpp.obj
[279/592] Building CXX object src/io/CMakeFiles/bettercad_io.dir/json/DatumJson.cpp.obj
[280/592] Building CXX object src/io/CMakeFiles/bettercad_io.dir/json/HoleStandardsJson.cpp.obj
[281/592] Building CXX object src/io/CMakeFiles/bettercad_io.dir/json/DocumentJson.cpp.obj
[282/592] Building CXX object src/io/CMakeFiles/bettercad_io.dir/json/FeatureJson.cpp.obj
[283/592] Building CXX object src/io/CMakeFiles/bettercad_io.dir/json/ParameterJson.cpp.obj
[284/592] Linking CXX shared library bin\libbettercad_renderer.dll
[285/592] Building CXX object src/io/CMakeFiles/bettercad_io.dir/json/JsonReader.cpp.obj
[286/592] Building CXX object src/io/CMakeFiles/bettercad_io.dir/json/RibJson.cpp.obj
[287/592] Linking CXX static library lib\libCatch2d.a
[288/592] Building CXX object _deps/catch2-build/src/CMakeFiles/Catch2WithMain.dir/catch2/internal/catch_main.cpp.obj
[289/592] Building CXX object src/io/CMakeFiles/bettercad_io.dir/json/ShellJson.cpp.obj
[290/592] Building CXX object src/io/CMakeFiles/bettercad_io.dir/json/VariableFilletJson.cpp.obj
[291/592] Building CXX object src/meshing/CMakeFiles/bettercad_meshing.dir/GeometryPreparation.cpp.obj
[292/592] Building CXX object src/meshing/CMakeFiles/bettercad_meshing.dir/Mesh.cpp.obj
[293/592] Building CXX object src/io/CMakeFiles/bettercad_io.dir/json/SketchJson.cpp.obj
[294/592] Building CXX object src/meshing/CMakeFiles/bettercad_meshing.dir/GeometryMeshMap.cpp.obj
[295/592] Building CXX object src/meshing/CMakeFiles/bettercad_meshing.dir/MeshValidation.cpp.obj
[296/592] Building CXX object src/meshing/CMakeFiles/bettercad_meshing.dir/MeshQuality.cpp.obj
[297/592] Linking CXX shared library bin\libbettercad_io.dll
[298/592] Building CXX object src/meshing/CMakeFiles/bettercad_meshing.dir/MeshSizing.cpp.obj
[299/592] Building CXX object src/meshing/CMakeFiles/bettercad_meshing.dir/netgen/NetgenBackend.cpp.obj
[300/592] Building CXX object src/meshing/CMakeFiles/bettercad_meshing.dir/SurfaceMesh.cpp.obj
[301/592] Building CXX object src/meshing/CMakeFiles/bettercad_meshing.dir/VolumeMesh.cpp.obj
[302/592] Building CXX object apps/bettercad_cli/CMakeFiles/bettercad_cli_lib.dir/Arguments.cpp.obj
[303/592] Building CXX object apps/bettercad_cli/CMakeFiles/bettercad_cli_lib.dir/Cli.cpp.obj
[304/592] Building CXX object apps/bettercad_cli/CMakeFiles/bettercad_cli_lib.dir/AssemblyEdits.cpp.obj
[305/592] Building CXX object apps/bettercad_cli/CMakeFiles/bettercad_cli_lib.dir/BatchCommand.cpp.obj
[306/592] Building CXX object apps/bettercad_cli/CMakeFiles/bettercad_cli_lib.dir/AssemblyReports.cpp.obj
[307/592] Building CXX object apps/bettercad_cli/CMakeFiles/bettercad_cli_lib.dir/EditRegistry.cpp.obj
[308/592] Building CXX object apps/bettercad_cli/CMakeFiles/bettercad_cli_lib.dir/DrawingEdits.cpp.obj
[309/592] Building CXX object apps/bettercad_cli/CMakeFiles/bettercad_cli_lib.dir/DrawingExportCommands.cpp.obj
[310/592] Building CXX object apps/bettercad_cli/CMakeFiles/bettercad_cli_lib.dir/DocumentCommands.cpp.obj
[311/592] Building CXX object apps/bettercad_cli/CMakeFiles/bettercad_cli_lib.dir/ExportCommands.cpp.obj
[312/592] Building CXX object apps/bettercad_cli/CMakeFiles/bettercad_cli_lib.dir/DrawingReports.cpp.obj
[313/592] Automatic MOC for target bettercad
[314/592] Building CXX object apps/bettercad_cli/CMakeFiles/bettercad_cli_lib.dir/MaterialEdits.cpp.obj
[315/592] Building CXX object examples/reference_models/CMakeFiles/bettercad_reference_models.dir/AssemblyBasic.cpp.obj
[316/592] Building CXX object apps/bettercad_cli/CMakeFiles/bettercad_cli_lib.dir/MaterialVocabulary.cpp.obj
[317/592] Building CXX object apps/bettercad_cli/CMakeFiles/bettercad_cli_lib.dir/MaterialReports.cpp.obj
[318/592] Building CXX object examples/reference_models/CMakeFiles/bettercad_reference_models.dir/AssemblyCatalog.cpp.obj
[319/592] Building CXX object apps/bettercad_cli/CMakeFiles/bettercad_cli_lib.dir/Selectors.cpp.obj
[320/592] Building CXX object examples/reference_models/CMakeFiles/bettercad_reference_models.dir/AssemblyConfigured.cpp.obj
[321/592] Building CXX object examples/reference_models/CMakeFiles/bettercad_reference_models.dir/AssemblyJoints.cpp.obj
[322/592] Building CXX object examples/reference_models/CMakeFiles/bettercad_reference_models.dir/AssemblyParts.cpp.obj
[323/592] Building CXX object examples/reference_models/CMakeFiles/bettercad_reference_models.dir/Catalog.cpp.obj
[324/592] Building CXX object examples/reference_models/CMakeFiles/bettercad_reference_models.dir/AssemblyDriven.cpp.obj
[325/592] Building CXX object examples/reference_models/CMakeFiles/bettercad_reference_models.dir/BearingHousing.cpp.obj
[326/592] Building CXX object examples/reference_models/CMakeFiles/bettercad_reference_models.dir/BuildSupport.cpp.obj
[327/592] Building CXX object examples/reference_models/CMakeFiles/bettercad_reference_models.dir/DrawingAngleBracket.cpp.obj
[328/592] Building CXX object examples/reference_models/CMakeFiles/bettercad_reference_models.dir/DrawingCatalog.cpp.obj
[329/592] Building CXX object examples/reference_models/CMakeFiles/bettercad_reference_models.dir/DrawingClampSet.cpp.obj
[330/592] Building CXX object examples/reference_models/CMakeFiles/bettercad_reference_models.dir/DrawingBoltedStack.cpp.obj
[331/592] Building CXX object examples/reference_models/CMakeFiles/bettercad_reference_models.dir/DrawingGuardedFrame.cpp.obj
[332/592] Building CXX object examples/reference_models/CMakeFiles/bettercad_reference_models.dir/DrawingPocketBlock.cpp.obj
[333/592] Building CXX object examples/reference_models/CMakeFiles/bettercad_reference_models.dir/DrawingHolePlate.cpp.obj
[334/592] Building CXX object examples/reference_models/CMakeFiles/bettercad_reference_models.dir/DrawingStepPlate.cpp.obj
[335/592] Building CXX object examples/reference_models/CMakeFiles/bettercad_reference_models.dir/DrawingToleranceBlock.cpp.obj
[336/592] Building CXX object examples/reference_models/CMakeFiles/bettercad_reference_models.dir/Fingerprint.cpp.obj
[337/592] Building CXX object examples/reference_models/CMakeFiles/bettercad_reference_models.dir/GearboxCover.cpp.obj
[338/592] Building CXX object examples/reference_models/CMakeFiles/bettercad_reference_models.dir/MaterialCatalog.cpp.obj
[339/592] Building CXX object examples/reference_models/CMakeFiles/bettercad_reference_models.dir/ManifoldTube.cpp.obj
[340/592] Building CXX object examples/reference_models/CMakeFiles/bettercad_reference_models.dir/IndexPlate.cpp.obj
[341/592] Building CXX object examples/reference_models/CMakeFiles/bettercad_reference_models.dir/MaterialModels.cpp.obj
[342/592] Building CXX object examples/reference_models/CMakeFiles/bettercad_reference_models.dir/MotorMount.cpp.obj
[343/592] Building CXX object examples/reference_models/CMakeFiles/bettercad_reference_models.dir/Flange.cpp.obj
[344/592] Building CXX object examples/reference_models/CMakeFiles/bettercad_reference_models.dir/MountingBracket.cpp.obj
[345/592] Building CXX object examples/reference_models/CMakeFiles/bettercad_reference_models.dir/Pulley.cpp.obj
[346/592] Linking CXX static library lib\libCatch2Maind.a
[347/592] Building CXX object examples/reference_models/CMakeFiles/bettercad_reference_models.dir/RibbedBracket.cpp.obj
[348/592] Linking CXX shared library bin\libbettercad_meshing.dll
[349/592] Linking CXX static library lib\libbettercad_cli_lib.a
[350/592] Building CXX object examples/reference_models/CMakeFiles/bettercad_reference_models.dir/Shaft.cpp.obj
[351/592] Building CXX object examples/reference_models/CMakeFiles/bettercad_reference_models.dir/TransitionDuct.cpp.obj
[352/592] Building CXX object tests/CMakeFiles/bettercad_test_occt.dir/support/occt/StepReadBack.cpp.obj
[353/592] Building CXX object examples/reference_models/CMakeFiles/bettercad_reference_models.dir/UBolt.cpp.obj
[354/592] Building CXX object apps/bettercad_cli/CMakeFiles/bettercad_cli.dir/main.cpp.obj
[355/592] Linking CXX static library lib\libbettercad_reference_models.a
[356/592] Building CXX object apps/bettercad/CMakeFiles/bettercad.dir/bettercad_autogen/mocs_compilation.cpp.obj
[357/592] Building CXX object examples/CMakeFiles/bettercad_example_geometry_accuracy.dir/geometry_accuracy/main.cpp.obj
[358/592] Linking CXX static library lib\libbettercad_test_occt.a
[359/592] Building CXX object apps/bettercad/CMakeFiles/bettercad.dir/main.cpp.obj
[360/592] Building CXX object apps/bettercad/CMakeFiles/bettercad.dir/MainWindow.cpp.obj
[361/592] Building CXX object apps/bettercad/CMakeFiles/bettercad.dir/ViewportWidget.cpp.obj
[362/592] Building CXX object examples/reference_models/CMakeFiles/bettercad_example_reference_models.dir/main.cpp.obj
[363/592] Building CXX object tests/CMakeFiles/bettercad_tests.dir/renderer/ViewerTests.cpp.obj
[364/592] Building CXX object tests/CMakeFiles/bettercad_tests.dir/meshing/MeshDataTests.cpp.obj
[365/592] Building CXX object tests/CMakeFiles/bettercad_tests.dir/meshing/GeometryPreparationTests.cpp.obj
[366/592] Building CXX object tests/CMakeFiles/bettercad_tests.dir/assembly/CommandTests.cpp.obj
[367/592] Building CXX object tests/CMakeFiles/bettercad_tests.dir/meshing/NetgenVolumeBackendTests.cpp.obj
[368/592] Building CXX object tests/CMakeFiles/bettercad_tests.dir/meshing/GeometryMeshMapTests.cpp.obj
[369/592] Building CXX object tests/CMakeFiles/bettercad_tests.dir/meshing/MeshQualityTests.cpp.obj
[370/592] Building CXX object tests/CMakeFiles/bettercad_tests.dir/meshing/TetValidationTests.cpp.obj
[371/592] Building CXX object tests/CMakeFiles/bettercad_tests.dir/meshing/VolumeBackendTests.cpp.obj
[372/592] Building CXX object tests/CMakeFiles/bettercad_tests.dir/meshing/SurfaceMeshTests.cpp.obj
[373/592] Building CXX object tests/CMakeFiles/bettercad_tests.dir/meshing/MeshSizingTests.cpp.obj
[374/592] Building CXX object tests/CMakeFiles/bettercad_tests.dir/meshing/VolumeMeshTests.cpp.obj
[375/592] Building CXX object tests/CMakeFiles/bettercad_tests.dir/drawing/AnnotationTests.cpp.obj
[376/592] Building CXX object tests/CMakeFiles/bettercad_tests.dir/drawing/AssemblyDrawingTests.cpp.obj
[377/592] Building CXX object tests/CMakeFiles/bettercad_tests.dir/drawing/BomTests.cpp.obj
[378/592] Building CXX object tests/CMakeFiles/bettercad_tests.dir/drawing/StableReferenceTests.cpp.obj
[379/592] Building CXX object tests/CMakeFiles/bettercad_tests.dir/drawing/DrawingCommandTests.cpp.obj
[380/592] Building CXX object tests/CMakeFiles/bettercad_tests.dir/drawing/Section2dTests.cpp.obj
[381/592] Building CXX object tests/CMakeFiles/bettercad_tests.dir/drawing/DrawingPersistenceTests.cpp.obj
[382/592] Building CXX object tests/CMakeFiles/bettercad_tests.dir/drawing/DrawingRegenerationTests.cpp.obj
[383/592] Building CXX object tests/CMakeFiles/bettercad_tests.dir/drawing/HiddenLineViewTests.cpp.obj
[384/592] Building CXX object tests/CMakeFiles/bettercad_tests.dir/drawing/DimensionTests.cpp.obj
[385/592] Building CXX object tests/CMakeFiles/bettercad_tests.dir/drawing/SectionGeometryTests.cpp.obj
[386/592] Building CXX object tests/CMakeFiles/bettercad_tests.dir/drawing/ViewProjectionTests.cpp.obj
[387/592] Building CXX object tests/CMakeFiles/bettercad_tests.dir/drawing/SheetFileTests.cpp.obj
[388/592] Building CXX object tests/CMakeFiles/bettercad_tests.dir/drawing/SheetTests.cpp.obj
[389/592] Building CXX object tests/CMakeFiles/bettercad_tests.dir/drawing/ViewAssemblyTests.cpp.obj
[390/592] Building CXX object tests/CMakeFiles/bettercad_tests.dir/drawing/ViewKindTests.cpp.obj
[391/592] Building CXX object tests/CMakeFiles/bettercad_tests.dir/drawing/ToleranceTests.cpp.obj
[392/592] Building CXX object tests/CMakeFiles/bettercad_tests.dir/assembly/ComponentFileTests.cpp.obj
[393/592] Building CXX object tests/CMakeFiles/bettercad_tests.dir/drawing/ViewTests.cpp.obj
[394/592] Building CXX object tests/CMakeFiles/bettercad_tests.dir/assembly/ComponentTests.cpp.obj
[395/592] Building CXX object tests/CMakeFiles/bettercad_tests.dir/assembly/ConfigurationTests.cpp.obj
[396/592] Building CXX object tests/CMakeFiles/bettercad_tests.dir/assembly/MateFileTests.cpp.obj
[397/592] Building CXX object tests/CMakeFiles/bettercad_tests.dir/assembly/MechanicalMateTests.cpp.obj
[398/592] Building CXX object tests/CMakeFiles/bettercad_tests.dir/assembly/MateTests.cpp.obj
[399/592] Building CXX object tests/CMakeFiles/bettercad_tests.dir/assembly/MechanicalSolveTests.cpp.obj
[400/592] Building CXX object tests/CMakeFiles/bettercad_tests.dir/assembly/SolverDerivativeTests.cpp.obj
[401/592] Building CXX object tests/CMakeFiles/bettercad_tests.dir/assembly/SolverTests.cpp.obj
[402/592] Building CXX object tests/CMakeFiles/bettercad_tests.dir/assembly/StableReferenceTests.cpp.obj
[403/592] Building CXX object tests/CMakeFiles/bettercad_tests.dir/assembly/ReferenceFileTests.cpp.obj
[404/592] Building CXX object tests/CMakeFiles/bettercad_tests.dir/assembly/RegenerationTests.cpp.obj
[405/592] Building CXX object tests/CMakeFiles/bettercad_tests.dir/assembly/ReferenceTests.cpp.obj
[406/592] Building CXX object tests/CMakeFiles/bettercad_tests.dir/core/BuildInfoTests.cpp.obj
[407/592] Building CXX object tests/CMakeFiles/bettercad_tests.dir/assembly/PlacementFileTests.cpp.obj
[408/592] Building CXX object tests/CMakeFiles/bettercad_tests.dir/assembly/PlacementTests.cpp.obj
[409/592] Building CXX object tests/CMakeFiles/bettercad_tests.dir/assembly/PersistenceTests.cpp.obj
[410/592] Building CXX object tests/CMakeFiles/bettercad_tests.dir/core/UuidTests.cpp.obj
[411/592] Building CXX object tests/CMakeFiles/bettercad_tests.dir/core/IdTests.cpp.obj
[412/592] Building CXX object tests/CMakeFiles/bettercad_tests.dir/core/document/CommandTests.cpp.obj
[413/592] Building CXX object tests/CMakeFiles/bettercad_tests.dir/core/document/ConfigurationTests.cpp.obj
[414/592] Building CXX object tests/CMakeFiles/bettercad_tests.dir/core/geometry/BooleanTests.cpp.obj
[415/592] Building CXX object tests/CMakeFiles/bettercad_tests.dir/core/document/DependencyGraphTests.cpp.obj
[416/592] Building CXX object tests/CMakeFiles/bettercad_tests.dir/core/document/DocumentTests.cpp.obj
[417/592] Building CXX object tests/CMakeFiles/bettercad_tests.dir/core/document/ParameterExpressionTests.cpp.obj
[418/592] Building CXX object tests/CMakeFiles/bettercad_tests.dir/core/geometry/ChamferTests.cpp.obj
[419/592] Building CXX object tests/CMakeFiles/bettercad_tests.dir/core/geometry/DraftTests.cpp.obj
[420/592] Building CXX object tests/CMakeFiles/bettercad_tests.dir/core/geometry/CurvedProfileTests.cpp.obj
[421/592] Building CXX object tests/CMakeFiles/bettercad_tests.dir/core/geometry/FilletTests.cpp.obj
[422/592] Building CXX object tests/CMakeFiles/bettercad_tests.dir/core/geometry/HiddenLineTests.cpp.obj
[423/592] Building CXX object tests/CMakeFiles/bettercad_tests.dir/core/geometry/FaceNameTests.cpp.obj
[424/592] Building CXX object tests/CMakeFiles/bettercad_tests.dir/core/geometry/LoftTests.cpp.obj
[425/592] Building CXX object tests/CMakeFiles/bettercad_tests.dir/core/geometry/HoleTests.cpp.obj
[426/592] Building CXX object tests/CMakeFiles/bettercad_tests.dir/core/geometry/LoftShapeTests.cpp.obj
[427/592] Building CXX object tests/CMakeFiles/bettercad_tests.dir/core/geometry/MeshTests.cpp.obj
[428/592] Building CXX object tests/CMakeFiles/bettercad_tests.dir/core/geometry/PropertyTests.cpp.obj
[429/592] Building CXX object tests/CMakeFiles/bettercad_tests.dir/core/geometry/PrimitiveTests.cpp.obj
[430/592] Building CXX object tests/CMakeFiles/bettercad_tests.dir/core/geometry/SplitTests.cpp.obj
[431/592] Building CXX object tests/CMakeFiles/bettercad_tests.dir/core/geometry/RibTests.cpp.obj
[432/592] Building CXX object tests/CMakeFiles/bettercad_tests.dir/core/geometry/RevolutionTests.cpp.obj
[433/592] Building CXX object tests/CMakeFiles/bettercad_tests.dir/core/geometry/SweepTests.cpp.obj
[434/592] Building CXX object tests/CMakeFiles/bettercad_tests.dir/core/geometry/ShellTests.cpp.obj
[435/592] Building CXX object tests/CMakeFiles/bettercad_tests.dir/core/geometry/VolumeSecondMomentsTests.cpp.obj
[436/592] Building CXX object tests/CMakeFiles/bettercad_tests.dir/core/geometry/VariableFilletTests.cpp.obj
[437/592] Building CXX object tests/CMakeFiles/bettercad_tests.dir/core/math/BSplineTests.cpp.obj
[438/592] Building CXX object tests/CMakeFiles/bettercad_tests.dir/core/geometry/SweptPathTests.cpp.obj
[439/592] Building CXX object tests/CMakeFiles/bettercad_tests.dir/core/geometry/TransformTests.cpp.obj
[440/592] Building CXX object tests/CMakeFiles/bettercad_tests.dir/core/math/FrameTests.cpp.obj
[441/592] Building CXX object tests/CMakeFiles/bettercad_tests.dir/core/math/RigidTransformTests.cpp.obj
[442/592] Building CXX object tests/CMakeFiles/bettercad_tests.dir/core/materials/MaterialLibraryTests.cpp.obj
[443/592] Building CXX object tests/CMakeFiles/bettercad_tests.dir/core/parameters/ExpressionTests.cpp.obj
[444/592] Building CXX object tests/CMakeFiles/bettercad_tests.dir/core/parameters/ParameterTests.cpp.obj
[445/592] Building CXX object tests/CMakeFiles/bettercad_tests.dir/core/parameters/ParameterTableTests.cpp.obj
[446/592] Building CXX object tests/CMakeFiles/bettercad_tests.dir/core/standards/HoleStandardsTests.cpp.obj
[447/592] Building CXX object tests/CMakeFiles/bettercad_tests.dir/core/materials/MechanicalPropertiesTests.cpp.obj
[448/592] Building CXX object tests/CMakeFiles/bettercad_tests.dir/core/units/ConversionTests.cpp.obj
[449/592] Building CXX object tests/CMakeFiles/bettercad_tests.dir/core/materials/ThermalPropertiesTests.cpp.obj
[450/592] Building CXX object tests/CMakeFiles/bettercad_tests.dir/core/units/FormatAndCatalogTests.cpp.obj
[451/592] Building CXX object tests/CMakeFiles/bettercad_tests.dir/core/units/EngineeringQuantityTests.cpp.obj
[452/592] Building CXX object tests/CMakeFiles/bettercad_tests.dir/core/units/QuantityTests.cpp.obj
[453/592] Building CXX object tests/CMakeFiles/bettercad_tests.dir/features/ChamferFeatureTests.cpp.obj
[454/592] Building CXX object tests/CMakeFiles/bettercad_tests.dir/features/MassPropertiesTests.cpp.obj
[455/592] Building CXX object tests/CMakeFiles/bettercad_tests.dir/features/CustomMaterialTests.cpp.obj
[456/592] Building CXX object tests/CMakeFiles/bettercad_tests.dir/features/MaterialAssignmentTests.cpp.obj
[457/592] Building CXX object tests/CMakeFiles/bettercad_tests.dir/features/MaterialCommandTests.cpp.obj
[458/592] Building CXX object tests/CMakeFiles/bettercad_tests.dir/features/ProvenanceTests.cpp.obj
[459/592] Building CXX object tests/CMakeFiles/bettercad_tests.dir/features/MaterialTests.cpp.obj
[460/592] Building CXX object tests/CMakeFiles/bettercad_tests.dir/features/DatumTests.cpp.obj
[461/592] Building CXX object tests/CMakeFiles/bettercad_tests.dir/features/FaceReferenceTests.cpp.obj
[462/592] Building CXX object tests/CMakeFiles/bettercad_tests.dir/features/DraftFeatureTests.cpp.obj
[463/592] Building CXX object tests/CMakeFiles/bettercad_tests.dir/features/ThroughAllExtrudeTests.cpp.obj
[464/592] Building CXX object tests/CMakeFiles/bettercad_tests.dir/features/SketchOnFaceTests.cpp.obj
[465/592] Building CXX object tests/CMakeFiles/bettercad_tests.dir/features/BodyOpsTests.cpp.obj
[466/592] Building CXX object tests/CMakeFiles/bettercad_tests.dir/features/ExtrudeTests.cpp.obj
[467/592] Building CXX object tests/CMakeFiles/bettercad_tests.dir/features/ExpressionRegenerationTests.cpp.obj
[468/592] Building CXX object tests/CMakeFiles/bettercad_tests.dir/features/CircularPatternFeatureTests.cpp.obj
[469/592] Building CXX object tests/CMakeFiles/bettercad_tests.dir/features/ConfigurationFeatureTests.cpp.obj
[470/592] Building CXX object tests/CMakeFiles/bettercad_tests.dir/features/FilletFeatureTests.cpp.obj
[471/592] Building CXX object tests/CMakeFiles/bettercad_tests.dir/features/HoleStandardTests.cpp.obj
[472/592] Building CXX object tests/CMakeFiles/bettercad_tests.dir/features/HoleFeatureTests.cpp.obj
[473/592] Building CXX object tests/CMakeFiles/bettercad_tests.dir/features/LoftShapeFeatureTests.cpp.obj
[474/592] Building CXX object tests/CMakeFiles/bettercad_tests.dir/features/LinearPatternFeatureTests.cpp.obj
[475/592] Building CXX object tests/CMakeFiles/bettercad_tests.dir/features/LoftFeatureTests.cpp.obj
[476/592] Building CXX object tests/CMakeFiles/bettercad_tests.dir/features/MirrorFeatureTests.cpp.obj
[477/592] Building CXX object tests/CMakeFiles/bettercad_tests.dir/features/ProfileTests.cpp.obj
[478/592] Building CXX object tests/CMakeFiles/bettercad_tests.dir/features/PatternNestingTests.cpp.obj
[479/592] Building CXX object tests/CMakeFiles/bettercad_tests.dir/features/PatternDistributionTests.cpp.obj
[480/592] Building CXX object tests/CMakeFiles/bettercad_tests.dir/features/SpatialSweepTests.cpp.obj
[481/592] Building CXX object tests/CMakeFiles/bettercad_tests.dir/features/RegenerationTests.cpp.obj
[482/592] Building CXX object tests/CMakeFiles/bettercad_tests.dir/features/RegeneratorTests.cpp.obj
[483/592] Building CXX object tests/CMakeFiles/bettercad_tests.dir/features/SweepFeatureTests.cpp.obj
[484/592] Building CXX object tests/CMakeFiles/bettercad_tests.dir/features/RevolveTests.cpp.obj
[485/592] Building CXX object tests/CMakeFiles/bettercad_tests.dir/features/RibFeatureTests.cpp.obj
[486/592] Building CXX object tests/CMakeFiles/bettercad_tests.dir/features/VariableFilletFeatureTests.cpp.obj
[487/592] Building CXX object tests/CMakeFiles/bettercad_tests.dir/features/ValidationTests.cpp.obj
[488/592] Building CXX object tests/CMakeFiles/bettercad_tests.dir/features/ShellFeatureTests.cpp.obj
[489/592] Building CXX object tests/CMakeFiles/bettercad_tests.dir/io/CircularPatternFileTests.cpp.obj
[490/592] Building CXX object tests/CMakeFiles/bettercad_tests.dir/io/DatumFileTests.cpp.obj
[491/592] Building CXX object tests/CMakeFiles/bettercad_tests.dir/io/ConfigurationFileTests.cpp.obj
[492/592] Building CXX object tests/CMakeFiles/bettercad_tests.dir/io/ChamferFileTests.cpp.obj
[493/592] Building CXX object tests/CMakeFiles/bettercad_tests.dir/io/FaceReferenceFileTests.cpp.obj
[494/592] Building CXX object tests/CMakeFiles/bettercad_tests.dir/io/ThroughAllFileTests.cpp.obj
[495/592] Building CXX object tests/CMakeFiles/bettercad_tests.dir/io/FaceKindFileTests.cpp.obj
[496/592] Building CXX object tests/CMakeFiles/bettercad_tests.dir/io/BodyOpsFileTests.cpp.obj
[497/592] Building CXX object tests/CMakeFiles/bettercad_tests.dir/io/ExampleModelTests.cpp.obj
[498/592] Building CXX object tests/CMakeFiles/bettercad_tests.dir/io/DocumentFileTests.cpp.obj
[499/592] Building CXX object tests/CMakeFiles/bettercad_tests.dir/io/DrawingExportTests.cpp.obj
[500/592] Building CXX object tests/CMakeFiles/bettercad_tests.dir/io/MaterialFileTests.cpp.obj
[501/592] Building CXX object tests/CMakeFiles/bettercad_tests.dir/io/DraftFileTests.cpp.obj
[502/592] Building CXX object tests/CMakeFiles/bettercad_tests.dir/io/ExpressionFileTests.cpp.obj
[503/592] Building CXX object tests/CMakeFiles/bettercad_tests.dir/io/FilletFileTests.cpp.obj
[504/592] Building CXX object tests/CMakeFiles/bettercad_tests.dir/io/HoleFileTests.cpp.obj
[505/592] Building CXX object tests/CMakeFiles/bettercad_tests.dir/io/HoleStandardFileTests.cpp.obj
[506/592] Building CXX object tests/CMakeFiles/bettercad_tests.dir/io/LinearPatternFileTests.cpp.obj
[507/592] Building CXX object tests/CMakeFiles/bettercad_tests.dir/io/ParameterJsonTests.cpp.obj
[508/592] Building CXX object tests/CMakeFiles/bettercad_tests.dir/io/LoftFileTests.cpp.obj
[509/592] Building CXX object tests/CMakeFiles/bettercad_tests.dir/io/MirrorFileTests.cpp.obj
[510/592] Building CXX object tests/CMakeFiles/bettercad_tests.dir/io/PatternInstanceFileTests.cpp.obj
[511/592] Building CXX object tests/CMakeFiles/bettercad_tests.dir/io/SpatialSweepFileTests.cpp.obj
[512/592] Building CXX object tests/CMakeFiles/bettercad_tests.dir/io/RevolveFileTests.cpp.obj
[513/592] Building CXX object tests/CMakeFiles/bettercad_tests.dir/io/SweepFileTests.cpp.obj
[514/592] Building CXX object tests/CMakeFiles/bettercad_tests.dir/io/RibFileTests.cpp.obj
[515/592] Building CXX object tests/CMakeFiles/bettercad_tests.dir/io/VariableFilletFileTests.cpp.obj
[516/592] Building CXX object tests/CMakeFiles/bettercad_tests.dir/io/ShellFileTests.cpp.obj
[517/592] Building CXX object tests/CMakeFiles/bettercad_tests.dir/io/StepExportTests.cpp.obj
[518/592] Building CXX object tests/CMakeFiles/bettercad_tests.dir/io/StlTests.cpp.obj
[519/592] Building CXX object tests/CMakeFiles/bettercad_tests.dir/sketch/AdvancedConstraintSolverTests.cpp.obj
[520/592] Building CXX object tests/CMakeFiles/bettercad_tests.dir/sketch/ConstraintTests.cpp.obj
[521/592] Building CXX object tests/CMakeFiles/bettercad_tests.dir/sketch/AdvancedConstraintDocumentTests.cpp.obj
[522/592] Building CXX object tests/CMakeFiles/bettercad_tests.dir/sketch/EllipseSplineTests.cpp.obj
[523/592] Building CXX object tests/CMakeFiles/bettercad_tests.dir/sketch/SketchDocumentTests.cpp.obj
[524/592] Building CXX object tests/CMakeFiles/bettercad_tests.dir/sketch/SketchTests.cpp.obj
[525/592] Building CXX object tests/CMakeFiles/bettercad_tests.dir/sketch/EllipseSplineDocumentTests.cpp.obj
[526/592] Building CXX object tests/CMakeFiles/bettercad_tests.dir/sketch/SolverTests.cpp.obj
[527/592] Building CXX object tests/CMakeFiles/bettercad_tests.dir/cli/ConfigurationCliTests.cpp.obj
[528/592] Building CXX object tests/CMakeFiles/bettercad_tests.dir/cli/DatumCliTests.cpp.obj
[529/592] Building CXX object tests/CMakeFiles/bettercad_tests.dir/cli/DraftCliTests.cpp.obj
[530/592] Building CXX object tests/CMakeFiles/bettercad_tests.dir/cli/CliTests.cpp.obj
[531/592] Building CXX object tests/CMakeFiles/bettercad_tests.dir/cli/FaceReferenceCliTests.cpp.obj
[532/592] Building CXX object tests/CMakeFiles/bettercad_tests.dir/cli/HoleStandardCliTests.cpp.obj
[533/592] Building CXX object tests/CMakeFiles/bettercad_tests.dir/cli/PatternInstanceCliTests.cpp.obj
[534/592] Building CXX object tests/CMakeFiles/bettercad_tests.dir/cli/ThroughAllCliTests.cpp.obj
[535/592] Building CXX object tests/CMakeFiles/bettercad_tests.dir/cli/BodyOpsCliTests.cpp.obj
[536/592] Building CXX object tests/CMakeFiles/bettercad_tests.dir/cli/RibCliTests.cpp.obj
[537/592] Building CXX object tests/CMakeFiles/bettercad_tests.dir/cli/VariableFilletCliTests.cpp.obj
[538/592] Building CXX object tests/CMakeFiles/bettercad_tests.dir/cli/ShellCliTests.cpp.obj
[539/592] Building CXX object tests/CMakeFiles/bettercad_tests.dir/cli/SpatialSweepCliTests.cpp.obj
[540/592] Building CXX object tests/CMakeFiles/bettercad_tests.dir/cli/ExpressionCliTests.cpp.obj
[541/592] Building CXX object tests/CMakeFiles/bettercad_tests.dir/cli/ComponentCliTests.cpp.obj
[542/592] Building CXX object tests/CMakeFiles/bettercad_tests.dir/cli/SheetCliTests.cpp.obj
[543/592] Building CXX object tests/CMakeFiles/bettercad_tests.dir/cli/DrawingCliTests.cpp.obj
[544/592] Building CXX object tests/CMakeFiles/bettercad_tests.dir/cli/AssemblyCliTests.cpp.obj
[545/592] Building CXX object tests/CMakeFiles/bettercad_tests.dir/cli/MaterialCliTests.cpp.obj
[546/592] Building CXX object tests/CMakeFiles/bettercad_tests.dir/reference/AssemblyWorkflowTests.cpp.obj
[547/592] Building CXX object tests/CMakeFiles/bettercad_tests.dir/qualification/P15MaterialsQualificationTests.cpp.obj
[548/592] Building CXX object tests/CMakeFiles/bettercad_tests.dir/reference/AllModelsTests.cpp.obj
[549/592] Building CXX object tests/CMakeFiles/bettercad_tests.dir/reference/AssemblyModelsTests.cpp.obj
[550/592] Building CXX object tests/CMakeFiles/bettercad_tests.dir/io/AssemblyStepTests.cpp.obj
[551/592] Building CXX object tests/CMakeFiles/bettercad_tests.dir/reference/DrawingStepPlateTests.cpp.obj
[552/592] Building CXX object tests/CMakeFiles/bettercad_tests.dir/reference/MaterialModelsTests.cpp.obj
[553/592] Building CXX object tests/CMakeFiles/bettercad_tests.dir/reference/DrawingModelsTests.cpp.obj
[554/592] Building CXX object tests/CMakeFiles/bettercad_tests.dir/reference/DrawingAngleBracketTests.cpp.obj
[555/592] Building CXX object tests/CMakeFiles/bettercad_tests.dir/reference/DrawingPocketBlockTests.cpp.obj
[556/592] Building CXX object tests/CMakeFiles/bettercad_tests.dir/reference/DrawingHolePlateTests.cpp.obj
[557/592] Building CXX object tests/CMakeFiles/bettercad_tests.dir/reference/DrawingToleranceBlockTests.cpp.obj
[558/592] Building CXX object tests/CMakeFiles/bettercad_tests.dir/reference/DrawingClampSetTests.cpp.obj
[559/592] Building CXX object tests/CMakeFiles/bettercad_tests.dir/reference/DrawingBomTests.cpp.obj
[560/592] Building CXX object tests/CMakeFiles/bettercad_tests.dir/reference/GearboxCoverTests.cpp.obj
[561/592] Building CXX object tests/CMakeFiles/bettercad_tests.dir/reference/ManifoldTubeTests.cpp.obj
[562/592] Building CXX object tests/CMakeFiles/bettercad_tests.dir/reference/FlangeTests.cpp.obj
[563/592] Building CXX object tests/CMakeFiles/bettercad_tests.dir/reference/DrawingEquivalenceTests.cpp.obj
[564/592] Building CXX object tests/CMakeFiles/bettercad_tests.dir/reference/BearingHousingTests.cpp.obj
[565/592] Building CXX object tests/CMakeFiles/bettercad_tests.dir/reference/IndexPlateTests.cpp.obj
[566/592] Building CXX object tests/CMakeFiles/bettercad_tests.dir/reference/MotorMountTests.cpp.obj
[567/592] Building CXX object tests/CMakeFiles/bettercad_tests.dir/reference/P12ModelsTests.cpp.obj
[568/592] Building CXX object tests/CMakeFiles/bettercad_tests.dir/reference/RibbedBracketTests.cpp.obj
[569/592] Building CXX object tests/CMakeFiles/bettercad_tests.dir/reference/MountingBracketTests.cpp.obj
[570/592] Building CXX object tests/CMakeFiles/bettercad_tests.dir/reference/PulleyTests.cpp.obj
[571/592] Linking CXX executable bin\bettercad_example_geometry_accuracy.exe
[572/592] Linking CXX executable bin\bettercad-cli.exe
[573/592] Linking CXX executable bin\bettercad.exe; Deploying Qt runtime for bettercad
[574/592] Building CXX object tests/CMakeFiles/bettercad_tests.dir/reference/TransitionDuctTests.cpp.obj
[575/592] Building CXX object tests/CMakeFiles/bettercad_tests.dir/reference/ShaftTests.cpp.obj
[576/592] Building CXX object tests/compile_fail/CMakeFiles/bettercad_cf_mech_control.dir/MechanicalMisuse.cpp.obj
[577/592] Linking CXX executable bin\bettercad_example_reference_models.exe
[578/592] Building CXX object tests/compile_fail/CMakeFiles/bettercad_cf_therm_control.dir/ThermalMisuse.cpp.obj
[579/592] Building CXX object tests/compile_fail/CMakeFiles/bettercad_cf_units_control.dir/UnitsMisuse.cpp.obj
[580/592] Building CXX object tests/compile_fail/CMakeFiles/bettercad_cf_ids_control.dir/IdsMisuse.cpp.obj
[581/592] Building CXX object tests/compile_fail/CMakeFiles/bettercad_cf_assign_control.dir/AssignmentMisuse.cpp.obj
[582/592] Building CXX object tests/compile_fail/CMakeFiles/bettercad_cf_massp_control.dir/MassMisuse.cpp.obj
[583/592] Building CXX object tests/compile_fail/CMakeFiles/bettercad_cf_custom_control.dir/CustomMaterialMisuse.cpp.obj
[584/592] Building CXX object tests/compile_fail/CMakeFiles/bettercad_cf_prov_control.dir/ProvenanceMisuse.cpp.obj
[585/592] Building CXX object tests/CMakeFiles/bettercad_tests.dir/reference/UBoltTests.cpp.obj
[586/592] Building CXX object tests/compile_fail/CMakeFiles/bettercad_cf_meshids_control.dir/MeshIdsMisuse.cpp.obj
[587/592] Building CXX object tests/compile_fail/CMakeFiles/bettercad_cf_matcmd_control.dir/MaterialCommandMisuse.cpp.obj
[588/592] Building CXX object tests/compile_fail/CMakeFiles/bettercad_cf_meshquality_control.dir/MeshQualityMisuse.cpp.obj
[589/592] Building CXX object tests/compile_fail/CMakeFiles/bettercad_cf_volumemesh_control.dir/VolumeMeshMisuse.cpp.obj
[590/592] Building CXX object tests/compile_fail/CMakeFiles/bettercad_cf_viewer_control.dir/ViewerMisuse.cpp.obj
[591/592] Building CXX object tests/compile_fail/CMakeFiles/bettercad_cf_geometrymeshmap_control.dir/GeometryMeshMapMisuse.cpp.obj
[592/592] Linking CXX executable bin\bettercad_tests.exe
