warning: in the working copy of 'apps/bettercad/CMakeLists.txt', CRLF will be replaced by LF the next time Git touches it
warning: in the working copy of 'apps/bettercad/MainWindow.cpp', CRLF will be replaced by LF the next time Git touches it
warning: in the working copy of 'apps/bettercad/MainWindow.hpp', CRLF will be replaced by LF the next time Git touches it
warning: in the working copy of 'apps/bettercad/main.cpp', CRLF will be replaced by LF the next time Git touches it
warning: in the working copy of 'apps/bettercad_cli/DocumentCommands.cpp', CRLF will be replaced by LF the next time Git touches it
warning: in the working copy of 'apps/bettercad_cli/DrawingReports.cpp', CRLF will be replaced by LF the next time Git touches it
warning: in the working copy of 'examples/reference_models/AssemblyBasic.cpp', CRLF will be replaced by LF the next time Git touches it
warning: in the working copy of 'examples/reference_models/AssemblyConfigured.cpp', CRLF will be replaced by LF the next time Git touches it
warning: in the working copy of 'examples/reference_models/AssemblyDriven.cpp', CRLF will be replaced by LF the next time Git touches it
warning: in the working copy of 'examples/reference_models/AssemblyJoints.cpp', CRLF will be replaced by LF the next time Git touches it
warning: in the working copy of 'examples/reference_models/AssemblyParts.cpp', CRLF will be replaced by LF the next time Git touches it
warning: in the working copy of 'examples/reference_models/AssemblyParts.hpp', CRLF will be replaced by LF the next time Git touches it
warning: in the working copy of 'examples/reference_models/AssemblyReferenceModels.hpp', CRLF will be replaced by LF the next time Git touches it
warning: in the working copy of 'examples/reference_models/DrawingAngleBracket.cpp', CRLF will be replaced by LF the next time Git touches it
warning: in the working copy of 'examples/reference_models/DrawingBoltedStack.cpp', CRLF will be replaced by LF the next time Git touches it
warning: in the working copy of 'examples/reference_models/DrawingHolePlate.cpp', CRLF will be replaced by LF the next time Git touches it
warning: in the working copy of 'examples/reference_models/DrawingReferenceModels.hpp', CRLF will be replaced by LF the next time Git touches it
warning: in the working copy of 'examples/reference_models/Flange.cpp', CRLF will be replaced by LF the next time Git touches it
warning: in the working copy of 'include/bettercad/core/Id.hpp', CRLF will be replaced by LF the next time Git touches it
warning: in the working copy of 'include/bettercad/core/document/References.hpp', CRLF will be replaced by LF the next time Git touches it
warning: in the working copy of 'include/bettercad/core/geometry/Faces.hpp', CRLF will be replaced by LF the next time Git touches it
warning: in the working copy of 'include/bettercad/core/geometry/HiddenLine.hpp', CRLF will be replaced by LF the next time Git touches it
warning: in the working copy of 'include/bettercad/core/geometry/Mesh.hpp', CRLF will be replaced by LF the next time Git touches it
warning: in the working copy of 'include/bettercad/core/units/Literals.hpp', CRLF will be replaced by LF the next time Git touches it
warning: in the working copy of 'include/bettercad/drawing/Dimension.hpp', CRLF will be replaced by LF the next time Git touches it
warning: in the working copy of 'include/bettercad/drawing/Section.hpp', CRLF will be replaced by LF the next time Git touches it
warning: in the working copy of 'include/bettercad/drawing/Sheet.hpp', CRLF will be replaced by LF the next time Git touches it
warning: in the working copy of 'include/bettercad/drawing/Sheets.hpp', CRLF will be replaced by LF the next time Git touches it
warning: in the working copy of 'include/bettercad/drawing/View.hpp', CRLF will be replaced by LF the next time Git touches it
warning: in the working copy of 'include/bettercad/drawing/Views.hpp', CRLF will be replaced by LF the next time Git touches it
warning: in the working copy of 'include/bettercad/features/ChamferFeature.hpp', CRLF will be replaced by LF the next time Git touches it
warning: in the working copy of 'include/bettercad/features/HoleFeature.hpp', CRLF will be replaced by LF the next time Git touches it
warning: in the working copy of 'include/bettercad/io/DocumentFile.hpp', CRLF will be replaced by LF the next time Git touches it
warning: in the working copy of 'include/bettercad/io/ModelExport.hpp', CRLF will be replaced by LF the next time Git touches it
warning: in the working copy of 'include/bettercad/meshing/GeometryMeshMap.hpp', CRLF will be replaced by LF the next time Git touches it
warning: in the working copy of 'include/bettercad/meshing/Mesh.hpp', CRLF will be replaced by LF the next time Git touches it
warning: in the working copy of 'include/bettercad/meshing/MeshQuality.hpp', CRLF will be replaced by LF the next time Git touches it
warning: in the working copy of 'include/bettercad/meshing/SurfaceMesh.hpp', CRLF will be replaced by LF the next time Git touches it
warning: in the working copy of 'include/bettercad/meshing/VolumeMesh.hpp', CRLF will be replaced by LF the next time Git touches it
warning: in the working copy of 'src/CMakeLists.txt', CRLF will be replaced by LF the next time Git touches it
warning: in the working copy of 'src/core/document/References.cpp', CRLF will be replaced by LF the next time Git touches it
warning: in the working copy of 'src/core/geometry/CMakeLists.txt', CRLF will be replaced by LF the next time Git touches it
warning: in the working copy of 'src/core/geometry/occt/OcctFaces.cpp', CRLF will be replaced by LF the next time Git touches it
warning: in the working copy of 'src/core/geometry/occt/OcctHiddenLine.cpp', CRLF will be replaced by LF the next time Git touches it
warning: in the working copy of 'src/core/geometry/occt/OcctMesh.cpp', CRLF will be replaced by LF the next time Git touches it
warning: in the working copy of 'src/drawing/Annotations.cpp', CRLF will be replaced by LF the next time Git touches it
warning: in the working copy of 'src/drawing/Dimension.cpp', CRLF will be replaced by LF the next time Git touches it
warning: in the working copy of 'src/drawing/Dimensions.cpp', CRLF will be replaced by LF the next time Git touches it
warning: in the working copy of 'src/drawing/Section.cpp', CRLF will be replaced by LF the next time Git touches it
warning: in the working copy of 'src/drawing/Sheet.cpp', CRLF will be replaced by LF the next time Git touches it
warning: in the working copy of 'src/drawing/Sheets.cpp', CRLF will be replaced by LF the next time Git touches it
warning: in the working copy of 'src/drawing/View.cpp', CRLF will be replaced by LF the next time Git touches it
warning: in the working copy of 'src/drawing/Views.cpp', CRLF will be replaced by LF the next time Git touches it
warning: in the working copy of 'src/features/chamfer/ChamferRegeneration.cpp', CRLF will be replaced by LF the next time Git touches it
warning: in the working copy of 'src/features/hole/HoleRegeneration.cpp', CRLF will be replaced by LF the next time Git touches it
warning: in the working copy of 'src/features/pattern/MirrorRegeneration.cpp', CRLF will be replaced by LF the next time Git touches it
warning: in the working copy of 'src/features/pattern/PatternSupport.cpp', CRLF will be replaced by LF the next time Git touches it
warning: in the working copy of 'src/features/reference/FaceReferences.cpp', CRLF will be replaced by LF the next time Git touches it
warning: in the working copy of 'src/io/DxfWriter.cpp', CRLF will be replaced by LF the next time Git touches it
warning: in the working copy of 'src/io/ModelExport.cpp', CRLF will be replaced by LF the next time Git touches it
warning: in the working copy of 'src/io/PdfWriter.cpp', CRLF will be replaced by LF the next time Git touches it
warning: in the working copy of 'src/io/TextEncoding.hpp', CRLF will be replaced by LF the next time Git touches it
warning: in the working copy of 'src/io/json/DatumJson.cpp', CRLF will be replaced by LF the next time Git touches it
warning: in the working copy of 'src/io/json/FeatureJson.cpp', CRLF will be replaced by LF the next time Git touches it
warning: in the working copy of 'src/io/json/SheetJson.cpp', CRLF will be replaced by LF the next time Git touches it
warning: in the working copy of 'src/io/json/ViewJson.cpp', CRLF will be replaced by LF the next time Git touches it
warning: in the working copy of 'src/meshing/CMakeLists.txt', CRLF will be replaced by LF the next time Git touches it
warning: in the working copy of 'src/meshing/GeometryMeshMap.cpp', CRLF will be replaced by LF the next time Git touches it
warning: in the working copy of 'src/meshing/Mesh.cpp', CRLF will be replaced by LF the next time Git touches it
warning: in the working copy of 'src/meshing/MeshQuality.cpp', CRLF will be replaced by LF the next time Git touches it
warning: in the working copy of 'src/meshing/SurfaceMesh.cpp', CRLF will be replaced by LF the next time Git touches it
warning: in the working copy of 'src/meshing/VolumeMesh.cpp', CRLF will be replaced by LF the next time Git touches it
warning: in the working copy of 'tests/CMakeLists.txt', CRLF will be replaced by LF the next time Git touches it
warning: in the working copy of 'tests/assembly/PersistenceTests.cpp', CRLF will be replaced by LF the next time Git touches it
warning: in the working copy of 'tests/cli/DrawingCliTests.cpp', CRLF will be replaced by LF the next time Git touches it
warning: in the working copy of 'tests/cli/SheetCliTests.cpp', CRLF will be replaced by LF the next time Git touches it
warning: in the working copy of 'tests/compile_fail/CMakeLists.txt', CRLF will be replaced by LF the next time Git touches it
warning: in the working copy of 'tests/compile_fail/UnitsMisuse.cpp', CRLF will be replaced by LF the next time Git touches it
warning: in the working copy of 'tests/core/geometry/FaceNameTests.cpp', CRLF will be replaced by LF the next time Git touches it
warning: in the working copy of 'tests/drawing/BomTests.cpp', CRLF will be replaced by LF the next time Git touches it
warning: in the working copy of 'tests/drawing/DimensionTests.cpp', CRLF will be replaced by LF the next time Git touches it
warning: in the working copy of 'tests/drawing/HiddenLineViewTests.cpp', CRLF will be replaced by LF the next time Git touches it
warning: in the working copy of 'tests/drawing/SectionGeometryTests.cpp', CRLF will be replaced by LF the next time Git touches it
warning: in the working copy of 'tests/drawing/SheetTests.cpp', CRLF will be replaced by LF the next time Git touches it
warning: in the working copy of 'tests/drawing/StableReferenceTests.cpp', CRLF will be replaced by LF the next time Git touches it
warning: in the working copy of 'tests/drawing/ViewAssemblyTests.cpp', CRLF will be replaced by LF the next time Git touches it
warning: in the working copy of 'tests/drawing/ViewKindTests.cpp', CRLF will be replaced by LF the next time Git touches it
warning: in the working copy of 'tests/features/ChamferFeatureTests.cpp', CRLF will be replaced by LF the next time Git touches it
warning: in the working copy of 'tests/features/CircularPatternFeatureTests.cpp', CRLF will be replaced by LF the next time Git touches it
warning: in the working copy of 'tests/features/HoleFeatureTests.cpp', CRLF will be replaced by LF the next time Git touches it
warning: in the working copy of 'tests/features/LinearPatternFeatureTests.cpp', CRLF will be replaced by LF the next time Git touches it
warning: in the working copy of 'tests/features/MirrorFeatureTests.cpp', CRLF will be replaced by LF the next time Git touches it
warning: in the working copy of 'tests/io/AssemblyStepTests.cpp', CRLF will be replaced by LF the next time Git touches it
warning: in the working copy of 'tests/io/ChamferFileTests.cpp', CRLF will be replaced by LF the next time Git touches it
warning: in the working copy of 'tests/io/DrawingExportTests.cpp', CRLF will be replaced by LF the next time Git touches it
warning: in the working copy of 'tests/io/StepExportTests.cpp', CRLF will be replaced by LF the next time Git touches it
warning: in the working copy of 'tests/meshing/GeometryMeshMapTests.cpp', CRLF will be replaced by LF the next time Git touches it
warning: in the working copy of 'tests/meshing/MeshQualityTests.cpp', CRLF will be replaced by LF the next time Git touches it
warning: in the working copy of 'tests/reference/AssemblyModelsTests.cpp', CRLF will be replaced by LF the next time Git touches it
warning: in the working copy of 'tests/reference/AssemblyTestSupport.hpp', CRLF will be replaced by LF the next time Git touches it
warning: in the working copy of 'tests/reference/AssemblyWorkflowTests.cpp', CRLF will be replaced by LF the next time Git touches it
warning: in the working copy of 'tests/reference/DrawingAngleBracketTests.cpp', CRLF will be replaced by LF the next time Git touches it
warning: in the working copy of 'tests/reference/DrawingBomTests.cpp', CRLF will be replaced by LF the next time Git touches it
warning: in the working copy of 'tests/reference/DrawingEquivalenceTests.cpp', CRLF will be replaced by LF the next time Git touches it
warning: in the working copy of 'tests/reference/DrawingHolePlateTests.cpp', CRLF will be replaced by LF the next time Git touches it
warning: in the working copy of 'tests/reference/DrawingModelsTests.cpp', CRLF will be replaced by LF the next time Git touches it
warning: in the working copy of 'tests/reference/DrawingStepPlateTests.cpp', CRLF will be replaced by LF the next time Git touches it
warning: in the working copy of 'tests/reference/DrawingTestSupport.hpp', CRLF will be replaced by LF the next time Git touches it
warning: in the working copy of 'tests/reference/DrawingToleranceBlockTests.cpp', CRLF will be replaced by LF the next time Git touches it
warning: in the working copy of 'tests/reference/ShaftTests.cpp', CRLF will be replaced by LF the next time Git touches it
warning: in the working copy of 'apps/bettercad/ViewportWidget.cpp', CRLF will be replaced by LF the next time Git touches it
warning: in the working copy of 'apps/bettercad/ViewportWidget.hpp', CRLF will be replaced by LF the next time Git touches it
warning: in the working copy of 'src/renderer/occt/OcctViewer.cpp', CRLF will be replaced by LF the next time Git touches it
warning: in the working copy of 'tests/renderer/ViewerTests.cpp', CRLF will be replaced by LF the next time Git touches it
warning: in the working copy of 'apps/bettercad/CMakeLists.txt', CRLF will be replaced by LF the next time Git touches it
warning: in the working copy of 'apps/bettercad/MainWindow.cpp', CRLF will be replaced by LF the next time Git touches it
warning: in the working copy of 'apps/bettercad/MainWindow.hpp', CRLF will be replaced by LF the next time Git touches it
warning: in the working copy of 'apps/bettercad/main.cpp', CRLF will be replaced by LF the next time Git touches it
warning: in the working copy of 'apps/bettercad_cli/DocumentCommands.cpp', CRLF will be replaced by LF the next time Git touches it
warning: in the working copy of 'apps/bettercad_cli/DrawingReports.cpp', CRLF will be replaced by LF the next time Git touches it
warning: in the working copy of 'examples/reference_models/AssemblyBasic.cpp', CRLF will be replaced by LF the next time Git touches it
warning: in the working copy of 'examples/reference_models/AssemblyConfigured.cpp', CRLF will be replaced by LF the next time Git touches it
warning: in the working copy of 'examples/reference_models/AssemblyDriven.cpp', CRLF will be replaced by LF the next time Git touches it
warning: in the working copy of 'examples/reference_models/AssemblyJoints.cpp', CRLF will be replaced by LF the next time Git touches it
warning: in the working copy of 'examples/reference_models/AssemblyParts.cpp', CRLF will be replaced by LF the next time Git touches it
warning: in the working copy of 'examples/reference_models/AssemblyParts.hpp', CRLF will be replaced by LF the next time Git touches it
warning: in the working copy of 'examples/reference_models/AssemblyReferenceModels.hpp', CRLF will be replaced by LF the next time Git touches it
warning: in the working copy of 'examples/reference_models/DrawingAngleBracket.cpp', CRLF will be replaced by LF the next time Git touches it
warning: in the working copy of 'examples/reference_models/DrawingBoltedStack.cpp', CRLF will be replaced by LF the next time Git touches it
warning: in the working copy of 'examples/reference_models/DrawingHolePlate.cpp', CRLF will be replaced by LF the next time Git touches it
warning: in the working copy of 'examples/reference_models/DrawingReferenceModels.hpp', CRLF will be replaced by LF the next time Git touches it
warning: in the working copy of 'examples/reference_models/Flange.cpp', CRLF will be replaced by LF the next time Git touches it
warning: in the working copy of 'include/bettercad/core/Id.hpp', CRLF will be replaced by LF the next time Git touches it
warning: in the working copy of 'include/bettercad/core/document/References.hpp', CRLF will be replaced by LF the next time Git touches it
warning: in the working copy of 'include/bettercad/core/geometry/Faces.hpp', CRLF will be replaced by LF the next time Git touches it
warning: in the working copy of 'include/bettercad/core/geometry/HiddenLine.hpp', CRLF will be replaced by LF the next time Git touches it
warning: in the working copy of 'include/bettercad/core/geometry/Mesh.hpp', CRLF will be replaced by LF the next time Git touches it
warning: in the working copy of 'include/bettercad/core/units/Literals.hpp', CRLF will be replaced by LF the next time Git touches it
warning: in the working copy of 'include/bettercad/drawing/Dimension.hpp', CRLF will be replaced by LF the next time Git touches it
warning: in the working copy of 'include/bettercad/drawing/Section.hpp', CRLF will be replaced by LF the next time Git touches it
warning: in the working copy of 'include/bettercad/drawing/Sheet.hpp', CRLF will be replaced by LF the next time Git touches it
warning: in the working copy of 'include/bettercad/drawing/Sheets.hpp', CRLF will be replaced by LF the next time Git touches it
warning: in the working copy of 'include/bettercad/drawing/View.hpp', CRLF will be replaced by LF the next time Git touches it
warning: in the working copy of 'include/bettercad/drawing/Views.hpp', CRLF will be replaced by LF the next time Git touches it
warning: in the working copy of 'include/bettercad/features/ChamferFeature.hpp', CRLF will be replaced by LF the next time Git touches it
warning: in the working copy of 'include/bettercad/features/HoleFeature.hpp', CRLF will be replaced by LF the next time Git touches it
warning: in the working copy of 'include/bettercad/io/DocumentFile.hpp', CRLF will be replaced by LF the next time Git touches it
warning: in the working copy of 'include/bettercad/io/ModelExport.hpp', CRLF will be replaced by LF the next time Git touches it
warning: in the working copy of 'include/bettercad/meshing/GeometryMeshMap.hpp', CRLF will be replaced by LF the next time Git touches it
warning: in the working copy of 'include/bettercad/meshing/Mesh.hpp', CRLF will be replaced by LF the next time Git touches it
warning: in the working copy of 'include/bettercad/meshing/MeshQuality.hpp', CRLF will be replaced by LF the next time Git touches it
warning: in the working copy of 'include/bettercad/meshing/SurfaceMesh.hpp', CRLF will be replaced by LF the next time Git touches it
warning: in the working copy of 'include/bettercad/meshing/VolumeMesh.hpp', CRLF will be replaced by LF the next time Git touches it
warning: in the working copy of 'src/CMakeLists.txt', CRLF will be replaced by LF the next time Git touches it
warning: in the working copy of 'src/core/document/References.cpp', CRLF will be replaced by LF the next time Git touches it
warning: in the working copy of 'src/core/geometry/CMakeLists.txt', CRLF will be replaced by LF the next time Git touches it
warning: in the working copy of 'src/core/geometry/occt/OcctFaces.cpp', CRLF will be replaced by LF the next time Git touches it
warning: in the working copy of 'src/core/geometry/occt/OcctHiddenLine.cpp', CRLF will be replaced by LF the next time Git touches it
warning: in the working copy of 'src/core/geometry/occt/OcctMesh.cpp', CRLF will be replaced by LF the next time Git touches it
warning: in the working copy of 'src/drawing/Annotations.cpp', CRLF will be replaced by LF the next time Git touches it
warning: in the working copy of 'src/drawing/Dimension.cpp', CRLF will be replaced by LF the next time Git touches it
warning: in the working copy of 'src/drawing/Dimensions.cpp', CRLF will be replaced by LF the next time Git touches it
warning: in the working copy of 'src/drawing/Section.cpp', CRLF will be replaced by LF the next time Git touches it
warning: in the working copy of 'src/drawing/Sheet.cpp', CRLF will be replaced by LF the next time Git touches it
warning: in the working copy of 'src/drawing/Sheets.cpp', CRLF will be replaced by LF the next time Git touches it
warning: in the working copy of 'src/drawing/View.cpp', CRLF will be replaced by LF the next time Git touches it
warning: in the working copy of 'src/drawing/Views.cpp', CRLF will be replaced by LF the next time Git touches it
warning: in the working copy of 'src/features/chamfer/ChamferRegeneration.cpp', CRLF will be replaced by LF the next time Git touches it
warning: in the working copy of 'src/features/hole/HoleRegeneration.cpp', CRLF will be replaced by LF the next time Git touches it
warning: in the working copy of 'src/features/pattern/MirrorRegeneration.cpp', CRLF will be replaced by LF the next time Git touches it
warning: in the working copy of 'src/features/pattern/PatternSupport.cpp', CRLF will be replaced by LF the next time Git touches it
warning: in the working copy of 'src/features/reference/FaceReferences.cpp', CRLF will be replaced by LF the next time Git touches it
warning: in the working copy of 'src/io/DxfWriter.cpp', CRLF will be replaced by LF the next time Git touches it
warning: in the working copy of 'src/io/ModelExport.cpp', CRLF will be replaced by LF the next time Git touches it
warning: in the working copy of 'src/io/PdfWriter.cpp', CRLF will be replaced by LF the next time Git touches it
warning: in the working copy of 'src/io/TextEncoding.hpp', CRLF will be replaced by LF the next time Git touches it
warning: in the working copy of 'src/io/json/DatumJson.cpp', CRLF will be replaced by LF the next time Git touches it
warning: in the working copy of 'src/io/json/FeatureJson.cpp', CRLF will be replaced by LF the next time Git touches it
warning: in the working copy of 'src/io/json/SheetJson.cpp', CRLF will be replaced by LF the next time Git touches it
warning: in the working copy of 'src/io/json/ViewJson.cpp', CRLF will be replaced by LF the next time Git touches it
warning: in the working copy of 'src/meshing/CMakeLists.txt', CRLF will be replaced by LF the next time Git touches it
warning: in the working copy of 'src/meshing/GeometryMeshMap.cpp', CRLF will be replaced by LF the next time Git touches it
warning: in the working copy of 'src/meshing/Mesh.cpp', CRLF will be replaced by LF the next time Git touches it
warning: in the working copy of 'src/meshing/MeshQuality.cpp', CRLF will be replaced by LF the next time Git touches it
warning: in the working copy of 'src/meshing/SurfaceMesh.cpp', CRLF will be replaced by LF the next time Git touches it
warning: in the working copy of 'src/meshing/VolumeMesh.cpp', CRLF will be replaced by LF the next time Git touches it
warning: in the working copy of 'tests/CMakeLists.txt', CRLF will be replaced by LF the next time Git touches it
warning: in the working copy of 'tests/assembly/PersistenceTests.cpp', CRLF will be replaced by LF the next time Git touches it
warning: in the working copy of 'tests/cli/DrawingCliTests.cpp', CRLF will be replaced by LF the next time Git touches it
warning: in the working copy of 'tests/cli/SheetCliTests.cpp', CRLF will be replaced by LF the next time Git touches it
warning: in the working copy of 'tests/compile_fail/CMakeLists.txt', CRLF will be replaced by LF the next time Git touches it
warning: in the working copy of 'tests/compile_fail/UnitsMisuse.cpp', CRLF will be replaced by LF the next time Git touches it
warning: in the working copy of 'tests/core/geometry/FaceNameTests.cpp', CRLF will be replaced by LF the next time Git touches it
warning: in the working copy of 'tests/drawing/BomTests.cpp', CRLF will be replaced by LF the next time Git touches it
warning: in the working copy of 'tests/drawing/DimensionTests.cpp', CRLF will be replaced by LF the next time Git touches it
warning: in the working copy of 'tests/drawing/HiddenLineViewTests.cpp', CRLF will be replaced by LF the next time Git touches it
warning: in the working copy of 'tests/drawing/SectionGeometryTests.cpp', CRLF will be replaced by LF the next time Git touches it
warning: in the working copy of 'tests/drawing/SheetTests.cpp', CRLF will be replaced by LF the next time Git touches it
warning: in the working copy of 'tests/drawing/StableReferenceTests.cpp', CRLF will be replaced by LF the next time Git touches it
warning: in the working copy of 'tests/drawing/ViewAssemblyTests.cpp', CRLF will be replaced by LF the next time Git touches it
warning: in the working copy of 'tests/drawing/ViewKindTests.cpp', CRLF will be replaced by LF the next time Git touches it
warning: in the working copy of 'tests/features/ChamferFeatureTests.cpp', CRLF will be replaced by LF the next time Git touches it
warning: in the working copy of 'tests/features/CircularPatternFeatureTests.cpp', CRLF will be replaced by LF the next time Git touches it
warning: in the working copy of 'tests/features/HoleFeatureTests.cpp', CRLF will be replaced by LF the next time Git touches it
warning: in the working copy of 'tests/features/LinearPatternFeatureTests.cpp', CRLF will be replaced by LF the next time Git touches it
warning: in the working copy of 'tests/features/MirrorFeatureTests.cpp', CRLF will be replaced by LF the next time Git touches it
warning: in the working copy of 'tests/io/AssemblyStepTests.cpp', CRLF will be replaced by LF the next time Git touches it
warning: in the working copy of 'tests/io/ChamferFileTests.cpp', CRLF will be replaced by LF the next time Git touches it
warning: in the working copy of 'tests/io/DrawingExportTests.cpp', CRLF will be replaced by LF the next time Git touches it
warning: in the working copy of 'tests/io/StepExportTests.cpp', CRLF will be replaced by LF the next time Git touches it
warning: in the working copy of 'tests/meshing/GeometryMeshMapTests.cpp', CRLF will be replaced by LF the next time Git touches it
warning: in the working copy of 'tests/meshing/MeshQualityTests.cpp', CRLF will be replaced by LF the next time Git touches it
warning: in the working copy of 'tests/reference/AssemblyModelsTests.cpp', CRLF will be replaced by LF the next time Git touches it
warning: in the working copy of 'tests/reference/AssemblyTestSupport.hpp', CRLF will be replaced by LF the next time Git touches it
warning: in the working copy of 'tests/reference/AssemblyWorkflowTests.cpp', CRLF will be replaced by LF the next time Git touches it
warning: in the working copy of 'tests/reference/DrawingAngleBracketTests.cpp', CRLF will be replaced by LF the next time Git touches it
warning: in the working copy of 'tests/reference/DrawingBomTests.cpp', CRLF will be replaced by LF the next time Git touches it
warning: in the working copy of 'tests/reference/DrawingEquivalenceTests.cpp', CRLF will be replaced by LF the next time Git touches it
warning: in the working copy of 'tests/reference/DrawingHolePlateTests.cpp', CRLF will be replaced by LF the next time Git touches it
warning: in the working copy of 'tests/reference/DrawingModelsTests.cpp', CRLF will be replaced by LF the next time Git touches it
warning: in the working copy of 'tests/reference/DrawingStepPlateTests.cpp', CRLF will be replaced by LF the next time Git touches it
warning: in the working copy of 'tests/reference/DrawingTestSupport.hpp', CRLF will be replaced by LF the next time Git touches it
warning: in the working copy of 'tests/reference/DrawingToleranceBlockTests.cpp', CRLF will be replaced by LF the next time Git touches it
warning: in the working copy of 'tests/reference/ShaftTests.cpp', CRLF will be replaced by LF the next time Git touches it
warning: in the working copy of 'apps/bettercad/ViewportWidget.cpp', CRLF will be replaced by LF the next time Git touches it
warning: in the working copy of 'apps/bettercad/ViewportWidget.hpp', CRLF will be replaced by LF the next time Git touches it
warning: in the working copy of 'src/renderer/occt/OcctViewer.cpp', CRLF will be replaced by LF the next time Git touches it
warning: in the working copy of 'tests/renderer/ViewerTests.cpp', CRLF will be replaced by LF the next time Git touches it
'it' is not recognized as an internal or external command,
operable program or batch file.
warning: in the working copy of 'apps/bettercad/CMakeLists.txt', CRLF will be replaced by LF the next time Git touches it
warning: in the working copy of 'apps/bettercad/MainWindow.cpp', CRLF will be replaced by LF the next time Git touches it
warning: in the working copy of 'apps/bettercad/MainWindow.hpp', CRLF will be replaced by LF the next time Git touches it
warning: in the working copy of 'apps/bettercad/main.cpp', CRLF will be replaced by LF the next time Git touches it
warning: in the working copy of 'apps/bettercad_cli/DocumentCommands.cpp', CRLF will be replaced by LF the next time Git touches it
warning: in the working copy of 'apps/bettercad_cli/DrawingReports.cpp', CRLF will be replaced by LF the next time Git touches it
warning: in the working copy of 'examples/reference_models/AssemblyBasic.cpp', CRLF will be replaced by LF the next time Git touches it
warning: in the working copy of 'examples/reference_models/AssemblyConfigured.cpp', CRLF will be replaced by LF the next time Git touches it
warning: in the working copy of 'examples/reference_models/AssemblyDriven.cpp', CRLF will be replaced by LF the next time Git touches it
warning: in the working copy of 'examples/reference_models/AssemblyJoints.cpp', CRLF will be replaced by LF the next time Git touches it
warning: in the working copy of 'examples/reference_models/AssemblyParts.cpp', CRLF will be replaced by LF the next time Git touches it
warning: in the working copy of 'examples/reference_models/AssemblyParts.hpp', CRLF will be replaced by LF the next time Git touches it
warning: in the working copy of 'examples/reference_models/AssemblyReferenceModels.hpp', CRLF will be replaced by LF the next time Git touches it
warning: in the working copy of 'examples/reference_models/DrawingAngleBracket.cpp', CRLF will be replaced by LF the next time Git touches it
warning: in the working copy of 'examples/reference_models/DrawingBoltedStack.cpp', CRLF will be replaced by LF the next time Git touches it
warning: in the working copy of 'examples/reference_models/DrawingHolePlate.cpp', CRLF will be replaced by LF the next time Git touches it
warning: in the working copy of 'examples/reference_models/DrawingReferenceModels.hpp', CRLF will be replaced by LF the next time Git touches it
warning: in the working copy of 'examples/reference_models/Flange.cpp', CRLF will be replaced by LF the next time Git touches it
warning: in the working copy of 'include/bettercad/core/Id.hpp', CRLF will be replaced by LF the next time Git touches it
warning: in the working copy of 'include/bettercad/core/document/References.hpp', CRLF will be replaced by LF the next time Git touches it
warning: in the working copy of 'include/bettercad/core/geometry/Faces.hpp', CRLF will be replaced by LF the next time Git touches it
warning: in the working copy of 'include/bettercad/core/geometry/HiddenLine.hpp', CRLF will be replaced by LF the next time Git touches it
warning: in the working copy of 'include/bettercad/core/geometry/Mesh.hpp', CRLF will be replaced by LF the next time Git touches it
warning: in the working copy of 'include/bettercad/core/units/Literals.hpp', CRLF will be replaced by LF the next time Git touches it
warning: in the working copy of 'include/bettercad/drawing/Dimension.hpp', CRLF will be replaced by LF the next time Git touches it
warning: in the working copy of 'include/bettercad/drawing/Section.hpp', CRLF will be replaced by LF the next time Git touches it
warning: in the working copy of 'include/bettercad/drawing/Sheet.hpp', CRLF will be replaced by LF the next time Git touches it
warning: in the working copy of 'include/bettercad/drawing/Sheets.hpp', CRLF will be replaced by LF the next time Git touches it
warning: in the working copy of 'include/bettercad/drawing/View.hpp', CRLF will be replaced by LF the next time Git touches it
warning: in the working copy of 'include/bettercad/drawing/Views.hpp', CRLF will be replaced by LF the next time Git touches it
warning: in the working copy of 'include/bettercad/features/ChamferFeature.hpp', CRLF will be replaced by LF the next time Git touches it
warning: in the working copy of 'include/bettercad/features/HoleFeature.hpp', CRLF will be replaced by LF the next time Git touches it
warning: in the working copy of 'include/bettercad/io/DocumentFile.hpp', CRLF will be replaced by LF the next time Git touches it
warning: in the working copy of 'include/bettercad/io/ModelExport.hpp', CRLF will be replaced by LF the next time Git touches it
warning: in the working copy of 'include/bettercad/meshing/GeometryMeshMap.hpp', CRLF will be replaced by LF the next time Git touches it
warning: in the working copy of 'include/bettercad/meshing/Mesh.hpp', CRLF will be replaced by LF the next time Git touches it
warning: in the working copy of 'include/bettercad/meshing/MeshQuality.hpp', CRLF will be replaced by LF the next time Git touches it
warning: in the working copy of 'include/bettercad/meshing/SurfaceMesh.hpp', CRLF will be replaced by LF the next time Git touches it
warning: in the working copy of 'include/bettercad/meshing/VolumeMesh.hpp', CRLF will be replaced by LF the next time Git touches it
warning: in the working copy of 'src/CMakeLists.txt', CRLF will be replaced by LF the next time Git touches it
warning: in the working copy of 'src/core/document/References.cpp', CRLF will be replaced by LF the next time Git touches it
warning: in the working copy of 'src/core/geometry/CMakeLists.txt', CRLF will be replaced by LF the next time Git touches it
warning: in the working copy of 'src/core/geometry/occt/OcctFaces.cpp', CRLF will be replaced by LF the next time Git touches it
warning: in the working copy of 'src/core/geometry/occt/OcctHiddenLine.cpp', CRLF will be replaced by LF the next time Git touches it
warning: in the working copy of 'src/core/geometry/occt/OcctMesh.cpp', CRLF will be replaced by LF the next time Git touches it
warning: in the working copy of 'src/drawing/Annotations.cpp', CRLF will be replaced by LF the next time Git touches it
warning: in the working copy of 'src/drawing/Dimension.cpp', CRLF will be replaced by LF the next time Git touches it
warning: in the working copy of 'src/drawing/Dimensions.cpp', CRLF will be replaced by LF the next time Git touches it
warning: in the working copy of 'src/drawing/Section.cpp', CRLF will be replaced by LF the next time Git touches it
warning: in the working copy of 'src/drawing/Sheet.cpp', CRLF will be replaced by LF the next time Git touches it
warning: in the working copy of 'src/drawing/Sheets.cpp', CRLF will be replaced by LF the next time Git touches it
warning: in the working copy of 'src/drawing/View.cpp', CRLF will be replaced by LF the next time Git touches it
warning: in the working copy of 'src/drawing/Views.cpp', CRLF will be replaced by LF the next time Git touches it
warning: in the working copy of 'src/features/chamfer/ChamferRegeneration.cpp', CRLF will be replaced by LF the next time Git touches it
warning: in the working copy of 'src/features/hole/HoleRegeneration.cpp', CRLF will be replaced by LF the next time Git touches it
warning: in the working copy of 'src/features/pattern/MirrorRegeneration.cpp', CRLF will be replaced by LF the next time Git touches it
warning: in the working copy of 'src/features/pattern/PatternSupport.cpp', CRLF will be replaced by LF the next time Git touches it
warning: in the working copy of 'src/features/reference/FaceReferences.cpp', CRLF will be replaced by LF the next time Git touches it
warning: in the working copy of 'src/io/DxfWriter.cpp', CRLF will be replaced by LF the next time Git touches it
warning: in the working copy of 'src/io/ModelExport.cpp', CRLF will be replaced by LF the next time Git touches it
warning: in the working copy of 'src/io/PdfWriter.cpp', CRLF will be replaced by LF the next time Git touches it
warning: in the working copy of 'src/io/TextEncoding.hpp', CRLF will be replaced by LF the next time Git touches it
warning: in the working copy of 'src/io/json/DatumJson.cpp', CRLF will be replaced by LF the next time Git touches it
warning: in the working copy of 'src/io/json/FeatureJson.cpp', CRLF will be replaced by LF the next time Git touches it
warning: in the working copy of 'src/io/json/SheetJson.cpp', CRLF will be replaced by LF the next time Git touches it
warning: in the working copy of 'src/io/json/ViewJson.cpp', CRLF will be replaced by LF the next time Git touches it
warning: in the working copy of 'src/meshing/CMakeLists.txt', CRLF will be replaced by LF the next time Git touches it
warning: in the working copy of 'src/meshing/GeometryMeshMap.cpp', CRLF will be replaced by LF the next time Git touches it
warning: in the working copy of 'src/meshing/Mesh.cpp', CRLF will be replaced by LF the next time Git touches it
warning: in the working copy of 'src/meshing/MeshQuality.cpp', CRLF will be replaced by LF the next time Git touches it
warning: in the working copy of 'src/meshing/SurfaceMesh.cpp', CRLF will be replaced by LF the next time Git touches it
warning: in the working copy of 'src/meshing/VolumeMesh.cpp', CRLF will be replaced by LF the next time Git touches it
warning: in the working copy of 'tests/CMakeLists.txt', CRLF will be replaced by LF the next time Git touches it
warning: in the working copy of 'tests/assembly/PersistenceTests.cpp', CRLF will be replaced by LF the next time Git touches it
warning: in the working copy of 'tests/cli/DrawingCliTests.cpp', CRLF will be replaced by LF the next time Git touches it
warning: in the working copy of 'tests/cli/SheetCliTests.cpp', CRLF will be replaced by LF the next time Git touches it
warning: in the working copy of 'tests/compile_fail/CMakeLists.txt', CRLF will be replaced by LF the next time Git touches it
warning: in the working copy of 'tests/compile_fail/UnitsMisuse.cpp', CRLF will be replaced by LF the next time Git touches it
warning: in the working copy of 'tests/core/geometry/FaceNameTests.cpp', CRLF will be replaced by LF the next time Git touches it
warning: in the working copy of 'tests/drawing/BomTests.cpp', CRLF will be replaced by LF the next time Git touches it
warning: in the working copy of 'tests/drawing/DimensionTests.cpp', CRLF will be replaced by LF the next time Git touches it
warning: in the working copy of 'tests/drawing/HiddenLineViewTests.cpp', CRLF will be replaced by LF the next time Git touches it
warning: in the working copy of 'tests/drawing/SectionGeometryTests.cpp', CRLF will be replaced by LF the next time Git touches it
warning: in the working copy of 'tests/drawing/SheetTests.cpp', CRLF will be replaced by LF the next time Git touches it
warning: in the working copy of 'tests/drawing/StableReferenceTests.cpp', CRLF will be replaced by LF the next time Git touches it
warning: in the working copy of 'tests/drawing/ViewAssemblyTests.cpp', CRLF will be replaced by LF the next time Git touches it
warning: in the working copy of 'tests/drawing/ViewKindTests.cpp', CRLF will be replaced by LF the next time Git touches it
warning: in the working copy of 'tests/features/ChamferFeatureTests.cpp', CRLF will be replaced by LF the next time Git touches it
warning: in the working copy of 'tests/features/CircularPatternFeatureTests.cpp', CRLF will be replaced by LF the next time Git touches it
warning: in the working copy of 'tests/features/HoleFeatureTests.cpp', CRLF will be replaced by LF the next time Git touches it
warning: in the working copy of 'tests/features/LinearPatternFeatureTests.cpp', CRLF will be replaced by LF the next time Git touches it
warning: in the working copy of 'tests/features/MirrorFeatureTests.cpp', CRLF will be replaced by LF the next time Git touches it
warning: in the working copy of 'tests/io/AssemblyStepTests.cpp', CRLF will be replaced by LF the next time Git touches it
warning: in the working copy of 'tests/io/ChamferFileTests.cpp', CRLF will be replaced by LF the next time Git touches it
warning: in the working copy of 'tests/io/DrawingExportTests.cpp', CRLF will be replaced by LF the next time Git touches it
warning: in the working copy of 'tests/io/StepExportTests.cpp', CRLF will be replaced by LF the next time Git touches it
warning: in the working copy of 'tests/meshing/GeometryMeshMapTests.cpp', CRLF will be replaced by LF the next time Git touches it
warning: in the working copy of 'tests/meshing/MeshQualityTests.cpp', CRLF will be replaced by LF the next time Git touches it
warning: in the working copy of 'tests/reference/AssemblyModelsTests.cpp', CRLF will be replaced by LF the next time Git touches it
warning: in the working copy of 'tests/reference/AssemblyTestSupport.hpp', CRLF will be replaced by LF the next time Git touches it
warning: in the working copy of 'tests/reference/AssemblyWorkflowTests.cpp', CRLF will be replaced by LF the next time Git touches it
warning: in the working copy of 'tests/reference/DrawingAngleBracketTests.cpp', CRLF will be replaced by LF the next time Git touches it
warning: in the working copy of 'tests/reference/DrawingBomTests.cpp', CRLF will be replaced by LF the next time Git touches it
warning: in the working copy of 'tests/reference/DrawingEquivalenceTests.cpp', CRLF will be replaced by LF the next time Git touches it
warning: in the working copy of 'tests/reference/DrawingHolePlateTests.cpp', CRLF will be replaced by LF the next time Git touches it
warning: in the working copy of 'tests/reference/DrawingModelsTests.cpp', CRLF will be replaced by LF the next time Git touches it
warning: in the working copy of 'tests/reference/DrawingStepPlateTests.cpp', CRLF will be replaced by LF the next time Git touches it
warning: in the working copy of 'tests/reference/DrawingTestSupport.hpp', CRLF will be replaced by LF the next time Git touches it
warning: in the working copy of 'tests/reference/DrawingToleranceBlockTests.cpp', CRLF will be replaced by LF the next time Git touches it
warning: in the working copy of 'tests/reference/ShaftTests.cpp', CRLF will be replaced by LF the next time Git touches it
warning: in the working copy of 'apps/bettercad/ViewportWidget.cpp', CRLF will be replaced by LF the next time Git touches it
warning: in the working copy of 'apps/bettercad/ViewportWidget.hpp', CRLF will be replaced by LF the next time Git touches it
warning: in the working copy of 'src/renderer/occt/OcctViewer.cpp', CRLF will be replaced by LF the next time Git touches it
warning: in the working copy of 'tests/renderer/ViewerTests.cpp', CRLF will be replaced by LF the next time Git touches it
