[1/476] Checking git revision
[2/476] Building CXX object _deps/catch2-build/src/CMakeFiles/Catch2.dir/catch2/generators/catch_generator_exception.cpp.obj
[3/476] Building CXX object src/core/CMakeFiles/bettercad_core.dir/Error.cpp.obj
[4/476] Building CXX object _deps/catch2-build/src/CMakeFiles/Catch2.dir/catch2/generators/catch_generators_throw.cpp.obj
[5/476] Building CXX object _deps/catch2-build/src/CMakeFiles/Catch2.dir/catch2/benchmark/catch_chronometer.cpp.obj
[6/476] Building CXX object _deps/catch2-build/src/CMakeFiles/Catch2.dir/catch2/benchmark/detail/catch_run_for_at_least.cpp.obj
[7/476] Building CXX object _deps/catch2-build/src/CMakeFiles/Catch2.dir/catch2/reporters/catch_reporter_event_listener.cpp.obj
[8/476] Building CXX object _deps/catch2-build/src/CMakeFiles/Catch2.dir/catch2/benchmark/detail/catch_analyse.cpp.obj
[9/476] Building CXX object _deps/catch2-build/src/CMakeFiles/Catch2.dir/catch2/generators/catch_generators.cpp.obj
[10/476] Building CXX object _deps/catch2-build/src/CMakeFiles/Catch2.dir/catch2/reporters/catch_reporter_automake.cpp.obj
[11/476] Building CXX object _deps/catch2-build/src/CMakeFiles/Catch2.dir/catch2/generators/catch_generators_random.cpp.obj
[12/476] Building CXX object _deps/catch2-build/src/CMakeFiles/Catch2.dir/catch2/reporters/catch_reporter_compact.cpp.obj
[13/476] Building CXX object _deps/catch2-build/src/CMakeFiles/Catch2.dir/catch2/benchmark/detail/catch_benchmark_function.cpp.obj
[14/476] Building CXX object _deps/catch2-build/src/CMakeFiles/Catch2.dir/catch2/benchmark/catch_benchmark.cpp.obj
[15/476] Building CXX object _deps/catch2-build/src/CMakeFiles/Catch2.dir/catch2/benchmark/detail/catch_stats.cpp.obj
[16/476] Building CXX object _deps/catch2-build/src/CMakeFiles/Catch2.dir/catch2/reporters/catch_reporter_cumulative_base.cpp.obj
[17/476] Building CXX object _deps/catch2-build/src/CMakeFiles/Catch2.dir/catch2/reporters/catch_reporter_common_base.cpp.obj
[18/476] Building CXX object src/core/CMakeFiles/bettercad_core.dir/BuildInfo.cpp.obj
[19/476] Building CXX object _deps/catch2-build/src/CMakeFiles/Catch2.dir/catch2/reporters/catch_reporter_console.cpp.obj
[20/476] Building CXX object _deps/catch2-build/src/CMakeFiles/Catch2.dir/catch2/reporters/catch_reporter_helpers.cpp.obj
[21/476] Building CXX object src/core/CMakeFiles/bettercad_core.dir/Uuid.cpp.obj
[22/476] Building CXX object src/core/CMakeFiles/bettercad_core.dir/math/Direction.cpp.obj
[23/476] Building CXX object src/core/CMakeFiles/bettercad_core.dir/math/Frame.cpp.obj
[24/476] Building CXX object src/core/CMakeFiles/bettercad_core.dir/document/DocumentObject.cpp.obj
[25/476] Building CXX object src/core/CMakeFiles/bettercad_core.dir/Naming.cpp.obj
[26/476] Building CXX object src/core/CMakeFiles/bettercad_core.dir/standards/ClearanceHoles.cpp.obj
[27/476] Building CXX object src/core/CMakeFiles/bettercad_core.dir/document/ObjectReference.cpp.obj
[28/476] Building CXX object src/core/CMakeFiles/bettercad_core.dir/__/__/generated/src/core/GitRevision.cpp.obj
[29/476] Building CXX object src/core/CMakeFiles/bettercad_core.dir/units/UnitCatalog.cpp.obj
[30/476] Building CXX object src/core/CMakeFiles/bettercad_core.dir/document/MateReference.cpp.obj
[31/476] Building CXX object src/core/CMakeFiles/bettercad_core.dir/document/CommandHistory.cpp.obj
[32/476] Building CXX object src/core/CMakeFiles/bettercad_core.dir/math/BSpline.cpp.obj
[33/476] Building CXX object src/core/CMakeFiles/bettercad_core.dir/document/Placement.cpp.obj
[34/476] Building CXX object src/core/CMakeFiles/bettercad_core.dir/units/Format.cpp.obj
[35/476] Building CXX object src/core/CMakeFiles/bettercad_core.dir/document/References.cpp.obj
[36/476] Building CXX object src/core/CMakeFiles/bettercad_core.dir/document/Commands.cpp.obj
[37/476] Building CXX object src/core/CMakeFiles/bettercad_core.dir/parameters/Parameter.cpp.obj
[38/476] Building CXX object src/core/CMakeFiles/bettercad_core.dir/document/Configurations.cpp.obj
[39/476] Building CXX object src/core/CMakeFiles/bettercad_core.dir/document/DependencyGraph.cpp.obj
[40/476] Building CXX object src/core/CMakeFiles/bettercad_core.dir/standards/HoleTolerances.cpp.obj
[41/476] Building CXX object src/core/CMakeFiles/bettercad_core.dir/document/ParameterExpressions.cpp.obj
[42/476] Building CXX object src/core/CMakeFiles/bettercad_core.dir/parameters/Expression.cpp.obj
[43/476] Building CXX object src/core/CMakeFiles/bettercad_core.dir/standards/MetricThreads.cpp.obj
[44/476] Building CXX object src/core/CMakeFiles/bettercad_core.dir/parameters/ParameterTable.cpp.obj
[45/476] Building CXX object src/core/geometry/CMakeFiles/bettercad_geometry.dir/RadiusLaw.cpp.obj
[46/476] Building CXX object src/core/CMakeFiles/bettercad_core.dir/document/Document.cpp.obj
[47/476] Building CXX object src/core/geometry/CMakeFiles/bettercad_geometry.dir/Draft.cpp.obj
[48/476] Building CXX object src/core/geometry/CMakeFiles/bettercad_geometry.dir/Blends.cpp.obj
[49/476] Building CXX object src/core/geometry/CMakeFiles/bettercad_geometry.dir/Edges.cpp.obj
[50/476] Building CXX object src/core/geometry/CMakeFiles/bettercad_geometry.dir/Profile.cpp.obj
[51/476] Building CXX object src/core/geometry/CMakeFiles/bettercad_geometry.dir/Faces.cpp.obj
[52/476] Building CXX object src/core/geometry/CMakeFiles/bettercad_geometry.dir/Holes.cpp.obj
[53/476] Linking CXX static library lib\libbettercad_core.a
[54/476] Building CXX object src/core/geometry/CMakeFiles/bettercad_geometry.dir/SweepPlan.cpp.obj
[55/476] Building CXX object src/core/geometry/CMakeFiles/bettercad_geometry.dir/Shell.cpp.obj
[56/476] Building CXX object src/core/geometry/CMakeFiles/bettercad_geometry.dir/LoftMatching.cpp.obj
[57/476] Building CXX object src/core/geometry/CMakeFiles/bettercad_geometry.dir/LoftPlan.cpp.obj
[58/476] Building CXX object src/core/geometry/CMakeFiles/bettercad_geometry.dir/Rib.cpp.obj
[59/476] Building CXX object src/core/geometry/CMakeFiles/bettercad_geometry.dir/Split.cpp.obj
[60/476] Building CXX object src/core/geometry/CMakeFiles/bettercad_geometry.dir/VariableFillet.cpp.obj
[61/476] Building CXX object src/core/geometry/CMakeFiles/bettercad_geometry.dir/SweptPathPlan.cpp.obj
[62/476] Building CXX object src/core/geometry/CMakeFiles/bettercad_geometry.dir/occt/OcctFaceNames.cpp.obj
[63/476] Building CXX object src/core/geometry/CMakeFiles/bettercad_geometry.dir/occt/OcctKernel.cpp.obj
[64/476] Building CXX object src/core/geometry/CMakeFiles/bettercad_geometry.dir/occt/OcctBooleans.cpp.obj
[65/476] Building CXX object src/core/geometry/CMakeFiles/bettercad_geometry.dir/occt/OcctChamfer.cpp.obj
[66/476] Building CXX object src/core/geometry/CMakeFiles/bettercad_geometry.dir/occt/OcctDraft.cpp.obj
[67/476] Building CXX object src/core/geometry/CMakeFiles/bettercad_geometry.dir/occt/OcctFillet.cpp.obj
[68/476] Building CXX object src/core/geometry/CMakeFiles/bettercad_geometry.dir/occt/OcctBody.cpp.obj
[69/476] Building CXX object src/core/geometry/CMakeFiles/bettercad_geometry.dir/occt/OcctFaces.cpp.obj
[70/476] Building CXX object src/core/geometry/CMakeFiles/bettercad_geometry.dir/occt/OcctHiddenLine.cpp.obj
[71/476] Building CXX object src/core/geometry/CMakeFiles/bettercad_geometry.dir/occt/OcctPrimitives.cpp.obj
[72/476] Building CXX object src/core/geometry/CMakeFiles/bettercad_geometry.dir/occt/OcctEdges.cpp.obj
[73/476] Building CXX object src/core/geometry/CMakeFiles/bettercad_geometry.dir/occt/OcctBlend.cpp.obj
[74/476] Building CXX object src/core/geometry/CMakeFiles/bettercad_geometry.dir/occt/OcctHole.cpp.obj
[75/476] Building CXX object src/sketch/CMakeFiles/bettercad_sketch.dir/entities/Entities.cpp.obj
[76/476] Building CXX object src/core/geometry/CMakeFiles/bettercad_geometry.dir/occt/OcctSplit.cpp.obj
[77/476] Building CXX object src/core/geometry/CMakeFiles/bettercad_geometry.dir/occt/OcctShell.cpp.obj
[78/476] Building CXX object src/core/geometry/CMakeFiles/bettercad_geometry.dir/occt/OcctMesh.cpp.obj
[79/476] Building CXX object src/core/geometry/CMakeFiles/bettercad_geometry.dir/occt/OcctTransform.cpp.obj
[80/476] Building CXX object src/core/geometry/CMakeFiles/bettercad_geometry.dir/occt/OcctStep.cpp.obj
[81/476] Building CXX object src/sketch/CMakeFiles/bettercad_sketch.dir/SketchCommands.cpp.obj
[82/476] Building CXX object src/sketch/CMakeFiles/bettercad_sketch.dir/SketchRegeneration.cpp.obj
[83/476] Building CXX object src/features/CMakeFiles/bettercad_features.dir/Feature.cpp.obj
[84/476] Building CXX object src/sketch/CMakeFiles/bettercad_sketch.dir/constraints/SketchConstraints.cpp.obj
[85/476] Building CXX object src/features/CMakeFiles/bettercad_features.dir/chamfer/ChamferFeature.cpp.obj
[86/476] Building CXX object src/core/geometry/CMakeFiles/bettercad_geometry.dir/occt/OcctVariableFillet.cpp.obj
[87/476] Building CXX object src/core/geometry/CMakeFiles/bettercad_geometry.dir/occt/OcctSweeps.cpp.obj
[88/476] Building CXX object src/features/CMakeFiles/bettercad_features.dir/ResultBodies.cpp.obj
[89/476] Building CXX object src/sketch/CMakeFiles/bettercad_sketch.dir/Sketch.cpp.obj
[90/476] Building CXX object src/features/CMakeFiles/bettercad_features.dir/boolean/CombineFeature.cpp.obj
[91/476] Building CXX object src/features/CMakeFiles/bettercad_features.dir/SolidSupport.cpp.obj
[92/476] Building CXX object src/features/CMakeFiles/bettercad_features.dir/boolean/BooleanRegeneration.cpp.obj
[93/476] Building CXX object src/features/CMakeFiles/bettercad_features.dir/boolean/SplitFeature.cpp.obj
[94/476] Linking CXX static library lib\libbettercad_geometry.a
[95/476] Building CXX object src/features/CMakeFiles/bettercad_features.dir/datum/Datums.cpp.obj
[96/476] Building CXX object src/features/CMakeFiles/bettercad_features.dir/chamfer/ChamferRegeneration.cpp.obj
[97/476] Building CXX object src/features/CMakeFiles/bettercad_features.dir/Regenerator.cpp.obj
[98/476] Building CXX object src/features/CMakeFiles/bettercad_features.dir/draft/DraftFeature.cpp.obj
[99/476] Building CXX object src/features/CMakeFiles/bettercad_features.dir/fillet/FilletFeature.cpp.obj
[100/476] Building CXX object src/features/CMakeFiles/bettercad_features.dir/Validation.cpp.obj
[101/476] Building CXX object src/features/CMakeFiles/bettercad_features.dir/extrude/ExtrudeFeature.cpp.obj
[102/476] Building CXX object src/features/CMakeFiles/bettercad_features.dir/draft/DraftRegeneration.cpp.obj
[103/476] Building CXX object src/features/CMakeFiles/bettercad_features.dir/datum/DatumResolution.cpp.obj
[104/476] Building CXX object src/features/CMakeFiles/bettercad_features.dir/reference/FaceReferences.cpp.obj
[105/476] Building CXX object src/features/CMakeFiles/bettercad_features.dir/fillet/FilletRegeneration.cpp.obj
[106/476] Building CXX object src/features/CMakeFiles/bettercad_features.dir/hole/HoleFeature.cpp.obj
[107/476] Building CXX object src/features/CMakeFiles/bettercad_features.dir/fillet/VariableFilletFeature.cpp.obj
[108/476] Building CXX object src/features/CMakeFiles/bettercad_features.dir/extrude/ExtrudeRegeneration.cpp.obj
[109/476] Building CXX object src/sketch/CMakeFiles/bettercad_sketch.dir/solver/SolverSystem.cpp.obj
[110/476] Building CXX object src/features/CMakeFiles/bettercad_features.dir/fillet/VariableFilletRegeneration.cpp.obj
[111/476] Building CXX object src/features/CMakeFiles/bettercad_features.dir/loft/LoftFeature.cpp.obj
[112/476] Building CXX object src/features/CMakeFiles/bettercad_features.dir/hole/HoleRegeneration.cpp.obj
[113/476] Building CXX object src/features/CMakeFiles/bettercad_features.dir/loft/LoftRegeneration.cpp.obj
[114/476] Building CXX object src/features/CMakeFiles/bettercad_features.dir/pattern/LinearPatternFeature.cpp.obj
[115/476] Building CXX object src/features/CMakeFiles/bettercad_features.dir/pattern/CircularPatternRegeneration.cpp.obj
[116/476] Building CXX object src/features/CMakeFiles/bettercad_features.dir/pattern/CircularPatternFeature.cpp.obj
[117/476] Building CXX object src/features/CMakeFiles/bettercad_features.dir/shell/ShellFeature.cpp.obj
[118/476] Building CXX object src/features/CMakeFiles/bettercad_features.dir/pattern/MirrorFeature.cpp.obj
[119/476] Building CXX object src/features/CMakeFiles/bettercad_features.dir/revolve/RevolveFeature.cpp.obj
[120/476] Building CXX object src/features/CMakeFiles/bettercad_features.dir/pattern/LinearPatternRegeneration.cpp.obj
[121/476] Building CXX object src/features/CMakeFiles/bettercad_features.dir/rib/RibFeature.cpp.obj
[122/476] Building CXX object src/features/CMakeFiles/bettercad_features.dir/revolve/RevolveRegeneration.cpp.obj
[123/476] Building CXX object src/features/CMakeFiles/bettercad_features.dir/pattern/MirrorRegeneration.cpp.obj
[124/476] Building CXX object src/assembly/CMakeFiles/bettercad_assembly.dir/Component.cpp.obj
[125/476] Building CXX object src/features/CMakeFiles/bettercad_features.dir/shell/ShellRegeneration.cpp.obj
[126/476] Building CXX object src/features/CMakeFiles/bettercad_features.dir/pattern/PatternSupport.cpp.obj
[127/476] Building CXX object src/features/CMakeFiles/bettercad_features.dir/sweep/SweepFeature.cpp.obj
[128/476] Building CXX object src/features/CMakeFiles/bettercad_features.dir/rib/RibRegeneration.cpp.obj
[129/476] Building CXX object src/features/CMakeFiles/bettercad_features.dir/profile/Profiles.cpp.obj
[130/476] Building CXX object src/drawing/CMakeFiles/bettercad_drawing.dir/HiddenLine.cpp.obj
[131/476] Building CXX object src/assembly/CMakeFiles/bettercad_assembly.dir/Configurations.cpp.obj
[132/476] Building CXX object src/assembly/CMakeFiles/bettercad_assembly.dir/Placement.cpp.obj
[133/476] Building CXX object src/assembly/CMakeFiles/bettercad_assembly.dir/Mate.cpp.obj
[134/476] Building CXX object src/assembly/CMakeFiles/bettercad_assembly.dir/Components.cpp.obj
[135/476] Building CXX object _deps/catch2-build/src/CMakeFiles/Catch2.dir/catch2/reporters/catch_reporter_registrars.cpp.obj
[136/476] Building CXX object src/features/CMakeFiles/bettercad_features.dir/sweep/SweepRegeneration.cpp.obj
[137/476] Building CXX object src/assembly/CMakeFiles/bettercad_assembly.dir/Commands.cpp.obj
[138/476] Building CXX object src/assembly/CMakeFiles/bettercad_assembly.dir/Mates.cpp.obj
[139/476] Building CXX object src/drawing/CMakeFiles/bettercad_drawing.dir/Sheet.cpp.obj
[140/476] Building CXX object _deps/catch2-build/src/CMakeFiles/Catch2.dir/catch2/reporters/catch_reporter_json.cpp.obj
[141/476] Building CXX object _deps/catch2-build/src/CMakeFiles/Catch2.dir/catch2/reporters/catch_reporter_multi.cpp.obj
[142/476] Building CXX object src/drawing/CMakeFiles/bettercad_drawing.dir/View.cpp.obj
[143/476] Building CXX object _deps/catch2-build/src/CMakeFiles/Catch2.dir/catch2/reporters/catch_reporter_junit.cpp.obj
[144/476] Building CXX object src/drawing/CMakeFiles/bettercad_drawing.dir/Sheets.cpp.obj
[145/476] Building CXX object src/assembly/CMakeFiles/bettercad_assembly.dir/Resolution.cpp.obj
[146/476] Building CXX object _deps/catch2-build/src/CMakeFiles/Catch2.dir/catch2/reporters/catch_reporter_streaming_base.cpp.obj
[147/476] Building CXX object _deps/catch2-build/src/CMakeFiles/Catch2.dir/catch2/reporters/catch_reporter_sonarqube.cpp.obj
[148/476] Building CXX object _deps/catch2-build/src/CMakeFiles/Catch2.dir/catch2/interfaces/catch_interfaces_registry_hub.cpp.obj
[149/476] Building CXX object _deps/catch2-build/src/CMakeFiles/Catch2.dir/catch2/interfaces/catch_interfaces_exception.cpp.obj
[150/476] Building CXX object src/drawing/CMakeFiles/bettercad_drawing.dir/Section.cpp.obj
[151/476] Building CXX object _deps/catch2-build/src/CMakeFiles/Catch2.dir/catch2/interfaces/catch_interfaces_testcase.cpp.obj
[152/476] Building CXX object _deps/catch2-build/src/CMakeFiles/Catch2.dir/catch2/reporters/catch_reporter_tap.cpp.obj
[153/476] Building CXX object _deps/catch2-build/src/CMakeFiles/Catch2.dir/catch2/interfaces/catch_interfaces_capture.cpp.obj
[154/476] Building CXX object _deps/catch2-build/src/CMakeFiles/Catch2.dir/catch2/reporters/catch_reporter_teamcity.cpp.obj
[155/476] Building CXX object _deps/catch2-build/src/CMakeFiles/Catch2.dir/catch2/interfaces/catch_interfaces_reporter_factory.cpp.obj
[156/476] Building CXX object _deps/catch2-build/src/CMakeFiles/Catch2.dir/catch2/interfaces/catch_interfaces_config.cpp.obj
[157/476] Building CXX object _deps/catch2-build/src/CMakeFiles/Catch2.dir/catch2/catch_tag_alias_autoregistrar.cpp.obj
[158/476] Building CXX object src/drawing/CMakeFiles/bettercad_drawing.dir/Views.cpp.obj
[159/476] Building CXX object _deps/catch2-build/src/CMakeFiles/Catch2.dir/catch2/reporters/catch_reporter_xml.cpp.obj
[160/476] Building CXX object _deps/catch2-build/src/CMakeFiles/Catch2.dir/catch2/interfaces/catch_interfaces_generatortracker.cpp.obj
[161/476] Building CXX object _deps/catch2-build/src/CMakeFiles/Catch2.dir/catch2/catch_assertion_result.cpp.obj
[162/476] Building CXX object _deps/catch2-build/src/CMakeFiles/Catch2.dir/catch2/catch_totals.cpp.obj
[163/476] Building CXX object _deps/catch2-build/src/CMakeFiles/Catch2.dir/catch2/interfaces/catch_interfaces_reporter.cpp.obj
[164/476] Building CXX object _deps/catch2-build/src/CMakeFiles/Catch2.dir/catch2/catch_approx.cpp.obj
[165/476] Building CXX object _deps/catch2-build/src/CMakeFiles/Catch2.dir/catch2/catch_translate_exception.cpp.obj
[166/476] Building CXX object _deps/catch2-build/src/CMakeFiles/Catch2.dir/catch2/catch_get_random_seed.cpp.obj
[167/476] Building CXX object src/assembly/CMakeFiles/bettercad_assembly.dir/solver/SolverSystem.cpp.obj
[168/476] Building CXX object _deps/catch2-build/src/CMakeFiles/Catch2.dir/catch2/internal/catch_context.cpp.obj
[169/476] Building CXX object _deps/catch2-build/src/CMakeFiles/Catch2.dir/catch2/internal/catch_case_insensitive_comparisons.cpp.obj
[170/476] Building CXX object _deps/catch2-build/src/CMakeFiles/Catch2.dir/catch2/catch_timer.cpp.obj
[171/476] Building CXX object _deps/catch2-build/src/CMakeFiles/Catch2.dir/catch2/catch_message.cpp.obj
[172/476] Building CXX object _deps/catch2-build/src/CMakeFiles/Catch2.dir/catch2/catch_registry_hub.cpp.obj
[173/476] Building CXX object _deps/catch2-build/src/CMakeFiles/Catch2.dir/catch2/internal/catch_debugger.cpp.obj
[174/476] Building CXX object _deps/catch2-build/src/CMakeFiles/Catch2.dir/catch2/catch_version.cpp.obj
[175/476] Building CXX object _deps/catch2-build/src/CMakeFiles/Catch2.dir/catch2/catch_test_spec.cpp.obj
[176/476] Building CXX object _deps/catch2-build/src/CMakeFiles/Catch2.dir/catch2/catch_test_case_info.cpp.obj
[177/476] Building CXX object _deps/catch2-build/src/CMakeFiles/Catch2.dir/catch2/internal/catch_errno_guard.cpp.obj
[178/476] Building CXX object _deps/catch2-build/src/CMakeFiles/Catch2.dir/catch2/catch_config.cpp.obj
[179/476] Building CXX object _deps/catch2-build/src/CMakeFiles/Catch2.dir/catch2/internal/catch_getenv.cpp.obj
[180/476] Building CXX object _deps/catch2-build/src/CMakeFiles/Catch2.dir/catch2/internal/catch_floating_point_helpers.cpp.obj
[181/476] Building CXX object _deps/catch2-build/src/CMakeFiles/Catch2.dir/catch2/catch_tostring.cpp.obj
[182/476] Building CXX object _deps/catch2-build/src/CMakeFiles/Catch2.dir/catch2/internal/catch_enum_info.cpp.obj
[183/476] Building CXX object _deps/catch2-build/src/CMakeFiles/Catch2.dir/catch2/internal/catch_assertion_handler.cpp.obj
[184/476] Building CXX object _deps/catch2-build/src/CMakeFiles/Catch2.dir/catch2/internal/catch_leak_detector.cpp.obj
[185/476] Building CXX object _deps/catch2-build/src/CMakeFiles/Catch2.dir/catch2/internal/catch_enforce.cpp.obj
[186/476] Building CXX object _deps/catch2-build/src/CMakeFiles/Catch2.dir/catch2/internal/catch_message_info.cpp.obj
[187/476] Building CXX object _deps/catch2-build/src/CMakeFiles/Catch2.dir/catch2/internal/catch_exception_translator_registry.cpp.obj
[188/476] Building CXX object _deps/catch2-build/src/CMakeFiles/Catch2.dir/catch2/internal/catch_decomposer.cpp.obj
[189/476] Building CXX object _deps/catch2-build/src/CMakeFiles/Catch2.dir/catch2/internal/catch_random_number_generator.cpp.obj
[190/476] Building CXX object _deps/catch2-build/src/CMakeFiles/Catch2.dir/catch2/internal/catch_jsonwriter.cpp.obj
[191/476] Building CXX object _deps/catch2-build/src/CMakeFiles/Catch2.dir/catch2/internal/catch_istream.cpp.obj
[192/476] Building CXX object _deps/catch2-build/src/CMakeFiles/Catch2.dir/catch2/internal/catch_polyfills.cpp.obj
[193/476] Building CXX object _deps/catch2-build/src/CMakeFiles/Catch2.dir/catch2/internal/catch_lazy_expr.cpp.obj
[194/476] Building CXX object _deps/catch2-build/src/CMakeFiles/Catch2.dir/catch2/internal/catch_parse_numbers.cpp.obj
[195/476] Building CXX object _deps/catch2-build/src/CMakeFiles/Catch2.dir/catch2/internal/catch_clara.cpp.obj
[196/476] Building CXX object _deps/catch2-build/src/CMakeFiles/Catch2.dir/catch2/internal/catch_output_redirect.cpp.obj
[197/476] Building CXX object _deps/catch2-build/src/CMakeFiles/Catch2.dir/catch2/internal/catch_section.cpp.obj
[198/476] Building CXX object _deps/catch2-build/src/CMakeFiles/Catch2.dir/catch2/internal/catch_startup_exception_registry.cpp.obj
[199/476] Building CXX object _deps/catch2-build/src/CMakeFiles/Catch2.dir/catch2/internal/catch_singletons.cpp.obj
[200/476] Building CXX object _deps/catch2-build/src/CMakeFiles/Catch2.dir/catch2/internal/catch_fatal_condition_handler.cpp.obj
[201/476] Building CXX object _deps/catch2-build/src/CMakeFiles/Catch2.dir/catch2/internal/catch_list.cpp.obj
[202/476] Building CXX object _deps/catch2-build/src/CMakeFiles/Catch2.dir/catch2/internal/catch_console_colour.cpp.obj
[203/476] Building CXX object _deps/catch2-build/src/CMakeFiles/Catch2.dir/catch2/internal/catch_random_seed_generation.cpp.obj
[204/476] Building CXX object _deps/catch2-build/src/CMakeFiles/Catch2.dir/catch2/internal/catch_debug_console.cpp.obj
[205/476] Building CXX object _deps/catch2-build/src/CMakeFiles/Catch2.dir/catch2/internal/catch_source_line_info.cpp.obj
[206/476] Building CXX object _deps/catch2-build/src/CMakeFiles/Catch2.dir/catch2/internal/catch_reusable_string_stream.cpp.obj
[207/476] Building CXX object _deps/catch2-build/src/CMakeFiles/Catch2.dir/catch2/internal/catch_stdstreams.cpp.obj
[208/476] Building CXX object _deps/catch2-build/src/CMakeFiles/Catch2.dir/catch2/internal/catch_commandline.cpp.obj
[209/476] Building CXX object _deps/catch2-build/src/CMakeFiles/Catch2.dir/catch2/internal/catch_test_case_info_hasher.cpp.obj
[210/476] Building CXX object _deps/catch2-build/src/CMakeFiles/Catch2.dir/catch2/internal/catch_reporter_spec_parser.cpp.obj
[211/476] Building CXX object _deps/catch2-build/src/CMakeFiles/Catch2.dir/catch2/internal/catch_string_manip.cpp.obj
[212/476] Building CXX object _deps/catch2-build/src/CMakeFiles/Catch2.dir/catch2/internal/catch_reporter_registry.cpp.obj
[213/476] Building CXX object _deps/catch2-build/src/CMakeFiles/Catch2.dir/catch2/internal/catch_test_registry.cpp.obj
[214/476] Building CXX object _deps/catch2-build/src/CMakeFiles/Catch2.dir/catch2/internal/catch_stringref.cpp.obj
[215/476] Building CXX object _deps/catch2-build/src/CMakeFiles/Catch2.dir/catch2/internal/catch_uncaught_exceptions.cpp.obj
[216/476] Building CXX object _deps/catch2-build/src/CMakeFiles/Catch2.dir/catch2/internal/catch_run_context.cpp.obj
[217/476] Building CXX object _deps/catch2-build/src/CMakeFiles/Catch2.dir/catch2/internal/catch_tag_alias_registry.cpp.obj
[218/476] Building CXX object _deps/catch2-build/src/CMakeFiles/Catch2.dir/catch2/catch_session.cpp.obj
[219/476] Building CXX object _deps/catch2-build/src/CMakeFiles/Catch2.dir/catch2/internal/catch_test_failure_exception.cpp.obj
[220/476] Building CXX object _deps/catch2-build/src/CMakeFiles/Catch2.dir/catch2/internal/catch_test_spec_parser.cpp.obj
[221/476] Building CXX object _deps/catch2-build/src/CMakeFiles/Catch2.dir/catch2/internal/catch_test_case_tracker.cpp.obj
[222/476] Building CXX object _deps/catch2-build/src/CMakeFiles/Catch2.dir/catch2/internal/catch_wildcard_pattern.cpp.obj
[223/476] Building CXX object _deps/catch2-build/src/CMakeFiles/Catch2.dir/catch2/internal/catch_textflow.cpp.obj
[224/476] Building CXX object _deps/catch2-build/src/CMakeFiles/Catch2.dir/catch2/matchers/catch_matchers.cpp.obj
[225/476] Building CXX object _deps/catch2-build/src/CMakeFiles/Catch2.dir/catch2/internal/catch_test_case_registry_impl.cpp.obj
[226/476] Building CXX object _deps/catch2-build/src/CMakeFiles/Catch2.dir/catch2/internal/catch_xmlwriter.cpp.obj
[227/476] Building CXX object _deps/catch2-build/src/CMakeFiles/Catch2.dir/catch2/matchers/catch_matchers_exception.cpp.obj
[228/476] Building CXX object _deps/catch2-build/src/CMakeFiles/Catch2.dir/catch2/matchers/catch_matchers_quantifiers.cpp.obj
[229/476] Building CXX object _deps/catch2-build/src/CMakeFiles/Catch2.dir/catch2/matchers/catch_matchers_container_properties.cpp.obj
[230/476] Building CXX object src/sketch/CMakeFiles/bettercad_sketch.dir/solver/Solver.cpp.obj
[231/476] Building CXX object _deps/catch2-build/src/CMakeFiles/Catch2.dir/catch2/matchers/catch_matchers_predicate.cpp.obj
[232/476] Building CXX object _deps/catch2-build/src/CMakeFiles/Catch2.dir/catch2/matchers/catch_matchers_floating_point.cpp.obj
[233/476] Building CXX object _deps/catch2-build/src/CMakeFiles/Catch2.dir/catch2/matchers/internal/catch_matchers_impl.cpp.obj
[234/476] Building CXX object _deps/catch2-build/src/CMakeFiles/Catch2.dir/catch2/matchers/catch_matchers_templated.cpp.obj
[235/476] Linking CXX static library lib\libbettercad_sketch.a
[236/476] Building CXX object src/io/CMakeFiles/bettercad_io.dir/FileIo.cpp.obj
[237/476] Building CXX object src/io/CMakeFiles/bettercad_io.dir/StlWriter.cpp.obj
[238/476] Building CXX object src/io/CMakeFiles/bettercad_io.dir/DocumentFile.cpp.obj
[239/476] Linking CXX static library lib\libbettercad_features.a
[240/476] Building CXX object _deps/catch2-build/src/CMakeFiles/Catch2.dir/catch2/matchers/catch_matchers_string.cpp.obj
[241/476] Building CXX object src/io/CMakeFiles/bettercad_io.dir/json/ComponentJson.cpp.obj
[242/476] Building CXX object src/io/CMakeFiles/bettercad_io.dir/json/DraftJson.cpp.obj
[243/476] Building CXX object src/io/CMakeFiles/bettercad_io.dir/ModelExport.cpp.obj
[244/476] Building CXX object src/io/CMakeFiles/bettercad_io.dir/json/SheetJson.cpp.obj
[245/476] Building CXX object src/io/CMakeFiles/bettercad_io.dir/json/MateJson.cpp.obj
[246/476] Building CXX object src/io/CMakeFiles/bettercad_io.dir/json/HoleStandardsJson.cpp.obj
[247/476] Building CXX object src/io/CMakeFiles/bettercad_io.dir/json/DatumJson.cpp.obj
[248/476] Linking CXX static library lib\libCatch2d.a
[249/476] Building CXX object src/io/CMakeFiles/bettercad_io.dir/json/BooleanJson.cpp.obj
[250/476] Building CXX object _deps/catch2-build/src/CMakeFiles/Catch2WithMain.dir/catch2/internal/catch_main.cpp.obj
[251/476] Building CXX object src/io/CMakeFiles/bettercad_io.dir/json/ParameterJson.cpp.obj
[252/476] Building CXX object src/io/CMakeFiles/bettercad_io.dir/json/JsonReader.cpp.obj
[253/476] Building CXX object src/assembly/CMakeFiles/bettercad_assembly.dir/solver/Solver.cpp.obj
[254/476] Building CXX object src/io/CMakeFiles/bettercad_io.dir/json/ViewJson.cpp.obj
[255/476] Building CXX object src/io/CMakeFiles/bettercad_io.dir/json/RibJson.cpp.obj
[256/476] Building CXX object src/io/CMakeFiles/bettercad_io.dir/json/ShellJson.cpp.obj
[257/476] Building CXX object apps/bettercad_cli/CMakeFiles/bettercad_cli_lib.dir/Arguments.cpp.obj
[258/476] Building CXX object src/io/CMakeFiles/bettercad_io.dir/json/DocumentJson.cpp.obj
[259/476] Linking CXX static library lib\libbettercad_assembly.a
[260/476] Building CXX object apps/bettercad_cli/CMakeFiles/bettercad_cli_lib.dir/Cli.cpp.obj
[261/476] Building CXX object src/io/CMakeFiles/bettercad_io.dir/json/VariableFilletJson.cpp.obj
[262/476] Linking CXX static library lib\libbettercad_drawing.a
[263/476] Building CXX object examples/reference_models/CMakeFiles/bettercad_reference_models.dir/AssemblyCatalog.cpp.obj
[264/476] Building CXX object examples/reference_models/CMakeFiles/bettercad_reference_models.dir/AssemblyBasic.cpp.obj
[265/476] Building CXX object src/io/CMakeFiles/bettercad_io.dir/json/FeatureJson.cpp.obj
[266/476] Building CXX object apps/bettercad_cli/CMakeFiles/bettercad_cli_lib.dir/BatchCommand.cpp.obj
[267/476] Building CXX object apps/bettercad_cli/CMakeFiles/bettercad_cli_lib.dir/ExportCommands.cpp.obj
[268/476] Building CXX object apps/bettercad_cli/CMakeFiles/bettercad_cli_lib.dir/AssemblyReports.cpp.obj
[269/476] Building CXX object apps/bettercad_cli/CMakeFiles/bettercad_cli_lib.dir/Selectors.cpp.obj
[270/476] Building CXX object examples/reference_models/CMakeFiles/bettercad_reference_models.dir/AssemblyConfigured.cpp.obj
[271/476] Building CXX object src/io/CMakeFiles/bettercad_io.dir/json/SketchJson.cpp.obj
[272/476] Building CXX object examples/reference_models/CMakeFiles/bettercad_reference_models.dir/AssemblyJoints.cpp.obj
[273/476] Building CXX object apps/bettercad_cli/CMakeFiles/bettercad_cli_lib.dir/AssemblyEdits.cpp.obj
[274/476] Building CXX object examples/reference_models/CMakeFiles/bettercad_reference_models.dir/AssemblyParts.cpp.obj
[275/476] Building CXX object examples/reference_models/CMakeFiles/bettercad_reference_models.dir/AssemblyDriven.cpp.obj
[276/476] Building CXX object examples/reference_models/CMakeFiles/bettercad_reference_models.dir/Catalog.cpp.obj
[277/476] Linking CXX static library lib\libbettercad_io.a
[278/476] Building CXX object examples/reference_models/CMakeFiles/bettercad_reference_models.dir/BearingHousing.cpp.obj
[279/476] Building CXX object apps/bettercad_cli/CMakeFiles/bettercad_cli_lib.dir/DocumentCommands.cpp.obj
[280/476] Building CXX object examples/reference_models/CMakeFiles/bettercad_reference_models.dir/GearboxCover.cpp.obj
[281/476] Linking CXX static library lib\libCatch2Maind.a
[282/476] Building CXX object examples/reference_models/CMakeFiles/bettercad_reference_models.dir/IndexPlate.cpp.obj
[283/476] Building CXX object examples/reference_models/CMakeFiles/bettercad_reference_models.dir/BuildSupport.cpp.obj
[284/476] Automatic MOC for target bettercad
[285/476] Building CXX object examples/reference_models/CMakeFiles/bettercad_reference_models.dir/Fingerprint.cpp.obj
[286/476] Linking CXX static library lib\libbettercad_cli_lib.a
[287/476] Building CXX object examples/reference_models/CMakeFiles/bettercad_reference_models.dir/ManifoldTube.cpp.obj
[288/476] Building CXX object examples/reference_models/CMakeFiles/bettercad_reference_models.dir/Pulley.cpp.obj
[289/476] Building CXX object examples/reference_models/CMakeFiles/bettercad_reference_models.dir/Flange.cpp.obj
[290/476] Building CXX object examples/reference_models/CMakeFiles/bettercad_reference_models.dir/MotorMount.cpp.obj
[291/476] Building CXX object examples/reference_models/CMakeFiles/bettercad_reference_models.dir/RibbedBracket.cpp.obj
[292/476] Building CXX object examples/reference_models/CMakeFiles/bettercad_reference_models.dir/Shaft.cpp.obj
[293/476] Building CXX object examples/reference_models/CMakeFiles/bettercad_reference_models.dir/TransitionDuct.cpp.obj
[294/476] Building CXX object examples/reference_models/CMakeFiles/bettercad_reference_models.dir/MountingBracket.cpp.obj
[295/476] Building CXX object examples/reference_models/CMakeFiles/bettercad_reference_models.dir/UBolt.cpp.obj
[296/476] Building CXX object apps/bettercad_cli/CMakeFiles/bettercad_cli.dir/main.cpp.obj
[297/476] Building CXX object tests/CMakeFiles/bettercad_test_occt.dir/support/occt/StepReadBack.cpp.obj
[298/476] Linking CXX static library lib\libbettercad_reference_models.a
[299/476] Linking CXX static library lib\libbettercad_test_occt.a
[300/476] Building CXX object examples/CMakeFiles/bettercad_example_geometry_accuracy.dir/geometry_accuracy/main.cpp.obj
[301/476] Building CXX object tests/CMakeFiles/bettercad_tests.dir/drawing/Section2dTests.cpp.obj
[302/476] Building CXX object apps/bettercad/CMakeFiles/bettercad.dir/bettercad_autogen/mocs_compilation.cpp.obj
[303/476] Building CXX object tests/CMakeFiles/bettercad_tests.dir/drawing/ViewProjectionTests.cpp.obj
[304/476] Building CXX object examples/reference_models/CMakeFiles/bettercad_example_reference_models.dir/main.cpp.obj
[305/476] Building CXX object tests/CMakeFiles/bettercad_tests.dir/drawing/SectionGeometryTests.cpp.obj
[306/476] Building CXX object apps/bettercad/CMakeFiles/bettercad.dir/main.cpp.obj
[307/476] Building CXX object apps/bettercad/CMakeFiles/bettercad.dir/MainWindow.cpp.obj
[308/476] Building CXX object tests/CMakeFiles/bettercad_tests.dir/drawing/SheetFileTests.cpp.obj
[309/476] Building CXX object tests/CMakeFiles/bettercad_tests.dir/drawing/HiddenLineViewTests.cpp.obj
[310/476] Building CXX object tests/CMakeFiles/bettercad_tests.dir/drawing/ViewAssemblyTests.cpp.obj
[311/476] Building CXX object tests/CMakeFiles/bettercad_tests.dir/drawing/SheetTests.cpp.obj
[312/476] Building CXX object tests/CMakeFiles/bettercad_tests.dir/assembly/ComponentFileTests.cpp.obj
[313/476] Building CXX object tests/CMakeFiles/bettercad_tests.dir/assembly/CommandTests.cpp.obj
[314/476] Building CXX object tests/CMakeFiles/bettercad_tests.dir/drawing/ViewTests.cpp.obj
[315/476] Building CXX object tests/CMakeFiles/bettercad_tests.dir/drawing/ViewKindTests.cpp.obj
[316/476] Building CXX object tests/CMakeFiles/bettercad_tests.dir/assembly/ComponentTests.cpp.obj
[317/476] Building CXX object tests/CMakeFiles/bettercad_tests.dir/assembly/SolverDerivativeTests.cpp.obj
[318/476] Building CXX object tests/CMakeFiles/bettercad_tests.dir/assembly/MateFileTests.cpp.obj
[319/476] Building CXX object tests/CMakeFiles/bettercad_tests.dir/assembly/MechanicalSolveTests.cpp.obj
[320/476] Building CXX object tests/CMakeFiles/bettercad_tests.dir/assembly/ConfigurationTests.cpp.obj
[321/476] Building CXX object tests/CMakeFiles/bettercad_tests.dir/assembly/MateTests.cpp.obj
[322/476] Building CXX object tests/CMakeFiles/bettercad_tests.dir/assembly/MechanicalMateTests.cpp.obj
[323/476] Building CXX object tests/CMakeFiles/bettercad_tests.dir/core/BuildInfoTests.cpp.obj
[324/476] Building CXX object tests/CMakeFiles/bettercad_tests.dir/assembly/StableReferenceTests.cpp.obj
[325/476] Building CXX object tests/CMakeFiles/bettercad_tests.dir/assembly/ReferenceFileTests.cpp.obj
[326/476] Building CXX object tests/CMakeFiles/bettercad_tests.dir/assembly/SolverTests.cpp.obj
[327/476] Building CXX object tests/CMakeFiles/bettercad_tests.dir/assembly/RegenerationTests.cpp.obj
[328/476] Building CXX object tests/CMakeFiles/bettercad_tests.dir/core/UuidTests.cpp.obj
[329/476] Building CXX object tests/CMakeFiles/bettercad_tests.dir/assembly/PlacementFileTests.cpp.obj
[330/476] Building CXX object tests/CMakeFiles/bettercad_tests.dir/core/IdTests.cpp.obj
[331/476] Building CXX object tests/CMakeFiles/bettercad_tests.dir/assembly/ReferenceTests.cpp.obj
[332/476] Building CXX object tests/CMakeFiles/bettercad_tests.dir/assembly/PlacementTests.cpp.obj
[333/476] Building CXX object tests/CMakeFiles/bettercad_tests.dir/core/document/CommandTests.cpp.obj
[334/476] Building CXX object tests/CMakeFiles/bettercad_tests.dir/core/geometry/BooleanTests.cpp.obj
[335/476] Building CXX object tests/CMakeFiles/bettercad_tests.dir/core/document/ConfigurationTests.cpp.obj
[336/476] Building CXX object tests/CMakeFiles/bettercad_tests.dir/core/geometry/DraftTests.cpp.obj
[337/476] Building CXX object tests/CMakeFiles/bettercad_tests.dir/assembly/PersistenceTests.cpp.obj
[338/476] Building CXX object tests/CMakeFiles/bettercad_tests.dir/core/geometry/HiddenLineTests.cpp.obj
[339/476] Building CXX object tests/CMakeFiles/bettercad_tests.dir/core/document/DependencyGraphTests.cpp.obj
[340/476] Building CXX object tests/CMakeFiles/bettercad_tests.dir/core/geometry/CurvedProfileTests.cpp.obj
[341/476] Building CXX object tests/CMakeFiles/bettercad_tests.dir/core/geometry/ChamferTests.cpp.obj
[342/476] Building CXX object tests/CMakeFiles/bettercad_tests.dir/core/document/DocumentTests.cpp.obj
[343/476] Building CXX object tests/CMakeFiles/bettercad_tests.dir/core/geometry/FilletTests.cpp.obj
[344/476] Building CXX object tests/CMakeFiles/bettercad_tests.dir/core/geometry/MeshTests.cpp.obj
[345/476] Building CXX object tests/CMakeFiles/bettercad_tests.dir/core/geometry/LoftShapeTests.cpp.obj
[346/476] Building CXX object tests/CMakeFiles/bettercad_tests.dir/core/document/ParameterExpressionTests.cpp.obj
[347/476] Building CXX object tests/CMakeFiles/bettercad_tests.dir/core/geometry/LoftTests.cpp.obj
[348/476] Building CXX object tests/CMakeFiles/bettercad_tests.dir/core/geometry/PrimitiveTests.cpp.obj
[349/476] Building CXX object tests/CMakeFiles/bettercad_tests.dir/core/geometry/PropertyTests.cpp.obj
[350/476] Building CXX object tests/CMakeFiles/bettercad_tests.dir/core/geometry/HoleTests.cpp.obj
[351/476] Building CXX object tests/CMakeFiles/bettercad_tests.dir/core/geometry/FaceNameTests.cpp.obj
[352/476] Building CXX object tests/CMakeFiles/bettercad_tests.dir/core/math/BSplineTests.cpp.obj
[353/476] Building CXX object tests/CMakeFiles/bettercad_tests.dir/core/geometry/SplitTests.cpp.obj
[354/476] Building CXX object tests/CMakeFiles/bettercad_tests.dir/core/geometry/RevolutionTests.cpp.obj
[355/476] Building CXX object tests/CMakeFiles/bettercad_tests.dir/core/math/RigidTransformTests.cpp.obj
[356/476] Building CXX object tests/CMakeFiles/bettercad_tests.dir/core/geometry/RibTests.cpp.obj
[357/476] Building CXX object tests/CMakeFiles/bettercad_tests.dir/core/geometry/SweptPathTests.cpp.obj
[358/476] Building CXX object tests/CMakeFiles/bettercad_tests.dir/core/geometry/SweepTests.cpp.obj
[359/476] Building CXX object tests/CMakeFiles/bettercad_tests.dir/core/geometry/TransformTests.cpp.obj
[360/476] Building CXX object tests/CMakeFiles/bettercad_tests.dir/core/math/FrameTests.cpp.obj
[361/476] Building CXX object tests/CMakeFiles/bettercad_tests.dir/core/geometry/ShellTests.cpp.obj
[362/476] Building CXX object tests/CMakeFiles/bettercad_tests.dir/core/units/ConversionTests.cpp.obj
[363/476] Building CXX object tests/CMakeFiles/bettercad_tests.dir/core/units/QuantityTests.cpp.obj
[364/476] Building CXX object tests/CMakeFiles/bettercad_tests.dir/core/units/FormatAndCatalogTests.cpp.obj
[365/476] Building CXX object tests/CMakeFiles/bettercad_tests.dir/core/parameters/ParameterTests.cpp.obj
[366/476] Building CXX object tests/CMakeFiles/bettercad_tests.dir/core/parameters/ParameterTableTests.cpp.obj
[367/476] Building CXX object tests/CMakeFiles/bettercad_tests.dir/core/parameters/ExpressionTests.cpp.obj
[368/476] Building CXX object tests/CMakeFiles/bettercad_tests.dir/core/standards/HoleStandardsTests.cpp.obj
[369/476] Building CXX object tests/CMakeFiles/bettercad_tests.dir/core/geometry/VariableFilletTests.cpp.obj
[370/476] Building CXX object tests/CMakeFiles/bettercad_tests.dir/features/ExpressionRegenerationTests.cpp.obj
[371/476] Building CXX object tests/CMakeFiles/bettercad_tests.dir/features/ExtrudeTests.cpp.obj
[372/476] Building CXX object tests/CMakeFiles/bettercad_tests.dir/features/ChamferFeatureTests.cpp.obj
[373/476] Building CXX object tests/CMakeFiles/bettercad_tests.dir/features/FaceReferenceTests.cpp.obj
[374/476] Building CXX object tests/CMakeFiles/bettercad_tests.dir/features/ThroughAllExtrudeTests.cpp.obj
[375/476] Building CXX object tests/CMakeFiles/bettercad_tests.dir/features/FilletFeatureTests.cpp.obj
[376/476] Building CXX object tests/CMakeFiles/bettercad_tests.dir/features/BodyOpsTests.cpp.obj
[377/476] Building CXX object tests/CMakeFiles/bettercad_tests.dir/features/ConfigurationFeatureTests.cpp.obj
[378/476] Building CXX object tests/CMakeFiles/bettercad_tests.dir/features/DatumTests.cpp.obj
[379/476] Building CXX object tests/CMakeFiles/bettercad_tests.dir/features/CircularPatternFeatureTests.cpp.obj
[380/476] Building CXX object tests/CMakeFiles/bettercad_tests.dir/features/LoftShapeFeatureTests.cpp.obj
[381/476] Building CXX object tests/CMakeFiles/bettercad_tests.dir/features/SketchOnFaceTests.cpp.obj
[382/476] Building CXX object tests/CMakeFiles/bettercad_tests.dir/features/DraftFeatureTests.cpp.obj
[383/476] Building CXX object tests/CMakeFiles/bettercad_tests.dir/features/LinearPatternFeatureTests.cpp.obj
[384/476] Building CXX object tests/CMakeFiles/bettercad_tests.dir/features/HoleStandardTests.cpp.obj
[385/476] Building CXX object tests/CMakeFiles/bettercad_tests.dir/features/HoleFeatureTests.cpp.obj
[386/476] Building CXX object tests/CMakeFiles/bettercad_tests.dir/features/LoftFeatureTests.cpp.obj
[387/476] Building CXX object tests/CMakeFiles/bettercad_tests.dir/features/MirrorFeatureTests.cpp.obj
[388/476] Building CXX object tests/CMakeFiles/bettercad_tests.dir/features/ProfileTests.cpp.obj
[389/476] Building CXX object tests/CMakeFiles/bettercad_tests.dir/features/RegenerationTests.cpp.obj
[390/476] Building CXX object tests/CMakeFiles/bettercad_tests.dir/features/PatternNestingTests.cpp.obj
[391/476] Building CXX object tests/CMakeFiles/bettercad_tests.dir/features/SpatialSweepTests.cpp.obj
[392/476] Building CXX object tests/CMakeFiles/bettercad_tests.dir/features/RegeneratorTests.cpp.obj
[393/476] Building CXX object tests/CMakeFiles/bettercad_tests.dir/features/PatternDistributionTests.cpp.obj
[394/476] Building CXX object tests/CMakeFiles/bettercad_tests.dir/io/DatumFileTests.cpp.obj
[395/476] Building CXX object tests/CMakeFiles/bettercad_tests.dir/io/ConfigurationFileTests.cpp.obj
[396/476] Building CXX object tests/CMakeFiles/bettercad_tests.dir/io/FaceReferenceFileTests.cpp.obj
[397/476] Building CXX object tests/CMakeFiles/bettercad_tests.dir/features/RevolveTests.cpp.obj
[398/476] Building CXX object tests/CMakeFiles/bettercad_tests.dir/features/SweepFeatureTests.cpp.obj
[399/476] Building CXX object tests/CMakeFiles/bettercad_tests.dir/features/ValidationTests.cpp.obj
[400/476] Building CXX object tests/CMakeFiles/bettercad_tests.dir/io/CircularPatternFileTests.cpp.obj
[401/476] Building CXX object tests/CMakeFiles/bettercad_tests.dir/io/ChamferFileTests.cpp.obj
[402/476] Building CXX object tests/CMakeFiles/bettercad_tests.dir/features/VariableFilletFeatureTests.cpp.obj
[403/476] Building CXX object tests/CMakeFiles/bettercad_tests.dir/io/ThroughAllFileTests.cpp.obj
[404/476] Building CXX object tests/CMakeFiles/bettercad_tests.dir/io/ExampleModelTests.cpp.obj
[405/476] Building CXX object tests/CMakeFiles/bettercad_tests.dir/features/ShellFeatureTests.cpp.obj
[406/476] Building CXX object tests/CMakeFiles/bettercad_tests.dir/features/RibFeatureTests.cpp.obj
[407/476] Building CXX object tests/CMakeFiles/bettercad_tests.dir/io/FaceKindFileTests.cpp.obj
[408/476] Building CXX object tests/CMakeFiles/bettercad_tests.dir/io/BodyOpsFileTests.cpp.obj
[409/476] Building CXX object tests/CMakeFiles/bettercad_tests.dir/io/DraftFileTests.cpp.obj
[410/476] Building CXX object tests/CMakeFiles/bettercad_tests.dir/io/ParameterJsonTests.cpp.obj
[411/476] Building CXX object tests/CMakeFiles/bettercad_tests.dir/io/ExpressionFileTests.cpp.obj
[412/476] Building CXX object tests/CMakeFiles/bettercad_tests.dir/io/DocumentFileTests.cpp.obj
[413/476] Building CXX object tests/CMakeFiles/bettercad_tests.dir/io/FilletFileTests.cpp.obj
[414/476] Building CXX object tests/CMakeFiles/bettercad_tests.dir/io/HoleStandardFileTests.cpp.obj
[415/476] Building CXX object tests/CMakeFiles/bettercad_tests.dir/io/HoleFileTests.cpp.obj
[416/476] Building CXX object tests/CMakeFiles/bettercad_tests.dir/io/LinearPatternFileTests.cpp.obj
[417/476] Building CXX object tests/CMakeFiles/bettercad_tests.dir/io/PatternInstanceFileTests.cpp.obj
[418/476] Building CXX object tests/CMakeFiles/bettercad_tests.dir/io/SpatialSweepFileTests.cpp.obj
[419/476] Building CXX object tests/CMakeFiles/bettercad_tests.dir/io/LoftFileTests.cpp.obj
[420/476] Building CXX object tests/CMakeFiles/bettercad_tests.dir/io/RevolveFileTests.cpp.obj
[421/476] Building CXX object tests/CMakeFiles/bettercad_tests.dir/io/MirrorFileTests.cpp.obj
[422/476] Building CXX object tests/CMakeFiles/bettercad_tests.dir/io/RibFileTests.cpp.obj
[423/476] Building CXX object tests/CMakeFiles/bettercad_tests.dir/io/ShellFileTests.cpp.obj
[424/476] Building CXX object tests/CMakeFiles/bettercad_tests.dir/io/VariableFilletFileTests.cpp.obj
[425/476] Building CXX object tests/CMakeFiles/bettercad_tests.dir/sketch/ConstraintTests.cpp.obj
[426/476] Building CXX object tests/CMakeFiles/bettercad_tests.dir/io/StepExportTests.cpp.obj
[427/476] Building CXX object tests/CMakeFiles/bettercad_tests.dir/sketch/AdvancedConstraintSolverTests.cpp.obj
[428/476] Building CXX object tests/CMakeFiles/bettercad_tests.dir/io/SweepFileTests.cpp.obj
[429/476] Building CXX object tests/CMakeFiles/bettercad_tests.dir/io/StlTests.cpp.obj
[430/476] Building CXX object tests/CMakeFiles/bettercad_tests.dir/sketch/SketchDocumentTests.cpp.obj
[431/476] Building CXX object tests/CMakeFiles/bettercad_tests.dir/sketch/EllipseSplineTests.cpp.obj
[432/476] Building CXX object tests/CMakeFiles/bettercad_tests.dir/sketch/SketchTests.cpp.obj
[433/476] Building CXX object tests/CMakeFiles/bettercad_tests.dir/sketch/AdvancedConstraintDocumentTests.cpp.obj
[434/476] Building CXX object tests/CMakeFiles/bettercad_tests.dir/sketch/SolverTests.cpp.obj
[435/476] Building CXX object tests/CMakeFiles/bettercad_tests.dir/sketch/EllipseSplineDocumentTests.cpp.obj
[436/476] Building CXX object tests/CMakeFiles/bettercad_tests.dir/cli/DatumCliTests.cpp.obj
[437/476] Building CXX object tests/CMakeFiles/bettercad_tests.dir/cli/ConfigurationCliTests.cpp.obj
[438/476] Building CXX object tests/CMakeFiles/bettercad_tests.dir/cli/PatternInstanceCliTests.cpp.obj
[439/476] Building CXX object tests/CMakeFiles/bettercad_tests.dir/cli/DraftCliTests.cpp.obj
[440/476] Building CXX object tests/CMakeFiles/bettercad_tests.dir/cli/HoleStandardCliTests.cpp.obj
[441/476] Building CXX object tests/CMakeFiles/bettercad_tests.dir/cli/ThroughAllCliTests.cpp.obj
[442/476] Building CXX object tests/CMakeFiles/bettercad_tests.dir/cli/CliTests.cpp.obj
[443/476] Building CXX object tests/CMakeFiles/bettercad_tests.dir/cli/SheetCliTests.cpp.obj
[444/476] Building CXX object tests/CMakeFiles/bettercad_tests.dir/cli/VariableFilletCliTests.cpp.obj
[445/476] Building CXX object tests/CMakeFiles/bettercad_tests.dir/cli/BodyOpsCliTests.cpp.obj
[446/476] Building CXX object tests/CMakeFiles/bettercad_tests.dir/cli/ShellCliTests.cpp.obj
[447/476] Building CXX object tests/CMakeFiles/bettercad_tests.dir/cli/FaceReferenceCliTests.cpp.obj
[448/476] Building CXX object tests/CMakeFiles/bettercad_tests.dir/cli/RibCliTests.cpp.obj
[449/476] Building CXX object tests/CMakeFiles/bettercad_tests.dir/cli/SpatialSweepCliTests.cpp.obj
[450/476] Building CXX object tests/CMakeFiles/bettercad_tests.dir/cli/ComponentCliTests.cpp.obj
[451/476] Building CXX object tests/CMakeFiles/bettercad_tests.dir/cli/ExpressionCliTests.cpp.obj
[452/476] Building CXX object tests/CMakeFiles/bettercad_tests.dir/reference/AssemblyWorkflowTests.cpp.obj
[453/476] Building CXX object tests/CMakeFiles/bettercad_tests.dir/cli/AssemblyCliTests.cpp.obj
[454/476] Building CXX object tests/CMakeFiles/bettercad_tests.dir/reference/GearboxCoverTests.cpp.obj
[455/476] Building CXX object tests/CMakeFiles/bettercad_tests.dir/reference/AssemblyModelsTests.cpp.obj
[456/476] Building CXX object tests/CMakeFiles/bettercad_tests.dir/reference/MotorMountTests.cpp.obj
[457/476] Building CXX object tests/CMakeFiles/bettercad_tests.dir/reference/ManifoldTubeTests.cpp.obj
[458/476] Building CXX object tests/CMakeFiles/bettercad_tests.dir/reference/AllModelsTests.cpp.obj
[459/476] Building CXX object tests/CMakeFiles/bettercad_tests.dir/reference/P12ModelsTests.cpp.obj
[460/476] Linking CXX executable bin\bettercad_example_geometry_accuracy.exe
[461/476] Linking CXX executable bin\bettercad.exe; Deploying Qt runtime for bettercad
[462/476] Building CXX object tests/CMakeFiles/bettercad_tests.dir/reference/IndexPlateTests.cpp.obj
[463/476] Building CXX object tests/CMakeFiles/bettercad_tests.dir/reference/TransitionDuctTests.cpp.obj
[464/476] Building CXX object tests/CMakeFiles/bettercad_tests.dir/reference/FlangeTests.cpp.obj
[465/476] Building CXX object tests/compile_fail/CMakeFiles/bettercad_cf_units_control.dir/UnitsMisuse.cpp.obj
[466/476] Building CXX object tests/compile_fail/CMakeFiles/bettercad_cf_ids_control.dir/IdsMisuse.cpp.obj
[467/476] Building CXX object tests/CMakeFiles/bettercad_tests.dir/reference/RibbedBracketTests.cpp.obj
[468/476] Building CXX object tests/CMakeFiles/bettercad_tests.dir/reference/BearingHousingTests.cpp.obj
[469/476] Building CXX object tests/CMakeFiles/bettercad_tests.dir/reference/MountingBracketTests.cpp.obj
[470/476] Linking CXX executable bin\bettercad-cli.exe
[471/476] Building CXX object tests/CMakeFiles/bettercad_tests.dir/reference/UBoltTests.cpp.obj
[472/476] Building CXX object tests/CMakeFiles/bettercad_tests.dir/reference/PulleyTests.cpp.obj
[473/476] Building CXX object tests/CMakeFiles/bettercad_tests.dir/reference/ShaftTests.cpp.obj
[474/476] Linking CXX executable bin\bettercad_example_reference_models.exe
[475/476] Building CXX object tests/CMakeFiles/bettercad_tests.dir/io/AssemblyStepTests.cpp.obj
[476/476] Linking CXX executable bin\bettercad_tests.exe
