[1/650] Checking git revision
[2/650] Building CXX object _deps/catch2-build/src/CMakeFiles/Catch2.dir/catch2/benchmark/catch_chronometer.cpp.obj
[3/650] Building CXX object _deps/catch2-build/src/CMakeFiles/Catch2.dir/catch2/benchmark/detail/catch_benchmark_function.cpp.obj
[4/650] Building CXX object _deps/catch2-build/src/CMakeFiles/Catch2.dir/catch2/benchmark/detail/catch_run_for_at_least.cpp.obj
[5/650] Building CXX object _deps/catch2-build/src/CMakeFiles/Catch2.dir/catch2/benchmark/detail/catch_analyse.cpp.obj
[6/650] Building CXX object _deps/catch2-build/src/CMakeFiles/Catch2.dir/catch2/benchmark/catch_benchmark.cpp.obj
[7/650] Building CXX object src/core/CMakeFiles/bettercad_core.dir/Error.cpp.obj
[8/650] Building CXX object src/core/CMakeFiles/bettercad_core.dir/BuildInfo.cpp.obj
[9/650] Building CXX object src/core/CMakeFiles/bettercad_core.dir/Uuid.cpp.obj
[10/650] Building CXX object src/core/CMakeFiles/bettercad_core.dir/Naming.cpp.obj
[11/650] Building CXX object src/core/CMakeFiles/bettercad_core.dir/document/CommandHistory.cpp.obj
[12/650] Building CXX object src/core/CMakeFiles/bettercad_core.dir/document/DocumentObject.cpp.obj
[13/650] Building CXX object src/core/CMakeFiles/bettercad_core.dir/document/DependencyGraph.cpp.obj
[14/650] Building CXX object src/core/CMakeFiles/bettercad_core.dir/document/Configurations.cpp.obj
[15/650] Building CXX object src/core/CMakeFiles/bettercad_core.dir/document/Commands.cpp.obj
[16/650] Building CXX object src/core/CMakeFiles/bettercad_core.dir/document/ObjectReference.cpp.obj
[17/650] Building CXX object src/core/CMakeFiles/bettercad_core.dir/document/MateReference.cpp.obj
[18/650] Building CXX object src/core/CMakeFiles/bettercad_core.dir/math/Direction.cpp.obj
[19/650] Building CXX object src/core/CMakeFiles/bettercad_core.dir/document/Document.cpp.obj
[20/650] Building CXX object src/core/CMakeFiles/bettercad_core.dir/document/Placement.cpp.obj
[21/650] Building CXX object src/core/CMakeFiles/bettercad_core.dir/document/References.cpp.obj
[22/650] Building CXX object src/core/CMakeFiles/bettercad_core.dir/math/Frame.cpp.obj
[23/650] Building CXX object src/core/CMakeFiles/bettercad_core.dir/document/ParameterExpressions.cpp.obj
[24/650] Building CXX object src/core/CMakeFiles/bettercad_core.dir/math/BSpline.cpp.obj
[25/650] Building CXX object src/core/CMakeFiles/bettercad_core.dir/parameters/Parameter.cpp.obj
[26/650] Building CXX object src/core/CMakeFiles/bettercad_core.dir/parameters/Expression.cpp.obj
[27/650] Building CXX object src/core/CMakeFiles/bettercad_core.dir/parameters/ParameterTable.cpp.obj
[28/650] Building CXX object src/core/CMakeFiles/bettercad_core.dir/materials/Completeness.cpp.obj
[29/650] Building CXX object src/core/CMakeFiles/bettercad_core.dir/materials/MaterialLibrary.cpp.obj
[30/650] Building CXX object src/core/CMakeFiles/bettercad_core.dir/materials/MaterialProperty.cpp.obj
[31/650] Building CXX object src/core/CMakeFiles/bettercad_core.dir/standards/ClearanceHoles.cpp.obj
[32/650] Building CXX object src/core/CMakeFiles/bettercad_core.dir/materials/MechanicalProperties.cpp.obj
[33/650] Building CXX object src/core/CMakeFiles/bettercad_core.dir/units/Format.cpp.obj
[34/650] Building CXX object src/core/CMakeFiles/bettercad_core.dir/materials/Provenance.cpp.obj
[35/650] Building CXX object src/core/CMakeFiles/bettercad_core.dir/materials/ThermalProperties.cpp.obj
[36/650] Building CXX object src/core/CMakeFiles/bettercad_core.dir/__/__/generated/src/core/GitRevision.cpp.obj
[37/650] Building CXX object src/core/CMakeFiles/bettercad_core.dir/units/UnitCatalog.cpp.obj
[38/650] Building CXX object src/core/CMakeFiles/bettercad_core.dir/standards/HoleTolerances.cpp.obj
[39/650] Building CXX object src/core/CMakeFiles/bettercad_core.dir/standards/MetricThreads.cpp.obj
[40/650] Linking CXX static library lib\libbettercad_core.a
[41/650] Building CXX object src/core/geometry/CMakeFiles/bettercad_geometry.dir/Blends.cpp.obj
[42/650] Building CXX object src/core/geometry/CMakeFiles/bettercad_geometry.dir/Edges.cpp.obj
[43/650] Building CXX object src/core/geometry/CMakeFiles/bettercad_geometry.dir/Draft.cpp.obj
[44/650] Building CXX object src/core/geometry/CMakeFiles/bettercad_geometry.dir/Faces.cpp.obj
[45/650] Building CXX object src/core/geometry/CMakeFiles/bettercad_geometry.dir/Holes.cpp.obj
[46/650] Building CXX object src/core/geometry/CMakeFiles/bettercad_geometry.dir/RadiusLaw.cpp.obj
[47/650] Building CXX object src/core/geometry/CMakeFiles/bettercad_geometry.dir/Profile.cpp.obj
[48/650] Building CXX object src/core/geometry/CMakeFiles/bettercad_geometry.dir/LoftMatching.cpp.obj
[49/650] Building CXX object src/core/geometry/CMakeFiles/bettercad_geometry.dir/Shell.cpp.obj
[50/650] Building CXX object src/core/geometry/CMakeFiles/bettercad_geometry.dir/LoftPlan.cpp.obj
[51/650] Building CXX object src/core/geometry/CMakeFiles/bettercad_geometry.dir/Rib.cpp.obj
[52/650] Building CXX object src/core/geometry/CMakeFiles/bettercad_geometry.dir/Split.cpp.obj
[53/650] Building CXX object src/core/geometry/CMakeFiles/bettercad_geometry.dir/SweepPlan.cpp.obj
[54/650] Building CXX object src/core/geometry/CMakeFiles/bettercad_geometry.dir/SweptPathPlan.cpp.obj
[55/650] Building CXX object src/core/geometry/CMakeFiles/bettercad_geometry.dir/VariableFillet.cpp.obj
[56/650] Building CXX object src/core/geometry/CMakeFiles/bettercad_geometry.dir/occt/OcctBooleans.cpp.obj
[57/650] Building CXX object src/core/geometry/CMakeFiles/bettercad_geometry.dir/occt/OcctBody.cpp.obj
[58/650] Building CXX object src/core/geometry/CMakeFiles/bettercad_geometry.dir/occt/OcctBlend.cpp.obj
[59/650] Building CXX object src/core/geometry/CMakeFiles/bettercad_geometry.dir/occt/OcctChamfer.cpp.obj
[60/650] Building CXX object src/core/geometry/CMakeFiles/bettercad_geometry.dir/occt/OcctDraft.cpp.obj
[61/650] Building CXX object src/core/geometry/CMakeFiles/bettercad_geometry.dir/occt/OcctEdges.cpp.obj
[62/650] Building CXX object src/core/geometry/CMakeFiles/bettercad_geometry.dir/occt/OcctFaceNames.cpp.obj
[63/650] Building CXX object src/core/geometry/CMakeFiles/bettercad_geometry.dir/occt/OcctKernel.cpp.obj
[64/650] Building CXX object src/core/geometry/CMakeFiles/bettercad_geometry.dir/occt/OcctFillet.cpp.obj
[65/650] Building CXX object src/core/geometry/CMakeFiles/bettercad_geometry.dir/occt/OcctFaces.cpp.obj
[66/650] Building CXX object src/core/geometry/CMakeFiles/bettercad_geometry.dir/occt/OcctHiddenLine.cpp.obj
[67/650] Building CXX object src/core/geometry/CMakeFiles/bettercad_geometry.dir/occt/OcctHole.cpp.obj
[68/650] Building CXX object src/core/geometry/CMakeFiles/bettercad_geometry.dir/occt/OcctMesh.cpp.obj
[69/650] Building CXX object src/core/geometry/CMakeFiles/bettercad_geometry.dir/occt/OcctPrimitives.cpp.obj
[70/650] Building CXX object src/core/geometry/CMakeFiles/bettercad_geometry.dir/occt/OcctShell.cpp.obj
[71/650] Building CXX object src/core/geometry/CMakeFiles/bettercad_geometry.dir/occt/OcctSplit.cpp.obj
[72/650] Building CXX object src/core/geometry/CMakeFiles/bettercad_geometry.dir/occt/OcctStep.cpp.obj
[73/650] Building CXX object src/core/geometry/CMakeFiles/bettercad_geometry.dir/occt/OcctTransform.cpp.obj
[74/650] Building CXX object src/core/geometry/CMakeFiles/bettercad_geometry.dir/occt/OcctSweeps.cpp.obj
[75/650] Building CXX object src/sketch/CMakeFiles/bettercad_sketch.dir/SketchRegeneration.cpp.obj
[76/650] Building CXX object src/core/geometry/CMakeFiles/bettercad_geometry.dir/occt/OcctVariableFillet.cpp.obj
[77/650] Building CXX object src/sketch/CMakeFiles/bettercad_sketch.dir/SketchCommands.cpp.obj
[78/650] Linking CXX static library lib\libbettercad_geometry.a
[79/650] Building CXX object src/sketch/CMakeFiles/bettercad_sketch.dir/entities/Entities.cpp.obj
[80/650] Building CXX object src/sketch/CMakeFiles/bettercad_sketch.dir/Sketch.cpp.obj
[81/650] Building CXX object src/sketch/CMakeFiles/bettercad_sketch.dir/constraints/SketchConstraints.cpp.obj
[82/650] Building CXX object src/features/CMakeFiles/bettercad_features.dir/Feature.cpp.obj
[83/650] Building CXX object src/features/CMakeFiles/bettercad_features.dir/ResultBodies.cpp.obj
[84/650] Building CXX object src/sketch/CMakeFiles/bettercad_sketch.dir/solver/SolverSystem.cpp.obj
[85/650] Building CXX object src/features/CMakeFiles/bettercad_features.dir/SolidSupport.cpp.obj
[86/650] Building CXX object src/features/CMakeFiles/bettercad_features.dir/Regenerator.cpp.obj
[87/650] Building CXX object src/features/CMakeFiles/bettercad_features.dir/boolean/CombineFeature.cpp.obj
[88/650] Building CXX object src/features/CMakeFiles/bettercad_features.dir/boolean/SplitFeature.cpp.obj
[89/650] Building CXX object src/features/CMakeFiles/bettercad_features.dir/boolean/BooleanRegeneration.cpp.obj
[90/650] Building CXX object src/features/CMakeFiles/bettercad_features.dir/Validation.cpp.obj
[91/650] Building CXX object src/features/CMakeFiles/bettercad_features.dir/chamfer/ChamferFeature.cpp.obj
[92/650] Building CXX object src/features/CMakeFiles/bettercad_features.dir/chamfer/ChamferRegeneration.cpp.obj
[93/650] Building CXX object src/features/CMakeFiles/bettercad_features.dir/datum/Datums.cpp.obj
[94/650] Building CXX object src/features/CMakeFiles/bettercad_features.dir/datum/DatumResolution.cpp.obj
[95/650] Building CXX object src/features/CMakeFiles/bettercad_features.dir/draft/DraftFeature.cpp.obj
[96/650] Building CXX object src/features/CMakeFiles/bettercad_features.dir/draft/DraftRegeneration.cpp.obj
[97/650] Building CXX object src/features/CMakeFiles/bettercad_features.dir/fillet/FilletFeature.cpp.obj
[98/650] Building CXX object src/features/CMakeFiles/bettercad_features.dir/extrude/ExtrudeFeature.cpp.obj
[99/650] Building CXX object src/features/CMakeFiles/bettercad_features.dir/reference/FaceReferences.cpp.obj
[100/650] Building CXX object src/features/CMakeFiles/bettercad_features.dir/extrude/ExtrudeRegeneration.cpp.obj
[101/650] Building CXX object src/features/CMakeFiles/bettercad_features.dir/fillet/VariableFilletFeature.cpp.obj
[102/650] Building CXX object src/features/CMakeFiles/bettercad_features.dir/fillet/FilletRegeneration.cpp.obj
[103/650] Building CXX object src/features/CMakeFiles/bettercad_features.dir/fillet/VariableFilletRegeneration.cpp.obj
[104/650] Building CXX object src/features/CMakeFiles/bettercad_features.dir/hole/HoleFeature.cpp.obj
[105/650] Building CXX object src/features/CMakeFiles/bettercad_features.dir/hole/HoleRegeneration.cpp.obj
[106/650] Building CXX object src/sketch/CMakeFiles/bettercad_sketch.dir/solver/Solver.cpp.obj
[107/650] Building CXX object src/features/CMakeFiles/bettercad_features.dir/loft/LoftFeature.cpp.obj
[108/650] Linking CXX static library lib\libbettercad_sketch.a
[109/650] Building CXX object src/features/CMakeFiles/bettercad_features.dir/material/Material.cpp.obj
[110/650] Building CXX object src/features/CMakeFiles/bettercad_features.dir/loft/LoftRegeneration.cpp.obj
[111/650] Building CXX object src/features/CMakeFiles/bettercad_features.dir/material/MassProperties.cpp.obj
[112/650] Building CXX object src/features/CMakeFiles/bettercad_features.dir/material/MaterialCommands.cpp.obj
[113/650] Building CXX object src/features/CMakeFiles/bettercad_features.dir/pattern/CircularPatternFeature.cpp.obj
[114/650] Building CXX object src/features/CMakeFiles/bettercad_features.dir/pattern/LinearPatternFeature.cpp.obj
[115/650] Building CXX object src/features/CMakeFiles/bettercad_features.dir/material/Materials.cpp.obj
[116/650] Building CXX object src/features/CMakeFiles/bettercad_features.dir/pattern/CircularPatternRegeneration.cpp.obj
[117/650] Building CXX object src/features/CMakeFiles/bettercad_features.dir/pattern/LinearPatternRegeneration.cpp.obj
[118/650] Building CXX object src/features/CMakeFiles/bettercad_features.dir/pattern/MirrorFeature.cpp.obj
[119/650] Building CXX object src/features/CMakeFiles/bettercad_features.dir/revolve/RevolveFeature.cpp.obj
[120/650] Building CXX object src/features/CMakeFiles/bettercad_features.dir/pattern/MirrorRegeneration.cpp.obj
[121/650] Building CXX object src/features/CMakeFiles/bettercad_features.dir/pattern/PatternSupport.cpp.obj
[122/650] Building CXX object src/features/CMakeFiles/bettercad_features.dir/rib/RibFeature.cpp.obj
[123/650] Building CXX object src/features/CMakeFiles/bettercad_features.dir/profile/Profiles.cpp.obj
[124/650] Building CXX object src/features/CMakeFiles/bettercad_features.dir/shell/ShellFeature.cpp.obj
[125/650] Building CXX object src/features/CMakeFiles/bettercad_features.dir/revolve/RevolveRegeneration.cpp.obj
[126/650] Building CXX object src/assembly/CMakeFiles/bettercad_assembly.dir/Component.cpp.obj
[127/650] Building CXX object src/features/CMakeFiles/bettercad_features.dir/rib/RibRegeneration.cpp.obj
[128/650] Building CXX object src/features/CMakeFiles/bettercad_features.dir/sweep/SweepFeature.cpp.obj
[129/650] Building CXX object src/features/CMakeFiles/bettercad_features.dir/shell/ShellRegeneration.cpp.obj
[130/650] Building CXX object src/assembly/CMakeFiles/bettercad_assembly.dir/Commands.cpp.obj
[131/650] Building CXX object src/features/CMakeFiles/bettercad_features.dir/sweep/SweepRegeneration.cpp.obj
[132/650] Building CXX object src/assembly/CMakeFiles/bettercad_assembly.dir/Components.cpp.obj
[133/650] Building CXX object src/assembly/CMakeFiles/bettercad_assembly.dir/Configurations.cpp.obj
[134/650] Linking CXX static library lib\libbettercad_features.a
[135/650] Building CXX object src/assembly/CMakeFiles/bettercad_assembly.dir/Mate.cpp.obj
[136/650] Building CXX object src/assembly/CMakeFiles/bettercad_assembly.dir/Mates.cpp.obj
[137/650] Building CXX object src/assembly/CMakeFiles/bettercad_assembly.dir/Placement.cpp.obj
[138/650] Building CXX object src/assembly/CMakeFiles/bettercad_assembly.dir/Resolution.cpp.obj
[139/650] Building CXX object src/meshing/CMakeFiles/bettercad_meshing.dir/Mesh.cpp.obj
[140/650] Building CXX object src/meshing/CMakeFiles/bettercad_meshing.dir/GeometryPreparation.cpp.obj
[141/650] Building CXX object src/assembly/CMakeFiles/bettercad_assembly.dir/solver/SolverSystem.cpp.obj
[142/650] Building CXX object src/meshing/CMakeFiles/bettercad_meshing.dir/GeometryMeshMap.cpp.obj
[143/650] Building CXX object src/meshing/CMakeFiles/bettercad_meshing.dir/Mesher.cpp.obj
[144/650] Building CXX object src/meshing/CMakeFiles/bettercad_meshing.dir/MeshControl.cpp.obj
[145/650] Building CXX object src/meshing/CMakeFiles/bettercad_meshing.dir/MeshValidation.cpp.obj
[146/650] Building CXX object src/meshing/CMakeFiles/bettercad_meshing.dir/MeshingCommands.cpp.obj
[147/650] Building CXX object src/meshing/CMakeFiles/bettercad_meshing.dir/MeshQuality.cpp.obj
[148/650] Building CXX object src/meshing/CMakeFiles/bettercad_meshing.dir/netgen/NetgenBackend.cpp.obj
[149/650] Building CXX object src/meshing/CMakeFiles/bettercad_meshing.dir/MeshSizing.cpp.obj
[150/650] Building CXX object src/drawing/CMakeFiles/bettercad_drawing.dir/Annotation.cpp.obj
[151/650] Building CXX object src/meshing/CMakeFiles/bettercad_meshing.dir/SurfaceMesh.cpp.obj
[152/650] Building CXX object src/meshing/CMakeFiles/bettercad_meshing.dir/VolumeMesh.cpp.obj
[153/650] Building CXX object src/drawing/CMakeFiles/bettercad_drawing.dir/HiddenLine.cpp.obj
[154/650] Building CXX object src/drawing/CMakeFiles/bettercad_drawing.dir/Dimension.cpp.obj
[155/650] Building CXX object src/drawing/CMakeFiles/bettercad_drawing.dir/Annotations.cpp.obj
[156/650] Building CXX object src/drawing/CMakeFiles/bettercad_drawing.dir/Dimensions.cpp.obj
[157/650] Building CXX object src/drawing/CMakeFiles/bettercad_drawing.dir/Scene.cpp.obj
[158/650] Building CXX object src/drawing/CMakeFiles/bettercad_drawing.dir/Regeneration.cpp.obj
[159/650] Building CXX object src/assembly/CMakeFiles/bettercad_assembly.dir/solver/Solver.cpp.obj
[160/650] Linking CXX static library lib\libbettercad_assembly.a
[161/650] Building CXX object src/drawing/CMakeFiles/bettercad_drawing.dir/Sheet.cpp.obj
[162/650] Building CXX object src/drawing/CMakeFiles/bettercad_drawing.dir/Section.cpp.obj
[163/650] Building CXX object src/drawing/CMakeFiles/bettercad_drawing.dir/Sheets.cpp.obj
[164/650] Building CXX object src/drawing/CMakeFiles/bettercad_drawing.dir/Resolution.cpp.obj
[165/650] Building CXX object src/drawing/CMakeFiles/bettercad_drawing.dir/SheetScene.cpp.obj
[166/650] Building CXX object src/drawing/CMakeFiles/bettercad_drawing.dir/Bom.cpp.obj
[167/650] Linking CXX static library lib\libbettercad_meshing.a
[168/650] Building CXX object src/drawing/CMakeFiles/bettercad_drawing.dir/Tolerance.cpp.obj
[169/650] Building CXX object src/drawing/CMakeFiles/bettercad_drawing.dir/View.cpp.obj
[170/650] Building CXX object src/drawing/CMakeFiles/bettercad_drawing.dir/Commands.cpp.obj
[171/650] Building CXX object src/renderer/CMakeFiles/bettercad_renderer.dir/MeshView.cpp.obj
[172/650] Building CXX object src/drawing/CMakeFiles/bettercad_drawing.dir/Views.cpp.obj
[173/650] Building CXX object src/renderer/CMakeFiles/bettercad_renderer.dir/MeshInspection.cpp.obj
[174/650] Building CXX object _deps/catch2-build/src/CMakeFiles/Catch2.dir/catch2/generators/catch_generator_exception.cpp.obj
[175/650] Building CXX object src/renderer/CMakeFiles/bettercad_renderer.dir/MeshScene.cpp.obj
[176/650] Building CXX object _deps/catch2-build/src/CMakeFiles/Catch2.dir/catch2/generators/catch_generators.cpp.obj
[177/650] Building CXX object _deps/catch2-build/src/CMakeFiles/Catch2.dir/catch2/benchmark/detail/catch_stats.cpp.obj
[178/650] Building CXX object _deps/catch2-build/src/CMakeFiles/Catch2.dir/catch2/generators/catch_generators_random.cpp.obj
[179/650] Building CXX object _deps/catch2-build/src/CMakeFiles/Catch2.dir/catch2/generators/catch_generators_throw.cpp.obj
[180/650] Building CXX object _deps/catch2-build/src/CMakeFiles/Catch2.dir/catch2/reporters/catch_reporter_automake.cpp.obj
[181/650] Building CXX object _deps/catch2-build/src/CMakeFiles/Catch2.dir/catch2/reporters/catch_reporter_common_base.cpp.obj
[182/650] Building CXX object _deps/catch2-build/src/CMakeFiles/Catch2.dir/catch2/reporters/catch_reporter_compact.cpp.obj
[183/650] Building CXX object src/renderer/CMakeFiles/bettercad_renderer.dir/occt/OcctMeshPresentation.cpp.obj
[184/650] Building CXX object _deps/catch2-build/src/CMakeFiles/Catch2.dir/catch2/reporters/catch_reporter_console.cpp.obj
[185/650] Building CXX object _deps/catch2-build/src/CMakeFiles/Catch2.dir/catch2/reporters/catch_reporter_event_listener.cpp.obj
[186/650] Building CXX object _deps/catch2-build/src/CMakeFiles/Catch2.dir/catch2/reporters/catch_reporter_cumulative_base.cpp.obj
[187/650] Building CXX object _deps/catch2-build/src/CMakeFiles/Catch2.dir/catch2/reporters/catch_reporter_helpers.cpp.obj
[188/650] Building CXX object _deps/catch2-build/src/CMakeFiles/Catch2.dir/catch2/reporters/catch_reporter_registrars.cpp.obj
[189/650] Building CXX object _deps/catch2-build/src/CMakeFiles/Catch2.dir/catch2/reporters/catch_reporter_json.cpp.obj
[190/650] Building CXX object src/renderer/CMakeFiles/bettercad_renderer.dir/occt/OcctViewer.cpp.obj
[191/650] Building CXX object _deps/catch2-build/src/CMakeFiles/Catch2.dir/catch2/reporters/catch_reporter_junit.cpp.obj
[192/650] Building CXX object _deps/catch2-build/src/CMakeFiles/Catch2.dir/catch2/reporters/catch_reporter_multi.cpp.obj
[193/650] Building CXX object _deps/catch2-build/src/CMakeFiles/Catch2.dir/catch2/reporters/catch_reporter_streaming_base.cpp.obj
[194/650] Building CXX object _deps/catch2-build/src/CMakeFiles/Catch2.dir/catch2/reporters/catch_reporter_sonarqube.cpp.obj
[195/650] Building CXX object _deps/catch2-build/src/CMakeFiles/Catch2.dir/catch2/reporters/catch_reporter_tap.cpp.obj
[196/650] Building CXX object _deps/catch2-build/src/CMakeFiles/Catch2.dir/catch2/interfaces/catch_interfaces_capture.cpp.obj
[197/650] Building CXX object _deps/catch2-build/src/CMakeFiles/Catch2.dir/catch2/reporters/catch_reporter_teamcity.cpp.obj
[198/650] Building CXX object _deps/catch2-build/src/CMakeFiles/Catch2.dir/catch2/reporters/catch_reporter_xml.cpp.obj
[199/650] Building CXX object _deps/catch2-build/src/CMakeFiles/Catch2.dir/catch2/interfaces/catch_interfaces_exception.cpp.obj
[200/650] Building CXX object _deps/catch2-build/src/CMakeFiles/Catch2.dir/catch2/interfaces/catch_interfaces_registry_hub.cpp.obj
[201/650] Building CXX object _deps/catch2-build/src/CMakeFiles/Catch2.dir/catch2/interfaces/catch_interfaces_testcase.cpp.obj
[202/650] Building CXX object _deps/catch2-build/src/CMakeFiles/Catch2.dir/catch2/interfaces/catch_interfaces_reporter_factory.cpp.obj
[203/650] Building CXX object _deps/catch2-build/src/CMakeFiles/Catch2.dir/catch2/interfaces/catch_interfaces_config.cpp.obj
[204/650] Building CXX object _deps/catch2-build/src/CMakeFiles/Catch2.dir/catch2/interfaces/catch_interfaces_generatortracker.cpp.obj
[205/650] Building CXX object _deps/catch2-build/src/CMakeFiles/Catch2.dir/catch2/interfaces/catch_interfaces_reporter.cpp.obj
[206/650] Building CXX object _deps/catch2-build/src/CMakeFiles/Catch2.dir/catch2/catch_approx.cpp.obj
[207/650] Building CXX object _deps/catch2-build/src/CMakeFiles/Catch2.dir/catch2/catch_assertion_result.cpp.obj
[208/650] Building CXX object _deps/catch2-build/src/CMakeFiles/Catch2.dir/catch2/catch_tag_alias_autoregistrar.cpp.obj
[209/650] Building CXX object _deps/catch2-build/src/CMakeFiles/Catch2.dir/catch2/catch_get_random_seed.cpp.obj
[210/650] Building CXX object _deps/catch2-build/src/CMakeFiles/Catch2.dir/catch2/catch_config.cpp.obj
[211/650] Building CXX object _deps/catch2-build/src/CMakeFiles/Catch2.dir/catch2/catch_message.cpp.obj
[212/650] Building CXX object _deps/catch2-build/src/CMakeFiles/Catch2.dir/catch2/catch_registry_hub.cpp.obj
[213/650] Building CXX object _deps/catch2-build/src/CMakeFiles/Catch2.dir/catch2/catch_totals.cpp.obj
[214/650] Building CXX object _deps/catch2-build/src/CMakeFiles/Catch2.dir/catch2/catch_translate_exception.cpp.obj
[215/650] Building CXX object _deps/catch2-build/src/CMakeFiles/Catch2.dir/catch2/catch_test_case_info.cpp.obj
[216/650] Building CXX object _deps/catch2-build/src/CMakeFiles/Catch2.dir/catch2/catch_test_spec.cpp.obj
[217/650] Building CXX object _deps/catch2-build/src/CMakeFiles/Catch2.dir/catch2/catch_timer.cpp.obj
[218/650] Building CXX object _deps/catch2-build/src/CMakeFiles/Catch2.dir/catch2/catch_tostring.cpp.obj
[219/650] Building CXX object _deps/catch2-build/src/CMakeFiles/Catch2.dir/catch2/internal/catch_case_insensitive_comparisons.cpp.obj
[220/650] Building CXX object _deps/catch2-build/src/CMakeFiles/Catch2.dir/catch2/catch_version.cpp.obj
[221/650] Building CXX object _deps/catch2-build/src/CMakeFiles/Catch2.dir/catch2/internal/catch_context.cpp.obj
[222/650] Building CXX object _deps/catch2-build/src/CMakeFiles/Catch2.dir/catch2/internal/catch_assertion_handler.cpp.obj
[223/650] Building CXX object _deps/catch2-build/src/CMakeFiles/Catch2.dir/catch2/internal/catch_debugger.cpp.obj
[224/650] Building CXX object _deps/catch2-build/src/CMakeFiles/Catch2.dir/catch2/catch_session.cpp.obj
[225/650] Building CXX object _deps/catch2-build/src/CMakeFiles/Catch2.dir/catch2/internal/catch_clara.cpp.obj
[226/650] Building CXX object _deps/catch2-build/src/CMakeFiles/Catch2.dir/catch2/internal/catch_enforce.cpp.obj
[227/650] Building CXX object _deps/catch2-build/src/CMakeFiles/Catch2.dir/catch2/internal/catch_errno_guard.cpp.obj
[228/650] Building CXX object _deps/catch2-build/src/CMakeFiles/Catch2.dir/catch2/internal/catch_decomposer.cpp.obj
[229/650] Building CXX object _deps/catch2-build/src/CMakeFiles/Catch2.dir/catch2/internal/catch_debug_console.cpp.obj
[230/650] Building CXX object _deps/catch2-build/src/CMakeFiles/Catch2.dir/catch2/internal/catch_console_colour.cpp.obj
[231/650] Building CXX object _deps/catch2-build/src/CMakeFiles/Catch2.dir/catch2/internal/catch_enum_info.cpp.obj
[232/650] Building CXX object _deps/catch2-build/src/CMakeFiles/Catch2.dir/catch2/internal/catch_getenv.cpp.obj
[233/650] Building CXX object _deps/catch2-build/src/CMakeFiles/Catch2.dir/catch2/internal/catch_floating_point_helpers.cpp.obj
[234/650] Building CXX object _deps/catch2-build/src/CMakeFiles/Catch2.dir/catch2/internal/catch_exception_translator_registry.cpp.obj
[235/650] Building CXX object _deps/catch2-build/src/CMakeFiles/Catch2.dir/catch2/internal/catch_commandline.cpp.obj
[236/650] Building CXX object _deps/catch2-build/src/CMakeFiles/Catch2.dir/catch2/internal/catch_istream.cpp.obj
[237/650] Building CXX object _deps/catch2-build/src/CMakeFiles/Catch2.dir/catch2/internal/catch_leak_detector.cpp.obj
[238/650] Building CXX object _deps/catch2-build/src/CMakeFiles/Catch2.dir/catch2/internal/catch_jsonwriter.cpp.obj
[239/650] Building CXX object _deps/catch2-build/src/CMakeFiles/Catch2.dir/catch2/internal/catch_lazy_expr.cpp.obj
[240/650] Building CXX object _deps/catch2-build/src/CMakeFiles/Catch2.dir/catch2/internal/catch_message_info.cpp.obj
[241/650] Building CXX object _deps/catch2-build/src/CMakeFiles/Catch2.dir/catch2/internal/catch_fatal_condition_handler.cpp.obj
[242/650] Building CXX object _deps/catch2-build/src/CMakeFiles/Catch2.dir/catch2/internal/catch_random_number_generator.cpp.obj
[243/650] Building CXX object _deps/catch2-build/src/CMakeFiles/Catch2.dir/catch2/internal/catch_polyfills.cpp.obj
[244/650] Building CXX object _deps/catch2-build/src/CMakeFiles/Catch2.dir/catch2/internal/catch_parse_numbers.cpp.obj
[245/650] Building CXX object _deps/catch2-build/src/CMakeFiles/Catch2.dir/catch2/internal/catch_output_redirect.cpp.obj
[246/650] Building CXX object _deps/catch2-build/src/CMakeFiles/Catch2.dir/catch2/internal/catch_list.cpp.obj
[247/650] Building CXX object _deps/catch2-build/src/CMakeFiles/Catch2.dir/catch2/internal/catch_random_seed_generation.cpp.obj
[248/650] Building CXX object _deps/catch2-build/src/CMakeFiles/Catch2.dir/catch2/internal/catch_reusable_string_stream.cpp.obj
[249/650] Building CXX object _deps/catch2-build/src/CMakeFiles/Catch2.dir/catch2/internal/catch_section.cpp.obj
[250/650] Building CXX object _deps/catch2-build/src/CMakeFiles/Catch2.dir/catch2/internal/catch_singletons.cpp.obj
[251/650] Building CXX object _deps/catch2-build/src/CMakeFiles/Catch2.dir/catch2/internal/catch_reporter_spec_parser.cpp.obj
[252/650] Building CXX object _deps/catch2-build/src/CMakeFiles/Catch2.dir/catch2/internal/catch_startup_exception_registry.cpp.obj
[253/650] Building CXX object _deps/catch2-build/src/CMakeFiles/Catch2.dir/catch2/internal/catch_reporter_registry.cpp.obj
[254/650] Building CXX object _deps/catch2-build/src/CMakeFiles/Catch2.dir/catch2/internal/catch_source_line_info.cpp.obj
[255/650] Building CXX object _deps/catch2-build/src/CMakeFiles/Catch2.dir/catch2/internal/catch_stdstreams.cpp.obj
[256/650] Building CXX object _deps/catch2-build/src/CMakeFiles/Catch2.dir/catch2/internal/catch_run_context.cpp.obj
[257/650] Building CXX object _deps/catch2-build/src/CMakeFiles/Catch2.dir/catch2/internal/catch_test_case_info_hasher.cpp.obj
[258/650] Building CXX object _deps/catch2-build/src/CMakeFiles/Catch2.dir/catch2/internal/catch_string_manip.cpp.obj
[259/650] Building CXX object _deps/catch2-build/src/CMakeFiles/Catch2.dir/catch2/internal/catch_stringref.cpp.obj
[260/650] Building CXX object _deps/catch2-build/src/CMakeFiles/Catch2.dir/catch2/internal/catch_tag_alias_registry.cpp.obj
[261/650] Building CXX object _deps/catch2-build/src/CMakeFiles/Catch2.dir/catch2/internal/catch_test_registry.cpp.obj
[262/650] Building CXX object _deps/catch2-build/src/CMakeFiles/Catch2.dir/catch2/internal/catch_test_failure_exception.cpp.obj
[263/650] Building CXX object _deps/catch2-build/src/CMakeFiles/Catch2.dir/catch2/internal/catch_uncaught_exceptions.cpp.obj
[264/650] Building CXX object _deps/catch2-build/src/CMakeFiles/Catch2.dir/catch2/internal/catch_test_spec_parser.cpp.obj
[265/650] Building CXX object _deps/catch2-build/src/CMakeFiles/Catch2.dir/catch2/internal/catch_test_case_tracker.cpp.obj
[266/650] Building CXX object _deps/catch2-build/src/CMakeFiles/Catch2.dir/catch2/internal/catch_test_case_registry_impl.cpp.obj
[267/650] Building CXX object _deps/catch2-build/src/CMakeFiles/Catch2.dir/catch2/internal/catch_textflow.cpp.obj
[268/650] Building CXX object _deps/catch2-build/src/CMakeFiles/Catch2.dir/catch2/internal/catch_wildcard_pattern.cpp.obj
[269/650] Building CXX object _deps/catch2-build/src/CMakeFiles/Catch2.dir/catch2/internal/catch_xmlwriter.cpp.obj
[270/650] Building CXX object _deps/catch2-build/src/CMakeFiles/Catch2.dir/catch2/matchers/catch_matchers.cpp.obj
[271/650] Building CXX object _deps/catch2-build/src/CMakeFiles/Catch2.dir/catch2/matchers/catch_matchers_container_properties.cpp.obj
[272/650] Building CXX object _deps/catch2-build/src/CMakeFiles/Catch2.dir/catch2/matchers/catch_matchers_exception.cpp.obj
[273/650] Building CXX object _deps/catch2-build/src/CMakeFiles/Catch2.dir/catch2/matchers/catch_matchers_predicate.cpp.obj
[274/650] Building CXX object _deps/catch2-build/src/CMakeFiles/Catch2.dir/catch2/matchers/catch_matchers_quantifiers.cpp.obj
[275/650] Building CXX object _deps/catch2-build/src/CMakeFiles/Catch2.dir/catch2/matchers/catch_matchers_floating_point.cpp.obj
[276/650] Building CXX object _deps/catch2-build/src/CMakeFiles/Catch2.dir/catch2/matchers/catch_matchers_templated.cpp.obj
[277/650] Linking CXX static library lib\libbettercad_drawing.a
[278/650] Building CXX object _deps/catch2-build/src/CMakeFiles/Catch2.dir/catch2/matchers/internal/catch_matchers_impl.cpp.obj
[279/650] Building CXX object src/io/CMakeFiles/bettercad_io.dir/FileIo.cpp.obj
[280/650] Building CXX object src/io/CMakeFiles/bettercad_io.dir/StlWriter.cpp.obj
[281/650] Building CXX object _deps/catch2-build/src/CMakeFiles/Catch2.dir/catch2/matchers/catch_matchers_string.cpp.obj
[282/650] Building CXX object src/io/CMakeFiles/bettercad_io.dir/DocumentFile.cpp.obj
[283/650] Building CXX object src/io/CMakeFiles/bettercad_io.dir/DxfWriter.cpp.obj
[284/650] Building CXX object src/io/CMakeFiles/bettercad_io.dir/ModelExport.cpp.obj
[285/650] Building CXX object src/io/CMakeFiles/bettercad_io.dir/PdfWriter.cpp.obj
[286/650] Building CXX object src/io/CMakeFiles/bettercad_io.dir/SvgWriter.cpp.obj
[287/650] Building CXX object src/io/CMakeFiles/bettercad_io.dir/json/BooleanJson.cpp.obj
[288/650] Building CXX object src/io/CMakeFiles/bettercad_io.dir/json/ComponentJson.cpp.obj
[289/650] Building CXX object src/io/CMakeFiles/bettercad_io.dir/json/AnnotationJson.cpp.obj
[290/650] Building CXX object src/io/CMakeFiles/bettercad_io.dir/json/SheetJson.cpp.obj
[291/650] Building CXX object src/io/CMakeFiles/bettercad_io.dir/json/DimensionJson.cpp.obj
[292/650] Building CXX object src/io/CMakeFiles/bettercad_io.dir/json/ViewJson.cpp.obj
[293/650] Building CXX object src/io/CMakeFiles/bettercad_io.dir/json/MeshControlJson.cpp.obj
[294/650] Building CXX object src/io/CMakeFiles/bettercad_io.dir/json/MaterialJson.cpp.obj
[295/650] Building CXX object src/io/CMakeFiles/bettercad_io.dir/json/MateJson.cpp.obj
[296/650] Building CXX object src/io/CMakeFiles/bettercad_io.dir/json/DraftJson.cpp.obj
[297/650] Building CXX object src/io/CMakeFiles/bettercad_io.dir/json/DatumJson.cpp.obj
[298/650] Building CXX object src/io/CMakeFiles/bettercad_io.dir/json/DocumentJson.cpp.obj
[299/650] Building CXX object src/io/CMakeFiles/bettercad_io.dir/json/HoleStandardsJson.cpp.obj
[300/650] Building CXX object src/io/CMakeFiles/bettercad_io.dir/json/ParameterJson.cpp.obj
[301/650] Building CXX object src/io/CMakeFiles/bettercad_io.dir/json/JsonReader.cpp.obj
[302/650] Linking CXX static library lib\libbettercad_renderer.a
[303/650] Linking CXX static library lib\libCatch2d.a
[304/650] Building CXX object src/io/CMakeFiles/bettercad_io.dir/json/RibJson.cpp.obj
[305/650] Building CXX object src/io/CMakeFiles/bettercad_io.dir/json/FeatureJson.cpp.obj
[306/650] Building CXX object _deps/catch2-build/src/CMakeFiles/Catch2WithMain.dir/catch2/internal/catch_main.cpp.obj
[307/650] Building CXX object src/io/CMakeFiles/bettercad_io.dir/json/ShellJson.cpp.obj
[308/650] Building CXX object src/structural/CMakeFiles/bettercad_structural.dir/StructuralData.cpp.obj
[309/650] Building CXX object src/io/CMakeFiles/bettercad_io.dir/json/VariableFilletJson.cpp.obj
[310/650] Building CXX object src/structural/CMakeFiles/bettercad_structural.dir/StructuralAnalysisObject.cpp.obj
[311/650] Building CXX object src/structural/CMakeFiles/bettercad_structural.dir/StructuralAnalysis.cpp.obj
[312/650] Building CXX object src/io/CMakeFiles/bettercad_io.dir/json/SketchJson.cpp.obj
[313/650] Building CXX object src/structural/CMakeFiles/bettercad_structural.dir/StructuralTarget.cpp.obj
[314/650] Building CXX object src/structural/CMakeFiles/bettercad_structural.dir/StructuralMaterial.cpp.obj
[315/650] Building CXX object src/structural/CMakeFiles/bettercad_structural.dir/StructuralDof.cpp.obj
[316/650] Building CXX object src/structural/CMakeFiles/bettercad_structural.dir/StructuralResult.cpp.obj
[317/650] Building CXX object src/structural/CMakeFiles/bettercad_structural.dir/StructuralLoad.cpp.obj
[318/650] Linking CXX static library lib\libbettercad_io.a
[319/650] Building CXX object src/structural/CMakeFiles/bettercad_structural.dir/StructuralConstraints.cpp.obj
[320/650] Building CXX object src/structural/CMakeFiles/bettercad_structural.dir/Tet4Element.cpp.obj
[321/650] Building CXX object src/structural/CMakeFiles/bettercad_structural.dir/StructuralSystem.cpp.obj
[322/650] Building CXX object apps/bettercad_cli/CMakeFiles/bettercad_cli_lib.dir/Arguments.cpp.obj
[323/650] Building CXX object src/structural/CMakeFiles/bettercad_structural.dir/StructuralSolve.cpp.obj
[324/650] Building CXX object apps/bettercad_cli/CMakeFiles/bettercad_cli_lib.dir/AssemblyEdits.cpp.obj
[325/650] Building CXX object apps/bettercad_cli/CMakeFiles/bettercad_cli_lib.dir/Cli.cpp.obj
[326/650] Building CXX object apps/bettercad_cli/CMakeFiles/bettercad_cli_lib.dir/BatchCommand.cpp.obj
[327/650] Building CXX object apps/bettercad_cli/CMakeFiles/bettercad_cli_lib.dir/AssemblyReports.cpp.obj
[328/650] Building CXX object apps/bettercad_cli/CMakeFiles/bettercad_cli_lib.dir/EditRegistry.cpp.obj
[329/650] Building CXX object apps/bettercad_cli/CMakeFiles/bettercad_cli_lib.dir/DocumentCommands.cpp.obj
[330/650] Building CXX object apps/bettercad_cli/CMakeFiles/bettercad_cli_lib.dir/ExportCommands.cpp.obj
[331/650] Building CXX object apps/bettercad_cli/CMakeFiles/bettercad_cli_lib.dir/DrawingExportCommands.cpp.obj
[332/650] Building CXX object apps/bettercad_cli/CMakeFiles/bettercad_cli_lib.dir/DrawingEdits.cpp.obj
[333/650] Building CXX object apps/bettercad_cli/CMakeFiles/bettercad_cli_lib.dir/DrawingReports.cpp.obj
[334/650] Building CXX object apps/bettercad_cli/CMakeFiles/bettercad_cli_lib.dir/MaterialEdits.cpp.obj
[335/650] Building CXX object apps/bettercad_cli/CMakeFiles/bettercad_cli_lib.dir/MaterialReports.cpp.obj
[336/650] Building CXX object apps/bettercad_cli/CMakeFiles/bettercad_cli_lib.dir/MaterialVocabulary.cpp.obj
[337/650] Automatic MOC for target bettercad
[338/650] Building CXX object apps/bettercad_cli/CMakeFiles/bettercad_cli_lib.dir/MeshingEdits.cpp.obj
[339/650] Building CXX object apps/bettercad_cli/CMakeFiles/bettercad_cli_lib.dir/Selectors.cpp.obj
[340/650] Building CXX object apps/bettercad_cli/CMakeFiles/bettercad_cli_lib.dir/MeshingReports.cpp.obj
[341/650] Building CXX object examples/reference_models/CMakeFiles/bettercad_reference_models.dir/AssemblyCatalog.cpp.obj
[342/650] Building CXX object examples/reference_models/CMakeFiles/bettercad_reference_models.dir/AssemblyBasic.cpp.obj
[343/650] Building CXX object examples/reference_models/CMakeFiles/bettercad_reference_models.dir/AssemblyConfigured.cpp.obj
[344/650] Building CXX object examples/reference_models/CMakeFiles/bettercad_reference_models.dir/AssemblyJoints.cpp.obj
[345/650] Building CXX object examples/reference_models/CMakeFiles/bettercad_reference_models.dir/AssemblyDriven.cpp.obj
[346/650] Building CXX object examples/reference_models/CMakeFiles/bettercad_reference_models.dir/AssemblyParts.cpp.obj
[347/650] Building CXX object examples/reference_models/CMakeFiles/bettercad_reference_models.dir/Catalog.cpp.obj
[348/650] Building CXX object examples/reference_models/CMakeFiles/bettercad_reference_models.dir/BearingHousing.cpp.obj
[349/650] Building CXX object examples/reference_models/CMakeFiles/bettercad_reference_models.dir/BuildSupport.cpp.obj
[350/650] Building CXX object examples/reference_models/CMakeFiles/bettercad_reference_models.dir/DrawingAngleBracket.cpp.obj
[351/650] Building CXX object examples/reference_models/CMakeFiles/bettercad_reference_models.dir/DrawingCatalog.cpp.obj
[352/650] Building CXX object examples/reference_models/CMakeFiles/bettercad_reference_models.dir/DrawingBoltedStack.cpp.obj
[353/650] Building CXX object examples/reference_models/CMakeFiles/bettercad_reference_models.dir/DrawingClampSet.cpp.obj
[354/650] Building CXX object examples/reference_models/CMakeFiles/bettercad_reference_models.dir/DrawingGuardedFrame.cpp.obj
[355/650] Building CXX object examples/reference_models/CMakeFiles/bettercad_reference_models.dir/DrawingPocketBlock.cpp.obj
[356/650] Building CXX object examples/reference_models/CMakeFiles/bettercad_reference_models.dir/DrawingStepPlate.cpp.obj
[357/650] Building CXX object examples/reference_models/CMakeFiles/bettercad_reference_models.dir/DrawingHolePlate.cpp.obj
[358/650] Building CXX object examples/reference_models/CMakeFiles/bettercad_reference_models.dir/DrawingToleranceBlock.cpp.obj
[359/650] Building CXX object examples/reference_models/CMakeFiles/bettercad_reference_models.dir/Fingerprint.cpp.obj
[360/650] Building CXX object examples/reference_models/CMakeFiles/bettercad_reference_models.dir/MaterialCatalog.cpp.obj
[361/650] Building CXX object examples/reference_models/CMakeFiles/bettercad_reference_models.dir/GearboxCover.cpp.obj
[362/650] Building CXX object examples/reference_models/CMakeFiles/bettercad_reference_models.dir/IndexPlate.cpp.obj
[363/650] Building CXX object examples/reference_models/CMakeFiles/bettercad_reference_models.dir/ManifoldTube.cpp.obj
[364/650] Building CXX object examples/reference_models/CMakeFiles/bettercad_reference_models.dir/MaterialModels.cpp.obj
[365/650] Building CXX object examples/reference_models/CMakeFiles/bettercad_reference_models.dir/MeshCatalog.cpp.obj
[366/650] Building CXX object examples/reference_models/CMakeFiles/bettercad_reference_models.dir/MotorMount.cpp.obj
[367/650] Building CXX object examples/reference_models/CMakeFiles/bettercad_reference_models.dir/Flange.cpp.obj
[368/650] Building CXX object examples/reference_models/CMakeFiles/bettercad_reference_models.dir/MeshModels.cpp.obj
[369/650] Building CXX object examples/reference_models/CMakeFiles/bettercad_reference_models.dir/MountingBracket.cpp.obj
[370/650] Building CXX object examples/reference_models/CMakeFiles/bettercad_reference_models.dir/Pulley.cpp.obj
[371/650] Linking CXX static library lib\libCatch2Maind.a
[372/650] Linking CXX static library lib\libbettercad_structural.a
[373/650] Building CXX object examples/reference_models/CMakeFiles/bettercad_reference_models.dir/RibbedBracket.cpp.obj
[374/650] Linking CXX static library lib\libbettercad_cli_lib.a
[375/650] Building CXX object examples/reference_models/CMakeFiles/bettercad_reference_models.dir/Shaft.cpp.obj
[376/650] Building CXX object tests/CMakeFiles/bettercad_test_occt.dir/support/occt/StepReadBack.cpp.obj
[377/650] Building CXX object examples/reference_models/CMakeFiles/bettercad_reference_models.dir/TransitionDuct.cpp.obj
[378/650] Building CXX object examples/reference_models/CMakeFiles/bettercad_reference_models.dir/UBolt.cpp.obj
[379/650] Building CXX object apps/bettercad_cli/CMakeFiles/bettercad_cli.dir/main.cpp.obj
[380/650] Building CXX object examples/CMakeFiles/bettercad_example_geometry_accuracy.dir/geometry_accuracy/main.cpp.obj
[381/650] Linking CXX static library lib\libbettercad_reference_models.a
[382/650] Building CXX object apps/bettercad/CMakeFiles/bettercad.dir/ViewportWidget.cpp.obj
[383/650] Building CXX object apps/bettercad/CMakeFiles/bettercad.dir/bettercad_autogen/mocs_compilation.cpp.obj
[384/650] Linking CXX static library lib\libbettercad_test_occt.a
[385/650] Building CXX object apps/bettercad/CMakeFiles/bettercad.dir/MeshInspectorPanel.cpp.obj
[386/650] Building CXX object apps/bettercad/CMakeFiles/bettercad.dir/MainWindow.cpp.obj
[387/650] Building CXX object apps/bettercad/CMakeFiles/bettercad.dir/main.cpp.obj
[388/650] Building CXX object examples/reference_models/CMakeFiles/bettercad_example_reference_models.dir/main.cpp.obj
[389/650] Building CXX object tests/CMakeFiles/bettercad_tests.dir/assembly/CommandTests.cpp.obj
[390/650] Building CXX object tests/CMakeFiles/bettercad_tests.dir/renderer/MeshDisplayTests.cpp.obj
[391/650] Building CXX object tests/CMakeFiles/bettercad_tests.dir/renderer/MeshSceneTests.cpp.obj
[392/650] Building CXX object tests/CMakeFiles/bettercad_tests.dir/meshing/GeometryMeshMapTests.cpp.obj
[393/650] Building CXX object tests/CMakeFiles/bettercad_tests.dir/renderer/MeshInspectionTests.cpp.obj
[394/650] Building CXX object tests/CMakeFiles/bettercad_tests.dir/renderer/MeshViewTests.cpp.obj
[395/650] Building CXX object tests/CMakeFiles/bettercad_tests.dir/renderer/ViewerTests.cpp.obj
[396/650] Building CXX object tests/CMakeFiles/bettercad_tests.dir/meshing/MeshDataTests.cpp.obj
[397/650] Building CXX object tests/CMakeFiles/bettercad_tests.dir/meshing/GeometryPreparationTests.cpp.obj
[398/650] Building CXX object tests/CMakeFiles/bettercad_tests.dir/meshing/NetgenVolumeBackendTests.cpp.obj
[399/650] Building CXX object tests/CMakeFiles/bettercad_tests.dir/meshing/MeshControlTests.cpp.obj
[400/650] Building CXX object tests/CMakeFiles/bettercad_tests.dir/meshing/MeshQualityTests.cpp.obj
[401/650] Building CXX object tests/CMakeFiles/bettercad_tests.dir/meshing/MeshingCommandTests.cpp.obj
[402/650] Building CXX object tests/CMakeFiles/bettercad_tests.dir/meshing/VolumeBackendTests.cpp.obj
[403/650] Building CXX object tests/CMakeFiles/bettercad_tests.dir/meshing/MeshSizingTests.cpp.obj
[404/650] Building CXX object tests/CMakeFiles/bettercad_tests.dir/meshing/SurfaceMeshTests.cpp.obj
[405/650] Building CXX object tests/CMakeFiles/bettercad_tests.dir/meshing/TetValidationTests.cpp.obj
[406/650] Building CXX object tests/CMakeFiles/bettercad_tests.dir/structural/StructuralAnalysisBoundaryTests.cpp.obj
[407/650] Building CXX object tests/CMakeFiles/bettercad_tests.dir/meshing/VolumeMeshTests.cpp.obj
[408/650] Building CXX object tests/CMakeFiles/bettercad_tests.dir/structural/StructuralDataTests.cpp.obj
[409/650] Building CXX object tests/CMakeFiles/bettercad_tests.dir/structural/StructuralMaterialTests.cpp.obj
[410/650] Building CXX object tests/CMakeFiles/bettercad_tests.dir/structural/StructuralDofTests.cpp.obj
[411/650] Building CXX object tests/CMakeFiles/bettercad_tests.dir/structural/StructuralBCTests.cpp.obj
[412/650] Building CXX object tests/CMakeFiles/bettercad_tests.dir/structural/StructuralSolveTests.cpp.obj
[413/650] Building CXX object tests/CMakeFiles/bettercad_tests.dir/structural/StructuralLoadTests.cpp.obj
[414/650] Building CXX object tests/CMakeFiles/bettercad_tests.dir/drawing/AnnotationTests.cpp.obj
[415/650] Building CXX object tests/CMakeFiles/bettercad_tests.dir/drawing/AssemblyDrawingTests.cpp.obj
[416/650] Building CXX object tests/CMakeFiles/bettercad_tests.dir/drawing/BomTests.cpp.obj
[417/650] Building CXX object tests/CMakeFiles/bettercad_tests.dir/drawing/StableReferenceTests.cpp.obj
[418/650] Building CXX object tests/CMakeFiles/bettercad_tests.dir/drawing/DrawingPersistenceTests.cpp.obj
[419/650] Building CXX object tests/CMakeFiles/bettercad_tests.dir/drawing/DrawingCommandTests.cpp.obj
[420/650] Building CXX object tests/CMakeFiles/bettercad_tests.dir/drawing/Section2dTests.cpp.obj
[421/650] Building CXX object tests/CMakeFiles/bettercad_tests.dir/structural/StructuralSystemTests.cpp.obj
[422/650] Building CXX object tests/CMakeFiles/bettercad_tests.dir/drawing/DrawingRegenerationTests.cpp.obj
[423/650] Building CXX object tests/CMakeFiles/bettercad_tests.dir/drawing/SectionGeometryTests.cpp.obj
[424/650] Building CXX object tests/CMakeFiles/bettercad_tests.dir/drawing/HiddenLineViewTests.cpp.obj
[425/650] Building CXX object tests/CMakeFiles/bettercad_tests.dir/drawing/DimensionTests.cpp.obj
[426/650] Building CXX object tests/CMakeFiles/bettercad_tests.dir/structural/Tet4ElementTests.cpp.obj
[427/650] Building CXX object tests/CMakeFiles/bettercad_tests.dir/drawing/SheetFileTests.cpp.obj
[428/650] Building CXX object tests/CMakeFiles/bettercad_tests.dir/drawing/SheetTests.cpp.obj
[429/650] Building CXX object tests/CMakeFiles/bettercad_tests.dir/drawing/ViewProjectionTests.cpp.obj
[430/650] Building CXX object tests/CMakeFiles/bettercad_tests.dir/drawing/ViewAssemblyTests.cpp.obj
[431/650] Building CXX object tests/CMakeFiles/bettercad_tests.dir/drawing/ViewKindTests.cpp.obj
[432/650] Building CXX object tests/CMakeFiles/bettercad_tests.dir/assembly/ComponentFileTests.cpp.obj
[433/650] Building CXX object tests/CMakeFiles/bettercad_tests.dir/drawing/ViewTests.cpp.obj
[434/650] Building CXX object tests/CMakeFiles/bettercad_tests.dir/drawing/ToleranceTests.cpp.obj
[435/650] Building CXX object tests/CMakeFiles/bettercad_tests.dir/assembly/ComponentTests.cpp.obj
[436/650] Building CXX object tests/CMakeFiles/bettercad_tests.dir/assembly/ConfigurationTests.cpp.obj
[437/650] Building CXX object tests/CMakeFiles/bettercad_tests.dir/assembly/MateFileTests.cpp.obj
[438/650] Building CXX object tests/CMakeFiles/bettercad_tests.dir/assembly/MechanicalMateTests.cpp.obj
[439/650] Building CXX object tests/CMakeFiles/bettercad_tests.dir/assembly/MechanicalSolveTests.cpp.obj
[440/650] Building CXX object tests/CMakeFiles/bettercad_tests.dir/assembly/MateTests.cpp.obj
[441/650] Building CXX object tests/CMakeFiles/bettercad_tests.dir/assembly/SolverDerivativeTests.cpp.obj
[442/650] Building CXX object tests/CMakeFiles/bettercad_tests.dir/assembly/SolverTests.cpp.obj
[443/650] Building CXX object tests/CMakeFiles/bettercad_tests.dir/assembly/StableReferenceTests.cpp.obj
[444/650] Building CXX object tests/CMakeFiles/bettercad_tests.dir/assembly/ReferenceFileTests.cpp.obj
[445/650] Building CXX object tests/CMakeFiles/bettercad_tests.dir/assembly/RegenerationTests.cpp.obj
[446/650] Building CXX object tests/CMakeFiles/bettercad_tests.dir/assembly/ReferenceTests.cpp.obj
[447/650] Building CXX object tests/CMakeFiles/bettercad_tests.dir/core/BuildInfoTests.cpp.obj
[448/650] Building CXX object tests/CMakeFiles/bettercad_tests.dir/assembly/PlacementFileTests.cpp.obj
[449/650] Building CXX object tests/CMakeFiles/bettercad_tests.dir/assembly/PersistenceTests.cpp.obj
[450/650] Building CXX object tests/CMakeFiles/bettercad_tests.dir/core/UuidTests.cpp.obj
[451/650] Building CXX object tests/CMakeFiles/bettercad_tests.dir/assembly/PlacementTests.cpp.obj
[452/650] Building CXX object tests/CMakeFiles/bettercad_tests.dir/core/IdTests.cpp.obj
[453/650] Building CXX object tests/CMakeFiles/bettercad_tests.dir/core/document/CommandTests.cpp.obj
[454/650] Building CXX object tests/CMakeFiles/bettercad_tests.dir/core/geometry/BooleanTests.cpp.obj
[455/650] Building CXX object tests/CMakeFiles/bettercad_tests.dir/core/document/DependencyGraphTests.cpp.obj
[456/650] Building CXX object tests/CMakeFiles/bettercad_tests.dir/core/document/ConfigurationTests.cpp.obj
[457/650] Building CXX object tests/CMakeFiles/bettercad_tests.dir/core/document/DocumentTests.cpp.obj
[458/650] Building CXX object tests/CMakeFiles/bettercad_tests.dir/core/document/ParameterExpressionTests.cpp.obj
[459/650] Building CXX object tests/CMakeFiles/bettercad_tests.dir/core/geometry/ChamferTests.cpp.obj
[460/650] Building CXX object tests/CMakeFiles/bettercad_tests.dir/core/geometry/DraftTests.cpp.obj
[461/650] Building CXX object tests/CMakeFiles/bettercad_tests.dir/core/geometry/CurvedProfileTests.cpp.obj
[462/650] Building CXX object tests/CMakeFiles/bettercad_tests.dir/core/geometry/FilletTests.cpp.obj
[463/650] Building CXX object tests/CMakeFiles/bettercad_tests.dir/core/geometry/HiddenLineTests.cpp.obj
[464/650] Building CXX object tests/CMakeFiles/bettercad_tests.dir/core/geometry/FaceNameTests.cpp.obj
[465/650] Building CXX object tests/CMakeFiles/bettercad_tests.dir/core/geometry/HoleTests.cpp.obj
[466/650] Building CXX object tests/CMakeFiles/bettercad_tests.dir/core/geometry/LoftTests.cpp.obj
[467/650] Building CXX object tests/CMakeFiles/bettercad_tests.dir/core/geometry/LoftShapeTests.cpp.obj
[468/650] Building CXX object tests/CMakeFiles/bettercad_tests.dir/core/geometry/MeshTests.cpp.obj
[469/650] Building CXX object tests/CMakeFiles/bettercad_tests.dir/core/geometry/PropertyTests.cpp.obj
[470/650] Building CXX object tests/CMakeFiles/bettercad_tests.dir/core/geometry/PrimitiveTests.cpp.obj
[471/650] Building CXX object tests/CMakeFiles/bettercad_tests.dir/core/geometry/RibTests.cpp.obj
[472/650] Building CXX object tests/CMakeFiles/bettercad_tests.dir/core/geometry/SplitTests.cpp.obj
[473/650] Building CXX object tests/CMakeFiles/bettercad_tests.dir/core/geometry/RevolutionTests.cpp.obj
[474/650] Building CXX object tests/CMakeFiles/bettercad_tests.dir/core/geometry/SweepTests.cpp.obj
[475/650] Building CXX object tests/CMakeFiles/bettercad_tests.dir/core/geometry/ShellTests.cpp.obj
[476/650] Building CXX object tests/CMakeFiles/bettercad_tests.dir/core/geometry/VolumeSecondMomentsTests.cpp.obj
[477/650] Building CXX object tests/CMakeFiles/bettercad_tests.dir/core/geometry/SweptPathTests.cpp.obj
[478/650] Building CXX object tests/CMakeFiles/bettercad_tests.dir/core/geometry/VariableFilletTests.cpp.obj
[479/650] Building CXX object tests/CMakeFiles/bettercad_tests.dir/core/math/BSplineTests.cpp.obj
[480/650] Building CXX object tests/CMakeFiles/bettercad_tests.dir/core/geometry/TransformTests.cpp.obj
[481/650] Building CXX object tests/CMakeFiles/bettercad_tests.dir/core/math/FrameTests.cpp.obj
[482/650] Building CXX object tests/CMakeFiles/bettercad_tests.dir/core/math/RigidTransformTests.cpp.obj
[483/650] Building CXX object tests/CMakeFiles/bettercad_tests.dir/core/materials/MaterialLibraryTests.cpp.obj
[484/650] Building CXX object tests/CMakeFiles/bettercad_tests.dir/core/parameters/ParameterTests.cpp.obj
[485/650] Building CXX object tests/CMakeFiles/bettercad_tests.dir/core/parameters/ParameterTableTests.cpp.obj
[486/650] Building CXX object tests/CMakeFiles/bettercad_tests.dir/core/parameters/ExpressionTests.cpp.obj
[487/650] Building CXX object tests/CMakeFiles/bettercad_tests.dir/core/standards/HoleStandardsTests.cpp.obj
[488/650] Building CXX object tests/CMakeFiles/bettercad_tests.dir/core/materials/MechanicalPropertiesTests.cpp.obj
[489/650] Building CXX object tests/CMakeFiles/bettercad_tests.dir/core/units/ConversionTests.cpp.obj
[490/650] Building CXX object tests/CMakeFiles/bettercad_tests.dir/core/units/FormatAndCatalogTests.cpp.obj
[491/650] Building CXX object tests/CMakeFiles/bettercad_tests.dir/core/materials/ThermalPropertiesTests.cpp.obj
[492/650] Building CXX object tests/CMakeFiles/bettercad_tests.dir/core/units/QuantityTests.cpp.obj
[493/650] Building CXX object tests/CMakeFiles/bettercad_tests.dir/core/units/EngineeringQuantityTests.cpp.obj
[494/650] Building CXX object tests/CMakeFiles/bettercad_tests.dir/features/MassPropertiesTests.cpp.obj
[495/650] Building CXX object tests/CMakeFiles/bettercad_tests.dir/features/ChamferFeatureTests.cpp.obj
[496/650] Building CXX object tests/CMakeFiles/bettercad_tests.dir/features/CustomMaterialTests.cpp.obj
[497/650] Building CXX object tests/CMakeFiles/bettercad_tests.dir/features/MaterialCommandTests.cpp.obj
[498/650] Building CXX object tests/CMakeFiles/bettercad_tests.dir/features/MaterialAssignmentTests.cpp.obj
[499/650] Building CXX object tests/CMakeFiles/bettercad_tests.dir/features/ProvenanceTests.cpp.obj
[500/650] Building CXX object tests/CMakeFiles/bettercad_tests.dir/features/MaterialTests.cpp.obj
[501/650] Building CXX object tests/CMakeFiles/bettercad_tests.dir/features/DatumTests.cpp.obj
[502/650] Building CXX object tests/CMakeFiles/bettercad_tests.dir/features/FaceReferenceTests.cpp.obj
[503/650] Building CXX object tests/CMakeFiles/bettercad_tests.dir/features/DraftFeatureTests.cpp.obj
[504/650] Building CXX object tests/CMakeFiles/bettercad_tests.dir/features/ThroughAllExtrudeTests.cpp.obj
[505/650] Building CXX object tests/CMakeFiles/bettercad_tests.dir/features/SketchOnFaceTests.cpp.obj
[506/650] Building CXX object tests/CMakeFiles/bettercad_tests.dir/features/BodyOpsTests.cpp.obj
[507/650] Building CXX object tests/CMakeFiles/bettercad_tests.dir/features/ExtrudeTests.cpp.obj
[508/650] Building CXX object tests/CMakeFiles/bettercad_tests.dir/features/ExpressionRegenerationTests.cpp.obj
[509/650] Building CXX object tests/CMakeFiles/bettercad_tests.dir/features/CircularPatternFeatureTests.cpp.obj
[510/650] Building CXX object tests/CMakeFiles/bettercad_tests.dir/features/ConfigurationFeatureTests.cpp.obj
[511/650] Building CXX object tests/CMakeFiles/bettercad_tests.dir/features/FilletFeatureTests.cpp.obj
[512/650] Building CXX object tests/CMakeFiles/bettercad_tests.dir/features/HoleStandardTests.cpp.obj
[513/650] Building CXX object tests/CMakeFiles/bettercad_tests.dir/features/HoleFeatureTests.cpp.obj
[514/650] Building CXX object tests/CMakeFiles/bettercad_tests.dir/features/LoftShapeFeatureTests.cpp.obj
[515/650] Building CXX object tests/CMakeFiles/bettercad_tests.dir/features/LinearPatternFeatureTests.cpp.obj
[516/650] Building CXX object tests/CMakeFiles/bettercad_tests.dir/features/LoftFeatureTests.cpp.obj
[517/650] Building CXX object tests/CMakeFiles/bettercad_tests.dir/features/MirrorFeatureTests.cpp.obj
[518/650] Building CXX object tests/CMakeFiles/bettercad_tests.dir/features/ProfileTests.cpp.obj
[519/650] Building CXX object tests/CMakeFiles/bettercad_tests.dir/features/PatternNestingTests.cpp.obj
[520/650] Building CXX object tests/CMakeFiles/bettercad_tests.dir/features/PatternDistributionTests.cpp.obj
[521/650] Building CXX object tests/CMakeFiles/bettercad_tests.dir/features/SpatialSweepTests.cpp.obj
[522/650] Building CXX object tests/CMakeFiles/bettercad_tests.dir/features/RegenerationTests.cpp.obj
[523/650] Building CXX object tests/CMakeFiles/bettercad_tests.dir/features/RegeneratorTests.cpp.obj
[524/650] Building CXX object tests/CMakeFiles/bettercad_tests.dir/features/SweepFeatureTests.cpp.obj
[525/650] Building CXX object tests/CMakeFiles/bettercad_tests.dir/features/RevolveTests.cpp.obj
[526/650] Building CXX object tests/CMakeFiles/bettercad_tests.dir/features/RibFeatureTests.cpp.obj
[527/650] Building CXX object tests/CMakeFiles/bettercad_tests.dir/features/VariableFilletFeatureTests.cpp.obj
[528/650] Building CXX object tests/CMakeFiles/bettercad_tests.dir/features/ShellFeatureTests.cpp.obj
[529/650] Building CXX object tests/CMakeFiles/bettercad_tests.dir/features/ValidationTests.cpp.obj
[530/650] Building CXX object tests/CMakeFiles/bettercad_tests.dir/io/CircularPatternFileTests.cpp.obj
[531/650] Building CXX object tests/CMakeFiles/bettercad_tests.dir/io/DatumFileTests.cpp.obj
[532/650] Building CXX object tests/CMakeFiles/bettercad_tests.dir/io/ConfigurationFileTests.cpp.obj
[533/650] Building CXX object tests/CMakeFiles/bettercad_tests.dir/io/ChamferFileTests.cpp.obj
[534/650] Building CXX object tests/CMakeFiles/bettercad_tests.dir/io/FaceReferenceFileTests.cpp.obj
[535/650] Building CXX object tests/CMakeFiles/bettercad_tests.dir/io/FaceKindFileTests.cpp.obj
[536/650] Building CXX object tests/CMakeFiles/bettercad_tests.dir/io/ThroughAllFileTests.cpp.obj
[537/650] Building CXX object tests/CMakeFiles/bettercad_tests.dir/io/BodyOpsFileTests.cpp.obj
[538/650] Building CXX object tests/CMakeFiles/bettercad_tests.dir/io/DocumentFileTests.cpp.obj
[539/650] Building CXX object tests/CMakeFiles/bettercad_tests.dir/io/DrawingExportTests.cpp.obj
[540/650] Building CXX object tests/CMakeFiles/bettercad_tests.dir/io/ExampleModelTests.cpp.obj
[541/650] Building CXX object tests/CMakeFiles/bettercad_tests.dir/io/MaterialFileTests.cpp.obj
[542/650] Building CXX object tests/CMakeFiles/bettercad_tests.dir/io/DraftFileTests.cpp.obj
[543/650] Building CXX object tests/CMakeFiles/bettercad_tests.dir/io/MeshControlFileTests.cpp.obj
[544/650] Building CXX object tests/CMakeFiles/bettercad_tests.dir/io/ExpressionFileTests.cpp.obj
[545/650] Building CXX object tests/CMakeFiles/bettercad_tests.dir/io/FilletFileTests.cpp.obj
[546/650] Building CXX object tests/CMakeFiles/bettercad_tests.dir/io/HoleFileTests.cpp.obj
[547/650] Building CXX object tests/CMakeFiles/bettercad_tests.dir/io/HoleStandardFileTests.cpp.obj
[548/650] Building CXX object tests/CMakeFiles/bettercad_tests.dir/io/LinearPatternFileTests.cpp.obj
[549/650] Building CXX object tests/CMakeFiles/bettercad_tests.dir/io/ParameterJsonTests.cpp.obj
[550/650] Building CXX object tests/CMakeFiles/bettercad_tests.dir/io/LoftFileTests.cpp.obj
[551/650] Building CXX object tests/CMakeFiles/bettercad_tests.dir/io/MirrorFileTests.cpp.obj
[552/650] Building CXX object tests/CMakeFiles/bettercad_tests.dir/io/PatternInstanceFileTests.cpp.obj
[553/650] Building CXX object tests/CMakeFiles/bettercad_tests.dir/io/SpatialSweepFileTests.cpp.obj
[554/650] Building CXX object tests/CMakeFiles/bettercad_tests.dir/io/RevolveFileTests.cpp.obj
[555/650] Building CXX object tests/CMakeFiles/bettercad_tests.dir/io/SweepFileTests.cpp.obj
[556/650] Building CXX object tests/CMakeFiles/bettercad_tests.dir/io/RibFileTests.cpp.obj
[557/650] Building CXX object tests/CMakeFiles/bettercad_tests.dir/io/ShellFileTests.cpp.obj
[558/650] Building CXX object tests/CMakeFiles/bettercad_tests.dir/io/StepExportTests.cpp.obj
[559/650] Building CXX object tests/CMakeFiles/bettercad_tests.dir/io/VariableFilletFileTests.cpp.obj
[560/650] Building CXX object tests/CMakeFiles/bettercad_tests.dir/io/StlTests.cpp.obj
[561/650] Building CXX object tests/CMakeFiles/bettercad_tests.dir/sketch/AdvancedConstraintSolverTests.cpp.obj
[562/650] Building CXX object tests/CMakeFiles/bettercad_tests.dir/sketch/ConstraintTests.cpp.obj
[563/650] Building CXX object tests/CMakeFiles/bettercad_tests.dir/sketch/AdvancedConstraintDocumentTests.cpp.obj
[564/650] Building CXX object tests/CMakeFiles/bettercad_tests.dir/sketch/EllipseSplineTests.cpp.obj
[565/650] Building CXX object tests/CMakeFiles/bettercad_tests.dir/sketch/EllipseSplineDocumentTests.cpp.obj
[566/650] Building CXX object tests/CMakeFiles/bettercad_tests.dir/sketch/SketchDocumentTests.cpp.obj
[567/650] Building CXX object tests/CMakeFiles/bettercad_tests.dir/sketch/SketchTests.cpp.obj
[568/650] Building CXX object tests/CMakeFiles/bettercad_tests.dir/sketch/SolverTests.cpp.obj
[569/650] Building CXX object tests/CMakeFiles/bettercad_tests.dir/cli/ConfigurationCliTests.cpp.obj
[570/650] Building CXX object tests/CMakeFiles/bettercad_tests.dir/cli/DatumCliTests.cpp.obj
[571/650] Building CXX object tests/CMakeFiles/bettercad_tests.dir/cli/DraftCliTests.cpp.obj
[572/650] Building CXX object tests/CMakeFiles/bettercad_tests.dir/cli/CliTests.cpp.obj
[573/650] Building CXX object tests/CMakeFiles/bettercad_tests.dir/cli/FaceReferenceCliTests.cpp.obj
[574/650] Building CXX object tests/CMakeFiles/bettercad_tests.dir/cli/HoleStandardCliTests.cpp.obj
[575/650] Building CXX object tests/CMakeFiles/bettercad_tests.dir/cli/PatternInstanceCliTests.cpp.obj
[576/650] Building CXX object tests/CMakeFiles/bettercad_tests.dir/cli/ThroughAllCliTests.cpp.obj
[577/650] Building CXX object tests/CMakeFiles/bettercad_tests.dir/cli/BodyOpsCliTests.cpp.obj
[578/650] Building CXX object tests/CMakeFiles/bettercad_tests.dir/cli/RibCliTests.cpp.obj
[579/650] Building CXX object tests/CMakeFiles/bettercad_tests.dir/cli/VariableFilletCliTests.cpp.obj
[580/650] Building CXX object tests/CMakeFiles/bettercad_tests.dir/cli/ShellCliTests.cpp.obj
[581/650] Building CXX object tests/CMakeFiles/bettercad_tests.dir/cli/SpatialSweepCliTests.cpp.obj
[582/650] Building CXX object tests/CMakeFiles/bettercad_tests.dir/cli/SheetCliTests.cpp.obj
[583/650] Building CXX object tests/CMakeFiles/bettercad_tests.dir/cli/ExpressionCliTests.cpp.obj
[584/650] Building CXX object tests/CMakeFiles/bettercad_tests.dir/cli/ComponentCliTests.cpp.obj
[585/650] Building CXX object tests/CMakeFiles/bettercad_tests.dir/cli/AssemblyCliTests.cpp.obj
[586/650] Building CXX object tests/CMakeFiles/bettercad_tests.dir/cli/DrawingCliTests.cpp.obj
[587/650] Building CXX object tests/CMakeFiles/bettercad_tests.dir/cli/MaterialCliTests.cpp.obj
[588/650] Building CXX object tests/CMakeFiles/bettercad_tests.dir/reference/AssemblyWorkflowTests.cpp.obj
[589/650] Building CXX object tests/CMakeFiles/bettercad_tests.dir/cli/MeshingCliTests.cpp.obj
[590/650] Building CXX object tests/CMakeFiles/bettercad_tests.dir/io/AssemblyStepTests.cpp.obj
[591/650] Building CXX object tests/CMakeFiles/bettercad_tests.dir/reference/AllModelsTests.cpp.obj
[592/650] Building CXX object tests/CMakeFiles/bettercad_tests.dir/qualification/P16MeshingQualificationTests.cpp.obj
[593/650] Building CXX object tests/CMakeFiles/bettercad_tests.dir/qualification/P15MaterialsQualificationTests.cpp.obj
[594/650] Building CXX object tests/CMakeFiles/bettercad_tests.dir/reference/MaterialModelsTests.cpp.obj
[595/650] Building CXX object tests/CMakeFiles/bettercad_tests.dir/reference/StructuralDofReferenceTests.cpp.obj
[596/650] Building CXX object tests/CMakeFiles/bettercad_tests.dir/reference/MeshModelsTests.cpp.obj
[597/650] Building CXX object tests/CMakeFiles/bettercad_tests.dir/reference/StructuralBCReferenceTests.cpp.obj
[598/650] Building CXX object tests/CMakeFiles/bettercad_tests.dir/reference/StructuralSystemReferenceTests.cpp.obj
[599/650] Building CXX object tests/CMakeFiles/bettercad_tests.dir/reference/StructuralSolveReferenceTests.cpp.obj
[600/650] Building CXX object tests/CMakeFiles/bettercad_tests.dir/reference/StructuralLoadReferenceTests.cpp.obj
[601/650] Building CXX object tests/CMakeFiles/bettercad_tests.dir/reference/Tet4ElementReferenceTests.cpp.obj
[602/650] Building CXX object tests/CMakeFiles/bettercad_tests.dir/reference/AssemblyModelsTests.cpp.obj
[603/650] Building CXX object tests/CMakeFiles/bettercad_tests.dir/reference/DrawingStepPlateTests.cpp.obj
[604/650] Building CXX object tests/CMakeFiles/bettercad_tests.dir/reference/DrawingAngleBracketTests.cpp.obj
[605/650] Building CXX object tests/CMakeFiles/bettercad_tests.dir/reference/DrawingModelsTests.cpp.obj
[606/650] Building CXX object tests/CMakeFiles/bettercad_tests.dir/reference/DrawingPocketBlockTests.cpp.obj
[607/650] Building CXX object tests/CMakeFiles/bettercad_tests.dir/reference/DrawingHolePlateTests.cpp.obj
[608/650] Building CXX object tests/CMakeFiles/bettercad_tests.dir/reference/DrawingToleranceBlockTests.cpp.obj
[609/650] Building CXX object tests/CMakeFiles/bettercad_tests.dir/reference/DrawingClampSetTests.cpp.obj
[610/650] Building CXX object tests/CMakeFiles/bettercad_tests.dir/reference/DrawingBomTests.cpp.obj
[611/650] Building CXX object tests/CMakeFiles/bettercad_tests.dir/reference/FlangeTests.cpp.obj
[612/650] Building CXX object tests/CMakeFiles/bettercad_tests.dir/reference/DrawingEquivalenceTests.cpp.obj
[613/650] Building CXX object tests/CMakeFiles/bettercad_tests.dir/reference/GearboxCoverTests.cpp.obj
[614/650] Building CXX object tests/CMakeFiles/bettercad_tests.dir/reference/ManifoldTubeTests.cpp.obj
[615/650] Building CXX object tests/CMakeFiles/bettercad_tests.dir/reference/BearingHousingTests.cpp.obj
[616/650] Building CXX object tests/CMakeFiles/bettercad_tests.dir/reference/IndexPlateTests.cpp.obj
[617/650] Building CXX object tests/CMakeFiles/bettercad_tests.dir/reference/MotorMountTests.cpp.obj
[618/650] Building CXX object tests/CMakeFiles/bettercad_tests.dir/reference/P12ModelsTests.cpp.obj
[619/650] Building CXX object tests/CMakeFiles/bettercad_tests.dir/reference/MountingBracketTests.cpp.obj
[620/650] Building CXX object tests/CMakeFiles/bettercad_tests.dir/reference/PulleyTests.cpp.obj
[621/650] Building CXX object tests/CMakeFiles/bettercad_tests.dir/reference/RibbedBracketTests.cpp.obj
[622/650] Building CXX object tests/CMakeFiles/bettercad_tests.dir/reference/TransitionDuctTests.cpp.obj
[623/650] Linking CXX executable bin\bettercad_example_geometry_accuracy.exe
[624/650] Building CXX object tests/compile_fail/CMakeFiles/bettercad_cf_units_control.dir/UnitsMisuse.cpp.obj
[625/650] Building CXX object tests/CMakeFiles/bettercad_tests.dir/reference/ShaftTests.cpp.obj
[626/650] Building CXX object tests/compile_fail/CMakeFiles/bettercad_cf_mech_control.dir/MechanicalMisuse.cpp.obj
[627/650] Building CXX object tests/compile_fail/CMakeFiles/bettercad_cf_therm_control.dir/ThermalMisuse.cpp.obj
[628/650] Linking CXX executable bin\bettercad-cli.exe
[629/650] Building CXX object tests/CMakeFiles/bettercad_tests.dir/reference/UBoltTests.cpp.obj
[630/650] Building CXX object tests/compile_fail/CMakeFiles/bettercad_cf_assign_control.dir/AssignmentMisuse.cpp.obj
[631/650] Linking CXX executable bin\bettercad.exe; Deploying Qt runtime for bettercad
[632/650] Building CXX object tests/compile_fail/CMakeFiles/bettercad_cf_ids_control.dir/IdsMisuse.cpp.obj
[633/650] Building CXX object tests/compile_fail/CMakeFiles/bettercad_cf_massp_control.dir/MassMisuse.cpp.obj
[634/650] Building CXX object tests/compile_fail/CMakeFiles/bettercad_cf_custom_control.dir/CustomMaterialMisuse.cpp.obj
[635/650] Building CXX object tests/compile_fail/CMakeFiles/bettercad_cf_prov_control.dir/ProvenanceMisuse.cpp.obj
[636/650] Linking CXX executable bin\bettercad_example_reference_models.exe
[637/650] Building CXX object tests/compile_fail/CMakeFiles/bettercad_cf_meshids_control.dir/MeshIdsMisuse.cpp.obj
[638/650] Building CXX object tests/compile_fail/CMakeFiles/bettercad_cf_matcmd_control.dir/MaterialCommandMisuse.cpp.obj
[639/650] Building CXX object tests/compile_fail/CMakeFiles/bettercad_cf_meshquality_control.dir/MeshQualityMisuse.cpp.obj
[640/650] Building CXX object tests/compile_fail/CMakeFiles/bettercad_cf_volumemesh_control.dir/VolumeMeshMisuse.cpp.obj
[641/650] Building CXX object tests/compile_fail/CMakeFiles/bettercad_cf_meshview_control.dir/MeshViewMisuse.cpp.obj
[642/650] Building CXX object tests/compile_fail/CMakeFiles/bettercad_cf_viewer_control.dir/ViewerMisuse.cpp.obj
[643/650] Building CXX object tests/compile_fail/CMakeFiles/bettercad_cf_geometrymeshmap_control.dir/GeometryMeshMapMisuse.cpp.obj
[644/650] Building CXX object tests/compile_fail/CMakeFiles/bettercad_cf_structids_control.dir/StructuralIdMisuse.cpp.obj
[645/650] Building CXX object tests/compile_fail/CMakeFiles/bettercad_cf_structdof_control.dir/StructuralDofMisuse.cpp.obj
[646/650] Building CXX object tests/compile_fail/CMakeFiles/bettercad_cf_meshcmd_control.dir/MeshingCommandMisuse.cpp.obj
[647/650] Building CXX object tests/compile_fail/CMakeFiles/bettercad_cf_structbc_control.dir/StructuralRestraintMisuse.cpp.obj
[648/650] Building CXX object tests/compile_fail/CMakeFiles/bettercad_cf_structasm_control.dir/StructuralSystemMisuse.cpp.obj
[649/650] Building CXX object tests/compile_fail/CMakeFiles/bettercad_cf_structsolve_control.dir/StructuralSolveMisuse.cpp.obj
[650/650] Linking CXX executable bin\bettercad_tests.exe
