[1/616] Checking git revision
[2/616] Building CXX object _deps/catch2-build/src/CMakeFiles/Catch2.dir/catch2/benchmark/catch_chronometer.cpp.obj
[3/616] Building CXX object _deps/catch2-build/src/CMakeFiles/Catch2.dir/catch2/benchmark/detail/catch_benchmark_function.cpp.obj
[4/616] Building CXX object _deps/catch2-build/src/CMakeFiles/Catch2.dir/catch2/benchmark/detail/catch_run_for_at_least.cpp.obj
[5/616] Building CXX object _deps/catch2-build/src/CMakeFiles/Catch2.dir/catch2/benchmark/detail/catch_analyse.cpp.obj
[6/616] Building CXX object _deps/catch2-build/src/CMakeFiles/Catch2.dir/catch2/benchmark/catch_benchmark.cpp.obj
[7/616] Building CXX object src/core/CMakeFiles/bettercad_core.dir/Error.cpp.obj
[8/616] Building CXX object src/core/CMakeFiles/bettercad_core.dir/BuildInfo.cpp.obj
[9/616] Building CXX object src/core/CMakeFiles/bettercad_core.dir/Uuid.cpp.obj
[10/616] Building CXX object src/core/CMakeFiles/bettercad_core.dir/Naming.cpp.obj
[11/616] Building CXX object src/core/CMakeFiles/bettercad_core.dir/document/CommandHistory.cpp.obj
[12/616] Building CXX object src/core/CMakeFiles/bettercad_core.dir/document/DocumentObject.cpp.obj
[13/616] Building CXX object src/core/CMakeFiles/bettercad_core.dir/document/Configurations.cpp.obj
[14/616] Building CXX object src/core/CMakeFiles/bettercad_core.dir/document/DependencyGraph.cpp.obj
[15/616] Building CXX object src/core/CMakeFiles/bettercad_core.dir/document/Commands.cpp.obj
[16/616] Building CXX object src/core/CMakeFiles/bettercad_core.dir/document/MateReference.cpp.obj
[17/616] Building CXX object src/core/CMakeFiles/bettercad_core.dir/document/ObjectReference.cpp.obj
[18/616] Building CXX object src/core/CMakeFiles/bettercad_core.dir/math/Direction.cpp.obj
[19/616] Building CXX object src/core/CMakeFiles/bettercad_core.dir/document/Document.cpp.obj
[20/616] Building CXX object src/core/CMakeFiles/bettercad_core.dir/document/Placement.cpp.obj
[21/616] Building CXX object src/core/CMakeFiles/bettercad_core.dir/document/References.cpp.obj
[22/616] Building CXX object src/core/CMakeFiles/bettercad_core.dir/math/Frame.cpp.obj
[23/616] Building CXX object src/core/CMakeFiles/bettercad_core.dir/document/ParameterExpressions.cpp.obj
[24/616] Building CXX object src/core/CMakeFiles/bettercad_core.dir/math/BSpline.cpp.obj
[25/616] Building CXX object src/core/CMakeFiles/bettercad_core.dir/parameters/Parameter.cpp.obj
[26/616] Building CXX object src/core/CMakeFiles/bettercad_core.dir/parameters/Expression.cpp.obj
[27/616] Building CXX object src/core/CMakeFiles/bettercad_core.dir/parameters/ParameterTable.cpp.obj
[28/616] Building CXX object src/core/CMakeFiles/bettercad_core.dir/materials/MaterialLibrary.cpp.obj
[29/616] Building CXX object src/core/CMakeFiles/bettercad_core.dir/materials/Completeness.cpp.obj
[30/616] Building CXX object src/core/CMakeFiles/bettercad_core.dir/materials/MaterialProperty.cpp.obj
[31/616] Building CXX object src/core/CMakeFiles/bettercad_core.dir/standards/ClearanceHoles.cpp.obj
[32/616] Building CXX object src/core/CMakeFiles/bettercad_core.dir/materials/MechanicalProperties.cpp.obj
[33/616] Building CXX object src/core/CMakeFiles/bettercad_core.dir/materials/Provenance.cpp.obj
[34/616] Building CXX object src/core/CMakeFiles/bettercad_core.dir/units/Format.cpp.obj
[35/616] Building CXX object src/core/CMakeFiles/bettercad_core.dir/materials/ThermalProperties.cpp.obj
[36/616] Building CXX object src/core/CMakeFiles/bettercad_core.dir/__/__/generated/src/core/GitRevision.cpp.obj
[37/616] Building CXX object src/core/CMakeFiles/bettercad_core.dir/standards/HoleTolerances.cpp.obj
[38/616] Building CXX object src/core/CMakeFiles/bettercad_core.dir/units/UnitCatalog.cpp.obj
[39/616] Building CXX object src/core/CMakeFiles/bettercad_core.dir/standards/MetricThreads.cpp.obj
[40/616] Linking CXX static library lib\libbettercad_core.a
[41/616] Building CXX object src/core/geometry/CMakeFiles/bettercad_geometry.dir/Edges.cpp.obj
[42/616] Building CXX object src/core/geometry/CMakeFiles/bettercad_geometry.dir/Blends.cpp.obj
[43/616] Building CXX object src/core/geometry/CMakeFiles/bettercad_geometry.dir/Draft.cpp.obj
[44/616] Building CXX object src/core/geometry/CMakeFiles/bettercad_geometry.dir/Faces.cpp.obj
[45/616] Building CXX object src/core/geometry/CMakeFiles/bettercad_geometry.dir/Holes.cpp.obj
[46/616] Building CXX object src/core/geometry/CMakeFiles/bettercad_geometry.dir/RadiusLaw.cpp.obj
[47/616] Building CXX object src/core/geometry/CMakeFiles/bettercad_geometry.dir/Profile.cpp.obj
[48/616] Building CXX object src/core/geometry/CMakeFiles/bettercad_geometry.dir/LoftMatching.cpp.obj
[49/616] Building CXX object src/core/geometry/CMakeFiles/bettercad_geometry.dir/Shell.cpp.obj
[50/616] Building CXX object src/core/geometry/CMakeFiles/bettercad_geometry.dir/LoftPlan.cpp.obj
[51/616] Building CXX object src/core/geometry/CMakeFiles/bettercad_geometry.dir/Rib.cpp.obj
[52/616] Building CXX object src/core/geometry/CMakeFiles/bettercad_geometry.dir/Split.cpp.obj
[53/616] Building CXX object src/core/geometry/CMakeFiles/bettercad_geometry.dir/SweepPlan.cpp.obj
[54/616] Building CXX object src/core/geometry/CMakeFiles/bettercad_geometry.dir/SweptPathPlan.cpp.obj
[55/616] Building CXX object src/core/geometry/CMakeFiles/bettercad_geometry.dir/VariableFillet.cpp.obj
[56/616] Building CXX object src/core/geometry/CMakeFiles/bettercad_geometry.dir/occt/OcctBody.cpp.obj
[57/616] Building CXX object src/core/geometry/CMakeFiles/bettercad_geometry.dir/occt/OcctBooleans.cpp.obj
[58/616] Building CXX object src/core/geometry/CMakeFiles/bettercad_geometry.dir/occt/OcctBlend.cpp.obj
[59/616] Building CXX object src/core/geometry/CMakeFiles/bettercad_geometry.dir/occt/OcctChamfer.cpp.obj
[60/616] Building CXX object src/core/geometry/CMakeFiles/bettercad_geometry.dir/occt/OcctDraft.cpp.obj
[61/616] Building CXX object src/core/geometry/CMakeFiles/bettercad_geometry.dir/occt/OcctEdges.cpp.obj
[62/616] Building CXX object src/core/geometry/CMakeFiles/bettercad_geometry.dir/occt/OcctFaceNames.cpp.obj
[63/616] Building CXX object src/core/geometry/CMakeFiles/bettercad_geometry.dir/occt/OcctFillet.cpp.obj
[64/616] Building CXX object src/core/geometry/CMakeFiles/bettercad_geometry.dir/occt/OcctKernel.cpp.obj
[65/616] Building CXX object src/core/geometry/CMakeFiles/bettercad_geometry.dir/occt/OcctFaces.cpp.obj
[66/616] Building CXX object src/core/geometry/CMakeFiles/bettercad_geometry.dir/occt/OcctHiddenLine.cpp.obj
[67/616] Building CXX object src/core/geometry/CMakeFiles/bettercad_geometry.dir/occt/OcctHole.cpp.obj
[68/616] Building CXX object src/core/geometry/CMakeFiles/bettercad_geometry.dir/occt/OcctMesh.cpp.obj
[69/616] Building CXX object src/core/geometry/CMakeFiles/bettercad_geometry.dir/occt/OcctPrimitives.cpp.obj
[70/616] Building CXX object src/core/geometry/CMakeFiles/bettercad_geometry.dir/occt/OcctShell.cpp.obj
[71/616] Building CXX object src/core/geometry/CMakeFiles/bettercad_geometry.dir/occt/OcctStep.cpp.obj
[72/616] Building CXX object src/core/geometry/CMakeFiles/bettercad_geometry.dir/occt/OcctSplit.cpp.obj
[73/616] Building CXX object src/core/geometry/CMakeFiles/bettercad_geometry.dir/occt/OcctTransform.cpp.obj
[74/616] Building CXX object src/sketch/CMakeFiles/bettercad_sketch.dir/SketchRegeneration.cpp.obj
[75/616] Building CXX object src/core/geometry/CMakeFiles/bettercad_geometry.dir/occt/OcctSweeps.cpp.obj
[76/616] Building CXX object src/sketch/CMakeFiles/bettercad_sketch.dir/SketchCommands.cpp.obj
[77/616] Building CXX object src/core/geometry/CMakeFiles/bettercad_geometry.dir/occt/OcctVariableFillet.cpp.obj
[78/616] Linking CXX static library lib\libbettercad_geometry.a
[79/616] Building CXX object src/sketch/CMakeFiles/bettercad_sketch.dir/Sketch.cpp.obj
[80/616] Building CXX object src/sketch/CMakeFiles/bettercad_sketch.dir/entities/Entities.cpp.obj
[81/616] Building CXX object src/sketch/CMakeFiles/bettercad_sketch.dir/constraints/SketchConstraints.cpp.obj
[82/616] Building CXX object src/features/CMakeFiles/bettercad_features.dir/Feature.cpp.obj
[83/616] Building CXX object src/sketch/CMakeFiles/bettercad_sketch.dir/solver/SolverSystem.cpp.obj
[84/616] Building CXX object src/features/CMakeFiles/bettercad_features.dir/ResultBodies.cpp.obj
[85/616] Building CXX object src/features/CMakeFiles/bettercad_features.dir/SolidSupport.cpp.obj
[86/616] Building CXX object src/features/CMakeFiles/bettercad_features.dir/Regenerator.cpp.obj
[87/616] Building CXX object src/features/CMakeFiles/bettercad_features.dir/boolean/CombineFeature.cpp.obj
[88/616] Building CXX object src/features/CMakeFiles/bettercad_features.dir/boolean/BooleanRegeneration.cpp.obj
[89/616] Building CXX object src/features/CMakeFiles/bettercad_features.dir/boolean/SplitFeature.cpp.obj
[90/616] Building CXX object src/features/CMakeFiles/bettercad_features.dir/Validation.cpp.obj
[91/616] Building CXX object src/features/CMakeFiles/bettercad_features.dir/chamfer/ChamferFeature.cpp.obj
[92/616] Building CXX object src/features/CMakeFiles/bettercad_features.dir/chamfer/ChamferRegeneration.cpp.obj
[93/616] Building CXX object src/features/CMakeFiles/bettercad_features.dir/datum/Datums.cpp.obj
[94/616] Building CXX object src/features/CMakeFiles/bettercad_features.dir/draft/DraftFeature.cpp.obj
[95/616] Building CXX object src/features/CMakeFiles/bettercad_features.dir/datum/DatumResolution.cpp.obj
[96/616] Building CXX object src/features/CMakeFiles/bettercad_features.dir/draft/DraftRegeneration.cpp.obj
[97/616] Building CXX object src/features/CMakeFiles/bettercad_features.dir/fillet/FilletFeature.cpp.obj
[98/616] Building CXX object src/features/CMakeFiles/bettercad_features.dir/extrude/ExtrudeFeature.cpp.obj
[99/616] Building CXX object src/features/CMakeFiles/bettercad_features.dir/reference/FaceReferences.cpp.obj
[100/616] Building CXX object src/features/CMakeFiles/bettercad_features.dir/extrude/ExtrudeRegeneration.cpp.obj
[101/616] Building CXX object src/features/CMakeFiles/bettercad_features.dir/fillet/FilletRegeneration.cpp.obj
[102/616] Building CXX object src/features/CMakeFiles/bettercad_features.dir/fillet/VariableFilletFeature.cpp.obj
[103/616] Building CXX object src/features/CMakeFiles/bettercad_features.dir/fillet/VariableFilletRegeneration.cpp.obj
[104/616] Building CXX object src/features/CMakeFiles/bettercad_features.dir/hole/HoleFeature.cpp.obj
[105/616] Building CXX object src/sketch/CMakeFiles/bettercad_sketch.dir/solver/Solver.cpp.obj
[106/616] Linking CXX static library lib\libbettercad_sketch.a
[107/616] Building CXX object src/features/CMakeFiles/bettercad_features.dir/hole/HoleRegeneration.cpp.obj
[108/616] Building CXX object src/features/CMakeFiles/bettercad_features.dir/loft/LoftFeature.cpp.obj
[109/616] Building CXX object src/features/CMakeFiles/bettercad_features.dir/material/Material.cpp.obj
[110/616] Building CXX object src/features/CMakeFiles/bettercad_features.dir/loft/LoftRegeneration.cpp.obj
[111/616] Building CXX object src/features/CMakeFiles/bettercad_features.dir/material/MassProperties.cpp.obj
[112/616] Building CXX object src/features/CMakeFiles/bettercad_features.dir/material/MaterialCommands.cpp.obj
[113/616] Building CXX object src/features/CMakeFiles/bettercad_features.dir/pattern/CircularPatternFeature.cpp.obj
[114/616] Building CXX object src/features/CMakeFiles/bettercad_features.dir/material/Materials.cpp.obj
[115/616] Building CXX object src/features/CMakeFiles/bettercad_features.dir/pattern/LinearPatternFeature.cpp.obj
[116/616] Building CXX object src/features/CMakeFiles/bettercad_features.dir/pattern/CircularPatternRegeneration.cpp.obj
[117/616] Building CXX object src/features/CMakeFiles/bettercad_features.dir/pattern/LinearPatternRegeneration.cpp.obj
[118/616] Building CXX object src/features/CMakeFiles/bettercad_features.dir/pattern/MirrorFeature.cpp.obj
[119/616] Building CXX object src/features/CMakeFiles/bettercad_features.dir/pattern/MirrorRegeneration.cpp.obj
[120/616] Building CXX object src/features/CMakeFiles/bettercad_features.dir/revolve/RevolveFeature.cpp.obj
[121/616] Building CXX object src/features/CMakeFiles/bettercad_features.dir/pattern/PatternSupport.cpp.obj
[122/616] Building CXX object src/features/CMakeFiles/bettercad_features.dir/rib/RibFeature.cpp.obj
[123/616] Building CXX object src/features/CMakeFiles/bettercad_features.dir/profile/Profiles.cpp.obj
[124/616] Building CXX object src/features/CMakeFiles/bettercad_features.dir/revolve/RevolveRegeneration.cpp.obj
[125/616] Building CXX object src/features/CMakeFiles/bettercad_features.dir/shell/ShellFeature.cpp.obj
[126/616] Building CXX object src/assembly/CMakeFiles/bettercad_assembly.dir/Component.cpp.obj
[127/616] Building CXX object src/features/CMakeFiles/bettercad_features.dir/rib/RibRegeneration.cpp.obj
[128/616] Building CXX object src/features/CMakeFiles/bettercad_features.dir/shell/ShellRegeneration.cpp.obj
[129/616] Building CXX object src/features/CMakeFiles/bettercad_features.dir/sweep/SweepFeature.cpp.obj
[130/616] Building CXX object src/features/CMakeFiles/bettercad_features.dir/sweep/SweepRegeneration.cpp.obj
[131/616] Building CXX object src/assembly/CMakeFiles/bettercad_assembly.dir/Commands.cpp.obj
[132/616] Linking CXX static library lib\libbettercad_features.a
[133/616] Building CXX object src/assembly/CMakeFiles/bettercad_assembly.dir/Components.cpp.obj
[134/616] Building CXX object src/assembly/CMakeFiles/bettercad_assembly.dir/Configurations.cpp.obj
[135/616] Building CXX object src/assembly/CMakeFiles/bettercad_assembly.dir/Mate.cpp.obj
[136/616] Building CXX object src/assembly/CMakeFiles/bettercad_assembly.dir/Mates.cpp.obj
[137/616] Building CXX object src/assembly/CMakeFiles/bettercad_assembly.dir/Placement.cpp.obj
[138/616] Building CXX object src/assembly/CMakeFiles/bettercad_assembly.dir/Resolution.cpp.obj
[139/616] Building CXX object src/meshing/CMakeFiles/bettercad_meshing.dir/GeometryPreparation.cpp.obj
[140/616] Building CXX object src/meshing/CMakeFiles/bettercad_meshing.dir/Mesh.cpp.obj
[141/616] Building CXX object src/assembly/CMakeFiles/bettercad_assembly.dir/solver/SolverSystem.cpp.obj
[142/616] Building CXX object src/meshing/CMakeFiles/bettercad_meshing.dir/GeometryMeshMap.cpp.obj
[143/616] Building CXX object src/meshing/CMakeFiles/bettercad_meshing.dir/Mesher.cpp.obj
[144/616] Building CXX object src/meshing/CMakeFiles/bettercad_meshing.dir/MeshControl.cpp.obj
[145/616] Building CXX object src/meshing/CMakeFiles/bettercad_meshing.dir/MeshValidation.cpp.obj
[146/616] Building CXX object src/meshing/CMakeFiles/bettercad_meshing.dir/MeshingCommands.cpp.obj
[147/616] Building CXX object src/meshing/CMakeFiles/bettercad_meshing.dir/MeshQuality.cpp.obj
[148/616] Building CXX object src/meshing/CMakeFiles/bettercad_meshing.dir/netgen/NetgenBackend.cpp.obj
[149/616] Building CXX object src/meshing/CMakeFiles/bettercad_meshing.dir/MeshSizing.cpp.obj
[150/616] Building CXX object src/drawing/CMakeFiles/bettercad_drawing.dir/Annotation.cpp.obj
[151/616] Building CXX object src/meshing/CMakeFiles/bettercad_meshing.dir/SurfaceMesh.cpp.obj
[152/616] Building CXX object src/meshing/CMakeFiles/bettercad_meshing.dir/VolumeMesh.cpp.obj
[153/616] Building CXX object src/drawing/CMakeFiles/bettercad_drawing.dir/HiddenLine.cpp.obj
[154/616] Building CXX object src/drawing/CMakeFiles/bettercad_drawing.dir/Dimension.cpp.obj
[155/616] Building CXX object src/drawing/CMakeFiles/bettercad_drawing.dir/Dimensions.cpp.obj
[156/616] Building CXX object src/drawing/CMakeFiles/bettercad_drawing.dir/Annotations.cpp.obj
[157/616] Building CXX object src/drawing/CMakeFiles/bettercad_drawing.dir/Regeneration.cpp.obj
[158/616] Building CXX object src/drawing/CMakeFiles/bettercad_drawing.dir/Scene.cpp.obj
[159/616] Building CXX object src/assembly/CMakeFiles/bettercad_assembly.dir/solver/Solver.cpp.obj
[160/616] Linking CXX static library lib\libbettercad_assembly.a
[161/616] Building CXX object src/drawing/CMakeFiles/bettercad_drawing.dir/Sheet.cpp.obj
[162/616] Building CXX object src/drawing/CMakeFiles/bettercad_drawing.dir/Section.cpp.obj
[163/616] Building CXX object src/drawing/CMakeFiles/bettercad_drawing.dir/Sheets.cpp.obj
[164/616] Building CXX object src/drawing/CMakeFiles/bettercad_drawing.dir/SheetScene.cpp.obj
[165/616] Building CXX object src/drawing/CMakeFiles/bettercad_drawing.dir/Bom.cpp.obj
[166/616] Building CXX object src/drawing/CMakeFiles/bettercad_drawing.dir/Resolution.cpp.obj
[167/616] Linking CXX static library lib\libbettercad_meshing.a
[168/616] Building CXX object src/drawing/CMakeFiles/bettercad_drawing.dir/Tolerance.cpp.obj
[169/616] Building CXX object src/drawing/CMakeFiles/bettercad_drawing.dir/Commands.cpp.obj
[170/616] Building CXX object src/drawing/CMakeFiles/bettercad_drawing.dir/View.cpp.obj
[171/616] Building CXX object src/renderer/CMakeFiles/bettercad_renderer.dir/MeshView.cpp.obj
[172/616] Building CXX object src/drawing/CMakeFiles/bettercad_drawing.dir/Views.cpp.obj
[173/616] Building CXX object _deps/catch2-build/src/CMakeFiles/Catch2.dir/catch2/generators/catch_generator_exception.cpp.obj
[174/616] Building CXX object src/renderer/CMakeFiles/bettercad_renderer.dir/MeshInspection.cpp.obj
[175/616] Building CXX object src/renderer/CMakeFiles/bettercad_renderer.dir/MeshScene.cpp.obj
[176/616] Building CXX object src/renderer/CMakeFiles/bettercad_renderer.dir/occt/OcctMeshPresentation.cpp.obj
[177/616] Building CXX object _deps/catch2-build/src/CMakeFiles/Catch2.dir/catch2/generators/catch_generators.cpp.obj
[178/616] Building CXX object _deps/catch2-build/src/CMakeFiles/Catch2.dir/catch2/benchmark/detail/catch_stats.cpp.obj
[179/616] Building CXX object _deps/catch2-build/src/CMakeFiles/Catch2.dir/catch2/generators/catch_generators_random.cpp.obj
[180/616] Building CXX object _deps/catch2-build/src/CMakeFiles/Catch2.dir/catch2/generators/catch_generators_throw.cpp.obj
[181/616] Building CXX object _deps/catch2-build/src/CMakeFiles/Catch2.dir/catch2/reporters/catch_reporter_automake.cpp.obj
[182/616] Building CXX object _deps/catch2-build/src/CMakeFiles/Catch2.dir/catch2/reporters/catch_reporter_common_base.cpp.obj
[183/616] Building CXX object _deps/catch2-build/src/CMakeFiles/Catch2.dir/catch2/reporters/catch_reporter_compact.cpp.obj
[184/616] Building CXX object _deps/catch2-build/src/CMakeFiles/Catch2.dir/catch2/reporters/catch_reporter_console.cpp.obj
[185/616] Building CXX object src/renderer/CMakeFiles/bettercad_renderer.dir/occt/OcctViewer.cpp.obj
[186/616] Building CXX object _deps/catch2-build/src/CMakeFiles/Catch2.dir/catch2/reporters/catch_reporter_cumulative_base.cpp.obj
[187/616] Building CXX object _deps/catch2-build/src/CMakeFiles/Catch2.dir/catch2/reporters/catch_reporter_event_listener.cpp.obj
[188/616] Building CXX object _deps/catch2-build/src/CMakeFiles/Catch2.dir/catch2/reporters/catch_reporter_registrars.cpp.obj
[189/616] Building CXX object _deps/catch2-build/src/CMakeFiles/Catch2.dir/catch2/reporters/catch_reporter_helpers.cpp.obj
[190/616] Building CXX object _deps/catch2-build/src/CMakeFiles/Catch2.dir/catch2/reporters/catch_reporter_json.cpp.obj
[191/616] Building CXX object _deps/catch2-build/src/CMakeFiles/Catch2.dir/catch2/reporters/catch_reporter_multi.cpp.obj
[192/616] Building CXX object _deps/catch2-build/src/CMakeFiles/Catch2.dir/catch2/reporters/catch_reporter_junit.cpp.obj
[193/616] Building CXX object _deps/catch2-build/src/CMakeFiles/Catch2.dir/catch2/reporters/catch_reporter_sonarqube.cpp.obj
[194/616] Building CXX object _deps/catch2-build/src/CMakeFiles/Catch2.dir/catch2/reporters/catch_reporter_streaming_base.cpp.obj
[195/616] Building CXX object _deps/catch2-build/src/CMakeFiles/Catch2.dir/catch2/interfaces/catch_interfaces_capture.cpp.obj
[196/616] Building CXX object _deps/catch2-build/src/CMakeFiles/Catch2.dir/catch2/reporters/catch_reporter_tap.cpp.obj
[197/616] Building CXX object _deps/catch2-build/src/CMakeFiles/Catch2.dir/catch2/interfaces/catch_interfaces_exception.cpp.obj
[198/616] Building CXX object _deps/catch2-build/src/CMakeFiles/Catch2.dir/catch2/reporters/catch_reporter_teamcity.cpp.obj
[199/616] Building CXX object _deps/catch2-build/src/CMakeFiles/Catch2.dir/catch2/interfaces/catch_interfaces_registry_hub.cpp.obj
[200/616] Building CXX object _deps/catch2-build/src/CMakeFiles/Catch2.dir/catch2/reporters/catch_reporter_xml.cpp.obj
[201/616] Building CXX object _deps/catch2-build/src/CMakeFiles/Catch2.dir/catch2/interfaces/catch_interfaces_reporter_factory.cpp.obj
[202/616] Building CXX object _deps/catch2-build/src/CMakeFiles/Catch2.dir/catch2/interfaces/catch_interfaces_config.cpp.obj
[203/616] Building CXX object _deps/catch2-build/src/CMakeFiles/Catch2.dir/catch2/interfaces/catch_interfaces_testcase.cpp.obj
[204/616] Building CXX object _deps/catch2-build/src/CMakeFiles/Catch2.dir/catch2/interfaces/catch_interfaces_generatortracker.cpp.obj
[205/616] Building CXX object _deps/catch2-build/src/CMakeFiles/Catch2.dir/catch2/interfaces/catch_interfaces_reporter.cpp.obj
[206/616] Building CXX object _deps/catch2-build/src/CMakeFiles/Catch2.dir/catch2/catch_assertion_result.cpp.obj
[207/616] Building CXX object _deps/catch2-build/src/CMakeFiles/Catch2.dir/catch2/catch_approx.cpp.obj
[208/616] Building CXX object _deps/catch2-build/src/CMakeFiles/Catch2.dir/catch2/catch_get_random_seed.cpp.obj
[209/616] Building CXX object _deps/catch2-build/src/CMakeFiles/Catch2.dir/catch2/catch_tag_alias_autoregistrar.cpp.obj
[210/616] Building CXX object _deps/catch2-build/src/CMakeFiles/Catch2.dir/catch2/catch_config.cpp.obj
[211/616] Building CXX object _deps/catch2-build/src/CMakeFiles/Catch2.dir/catch2/catch_message.cpp.obj
[212/616] Building CXX object _deps/catch2-build/src/CMakeFiles/Catch2.dir/catch2/catch_registry_hub.cpp.obj
[213/616] Building CXX object _deps/catch2-build/src/CMakeFiles/Catch2.dir/catch2/catch_totals.cpp.obj
[214/616] Building CXX object _deps/catch2-build/src/CMakeFiles/Catch2.dir/catch2/catch_test_case_info.cpp.obj
[215/616] Building CXX object _deps/catch2-build/src/CMakeFiles/Catch2.dir/catch2/catch_translate_exception.cpp.obj
[216/616] Building CXX object _deps/catch2-build/src/CMakeFiles/Catch2.dir/catch2/catch_timer.cpp.obj
[217/616] Building CXX object _deps/catch2-build/src/CMakeFiles/Catch2.dir/catch2/catch_test_spec.cpp.obj
[218/616] Building CXX object _deps/catch2-build/src/CMakeFiles/Catch2.dir/catch2/catch_tostring.cpp.obj
[219/616] Building CXX object _deps/catch2-build/src/CMakeFiles/Catch2.dir/catch2/catch_version.cpp.obj
[220/616] Building CXX object _deps/catch2-build/src/CMakeFiles/Catch2.dir/catch2/internal/catch_case_insensitive_comparisons.cpp.obj
[221/616] Building CXX object _deps/catch2-build/src/CMakeFiles/Catch2.dir/catch2/internal/catch_context.cpp.obj
[222/616] Building CXX object _deps/catch2-build/src/CMakeFiles/Catch2.dir/catch2/internal/catch_assertion_handler.cpp.obj
[223/616] Building CXX object _deps/catch2-build/src/CMakeFiles/Catch2.dir/catch2/internal/catch_debugger.cpp.obj
[224/616] Building CXX object _deps/catch2-build/src/CMakeFiles/Catch2.dir/catch2/catch_session.cpp.obj
[225/616] Building CXX object _deps/catch2-build/src/CMakeFiles/Catch2.dir/catch2/internal/catch_enforce.cpp.obj
[226/616] Building CXX object _deps/catch2-build/src/CMakeFiles/Catch2.dir/catch2/internal/catch_clara.cpp.obj
[227/616] Building CXX object _deps/catch2-build/src/CMakeFiles/Catch2.dir/catch2/internal/catch_errno_guard.cpp.obj
[228/616] Building CXX object _deps/catch2-build/src/CMakeFiles/Catch2.dir/catch2/internal/catch_decomposer.cpp.obj
[229/616] Building CXX object _deps/catch2-build/src/CMakeFiles/Catch2.dir/catch2/internal/catch_debug_console.cpp.obj
[230/616] Building CXX object _deps/catch2-build/src/CMakeFiles/Catch2.dir/catch2/internal/catch_console_colour.cpp.obj
[231/616] Building CXX object _deps/catch2-build/src/CMakeFiles/Catch2.dir/catch2/internal/catch_floating_point_helpers.cpp.obj
[232/616] Building CXX object _deps/catch2-build/src/CMakeFiles/Catch2.dir/catch2/internal/catch_getenv.cpp.obj
[233/616] Building CXX object _deps/catch2-build/src/CMakeFiles/Catch2.dir/catch2/internal/catch_enum_info.cpp.obj
[234/616] Building CXX object _deps/catch2-build/src/CMakeFiles/Catch2.dir/catch2/internal/catch_exception_translator_registry.cpp.obj
[235/616] Building CXX object _deps/catch2-build/src/CMakeFiles/Catch2.dir/catch2/internal/catch_commandline.cpp.obj
[236/616] Building CXX object _deps/catch2-build/src/CMakeFiles/Catch2.dir/catch2/internal/catch_istream.cpp.obj
[237/616] Building CXX object _deps/catch2-build/src/CMakeFiles/Catch2.dir/catch2/internal/catch_jsonwriter.cpp.obj
[238/616] Building CXX object _deps/catch2-build/src/CMakeFiles/Catch2.dir/catch2/internal/catch_leak_detector.cpp.obj
[239/616] Building CXX object _deps/catch2-build/src/CMakeFiles/Catch2.dir/catch2/internal/catch_lazy_expr.cpp.obj
[240/616] Building CXX object _deps/catch2-build/src/CMakeFiles/Catch2.dir/catch2/internal/catch_fatal_condition_handler.cpp.obj
[241/616] Building CXX object _deps/catch2-build/src/CMakeFiles/Catch2.dir/catch2/internal/catch_message_info.cpp.obj
[242/616] Building CXX object _deps/catch2-build/src/CMakeFiles/Catch2.dir/catch2/internal/catch_random_number_generator.cpp.obj
[243/616] Building CXX object _deps/catch2-build/src/CMakeFiles/Catch2.dir/catch2/internal/catch_polyfills.cpp.obj
[244/616] Building CXX object _deps/catch2-build/src/CMakeFiles/Catch2.dir/catch2/internal/catch_parse_numbers.cpp.obj
[245/616] Building CXX object _deps/catch2-build/src/CMakeFiles/Catch2.dir/catch2/internal/catch_output_redirect.cpp.obj
[246/616] Building CXX object _deps/catch2-build/src/CMakeFiles/Catch2.dir/catch2/internal/catch_list.cpp.obj
[247/616] Building CXX object _deps/catch2-build/src/CMakeFiles/Catch2.dir/catch2/internal/catch_random_seed_generation.cpp.obj
[248/616] Building CXX object _deps/catch2-build/src/CMakeFiles/Catch2.dir/catch2/internal/catch_reusable_string_stream.cpp.obj
[249/616] Building CXX object _deps/catch2-build/src/CMakeFiles/Catch2.dir/catch2/internal/catch_section.cpp.obj
[250/616] Building CXX object _deps/catch2-build/src/CMakeFiles/Catch2.dir/catch2/internal/catch_singletons.cpp.obj
[251/616] Building CXX object _deps/catch2-build/src/CMakeFiles/Catch2.dir/catch2/internal/catch_reporter_spec_parser.cpp.obj
[252/616] Building CXX object _deps/catch2-build/src/CMakeFiles/Catch2.dir/catch2/internal/catch_startup_exception_registry.cpp.obj
[253/616] Building CXX object _deps/catch2-build/src/CMakeFiles/Catch2.dir/catch2/internal/catch_reporter_registry.cpp.obj
[254/616] Building CXX object _deps/catch2-build/src/CMakeFiles/Catch2.dir/catch2/internal/catch_source_line_info.cpp.obj
[255/616] Building CXX object _deps/catch2-build/src/CMakeFiles/Catch2.dir/catch2/internal/catch_stdstreams.cpp.obj
[256/616] Building CXX object _deps/catch2-build/src/CMakeFiles/Catch2.dir/catch2/internal/catch_run_context.cpp.obj
[257/616] Building CXX object _deps/catch2-build/src/CMakeFiles/Catch2.dir/catch2/internal/catch_test_case_info_hasher.cpp.obj
[258/616] Building CXX object _deps/catch2-build/src/CMakeFiles/Catch2.dir/catch2/internal/catch_stringref.cpp.obj
[259/616] Building CXX object _deps/catch2-build/src/CMakeFiles/Catch2.dir/catch2/internal/catch_string_manip.cpp.obj
[260/616] Building CXX object _deps/catch2-build/src/CMakeFiles/Catch2.dir/catch2/internal/catch_tag_alias_registry.cpp.obj
[261/616] Building CXX object _deps/catch2-build/src/CMakeFiles/Catch2.dir/catch2/internal/catch_test_registry.cpp.obj
[262/616] Building CXX object _deps/catch2-build/src/CMakeFiles/Catch2.dir/catch2/internal/catch_uncaught_exceptions.cpp.obj
[263/616] Building CXX object _deps/catch2-build/src/CMakeFiles/Catch2.dir/catch2/internal/catch_test_spec_parser.cpp.obj
[264/616] Building CXX object _deps/catch2-build/src/CMakeFiles/Catch2.dir/catch2/internal/catch_test_case_tracker.cpp.obj
[265/616] Building CXX object _deps/catch2-build/src/CMakeFiles/Catch2.dir/catch2/internal/catch_test_failure_exception.cpp.obj
[266/616] Building CXX object _deps/catch2-build/src/CMakeFiles/Catch2.dir/catch2/internal/catch_test_case_registry_impl.cpp.obj
[267/616] Building CXX object _deps/catch2-build/src/CMakeFiles/Catch2.dir/catch2/internal/catch_textflow.cpp.obj
[268/616] Building CXX object _deps/catch2-build/src/CMakeFiles/Catch2.dir/catch2/internal/catch_wildcard_pattern.cpp.obj
[269/616] Building CXX object _deps/catch2-build/src/CMakeFiles/Catch2.dir/catch2/internal/catch_xmlwriter.cpp.obj
[270/616] Building CXX object _deps/catch2-build/src/CMakeFiles/Catch2.dir/catch2/matchers/catch_matchers.cpp.obj
[271/616] Building CXX object _deps/catch2-build/src/CMakeFiles/Catch2.dir/catch2/matchers/catch_matchers_container_properties.cpp.obj
[272/616] Building CXX object _deps/catch2-build/src/CMakeFiles/Catch2.dir/catch2/matchers/catch_matchers_exception.cpp.obj
[273/616] Building CXX object _deps/catch2-build/src/CMakeFiles/Catch2.dir/catch2/matchers/catch_matchers_predicate.cpp.obj
[274/616] Building CXX object _deps/catch2-build/src/CMakeFiles/Catch2.dir/catch2/matchers/catch_matchers_floating_point.cpp.obj
[275/616] Building CXX object _deps/catch2-build/src/CMakeFiles/Catch2.dir/catch2/matchers/catch_matchers_quantifiers.cpp.obj
[276/616] Building CXX object _deps/catch2-build/src/CMakeFiles/Catch2.dir/catch2/matchers/catch_matchers_templated.cpp.obj
[277/616] Linking CXX static library lib\libbettercad_drawing.a
[278/616] Building CXX object _deps/catch2-build/src/CMakeFiles/Catch2.dir/catch2/matchers/internal/catch_matchers_impl.cpp.obj
[279/616] Building CXX object src/io/CMakeFiles/bettercad_io.dir/FileIo.cpp.obj
[280/616] Building CXX object _deps/catch2-build/src/CMakeFiles/Catch2.dir/catch2/matchers/catch_matchers_string.cpp.obj
[281/616] Building CXX object src/io/CMakeFiles/bettercad_io.dir/DocumentFile.cpp.obj
[282/616] Building CXX object src/io/CMakeFiles/bettercad_io.dir/StlWriter.cpp.obj
[283/616] Building CXX object src/io/CMakeFiles/bettercad_io.dir/DxfWriter.cpp.obj
[284/616] Building CXX object src/io/CMakeFiles/bettercad_io.dir/ModelExport.cpp.obj
[285/616] Building CXX object src/io/CMakeFiles/bettercad_io.dir/PdfWriter.cpp.obj
[286/616] Building CXX object src/io/CMakeFiles/bettercad_io.dir/SvgWriter.cpp.obj
[287/616] Building CXX object src/io/CMakeFiles/bettercad_io.dir/json/BooleanJson.cpp.obj
[288/616] Building CXX object src/io/CMakeFiles/bettercad_io.dir/json/ComponentJson.cpp.obj
[289/616] Building CXX object src/io/CMakeFiles/bettercad_io.dir/json/AnnotationJson.cpp.obj
[290/616] Building CXX object src/io/CMakeFiles/bettercad_io.dir/json/SheetJson.cpp.obj
[291/616] Building CXX object src/io/CMakeFiles/bettercad_io.dir/json/DimensionJson.cpp.obj
[292/616] Building CXX object src/io/CMakeFiles/bettercad_io.dir/json/ViewJson.cpp.obj
[293/616] Building CXX object src/io/CMakeFiles/bettercad_io.dir/json/MeshControlJson.cpp.obj
[294/616] Building CXX object src/io/CMakeFiles/bettercad_io.dir/json/MaterialJson.cpp.obj
[295/616] Building CXX object src/io/CMakeFiles/bettercad_io.dir/json/MateJson.cpp.obj
[296/616] Building CXX object src/io/CMakeFiles/bettercad_io.dir/json/DraftJson.cpp.obj
[297/616] Building CXX object src/io/CMakeFiles/bettercad_io.dir/json/DatumJson.cpp.obj
[298/616] Building CXX object src/io/CMakeFiles/bettercad_io.dir/json/DocumentJson.cpp.obj
[299/616] Building CXX object src/io/CMakeFiles/bettercad_io.dir/json/HoleStandardsJson.cpp.obj
[300/616] Building CXX object src/io/CMakeFiles/bettercad_io.dir/json/ParameterJson.cpp.obj
[301/616] Building CXX object src/io/CMakeFiles/bettercad_io.dir/json/JsonReader.cpp.obj
[302/616] Linking CXX static library lib\libbettercad_renderer.a
[303/616] Linking CXX static library lib\libCatch2d.a
[304/616] Building CXX object src/io/CMakeFiles/bettercad_io.dir/json/FeatureJson.cpp.obj
[305/616] Building CXX object src/io/CMakeFiles/bettercad_io.dir/json/RibJson.cpp.obj
[306/616] Building CXX object _deps/catch2-build/src/CMakeFiles/Catch2WithMain.dir/catch2/internal/catch_main.cpp.obj
[307/616] Building CXX object src/io/CMakeFiles/bettercad_io.dir/json/ShellJson.cpp.obj
[308/616] Building CXX object apps/bettercad_cli/CMakeFiles/bettercad_cli_lib.dir/Arguments.cpp.obj
[309/616] Building CXX object src/io/CMakeFiles/bettercad_io.dir/json/VariableFilletJson.cpp.obj
[310/616] Building CXX object apps/bettercad_cli/CMakeFiles/bettercad_cli_lib.dir/AssemblyEdits.cpp.obj
[311/616] Building CXX object src/io/CMakeFiles/bettercad_io.dir/json/SketchJson.cpp.obj
[312/616] Building CXX object apps/bettercad_cli/CMakeFiles/bettercad_cli_lib.dir/AssemblyReports.cpp.obj
[313/616] Building CXX object apps/bettercad_cli/CMakeFiles/bettercad_cli_lib.dir/Cli.cpp.obj
[314/616] Building CXX object apps/bettercad_cli/CMakeFiles/bettercad_cli_lib.dir/BatchCommand.cpp.obj
[315/616] Linking CXX static library lib\libbettercad_io.a
[316/616] Building CXX object apps/bettercad_cli/CMakeFiles/bettercad_cli_lib.dir/EditRegistry.cpp.obj
[317/616] Building CXX object apps/bettercad_cli/CMakeFiles/bettercad_cli_lib.dir/DocumentCommands.cpp.obj
[318/616] Building CXX object apps/bettercad_cli/CMakeFiles/bettercad_cli_lib.dir/DrawingExportCommands.cpp.obj
[319/616] Building CXX object apps/bettercad_cli/CMakeFiles/bettercad_cli_lib.dir/DrawingEdits.cpp.obj
[320/616] Building CXX object apps/bettercad_cli/CMakeFiles/bettercad_cli_lib.dir/ExportCommands.cpp.obj
[321/616] Building CXX object apps/bettercad_cli/CMakeFiles/bettercad_cli_lib.dir/DrawingReports.cpp.obj
[322/616] Building CXX object apps/bettercad_cli/CMakeFiles/bettercad_cli_lib.dir/MaterialEdits.cpp.obj
[323/616] Automatic MOC for target bettercad
[324/616] Building CXX object apps/bettercad_cli/CMakeFiles/bettercad_cli_lib.dir/MaterialVocabulary.cpp.obj
[325/616] Building CXX object apps/bettercad_cli/CMakeFiles/bettercad_cli_lib.dir/MaterialReports.cpp.obj
[326/616] Building CXX object apps/bettercad_cli/CMakeFiles/bettercad_cli_lib.dir/MeshingEdits.cpp.obj
[327/616] Building CXX object apps/bettercad_cli/CMakeFiles/bettercad_cli_lib.dir/Selectors.cpp.obj
[328/616] Building CXX object apps/bettercad_cli/CMakeFiles/bettercad_cli_lib.dir/MeshingReports.cpp.obj
[329/616] Building CXX object examples/reference_models/CMakeFiles/bettercad_reference_models.dir/AssemblyCatalog.cpp.obj
[330/616] Building CXX object examples/reference_models/CMakeFiles/bettercad_reference_models.dir/AssemblyBasic.cpp.obj
[331/616] Building CXX object examples/reference_models/CMakeFiles/bettercad_reference_models.dir/AssemblyConfigured.cpp.obj
[332/616] Building CXX object examples/reference_models/CMakeFiles/bettercad_reference_models.dir/AssemblyJoints.cpp.obj
[333/616] Building CXX object examples/reference_models/CMakeFiles/bettercad_reference_models.dir/AssemblyDriven.cpp.obj
[334/616] Building CXX object examples/reference_models/CMakeFiles/bettercad_reference_models.dir/AssemblyParts.cpp.obj
[335/616] Building CXX object examples/reference_models/CMakeFiles/bettercad_reference_models.dir/BearingHousing.cpp.obj
[336/616] Building CXX object examples/reference_models/CMakeFiles/bettercad_reference_models.dir/Catalog.cpp.obj
[337/616] Building CXX object examples/reference_models/CMakeFiles/bettercad_reference_models.dir/BuildSupport.cpp.obj
[338/616] Building CXX object examples/reference_models/CMakeFiles/bettercad_reference_models.dir/DrawingAngleBracket.cpp.obj
[339/616] Building CXX object examples/reference_models/CMakeFiles/bettercad_reference_models.dir/DrawingCatalog.cpp.obj
[340/616] Building CXX object examples/reference_models/CMakeFiles/bettercad_reference_models.dir/DrawingBoltedStack.cpp.obj
[341/616] Building CXX object examples/reference_models/CMakeFiles/bettercad_reference_models.dir/DrawingClampSet.cpp.obj
[342/616] Building CXX object examples/reference_models/CMakeFiles/bettercad_reference_models.dir/DrawingGuardedFrame.cpp.obj
[343/616] Building CXX object examples/reference_models/CMakeFiles/bettercad_reference_models.dir/DrawingPocketBlock.cpp.obj
[344/616] Building CXX object examples/reference_models/CMakeFiles/bettercad_reference_models.dir/DrawingStepPlate.cpp.obj
[345/616] Building CXX object examples/reference_models/CMakeFiles/bettercad_reference_models.dir/DrawingHolePlate.cpp.obj
[346/616] Building CXX object examples/reference_models/CMakeFiles/bettercad_reference_models.dir/DrawingToleranceBlock.cpp.obj
[347/616] Building CXX object examples/reference_models/CMakeFiles/bettercad_reference_models.dir/Fingerprint.cpp.obj
[348/616] Building CXX object examples/reference_models/CMakeFiles/bettercad_reference_models.dir/MaterialCatalog.cpp.obj
[349/616] Building CXX object examples/reference_models/CMakeFiles/bettercad_reference_models.dir/GearboxCover.cpp.obj
[350/616] Building CXX object examples/reference_models/CMakeFiles/bettercad_reference_models.dir/IndexPlate.cpp.obj
[351/616] Building CXX object examples/reference_models/CMakeFiles/bettercad_reference_models.dir/ManifoldTube.cpp.obj
[352/616] Building CXX object examples/reference_models/CMakeFiles/bettercad_reference_models.dir/MaterialModels.cpp.obj
[353/616] Building CXX object examples/reference_models/CMakeFiles/bettercad_reference_models.dir/MeshCatalog.cpp.obj
[354/616] Building CXX object examples/reference_models/CMakeFiles/bettercad_reference_models.dir/MotorMount.cpp.obj
[355/616] Building CXX object examples/reference_models/CMakeFiles/bettercad_reference_models.dir/MountingBracket.cpp.obj
[356/616] Building CXX object examples/reference_models/CMakeFiles/bettercad_reference_models.dir/Flange.cpp.obj
[357/616] Building CXX object examples/reference_models/CMakeFiles/bettercad_reference_models.dir/MeshModels.cpp.obj
[358/616] Building CXX object examples/reference_models/CMakeFiles/bettercad_reference_models.dir/Pulley.cpp.obj
[359/616] Linking CXX static library lib\libCatch2Maind.a
[360/616] Linking CXX static library lib\libbettercad_cli_lib.a
[361/616] Building CXX object examples/reference_models/CMakeFiles/bettercad_reference_models.dir/RibbedBracket.cpp.obj
[362/616] Building CXX object examples/reference_models/CMakeFiles/bettercad_reference_models.dir/TransitionDuct.cpp.obj
[363/616] Building CXX object examples/reference_models/CMakeFiles/bettercad_reference_models.dir/Shaft.cpp.obj
[364/616] Building CXX object tests/CMakeFiles/bettercad_test_occt.dir/support/occt/StepReadBack.cpp.obj
[365/616] Building CXX object examples/reference_models/CMakeFiles/bettercad_reference_models.dir/UBolt.cpp.obj
[366/616] Building CXX object apps/bettercad_cli/CMakeFiles/bettercad_cli.dir/main.cpp.obj
[367/616] Building CXX object examples/CMakeFiles/bettercad_example_geometry_accuracy.dir/geometry_accuracy/main.cpp.obj
[368/616] Building CXX object apps/bettercad/CMakeFiles/bettercad.dir/bettercad_autogen/mocs_compilation.cpp.obj
[369/616] Building CXX object apps/bettercad/CMakeFiles/bettercad.dir/ViewportWidget.cpp.obj
[370/616] Linking CXX static library lib\libbettercad_reference_models.a
[371/616] Linking CXX static library lib\libbettercad_test_occt.a
[372/616] Building CXX object apps/bettercad/CMakeFiles/bettercad.dir/MeshInspectorPanel.cpp.obj
[373/616] Building CXX object apps/bettercad/CMakeFiles/bettercad.dir/MainWindow.cpp.obj
[374/616] Building CXX object apps/bettercad/CMakeFiles/bettercad.dir/main.cpp.obj
[375/616] Building CXX object examples/reference_models/CMakeFiles/bettercad_example_reference_models.dir/main.cpp.obj
[376/616] Building CXX object tests/CMakeFiles/bettercad_tests.dir/assembly/CommandTests.cpp.obj
[377/616] Building CXX object tests/CMakeFiles/bettercad_tests.dir/renderer/MeshDisplayTests.cpp.obj
[378/616] Building CXX object tests/CMakeFiles/bettercad_tests.dir/renderer/MeshSceneTests.cpp.obj
[379/616] Building CXX object tests/CMakeFiles/bettercad_tests.dir/meshing/GeometryMeshMapTests.cpp.obj
[380/616] Building CXX object tests/CMakeFiles/bettercad_tests.dir/renderer/MeshInspectionTests.cpp.obj
[381/616] Building CXX object tests/CMakeFiles/bettercad_tests.dir/renderer/MeshViewTests.cpp.obj
[382/616] Building CXX object tests/CMakeFiles/bettercad_tests.dir/renderer/ViewerTests.cpp.obj
[383/616] Building CXX object tests/CMakeFiles/bettercad_tests.dir/meshing/MeshDataTests.cpp.obj
[384/616] Building CXX object tests/CMakeFiles/bettercad_tests.dir/meshing/GeometryPreparationTests.cpp.obj
[385/616] Building CXX object tests/CMakeFiles/bettercad_tests.dir/meshing/MeshControlTests.cpp.obj
[386/616] Building CXX object tests/CMakeFiles/bettercad_tests.dir/meshing/NetgenVolumeBackendTests.cpp.obj
[387/616] Building CXX object tests/CMakeFiles/bettercad_tests.dir/meshing/MeshingCommandTests.cpp.obj
[388/616] Building CXX object tests/CMakeFiles/bettercad_tests.dir/meshing/MeshQualityTests.cpp.obj
[389/616] Building CXX object tests/CMakeFiles/bettercad_tests.dir/meshing/VolumeBackendTests.cpp.obj
[390/616] Building CXX object tests/CMakeFiles/bettercad_tests.dir/meshing/MeshSizingTests.cpp.obj
[391/616] Building CXX object tests/CMakeFiles/bettercad_tests.dir/meshing/SurfaceMeshTests.cpp.obj
[392/616] Building CXX object tests/CMakeFiles/bettercad_tests.dir/meshing/TetValidationTests.cpp.obj
[393/616] Building CXX object tests/CMakeFiles/bettercad_tests.dir/meshing/VolumeMeshTests.cpp.obj
[394/616] Building CXX object tests/CMakeFiles/bettercad_tests.dir/drawing/AnnotationTests.cpp.obj
[395/616] Building CXX object tests/CMakeFiles/bettercad_tests.dir/drawing/AssemblyDrawingTests.cpp.obj
[396/616] Building CXX object tests/CMakeFiles/bettercad_tests.dir/drawing/BomTests.cpp.obj
[397/616] Building CXX object tests/CMakeFiles/bettercad_tests.dir/drawing/StableReferenceTests.cpp.obj
[398/616] Building CXX object tests/CMakeFiles/bettercad_tests.dir/drawing/DrawingCommandTests.cpp.obj
[399/616] Building CXX object tests/CMakeFiles/bettercad_tests.dir/drawing/Section2dTests.cpp.obj
[400/616] Building CXX object tests/CMakeFiles/bettercad_tests.dir/drawing/DrawingPersistenceTests.cpp.obj
[401/616] Building CXX object tests/CMakeFiles/bettercad_tests.dir/drawing/SectionGeometryTests.cpp.obj
[402/616] Building CXX object tests/CMakeFiles/bettercad_tests.dir/drawing/DimensionTests.cpp.obj
[403/616] Building CXX object tests/CMakeFiles/bettercad_tests.dir/drawing/DrawingRegenerationTests.cpp.obj
[404/616] Building CXX object tests/CMakeFiles/bettercad_tests.dir/drawing/HiddenLineViewTests.cpp.obj
[405/616] Building CXX object tests/CMakeFiles/bettercad_tests.dir/drawing/SheetFileTests.cpp.obj
[406/616] Building CXX object tests/CMakeFiles/bettercad_tests.dir/drawing/ViewProjectionTests.cpp.obj
[407/616] Building CXX object tests/CMakeFiles/bettercad_tests.dir/drawing/SheetTests.cpp.obj
[408/616] Building CXX object tests/CMakeFiles/bettercad_tests.dir/drawing/ViewAssemblyTests.cpp.obj
[409/616] Building CXX object tests/CMakeFiles/bettercad_tests.dir/drawing/ViewKindTests.cpp.obj
[410/616] Building CXX object tests/CMakeFiles/bettercad_tests.dir/drawing/ToleranceTests.cpp.obj
[411/616] Building CXX object tests/CMakeFiles/bettercad_tests.dir/assembly/ComponentFileTests.cpp.obj
[412/616] Building CXX object tests/CMakeFiles/bettercad_tests.dir/drawing/ViewTests.cpp.obj
[413/616] Building CXX object tests/CMakeFiles/bettercad_tests.dir/assembly/ComponentTests.cpp.obj
[414/616] Building CXX object tests/CMakeFiles/bettercad_tests.dir/assembly/ConfigurationTests.cpp.obj
[415/616] Building CXX object tests/CMakeFiles/bettercad_tests.dir/assembly/MateFileTests.cpp.obj
[416/616] Building CXX object tests/CMakeFiles/bettercad_tests.dir/assembly/MechanicalMateTests.cpp.obj
[417/616] Building CXX object tests/CMakeFiles/bettercad_tests.dir/assembly/MateTests.cpp.obj
[418/616] Building CXX object tests/CMakeFiles/bettercad_tests.dir/assembly/MechanicalSolveTests.cpp.obj
[419/616] Building CXX object tests/CMakeFiles/bettercad_tests.dir/assembly/SolverDerivativeTests.cpp.obj
[420/616] Building CXX object tests/CMakeFiles/bettercad_tests.dir/assembly/SolverTests.cpp.obj
[421/616] Building CXX object tests/CMakeFiles/bettercad_tests.dir/assembly/StableReferenceTests.cpp.obj
[422/616] Building CXX object tests/CMakeFiles/bettercad_tests.dir/assembly/ReferenceFileTests.cpp.obj
[423/616] Building CXX object tests/CMakeFiles/bettercad_tests.dir/assembly/RegenerationTests.cpp.obj
[424/616] Building CXX object tests/CMakeFiles/bettercad_tests.dir/assembly/ReferenceTests.cpp.obj
[425/616] Building CXX object tests/CMakeFiles/bettercad_tests.dir/core/BuildInfoTests.cpp.obj
[426/616] Building CXX object tests/CMakeFiles/bettercad_tests.dir/assembly/PlacementFileTests.cpp.obj
[427/616] Building CXX object tests/CMakeFiles/bettercad_tests.dir/assembly/PlacementTests.cpp.obj
[428/616] Building CXX object tests/CMakeFiles/bettercad_tests.dir/core/UuidTests.cpp.obj
[429/616] Building CXX object tests/CMakeFiles/bettercad_tests.dir/assembly/PersistenceTests.cpp.obj
[430/616] Building CXX object tests/CMakeFiles/bettercad_tests.dir/core/IdTests.cpp.obj
[431/616] Building CXX object tests/CMakeFiles/bettercad_tests.dir/core/document/CommandTests.cpp.obj
[432/616] Building CXX object tests/CMakeFiles/bettercad_tests.dir/core/geometry/BooleanTests.cpp.obj
[433/616] Building CXX object tests/CMakeFiles/bettercad_tests.dir/core/document/ConfigurationTests.cpp.obj
[434/616] Building CXX object tests/CMakeFiles/bettercad_tests.dir/core/document/DependencyGraphTests.cpp.obj
[435/616] Building CXX object tests/CMakeFiles/bettercad_tests.dir/core/document/DocumentTests.cpp.obj
[436/616] Building CXX object tests/CMakeFiles/bettercad_tests.dir/core/document/ParameterExpressionTests.cpp.obj
[437/616] Building CXX object tests/CMakeFiles/bettercad_tests.dir/core/geometry/ChamferTests.cpp.obj
[438/616] Building CXX object tests/CMakeFiles/bettercad_tests.dir/core/geometry/DraftTests.cpp.obj
[439/616] Building CXX object tests/CMakeFiles/bettercad_tests.dir/core/geometry/CurvedProfileTests.cpp.obj
[440/616] Building CXX object tests/CMakeFiles/bettercad_tests.dir/core/geometry/FilletTests.cpp.obj
[441/616] Building CXX object tests/CMakeFiles/bettercad_tests.dir/core/geometry/HiddenLineTests.cpp.obj
[442/616] Building CXX object tests/CMakeFiles/bettercad_tests.dir/core/geometry/FaceNameTests.cpp.obj
[443/616] Building CXX object tests/CMakeFiles/bettercad_tests.dir/core/geometry/LoftTests.cpp.obj
[444/616] Building CXX object tests/CMakeFiles/bettercad_tests.dir/core/geometry/LoftShapeTests.cpp.obj
[445/616] Building CXX object tests/CMakeFiles/bettercad_tests.dir/core/geometry/HoleTests.cpp.obj
[446/616] Building CXX object tests/CMakeFiles/bettercad_tests.dir/core/geometry/MeshTests.cpp.obj
[447/616] Building CXX object tests/CMakeFiles/bettercad_tests.dir/core/geometry/PropertyTests.cpp.obj
[448/616] Building CXX object tests/CMakeFiles/bettercad_tests.dir/core/geometry/PrimitiveTests.cpp.obj
[449/616] Building CXX object tests/CMakeFiles/bettercad_tests.dir/core/geometry/SplitTests.cpp.obj
[450/616] Building CXX object tests/CMakeFiles/bettercad_tests.dir/core/geometry/RibTests.cpp.obj
[451/616] Building CXX object tests/CMakeFiles/bettercad_tests.dir/core/geometry/RevolutionTests.cpp.obj
[452/616] Building CXX object tests/CMakeFiles/bettercad_tests.dir/core/geometry/SweepTests.cpp.obj
[453/616] Building CXX object tests/CMakeFiles/bettercad_tests.dir/core/geometry/ShellTests.cpp.obj
[454/616] Building CXX object tests/CMakeFiles/bettercad_tests.dir/core/geometry/VolumeSecondMomentsTests.cpp.obj
[455/616] Building CXX object tests/CMakeFiles/bettercad_tests.dir/core/geometry/VariableFilletTests.cpp.obj
[456/616] Building CXX object tests/CMakeFiles/bettercad_tests.dir/core/math/BSplineTests.cpp.obj
[457/616] Building CXX object tests/CMakeFiles/bettercad_tests.dir/core/geometry/SweptPathTests.cpp.obj
[458/616] Building CXX object tests/CMakeFiles/bettercad_tests.dir/core/geometry/TransformTests.cpp.obj
[459/616] Building CXX object tests/CMakeFiles/bettercad_tests.dir/core/math/FrameTests.cpp.obj
[460/616] Building CXX object tests/CMakeFiles/bettercad_tests.dir/core/math/RigidTransformTests.cpp.obj
[461/616] Building CXX object tests/CMakeFiles/bettercad_tests.dir/core/materials/MaterialLibraryTests.cpp.obj
[462/616] Building CXX object tests/CMakeFiles/bettercad_tests.dir/core/parameters/ParameterTableTests.cpp.obj
[463/616] Building CXX object tests/CMakeFiles/bettercad_tests.dir/core/parameters/ExpressionTests.cpp.obj
[464/616] Building CXX object tests/CMakeFiles/bettercad_tests.dir/core/parameters/ParameterTests.cpp.obj
[465/616] Building CXX object tests/CMakeFiles/bettercad_tests.dir/core/standards/HoleStandardsTests.cpp.obj
[466/616] Building CXX object tests/CMakeFiles/bettercad_tests.dir/core/materials/MechanicalPropertiesTests.cpp.obj
[467/616] Building CXX object tests/CMakeFiles/bettercad_tests.dir/core/units/ConversionTests.cpp.obj
[468/616] Building CXX object tests/CMakeFiles/bettercad_tests.dir/core/units/FormatAndCatalogTests.cpp.obj
[469/616] Building CXX object tests/CMakeFiles/bettercad_tests.dir/core/materials/ThermalPropertiesTests.cpp.obj
[470/616] Building CXX object tests/CMakeFiles/bettercad_tests.dir/core/units/EngineeringQuantityTests.cpp.obj
[471/616] Building CXX object tests/CMakeFiles/bettercad_tests.dir/core/units/QuantityTests.cpp.obj
[472/616] Building CXX object tests/CMakeFiles/bettercad_tests.dir/features/MassPropertiesTests.cpp.obj
[473/616] Building CXX object tests/CMakeFiles/bettercad_tests.dir/features/ChamferFeatureTests.cpp.obj
[474/616] Building CXX object tests/CMakeFiles/bettercad_tests.dir/features/CustomMaterialTests.cpp.obj
[475/616] Building CXX object tests/CMakeFiles/bettercad_tests.dir/features/MaterialAssignmentTests.cpp.obj
[476/616] Building CXX object tests/CMakeFiles/bettercad_tests.dir/features/MaterialCommandTests.cpp.obj
[477/616] Building CXX object tests/CMakeFiles/bettercad_tests.dir/features/ProvenanceTests.cpp.obj
[478/616] Building CXX object tests/CMakeFiles/bettercad_tests.dir/features/MaterialTests.cpp.obj
[479/616] Building CXX object tests/CMakeFiles/bettercad_tests.dir/features/DatumTests.cpp.obj
[480/616] Building CXX object tests/CMakeFiles/bettercad_tests.dir/features/FaceReferenceTests.cpp.obj
[481/616] Building CXX object tests/CMakeFiles/bettercad_tests.dir/features/DraftFeatureTests.cpp.obj
[482/616] Building CXX object tests/CMakeFiles/bettercad_tests.dir/features/ThroughAllExtrudeTests.cpp.obj
[483/616] Building CXX object tests/CMakeFiles/bettercad_tests.dir/features/SketchOnFaceTests.cpp.obj
[484/616] Building CXX object tests/CMakeFiles/bettercad_tests.dir/features/BodyOpsTests.cpp.obj
[485/616] Building CXX object tests/CMakeFiles/bettercad_tests.dir/features/ExtrudeTests.cpp.obj
[486/616] Building CXX object tests/CMakeFiles/bettercad_tests.dir/features/ExpressionRegenerationTests.cpp.obj
[487/616] Building CXX object tests/CMakeFiles/bettercad_tests.dir/features/CircularPatternFeatureTests.cpp.obj
[488/616] Building CXX object tests/CMakeFiles/bettercad_tests.dir/features/ConfigurationFeatureTests.cpp.obj
[489/616] Building CXX object tests/CMakeFiles/bettercad_tests.dir/features/FilletFeatureTests.cpp.obj
[490/616] Building CXX object tests/CMakeFiles/bettercad_tests.dir/features/HoleStandardTests.cpp.obj
[491/616] Building CXX object tests/CMakeFiles/bettercad_tests.dir/features/HoleFeatureTests.cpp.obj
[492/616] Building CXX object tests/CMakeFiles/bettercad_tests.dir/features/LoftShapeFeatureTests.cpp.obj
[493/616] Building CXX object tests/CMakeFiles/bettercad_tests.dir/features/LinearPatternFeatureTests.cpp.obj
[494/616] Building CXX object tests/CMakeFiles/bettercad_tests.dir/features/LoftFeatureTests.cpp.obj
[495/616] Building CXX object tests/CMakeFiles/bettercad_tests.dir/features/MirrorFeatureTests.cpp.obj
[496/616] Building CXX object tests/CMakeFiles/bettercad_tests.dir/features/ProfileTests.cpp.obj
[497/616] Building CXX object tests/CMakeFiles/bettercad_tests.dir/features/PatternNestingTests.cpp.obj
[498/616] Building CXX object tests/CMakeFiles/bettercad_tests.dir/features/PatternDistributionTests.cpp.obj
[499/616] Building CXX object tests/CMakeFiles/bettercad_tests.dir/features/SpatialSweepTests.cpp.obj
[500/616] Building CXX object tests/CMakeFiles/bettercad_tests.dir/features/RegenerationTests.cpp.obj
[501/616] Building CXX object tests/CMakeFiles/bettercad_tests.dir/features/RegeneratorTests.cpp.obj
[502/616] Building CXX object tests/CMakeFiles/bettercad_tests.dir/features/SweepFeatureTests.cpp.obj
[503/616] Building CXX object tests/CMakeFiles/bettercad_tests.dir/features/RevolveTests.cpp.obj
[504/616] Building CXX object tests/CMakeFiles/bettercad_tests.dir/features/RibFeatureTests.cpp.obj
[505/616] Building CXX object tests/CMakeFiles/bettercad_tests.dir/features/VariableFilletFeatureTests.cpp.obj
[506/616] Building CXX object tests/CMakeFiles/bettercad_tests.dir/features/ShellFeatureTests.cpp.obj
[507/616] Building CXX object tests/CMakeFiles/bettercad_tests.dir/features/ValidationTests.cpp.obj
[508/616] Building CXX object tests/CMakeFiles/bettercad_tests.dir/io/CircularPatternFileTests.cpp.obj
[509/616] Building CXX object tests/CMakeFiles/bettercad_tests.dir/io/ChamferFileTests.cpp.obj
[510/616] Building CXX object tests/CMakeFiles/bettercad_tests.dir/io/DatumFileTests.cpp.obj
[511/616] Building CXX object tests/CMakeFiles/bettercad_tests.dir/io/ConfigurationFileTests.cpp.obj
[512/616] Building CXX object tests/CMakeFiles/bettercad_tests.dir/io/FaceReferenceFileTests.cpp.obj
[513/616] Building CXX object tests/CMakeFiles/bettercad_tests.dir/io/FaceKindFileTests.cpp.obj
[514/616] Building CXX object tests/CMakeFiles/bettercad_tests.dir/io/ThroughAllFileTests.cpp.obj
[515/616] Building CXX object tests/CMakeFiles/bettercad_tests.dir/io/BodyOpsFileTests.cpp.obj
[516/616] Building CXX object tests/CMakeFiles/bettercad_tests.dir/io/DocumentFileTests.cpp.obj
[517/616] Building CXX object tests/CMakeFiles/bettercad_tests.dir/io/DrawingExportTests.cpp.obj
[518/616] Building CXX object tests/CMakeFiles/bettercad_tests.dir/io/ExampleModelTests.cpp.obj
[519/616] Building CXX object tests/CMakeFiles/bettercad_tests.dir/io/MaterialFileTests.cpp.obj
[520/616] Building CXX object tests/CMakeFiles/bettercad_tests.dir/io/DraftFileTests.cpp.obj
[521/616] Building CXX object tests/CMakeFiles/bettercad_tests.dir/io/MeshControlFileTests.cpp.obj
[522/616] Building CXX object tests/CMakeFiles/bettercad_tests.dir/io/ExpressionFileTests.cpp.obj
[523/616] Building CXX object tests/CMakeFiles/bettercad_tests.dir/io/FilletFileTests.cpp.obj
[524/616] Building CXX object tests/CMakeFiles/bettercad_tests.dir/io/HoleFileTests.cpp.obj
[525/616] Building CXX object tests/CMakeFiles/bettercad_tests.dir/io/HoleStandardFileTests.cpp.obj
[526/616] Building CXX object tests/CMakeFiles/bettercad_tests.dir/io/LinearPatternFileTests.cpp.obj
[527/616] Building CXX object tests/CMakeFiles/bettercad_tests.dir/io/ParameterJsonTests.cpp.obj
[528/616] Building CXX object tests/CMakeFiles/bettercad_tests.dir/io/LoftFileTests.cpp.obj
[529/616] Building CXX object tests/CMakeFiles/bettercad_tests.dir/io/MirrorFileTests.cpp.obj
[530/616] Building CXX object tests/CMakeFiles/bettercad_tests.dir/io/PatternInstanceFileTests.cpp.obj
[531/616] Building CXX object tests/CMakeFiles/bettercad_tests.dir/io/SpatialSweepFileTests.cpp.obj
[532/616] Building CXX object tests/CMakeFiles/bettercad_tests.dir/io/RevolveFileTests.cpp.obj
[533/616] Building CXX object tests/CMakeFiles/bettercad_tests.dir/io/SweepFileTests.cpp.obj
[534/616] Building CXX object tests/CMakeFiles/bettercad_tests.dir/io/RibFileTests.cpp.obj
[535/616] Building CXX object tests/CMakeFiles/bettercad_tests.dir/io/ShellFileTests.cpp.obj
[536/616] Building CXX object tests/CMakeFiles/bettercad_tests.dir/io/StepExportTests.cpp.obj
[537/616] Building CXX object tests/CMakeFiles/bettercad_tests.dir/io/VariableFilletFileTests.cpp.obj
[538/616] Building CXX object tests/CMakeFiles/bettercad_tests.dir/io/StlTests.cpp.obj
[539/616] Building CXX object tests/CMakeFiles/bettercad_tests.dir/sketch/AdvancedConstraintSolverTests.cpp.obj
[540/616] Building CXX object tests/CMakeFiles/bettercad_tests.dir/sketch/ConstraintTests.cpp.obj
[541/616] Building CXX object tests/CMakeFiles/bettercad_tests.dir/sketch/AdvancedConstraintDocumentTests.cpp.obj
[542/616] Building CXX object tests/CMakeFiles/bettercad_tests.dir/sketch/EllipseSplineTests.cpp.obj
[543/616] Building CXX object tests/CMakeFiles/bettercad_tests.dir/sketch/EllipseSplineDocumentTests.cpp.obj
[544/616] Building CXX object tests/CMakeFiles/bettercad_tests.dir/sketch/SketchDocumentTests.cpp.obj
[545/616] Building CXX object tests/CMakeFiles/bettercad_tests.dir/sketch/SketchTests.cpp.obj
[546/616] Building CXX object tests/CMakeFiles/bettercad_tests.dir/sketch/SolverTests.cpp.obj
[547/616] Building CXX object tests/CMakeFiles/bettercad_tests.dir/cli/ConfigurationCliTests.cpp.obj
[548/616] Building CXX object tests/CMakeFiles/bettercad_tests.dir/cli/DatumCliTests.cpp.obj
[549/616] Building CXX object tests/CMakeFiles/bettercad_tests.dir/cli/DraftCliTests.cpp.obj
[550/616] Building CXX object tests/CMakeFiles/bettercad_tests.dir/cli/CliTests.cpp.obj
[551/616] Building CXX object tests/CMakeFiles/bettercad_tests.dir/cli/FaceReferenceCliTests.cpp.obj
[552/616] Building CXX object tests/CMakeFiles/bettercad_tests.dir/cli/HoleStandardCliTests.cpp.obj
[553/616] Building CXX object tests/CMakeFiles/bettercad_tests.dir/cli/PatternInstanceCliTests.cpp.obj
[554/616] Building CXX object tests/CMakeFiles/bettercad_tests.dir/cli/ThroughAllCliTests.cpp.obj
[555/616] Building CXX object tests/CMakeFiles/bettercad_tests.dir/cli/BodyOpsCliTests.cpp.obj
[556/616] Building CXX object tests/CMakeFiles/bettercad_tests.dir/cli/RibCliTests.cpp.obj
[557/616] Building CXX object tests/CMakeFiles/bettercad_tests.dir/cli/VariableFilletCliTests.cpp.obj
[558/616] Building CXX object tests/CMakeFiles/bettercad_tests.dir/cli/ShellCliTests.cpp.obj
[559/616] Building CXX object tests/CMakeFiles/bettercad_tests.dir/cli/SpatialSweepCliTests.cpp.obj
[560/616] Building CXX object tests/CMakeFiles/bettercad_tests.dir/cli/ExpressionCliTests.cpp.obj
[561/616] Building CXX object tests/CMakeFiles/bettercad_tests.dir/cli/SheetCliTests.cpp.obj
[562/616] Building CXX object tests/CMakeFiles/bettercad_tests.dir/cli/ComponentCliTests.cpp.obj
[563/616] Building CXX object tests/CMakeFiles/bettercad_tests.dir/cli/AssemblyCliTests.cpp.obj
[564/616] Building CXX object tests/CMakeFiles/bettercad_tests.dir/cli/DrawingCliTests.cpp.obj
[565/616] Building CXX object tests/CMakeFiles/bettercad_tests.dir/cli/MaterialCliTests.cpp.obj
[566/616] Building CXX object tests/CMakeFiles/bettercad_tests.dir/reference/AssemblyWorkflowTests.cpp.obj
[567/616] Building CXX object tests/CMakeFiles/bettercad_tests.dir/cli/MeshingCliTests.cpp.obj
[568/616] Building CXX object tests/CMakeFiles/bettercad_tests.dir/reference/AllModelsTests.cpp.obj
[569/616] Building CXX object tests/CMakeFiles/bettercad_tests.dir/io/AssemblyStepTests.cpp.obj
[570/616] Building CXX object tests/CMakeFiles/bettercad_tests.dir/qualification/P15MaterialsQualificationTests.cpp.obj
[571/616] Building CXX object tests/CMakeFiles/bettercad_tests.dir/reference/AssemblyModelsTests.cpp.obj
[572/616] Building CXX object tests/CMakeFiles/bettercad_tests.dir/reference/MaterialModelsTests.cpp.obj
[573/616] Building CXX object tests/CMakeFiles/bettercad_tests.dir/reference/DrawingStepPlateTests.cpp.obj
[574/616] Building CXX object tests/CMakeFiles/bettercad_tests.dir/reference/MeshModelsTests.cpp.obj
[575/616] Building CXX object tests/CMakeFiles/bettercad_tests.dir/reference/DrawingPocketBlockTests.cpp.obj
[576/616] Building CXX object tests/CMakeFiles/bettercad_tests.dir/reference/DrawingModelsTests.cpp.obj
[577/616] Building CXX object tests/CMakeFiles/bettercad_tests.dir/reference/DrawingAngleBracketTests.cpp.obj
[578/616] Building CXX object tests/CMakeFiles/bettercad_tests.dir/reference/DrawingHolePlateTests.cpp.obj
[579/616] Building CXX object tests/CMakeFiles/bettercad_tests.dir/reference/DrawingToleranceBlockTests.cpp.obj
[580/616] Building CXX object tests/CMakeFiles/bettercad_tests.dir/reference/DrawingClampSetTests.cpp.obj
[581/616] Building CXX object tests/CMakeFiles/bettercad_tests.dir/reference/DrawingBomTests.cpp.obj
[582/616] Building CXX object tests/CMakeFiles/bettercad_tests.dir/reference/GearboxCoverTests.cpp.obj
[583/616] Building CXX object tests/CMakeFiles/bettercad_tests.dir/reference/FlangeTests.cpp.obj
[584/616] Building CXX object tests/CMakeFiles/bettercad_tests.dir/reference/DrawingEquivalenceTests.cpp.obj
[585/616] Building CXX object tests/CMakeFiles/bettercad_tests.dir/reference/ManifoldTubeTests.cpp.obj
[586/616] Building CXX object tests/CMakeFiles/bettercad_tests.dir/reference/BearingHousingTests.cpp.obj
[587/616] Building CXX object tests/CMakeFiles/bettercad_tests.dir/reference/IndexPlateTests.cpp.obj
[588/616] Building CXX object tests/CMakeFiles/bettercad_tests.dir/reference/MotorMountTests.cpp.obj
[589/616] Building CXX object tests/CMakeFiles/bettercad_tests.dir/reference/P12ModelsTests.cpp.obj
[590/616] Building CXX object tests/CMakeFiles/bettercad_tests.dir/reference/MountingBracketTests.cpp.obj
[591/616] Building CXX object tests/CMakeFiles/bettercad_tests.dir/reference/RibbedBracketTests.cpp.obj
[592/616] Building CXX object tests/CMakeFiles/bettercad_tests.dir/reference/TransitionDuctTests.cpp.obj
[593/616] Building CXX object tests/CMakeFiles/bettercad_tests.dir/reference/PulleyTests.cpp.obj
[594/616] Linking CXX executable bin\bettercad_example_geometry_accuracy.exe
[595/616] Building CXX object tests/CMakeFiles/bettercad_tests.dir/reference/ShaftTests.cpp.obj
[596/616] Building CXX object tests/CMakeFiles/bettercad_tests.dir/reference/UBoltTests.cpp.obj
[597/616] Building CXX object tests/compile_fail/CMakeFiles/bettercad_cf_units_control.dir/UnitsMisuse.cpp.obj
[598/616] Building CXX object tests/compile_fail/CMakeFiles/bettercad_cf_mech_control.dir/MechanicalMisuse.cpp.obj
[599/616] Building CXX object tests/compile_fail/CMakeFiles/bettercad_cf_therm_control.dir/ThermalMisuse.cpp.obj
[600/616] Building CXX object tests/compile_fail/CMakeFiles/bettercad_cf_assign_control.dir/AssignmentMisuse.cpp.obj
[601/616] Building CXX object tests/compile_fail/CMakeFiles/bettercad_cf_ids_control.dir/IdsMisuse.cpp.obj
[602/616] Linking CXX executable bin\bettercad-cli.exe
[603/616] Linking CXX executable bin\bettercad.exe; Deploying Qt runtime for bettercad
[604/616] Building CXX object tests/compile_fail/CMakeFiles/bettercad_cf_massp_control.dir/MassMisuse.cpp.obj
[605/616] Building CXX object tests/compile_fail/CMakeFiles/bettercad_cf_custom_control.dir/CustomMaterialMisuse.cpp.obj
[606/616] Building CXX object tests/compile_fail/CMakeFiles/bettercad_cf_prov_control.dir/ProvenanceMisuse.cpp.obj
[607/616] Linking CXX executable bin\bettercad_example_reference_models.exe
[608/616] Building CXX object tests/compile_fail/CMakeFiles/bettercad_cf_matcmd_control.dir/MaterialCommandMisuse.cpp.obj
[609/616] Building CXX object tests/compile_fail/CMakeFiles/bettercad_cf_meshids_control.dir/MeshIdsMisuse.cpp.obj
[610/616] Building CXX object tests/compile_fail/CMakeFiles/bettercad_cf_meshquality_control.dir/MeshQualityMisuse.cpp.obj
[611/616] Building CXX object tests/compile_fail/CMakeFiles/bettercad_cf_volumemesh_control.dir/VolumeMeshMisuse.cpp.obj
[612/616] Building CXX object tests/compile_fail/CMakeFiles/bettercad_cf_viewer_control.dir/ViewerMisuse.cpp.obj
[613/616] Building CXX object tests/compile_fail/CMakeFiles/bettercad_cf_meshview_control.dir/MeshViewMisuse.cpp.obj
[614/616] Building CXX object tests/compile_fail/CMakeFiles/bettercad_cf_geometrymeshmap_control.dir/GeometryMeshMapMisuse.cpp.obj
[615/616] Building CXX object tests/compile_fail/CMakeFiles/bettercad_cf_meshcmd_control.dir/MeshingCommandMisuse.cpp.obj
[616/616] Linking CXX executable bin\bettercad_tests.exe
