Test project C:/Users/uqhas/AppData/Local/bc-build/release-ext
      Start 3099: refmod.mesh.build
      Start 3100: refmod.mesh.build.refusal
      Start 3101: refmod.mesh.build.tube-void
      Start 1541: unit.MeshBlock_PartitionsItsBoundaryAcrossAllSixNamedFaces
      Start 1542: unit.MeshBlock_RecoversTheExactVolumeOfAnAsymmetricBlock
      Start 1543: unit.MeshBlock_SizingLevelsAreBoundedByItsOwnBoundary
      Start 1562: unit.MeshCurved_DeclaresTheDeflectionItsAnalyticBoundsAssume
      Start 1563: unit.MeshCylinder_ApproachesTheAnalyticVolumeAsTheSurfaceIsResolved
 1/53 Test #1562: unit.MeshCurved_DeclaresTheDeflectionItsAnalyticBoundsAssume ................   Passed    0.14 sec
      Start 1564: unit.MeshCylinder_MapsItsCapsAndWallWithoutLeakage
 2/53 Test #1542: unit.MeshBlock_RecoversTheExactVolumeOfAnAsymmetricBlock ....................   Passed    0.20 sec
 3/53 Test #1541: unit.MeshBlock_PartitionsItsBoundaryAcrossAllSixNamedFaces ..................   Passed    0.22 sec
      Start 1565: unit.MeshCylinder_MeshedVolumeLiesInsideTheInscribedPolygonBound
      Start 1595: unit.MeshLocalRefinement_FollowsAnEditOfItsLocalSize
 4/53 Test #1543: unit.MeshBlock_SizingLevelsAreBoundedByItsOwnBoundary .......................   Passed    0.28 sec
      Start 1596: unit.MeshLocalRefinement_RefinesTheNamedFaceAndLeavesTheOppositeOneAlone
 5/53 Test #1596: unit.MeshLocalRefinement_RefinesTheNamedFaceAndLeavesTheOppositeOneAlone ....   Passed    0.46 sec
      Start 1597: unit.MeshOpenProfile_IsRefusedExplicitlyAndPublishesNothing
 6/53 Test #1595: unit.MeshLocalRefinement_FollowsAnEditOfItsLocalSize ........................   Passed    0.59 sec
      Start 1598: unit.MeshPlateWithHole_HasNoElementInsideTheHole
 7/53 Test #1597: unit.MeshOpenProfile_IsRefusedExplicitlyAndPublishesNothing .................   Passed    0.18 sec
      Start 1599: unit.MeshPlateWithHole_LeavesTheHoleEmptyAndSaysSoInTheVolume
 8/53 Test #1564: unit.MeshCylinder_MapsItsCapsAndWallWithoutLeakage ..........................   Passed    0.84 sec
      Start 1600: unit.MeshPlateWithHole_MapsTheHoleWallWithItsNormalsFacingTheMaterial
 9/53 Test #1565: unit.MeshCylinder_MeshedVolumeLiesInsideTheInscribedPolygonBound ............   Passed    0.85 sec
      Start 1604: unit.MeshReferenceSuite_DeclaredVolumesAgreeWithTheIndependentClosedForms
10/53 Test #1604: unit.MeshReferenceSuite_DeclaredVolumesAgreeWithTheIndependentClosedForms ...   Passed    0.16 sec
      Start 1605: unit.MeshReferenceSuite_DeclaresEightModelsInNineDocuments
11/53 Test #1605: unit.MeshReferenceSuite_DeclaresEightModelsInNineDocuments ..................   Passed    0.15 sec
      Start 1606: unit.MeshReferenceSuite_EveryModelBuildsAndCarriesItsMeshingIntent
12/53 Test #1598: unit.MeshPlateWithHole_HasNoElementInsideTheHole ............................   Passed    0.58 sec
      Start 1607: unit.MeshReferenceSuite_EveryValidModelMeshesAndTheInvalidOneIsRefused
13/53 Test #1606: unit.MeshReferenceSuite_EveryModelBuildsAndCarriesItsMeshingIntent ..........   Passed    0.19 sec
      Start 1608: unit.MeshReference_AGeometryEditRemeshesAgainstTheNewAnalyticVolume
14/53 Test #1599: unit.MeshPlateWithHole_LeavesTheHoleEmptyAndSaysSoInTheVolume ...............   Passed    0.67 sec
      Start 1609: unit.MeshReference_ASettingsEditRemeshesAtTheNewCharacteristicScale
15/53 Test #1600: unit.MeshPlateWithHole_MapsTheHoleWallWithItsNormalsFacingTheMaterial .......   Passed    0.69 sec
      Start 1610: unit.MeshReference_EveryModelsOutcomeIsStableOverRepeatedAttempts
16/53 Test #1608: unit.MeshReference_AGeometryEditRemeshesAgainstTheNewAnalyticVolume .........   Passed    1.18 sec
      Start 1611: unit.MeshReference_IsDeterministicOverRepeatedGeneration
17/53 Test #1607: unit.MeshReferenceSuite_EveryValidModelMeshesAndTheInvalidOneIsRefused ......   Passed    3.64 sec
      Start 1612: unit.MeshReference_SaveLoadRegenerateKeepsTheIntentAndNotTheMesh
18/53 Test #1563: unit.MeshCylinder_ApproachesTheAnalyticVolumeAsTheSurfaceIsResolved .........   Passed    5.18 sec
      Start 1613: unit.MeshReference_ScalingAModelScalesItsVolumeByTheCube
19/53 Test #1613: unit.MeshReference_ScalingAModelScalesItsVolumeByTheCube ....................   Passed    0.23 sec
      Start 1614: unit.MeshReference_UndoAndRedoOfTheIntentAreFollowedByTheMesh
20/53 Test #1611: unit.MeshReference_IsDeterministicOverRepeatedGeneration ....................   Passed    3.17 sec
      Start 1629: unit.MeshThinPlate_MeshesWithMeasurablyWorseShapeThanTheBlock
21/53 Test #1612: unit.MeshReference_SaveLoadRegenerateKeepsTheIntentAndNotTheMesh ............   Passed    1.23 sec
      Start 1630: unit.MeshTransformedBlock_KeepsItsVolumeAndShapeUnderARigidTransform
22/53 Test #1629: unit.MeshThinPlate_MeshesWithMeasurablyWorseShapeThanTheBlock ...............   Passed    0.49 sec
      Start 1631: unit.MeshTube_MapsItsInnerAndOuterWallsToDifferentFaces
23/53 Test #1630: unit.MeshTransformedBlock_KeepsItsVolumeAndShapeUnderARigidTransform ........   Passed    0.29 sec
      Start 1632: unit.MeshTube_PreservesTheInnerVoid
24/53 Test #1614: unit.MeshReference_UndoAndRedoOfTheIntentAreFollowedByTheMesh ...............   Passed    2.54 sec
25/53 Test #1631: unit.MeshTube_MapsItsInnerAndOuterWallsToDifferentFaces .....................   Passed    2.02 sec
26/53 Test #1632: unit.MeshTube_PreservesTheInnerVoid .........................................   Passed    2.05 sec
27/53 Test #3100: refmod.mesh.build.refusal ...................................................   Passed    9.47 sec
28/53 Test #3101: refmod.mesh.build.tube-void .................................................   Passed    9.53 sec
29/53 Test #3099: refmod.mesh.build ...........................................................   Passed    9.68 sec
      Start 3117: refmod.mesh.boundaries.tube
      Start 3102: refmod.mesh.settings.block
      Start 3111: refmod.mesh.validate.mesh_plate_with_hole
      Start 3112: refmod.mesh.quality.mesh_plate_with_hole
      Start 3116: refmod.mesh.boundaries.hole
      Start 3105: refmod.mesh.generate.hole
30/53 Test #3102: refmod.mesh.settings.block ..................................................   Passed    1.09 sec
      Start 3110: refmod.mesh.info.mesh_plate_with_hole
31/53 Test #3112: refmod.mesh.quality.mesh_plate_with_hole ....................................   Passed    1.57 sec
      Start 3106: refmod.mesh.generate.local
32/53 Test #3111: refmod.mesh.validate.mesh_plate_with_hole ...................................   Passed    1.61 sec
      Start 3118: refmod.mesh.boundaries.local
33/53 Test #3105: refmod.mesh.generate.hole ...................................................   Passed    1.57 sec
34/53 Test #3116: refmod.mesh.boundaries.hole .................................................   Passed    1.59 sec
      Start 3113: refmod.mesh.info.mesh_local_refinement
      Start 3115: refmod.mesh.quality.mesh_local_refinement
35/53 Test #3110: refmod.mesh.info.mesh_plate_with_hole .......................................   Passed    0.75 sec
      Start 3114: refmod.mesh.validate.mesh_local_refinement
36/53 Test #3106: refmod.mesh.generate.local ..................................................   Passed    0.45 sec
      Start 3107: refmod.mesh.info.mesh_block
37/53 Test #3118: refmod.mesh.boundaries.local ................................................   Passed    0.48 sec
      Start 3108: refmod.mesh.validate.mesh_block
38/53 Test #3113: refmod.mesh.info.mesh_local_refinement ......................................   Passed    0.55 sec
      Start 3104: refmod.mesh.generate.block
39/53 Test #3115: refmod.mesh.quality.mesh_local_refinement ...................................   Passed    0.57 sec
      Start 3109: refmod.mesh.quality.mesh_block
40/53 Test #3114: refmod.mesh.validate.mesh_local_refinement ..................................   Passed    0.49 sec
      Start 3103: refmod.mesh.settings.local
41/53 Test #3107: refmod.mesh.info.mesh_block .................................................   Passed    0.41 sec
      Start 3119: refmod.mesh.invalid.mesh-generate
42/53 Test #3108: refmod.mesh.validate.mesh_block .............................................   Passed    0.41 sec
      Start 3123: refmod.mesh.invalid.mesh-boundaries
43/53 Test #3103: refmod.mesh.settings.local ..................................................   Passed    0.33 sec
      Start 3121: refmod.mesh.invalid.mesh-validate
44/53 Test #3104: refmod.mesh.generate.block ..................................................   Passed    0.51 sec
      Start 3120: refmod.mesh.invalid.mesh-info
45/53 Test #3109: refmod.mesh.quality.mesh_block ..............................................   Passed    0.50 sec
      Start 3122: refmod.mesh.invalid.mesh-quality
46/53 Test #3123: refmod.mesh.invalid.mesh-boundaries .........................................   Passed    0.28 sec
47/53 Test #3119: refmod.mesh.invalid.mesh-generate ...........................................   Passed    0.34 sec
48/53 Test #3121: refmod.mesh.invalid.mesh-validate ...........................................   Passed    0.24 sec
49/53 Test #3120: refmod.mesh.invalid.mesh-info ...............................................   Passed    0.24 sec
50/53 Test #3122: refmod.mesh.invalid.mesh-quality ............................................   Passed    0.25 sec
51/53 Test #3117: refmod.mesh.boundaries.tube .................................................   Passed    3.02 sec
52/53 Test #1610: unit.MeshReference_EveryModelsOutcomeIsStableOverRepeatedAttempts ...........   Passed   11.54 sec
53/53 Test #1609: unit.MeshReference_ASettingsEditRemeshesAtTheNewCharacteristicScale .........   Passed   34.41 sec

100% tests passed out of 53

Total Test time (real) =  38.74 sec
