Test project C:/Users/uqhas/AppData/Local/bc-build/debug-ext
    Start 1821: unit.P16Qualification_EveryReferenceDocumentRoundTripsItsIntentAndRegenerates
    Start 1822: unit.P16Qualification_GeneratingAMeshLeavesTheCanonicalDocumentByteIdentical
    Start 1823: unit.P16Qualification_StaleGeometryNeverYieldsACurrentMesh
    Start 1824: unit.P16Qualification_SurfaceOrientationIsOutwardAndDeterministic
    Start 1825: unit.P16Qualification_TheSavedDocumentIsIndependentOfMeshDensity
    Test #1823: unit.P16Qualification_StaleGeometryNeverYieldsACurrentMesh ......................   Passed    0.41 sec
    Start 1823: unit.P16Qualification_StaleGeometryNeverYieldsACurrentMesh
    Test #1822: unit.P16Qualification_GeneratingAMeshLeavesTheCanonicalDocumentByteIdentical ....   Passed    0.70 sec
    Start 1822: unit.P16Qualification_GeneratingAMeshLeavesTheCanonicalDocumentByteIdentical
    Test #1823: unit.P16Qualification_StaleGeometryNeverYieldsACurrentMesh ......................   Passed    0.34 sec
    Start 1823: unit.P16Qualification_StaleGeometryNeverYieldsACurrentMesh
    Test #1823: unit.P16Qualification_StaleGeometryNeverYieldsACurrentMesh ......................   Passed    0.40 sec
    Start 1823: unit.P16Qualification_StaleGeometryNeverYieldsACurrentMesh
    Test #1822: unit.P16Qualification_GeneratingAMeshLeavesTheCanonicalDocumentByteIdentical ....   Passed    0.69 sec
    Start 1822: unit.P16Qualification_GeneratingAMeshLeavesTheCanonicalDocumentByteIdentical
    Test #1823: unit.P16Qualification_StaleGeometryNeverYieldsACurrentMesh ......................   Passed    0.38 sec
    Start 1823: unit.P16Qualification_StaleGeometryNeverYieldsACurrentMesh
1/5 Test #1823: unit.P16Qualification_StaleGeometryNeverYieldsACurrentMesh ......................   Passed    0.49 sec
    Test #1822: unit.P16Qualification_GeneratingAMeshLeavesTheCanonicalDocumentByteIdentical ....   Passed    0.75 sec
    Start 1822: unit.P16Qualification_GeneratingAMeshLeavesTheCanonicalDocumentByteIdentical
    Test #1822: unit.P16Qualification_GeneratingAMeshLeavesTheCanonicalDocumentByteIdentical ....   Passed    0.74 sec
    Start 1822: unit.P16Qualification_GeneratingAMeshLeavesTheCanonicalDocumentByteIdentical
2/5 Test #1822: unit.P16Qualification_GeneratingAMeshLeavesTheCanonicalDocumentByteIdentical ....   Passed    0.57 sec
    Test #1821: unit.P16Qualification_EveryReferenceDocumentRoundTripsItsIntentAndRegenerates ...   Passed    7.61 sec
    Start 1821: unit.P16Qualification_EveryReferenceDocumentRoundTripsItsIntentAndRegenerates
    Test #1824: unit.P16Qualification_SurfaceOrientationIsOutwardAndDeterministic ...............   Passed    7.68 sec
    Start 1824: unit.P16Qualification_SurfaceOrientationIsOutwardAndDeterministic
    Test #1821: unit.P16Qualification_EveryReferenceDocumentRoundTripsItsIntentAndRegenerates ...   Passed    6.84 sec
    Start 1821: unit.P16Qualification_EveryReferenceDocumentRoundTripsItsIntentAndRegenerates
    Test #1824: unit.P16Qualification_SurfaceOrientationIsOutwardAndDeterministic ...............   Passed    7.28 sec
    Start 1824: unit.P16Qualification_SurfaceOrientationIsOutwardAndDeterministic
    Test #1821: unit.P16Qualification_EveryReferenceDocumentRoundTripsItsIntentAndRegenerates ...   Passed    6.95 sec
    Start 1821: unit.P16Qualification_EveryReferenceDocumentRoundTripsItsIntentAndRegenerates
    Test #1824: unit.P16Qualification_SurfaceOrientationIsOutwardAndDeterministic ...............   Passed    7.08 sec
    Start 1824: unit.P16Qualification_SurfaceOrientationIsOutwardAndDeterministic
    Test #1821: unit.P16Qualification_EveryReferenceDocumentRoundTripsItsIntentAndRegenerates ...   Passed    6.90 sec
    Start 1821: unit.P16Qualification_EveryReferenceDocumentRoundTripsItsIntentAndRegenerates
    Test #1824: unit.P16Qualification_SurfaceOrientationIsOutwardAndDeterministic ...............   Passed    6.53 sec
    Start 1824: unit.P16Qualification_SurfaceOrientationIsOutwardAndDeterministic
3/5 Test #1821: unit.P16Qualification_EveryReferenceDocumentRoundTripsItsIntentAndRegenerates ...   Passed    6.57 sec
    Test #1825: unit.P16Qualification_TheSavedDocumentIsIndependentOfMeshDensity ................   Passed   34.96 sec
    Start 1825: unit.P16Qualification_TheSavedDocumentIsIndependentOfMeshDensity
4/5 Test #1824: unit.P16Qualification_SurfaceOrientationIsOutwardAndDeterministic ...............   Passed    6.55 sec
    Test #1825: unit.P16Qualification_TheSavedDocumentIsIndependentOfMeshDensity ................   Passed   29.60 sec
    Start 1825: unit.P16Qualification_TheSavedDocumentIsIndependentOfMeshDensity
    Test #1825: unit.P16Qualification_TheSavedDocumentIsIndependentOfMeshDensity ................   Passed   31.89 sec
    Start 1825: unit.P16Qualification_TheSavedDocumentIsIndependentOfMeshDensity
    Test #1825: unit.P16Qualification_TheSavedDocumentIsIndependentOfMeshDensity ................   Passed   29.34 sec
    Start 1825: unit.P16Qualification_TheSavedDocumentIsIndependentOfMeshDensity
5/5 Test #1825: unit.P16Qualification_TheSavedDocumentIsIndependentOfMeshDensity ................   Passed   32.01 sec

100% tests passed out of 5

Total Test time (real) = 158.12 sec
