[1/472] Checking git revision
[2/472] Building CXX object _deps/catch2-build/src/CMakeFiles/Catch2.dir/catch2/generators/catch_generator_exception.cpp.obj
[3/472] Building CXX object src/core/CMakeFiles/bettercad_core.dir/Error.cpp.obj
[4/472] Building CXX object _deps/catch2-build/src/CMakeFiles/Catch2.dir/catch2/generators/catch_generators_throw.cpp.obj
[5/472] Building CXX object _deps/catch2-build/src/CMakeFiles/Catch2.dir/catch2/benchmark/catch_chronometer.cpp.obj
[6/472] Building CXX object _deps/catch2-build/src/CMakeFiles/Catch2.dir/catch2/benchmark/detail/catch_benchmark_function.cpp.obj
[7/472] Building CXX object _deps/catch2-build/src/CMakeFiles/Catch2.dir/catch2/generators/catch_generators.cpp.obj
[8/472] Building CXX object _deps/catch2-build/src/CMakeFiles/Catch2.dir/catch2/benchmark/detail/catch_analyse.cpp.obj
[9/472] Building CXX object _deps/catch2-build/src/CMakeFiles/Catch2.dir/catch2/benchmark/detail/catch_run_for_at_least.cpp.obj
[10/472] Building CXX object _deps/catch2-build/src/CMakeFiles/Catch2.dir/catch2/reporters/catch_reporter_common_base.cpp.obj
[11/472] Building CXX object _deps/catch2-build/src/CMakeFiles/Catch2.dir/catch2/reporters/catch_reporter_event_listener.cpp.obj
[12/472] Building CXX object _deps/catch2-build/src/CMakeFiles/Catch2.dir/catch2/reporters/catch_reporter_compact.cpp.obj
[13/472] Building CXX object _deps/catch2-build/src/CMakeFiles/Catch2.dir/catch2/benchmark/catch_benchmark.cpp.obj
[14/472] Building CXX object _deps/catch2-build/src/CMakeFiles/Catch2.dir/catch2/benchmark/detail/catch_stats.cpp.obj
[15/472] Building CXX object _deps/catch2-build/src/CMakeFiles/Catch2.dir/catch2/reporters/catch_reporter_console.cpp.obj
[16/472] Building CXX object _deps/catch2-build/src/CMakeFiles/Catch2.dir/catch2/reporters/catch_reporter_automake.cpp.obj
[17/472] Building CXX object _deps/catch2-build/src/CMakeFiles/Catch2.dir/catch2/generators/catch_generators_random.cpp.obj
[18/472] Building CXX object src/core/CMakeFiles/bettercad_core.dir/BuildInfo.cpp.obj
[19/472] Building CXX object _deps/catch2-build/src/CMakeFiles/Catch2.dir/catch2/reporters/catch_reporter_cumulative_base.cpp.obj
[20/472] Building CXX object _deps/catch2-build/src/CMakeFiles/Catch2.dir/catch2/reporters/catch_reporter_helpers.cpp.obj
[21/472] Building CXX object src/core/CMakeFiles/bettercad_core.dir/Uuid.cpp.obj
[22/472] Building CXX object src/core/CMakeFiles/bettercad_core.dir/math/Direction.cpp.obj
[23/472] Building CXX object src/core/CMakeFiles/bettercad_core.dir/Naming.cpp.obj
[24/472] Building CXX object src/core/CMakeFiles/bettercad_core.dir/document/DocumentObject.cpp.obj
[25/472] Building CXX object src/core/CMakeFiles/bettercad_core.dir/math/Frame.cpp.obj
[26/472] Building CXX object src/core/CMakeFiles/bettercad_core.dir/standards/ClearanceHoles.cpp.obj
[27/472] Building CXX object src/core/CMakeFiles/bettercad_core.dir/document/ObjectReference.cpp.obj
[28/472] Building CXX object src/core/CMakeFiles/bettercad_core.dir/units/UnitCatalog.cpp.obj
[29/472] Building CXX object src/core/CMakeFiles/bettercad_core.dir/document/CommandHistory.cpp.obj
[30/472] Building CXX object src/core/CMakeFiles/bettercad_core.dir/document/MateReference.cpp.obj
[31/472] Building CXX object src/core/CMakeFiles/bettercad_core.dir/__/__/generated/src/core/GitRevision.cpp.obj
[32/472] Building CXX object src/core/CMakeFiles/bettercad_core.dir/units/Format.cpp.obj
[33/472] Building CXX object src/core/CMakeFiles/bettercad_core.dir/document/Placement.cpp.obj
[34/472] Building CXX object src/core/CMakeFiles/bettercad_core.dir/document/References.cpp.obj
[35/472] Building CXX object src/core/CMakeFiles/bettercad_core.dir/document/DependencyGraph.cpp.obj
[36/472] Building CXX object src/core/CMakeFiles/bettercad_core.dir/math/BSpline.cpp.obj
[37/472] Building CXX object src/core/CMakeFiles/bettercad_core.dir/parameters/Parameter.cpp.obj
[38/472] Building CXX object src/core/CMakeFiles/bettercad_core.dir/standards/HoleTolerances.cpp.obj
[39/472] Building CXX object src/core/CMakeFiles/bettercad_core.dir/document/Commands.cpp.obj
[40/472] Building CXX object src/core/CMakeFiles/bettercad_core.dir/standards/MetricThreads.cpp.obj
[41/472] Building CXX object src/core/CMakeFiles/bettercad_core.dir/document/Configurations.cpp.obj
[42/472] Building CXX object src/core/CMakeFiles/bettercad_core.dir/parameters/Expression.cpp.obj
[43/472] Building CXX object src/core/CMakeFiles/bettercad_core.dir/document/ParameterExpressions.cpp.obj
[44/472] Building CXX object src/core/geometry/CMakeFiles/bettercad_geometry.dir/RadiusLaw.cpp.obj
[45/472] Building CXX object src/core/CMakeFiles/bettercad_core.dir/parameters/ParameterTable.cpp.obj
[46/472] Building CXX object src/core/CMakeFiles/bettercad_core.dir/document/Document.cpp.obj
[47/472] Building CXX object src/core/geometry/CMakeFiles/bettercad_geometry.dir/Blends.cpp.obj
[48/472] Building CXX object src/core/geometry/CMakeFiles/bettercad_geometry.dir/Profile.cpp.obj
[49/472] Building CXX object src/core/geometry/CMakeFiles/bettercad_geometry.dir/Edges.cpp.obj
[50/472] Building CXX object src/core/geometry/CMakeFiles/bettercad_geometry.dir/Draft.cpp.obj
[51/472] Building CXX object src/core/geometry/CMakeFiles/bettercad_geometry.dir/Holes.cpp.obj
[52/472] Linking CXX shared library bin\libbettercad_core.dll
[53/472] Building CXX object src/core/geometry/CMakeFiles/bettercad_geometry.dir/Faces.cpp.obj
[54/472] Building CXX object src/core/geometry/CMakeFiles/bettercad_geometry.dir/Shell.cpp.obj
[55/472] Building CXX object src/core/geometry/CMakeFiles/bettercad_geometry.dir/LoftMatching.cpp.obj
[56/472] Building CXX object src/core/geometry/CMakeFiles/bettercad_geometry.dir/LoftPlan.cpp.obj
[57/472] Building CXX object src/core/geometry/CMakeFiles/bettercad_geometry.dir/Split.cpp.obj
[58/472] Building CXX object src/core/geometry/CMakeFiles/bettercad_geometry.dir/Rib.cpp.obj
[59/472] Building CXX object src/core/geometry/CMakeFiles/bettercad_geometry.dir/VariableFillet.cpp.obj
[60/472] Building CXX object src/core/geometry/CMakeFiles/bettercad_geometry.dir/SweepPlan.cpp.obj
[61/472] Building CXX object src/core/geometry/CMakeFiles/bettercad_geometry.dir/SweptPathPlan.cpp.obj
[62/472] Building CXX object src/core/geometry/CMakeFiles/bettercad_geometry.dir/occt/OcctFaceNames.cpp.obj
[63/472] Building CXX object src/core/geometry/CMakeFiles/bettercad_geometry.dir/occt/OcctKernel.cpp.obj
[64/472] Building CXX object src/core/geometry/CMakeFiles/bettercad_geometry.dir/occt/OcctBooleans.cpp.obj
[65/472] Building CXX object src/core/geometry/CMakeFiles/bettercad_geometry.dir/occt/OcctBlend.cpp.obj
[66/472] Building CXX object src/core/geometry/CMakeFiles/bettercad_geometry.dir/occt/OcctBody.cpp.obj
[67/472] Building CXX object src/core/geometry/CMakeFiles/bettercad_geometry.dir/occt/OcctChamfer.cpp.obj
[68/472] Building CXX object src/core/geometry/CMakeFiles/bettercad_geometry.dir/occt/OcctDraft.cpp.obj
[69/472] Building CXX object src/core/geometry/CMakeFiles/bettercad_geometry.dir/occt/OcctFillet.cpp.obj
[70/472] Building CXX object src/core/geometry/CMakeFiles/bettercad_geometry.dir/occt/OcctEdges.cpp.obj
[71/472] Building CXX object src/core/geometry/CMakeFiles/bettercad_geometry.dir/occt/OcctPrimitives.cpp.obj
[72/472] Building CXX object src/core/geometry/CMakeFiles/bettercad_geometry.dir/occt/OcctFaces.cpp.obj
[73/472] Building CXX object src/core/geometry/CMakeFiles/bettercad_geometry.dir/occt/OcctMesh.cpp.obj
[74/472] Building CXX object src/core/geometry/CMakeFiles/bettercad_geometry.dir/occt/OcctHole.cpp.obj
[75/472] Building CXX object src/core/geometry/CMakeFiles/bettercad_geometry.dir/occt/OcctStep.cpp.obj
[76/472] Building CXX object src/core/geometry/CMakeFiles/bettercad_geometry.dir/occt/OcctShell.cpp.obj
[77/472] Building CXX object src/sketch/CMakeFiles/bettercad_sketch.dir/entities/Entities.cpp.obj
[78/472] Building CXX object src/core/geometry/CMakeFiles/bettercad_geometry.dir/occt/OcctSplit.cpp.obj
[79/472] Building CXX object src/core/geometry/CMakeFiles/bettercad_geometry.dir/occt/OcctTransform.cpp.obj
[80/472] Building CXX object src/sketch/CMakeFiles/bettercad_sketch.dir/SketchRegeneration.cpp.obj
[81/472] Building CXX object src/sketch/CMakeFiles/bettercad_sketch.dir/SketchCommands.cpp.obj
[82/472] Building CXX object src/features/CMakeFiles/bettercad_features.dir/Feature.cpp.obj
[83/472] Building CXX object src/features/CMakeFiles/bettercad_features.dir/chamfer/ChamferFeature.cpp.obj
[84/472] Building CXX object src/sketch/CMakeFiles/bettercad_sketch.dir/constraints/SketchConstraints.cpp.obj
[85/472] Building CXX object src/features/CMakeFiles/bettercad_features.dir/boolean/CombineFeature.cpp.obj
[86/472] Building CXX object src/sketch/CMakeFiles/bettercad_sketch.dir/Sketch.cpp.obj
[87/472] Building CXX object src/core/geometry/CMakeFiles/bettercad_geometry.dir/occt/OcctVariableFillet.cpp.obj
[88/472] Building CXX object src/features/CMakeFiles/bettercad_features.dir/ResultBodies.cpp.obj
[89/472] Building CXX object src/features/CMakeFiles/bettercad_features.dir/boolean/SplitFeature.cpp.obj
[90/472] Building CXX object src/features/CMakeFiles/bettercad_features.dir/SolidSupport.cpp.obj
[91/472] Building CXX object src/features/CMakeFiles/bettercad_features.dir/boolean/BooleanRegeneration.cpp.obj
[92/472] Building CXX object src/core/geometry/CMakeFiles/bettercad_geometry.dir/occt/OcctSweeps.cpp.obj
[93/472] Building CXX object src/features/CMakeFiles/bettercad_features.dir/chamfer/ChamferRegeneration.cpp.obj
[94/472] Building CXX object src/features/CMakeFiles/bettercad_features.dir/datum/DatumResolution.cpp.obj
[95/472] Linking CXX shared library bin\libbettercad_geometry.dll
[96/472] Building CXX object src/features/CMakeFiles/bettercad_features.dir/fillet/FilletFeature.cpp.obj
[97/472] Building CXX object src/features/CMakeFiles/bettercad_features.dir/draft/DraftFeature.cpp.obj
[98/472] Building CXX object src/features/CMakeFiles/bettercad_features.dir/Regenerator.cpp.obj
[99/472] Building CXX object src/features/CMakeFiles/bettercad_features.dir/Validation.cpp.obj
[100/472] Building CXX object src/features/CMakeFiles/bettercad_features.dir/datum/Datums.cpp.obj
[101/472] Building CXX object src/features/CMakeFiles/bettercad_features.dir/extrude/ExtrudeFeature.cpp.obj
[102/472] Building CXX object src/features/CMakeFiles/bettercad_features.dir/draft/DraftRegeneration.cpp.obj
[103/472] Building CXX object src/features/CMakeFiles/bettercad_features.dir/hole/HoleFeature.cpp.obj
[104/472] Building CXX object src/features/CMakeFiles/bettercad_features.dir/extrude/ExtrudeRegeneration.cpp.obj
[105/472] Building CXX object src/sketch/CMakeFiles/bettercad_sketch.dir/solver/SolverSystem.cpp.obj
[106/472] Building CXX object src/features/CMakeFiles/bettercad_features.dir/fillet/VariableFilletFeature.cpp.obj
[107/472] Building CXX object src/features/CMakeFiles/bettercad_features.dir/reference/FaceReferences.cpp.obj
[108/472] Building CXX object src/features/CMakeFiles/bettercad_features.dir/fillet/VariableFilletRegeneration.cpp.obj
[109/472] Building CXX object src/features/CMakeFiles/bettercad_features.dir/fillet/FilletRegeneration.cpp.obj
[110/472] Building CXX object src/features/CMakeFiles/bettercad_features.dir/loft/LoftFeature.cpp.obj
[111/472] Building CXX object src/features/CMakeFiles/bettercad_features.dir/hole/HoleRegeneration.cpp.obj
[112/472] Building CXX object src/features/CMakeFiles/bettercad_features.dir/pattern/CircularPatternFeature.cpp.obj
[113/472] Building CXX object src/features/CMakeFiles/bettercad_features.dir/pattern/LinearPatternFeature.cpp.obj
[114/472] Building CXX object src/features/CMakeFiles/bettercad_features.dir/loft/LoftRegeneration.cpp.obj
[115/472] Building CXX object src/features/CMakeFiles/bettercad_features.dir/pattern/CircularPatternRegeneration.cpp.obj
[116/472] Building CXX object src/features/CMakeFiles/bettercad_features.dir/shell/ShellFeature.cpp.obj
[117/472] Building CXX object src/features/CMakeFiles/bettercad_features.dir/pattern/LinearPatternRegeneration.cpp.obj
[118/472] Building CXX object src/features/CMakeFiles/bettercad_features.dir/pattern/MirrorFeature.cpp.obj
[119/472] Building CXX object src/features/CMakeFiles/bettercad_features.dir/rib/RibFeature.cpp.obj
[120/472] Building CXX object src/features/CMakeFiles/bettercad_features.dir/revolve/RevolveFeature.cpp.obj
[121/472] Building CXX object src/features/CMakeFiles/bettercad_features.dir/pattern/MirrorRegeneration.cpp.obj
[122/472] Building CXX object src/assembly/CMakeFiles/bettercad_assembly.dir/Component.cpp.obj
[123/472] Building CXX object src/features/CMakeFiles/bettercad_features.dir/revolve/RevolveRegeneration.cpp.obj
[124/472] Building CXX object src/features/CMakeFiles/bettercad_features.dir/shell/ShellRegeneration.cpp.obj
[125/472] Building CXX object src/features/CMakeFiles/bettercad_features.dir/pattern/PatternSupport.cpp.obj
[126/472] Building CXX object src/features/CMakeFiles/bettercad_features.dir/sweep/SweepFeature.cpp.obj
[127/472] Building CXX object src/features/CMakeFiles/bettercad_features.dir/rib/RibRegeneration.cpp.obj
[128/472] Building CXX object src/features/CMakeFiles/bettercad_features.dir/profile/Profiles.cpp.obj
[129/472] Building CXX object src/assembly/CMakeFiles/bettercad_assembly.dir/Components.cpp.obj
[130/472] Building CXX object src/assembly/CMakeFiles/bettercad_assembly.dir/Mate.cpp.obj
[131/472] Building CXX object src/features/CMakeFiles/bettercad_features.dir/sweep/SweepRegeneration.cpp.obj
[132/472] Building CXX object src/assembly/CMakeFiles/bettercad_assembly.dir/Configurations.cpp.obj
[133/472] Building CXX object src/assembly/CMakeFiles/bettercad_assembly.dir/Commands.cpp.obj
[134/472] Building CXX object src/assembly/CMakeFiles/bettercad_assembly.dir/Placement.cpp.obj
[135/472] Building CXX object _deps/catch2-build/src/CMakeFiles/Catch2.dir/catch2/reporters/catch_reporter_registrars.cpp.obj
[136/472] Building CXX object src/assembly/CMakeFiles/bettercad_assembly.dir/Mates.cpp.obj
[137/472] Building CXX object _deps/catch2-build/src/CMakeFiles/Catch2.dir/catch2/reporters/catch_reporter_multi.cpp.obj
[138/472] Building CXX object src/drawing/CMakeFiles/bettercad_drawing.dir/Sheet.cpp.obj
[139/472] Building CXX object _deps/catch2-build/src/CMakeFiles/Catch2.dir/catch2/reporters/catch_reporter_json.cpp.obj
[140/472] Building CXX object src/drawing/CMakeFiles/bettercad_drawing.dir/View.cpp.obj
[141/472] Building CXX object _deps/catch2-build/src/CMakeFiles/Catch2.dir/catch2/reporters/catch_reporter_junit.cpp.obj
[142/472] Building CXX object _deps/catch2-build/src/CMakeFiles/Catch2.dir/catch2/reporters/catch_reporter_streaming_base.cpp.obj
[143/472] Building CXX object src/drawing/CMakeFiles/bettercad_drawing.dir/Sheets.cpp.obj
[144/472] Building CXX object src/assembly/CMakeFiles/bettercad_assembly.dir/Resolution.cpp.obj
[145/472] Building CXX object _deps/catch2-build/src/CMakeFiles/Catch2.dir/catch2/interfaces/catch_interfaces_capture.cpp.obj
[146/472] Building CXX object _deps/catch2-build/src/CMakeFiles/Catch2.dir/catch2/interfaces/catch_interfaces_exception.cpp.obj
[147/472] Building CXX object _deps/catch2-build/src/CMakeFiles/Catch2.dir/catch2/reporters/catch_reporter_sonarqube.cpp.obj
[148/472] Building CXX object src/drawing/CMakeFiles/bettercad_drawing.dir/Section.cpp.obj
[149/472] Building CXX object _deps/catch2-build/src/CMakeFiles/Catch2.dir/catch2/reporters/catch_reporter_tap.cpp.obj
[150/472] Building CXX object _deps/catch2-build/src/CMakeFiles/Catch2.dir/catch2/interfaces/catch_interfaces_registry_hub.cpp.obj
[151/472] Building CXX object _deps/catch2-build/src/CMakeFiles/Catch2.dir/catch2/interfaces/catch_interfaces_testcase.cpp.obj
[152/472] Building CXX object _deps/catch2-build/src/CMakeFiles/Catch2.dir/catch2/interfaces/catch_interfaces_reporter_factory.cpp.obj
[153/472] Building CXX object _deps/catch2-build/src/CMakeFiles/Catch2.dir/catch2/reporters/catch_reporter_teamcity.cpp.obj
[154/472] Building CXX object _deps/catch2-build/src/CMakeFiles/Catch2.dir/catch2/reporters/catch_reporter_xml.cpp.obj
[155/472] Building CXX object _deps/catch2-build/src/CMakeFiles/Catch2.dir/catch2/interfaces/catch_interfaces_config.cpp.obj
[156/472] Building CXX object _deps/catch2-build/src/CMakeFiles/Catch2.dir/catch2/interfaces/catch_interfaces_generatortracker.cpp.obj
[157/472] Building CXX object src/drawing/CMakeFiles/bettercad_drawing.dir/Views.cpp.obj
[158/472] Building CXX object _deps/catch2-build/src/CMakeFiles/Catch2.dir/catch2/catch_tag_alias_autoregistrar.cpp.obj
[159/472] Building CXX object _deps/catch2-build/src/CMakeFiles/Catch2.dir/catch2/catch_assertion_result.cpp.obj
[160/472] Building CXX object _deps/catch2-build/src/CMakeFiles/Catch2.dir/catch2/catch_totals.cpp.obj
[161/472] Building CXX object _deps/catch2-build/src/CMakeFiles/Catch2.dir/catch2/catch_approx.cpp.obj
[162/472] Building CXX object _deps/catch2-build/src/CMakeFiles/Catch2.dir/catch2/interfaces/catch_interfaces_reporter.cpp.obj
[163/472] Building CXX object _deps/catch2-build/src/CMakeFiles/Catch2.dir/catch2/catch_get_random_seed.cpp.obj
[164/472] Building CXX object _deps/catch2-build/src/CMakeFiles/Catch2.dir/catch2/catch_translate_exception.cpp.obj
[165/472] Building CXX object _deps/catch2-build/src/CMakeFiles/Catch2.dir/catch2/catch_registry_hub.cpp.obj
[166/472] Building CXX object _deps/catch2-build/src/CMakeFiles/Catch2.dir/catch2/catch_message.cpp.obj
[167/472] Building CXX object _deps/catch2-build/src/CMakeFiles/Catch2.dir/catch2/catch_test_case_info.cpp.obj
[168/472] Building CXX object _deps/catch2-build/src/CMakeFiles/Catch2.dir/catch2/internal/catch_context.cpp.obj
[169/472] Building CXX object _deps/catch2-build/src/CMakeFiles/Catch2.dir/catch2/internal/catch_debugger.cpp.obj
[170/472] Building CXX object src/assembly/CMakeFiles/bettercad_assembly.dir/solver/SolverSystem.cpp.obj
[171/472] Building CXX object _deps/catch2-build/src/CMakeFiles/Catch2.dir/catch2/internal/catch_case_insensitive_comparisons.cpp.obj
[172/472] Building CXX object _deps/catch2-build/src/CMakeFiles/Catch2.dir/catch2/catch_version.cpp.obj
[173/472] Building CXX object _deps/catch2-build/src/CMakeFiles/Catch2.dir/catch2/internal/catch_errno_guard.cpp.obj
[174/472] Building CXX object _deps/catch2-build/src/CMakeFiles/Catch2.dir/catch2/catch_timer.cpp.obj
[175/472] Building CXX object _deps/catch2-build/src/CMakeFiles/Catch2.dir/catch2/catch_test_spec.cpp.obj
[176/472] Building CXX object _deps/catch2-build/src/CMakeFiles/Catch2.dir/catch2/catch_config.cpp.obj
[177/472] Building CXX object _deps/catch2-build/src/CMakeFiles/Catch2.dir/catch2/internal/catch_getenv.cpp.obj
[178/472] Building CXX object _deps/catch2-build/src/CMakeFiles/Catch2.dir/catch2/internal/catch_floating_point_helpers.cpp.obj
[179/472] Building CXX object _deps/catch2-build/src/CMakeFiles/Catch2.dir/catch2/internal/catch_enum_info.cpp.obj
[180/472] Building CXX object _deps/catch2-build/src/CMakeFiles/Catch2.dir/catch2/catch_tostring.cpp.obj
[181/472] Building CXX object _deps/catch2-build/src/CMakeFiles/Catch2.dir/catch2/internal/catch_enforce.cpp.obj
[182/472] Building CXX object _deps/catch2-build/src/CMakeFiles/Catch2.dir/catch2/internal/catch_assertion_handler.cpp.obj
[183/472] Building CXX object _deps/catch2-build/src/CMakeFiles/Catch2.dir/catch2/internal/catch_leak_detector.cpp.obj
[184/472] Building CXX object _deps/catch2-build/src/CMakeFiles/Catch2.dir/catch2/internal/catch_decomposer.cpp.obj
[185/472] Building CXX object _deps/catch2-build/src/CMakeFiles/Catch2.dir/catch2/internal/catch_message_info.cpp.obj
[186/472] Building CXX object _deps/catch2-build/src/CMakeFiles/Catch2.dir/catch2/internal/catch_exception_translator_registry.cpp.obj
[187/472] Building CXX object _deps/catch2-build/src/CMakeFiles/Catch2.dir/catch2/internal/catch_random_number_generator.cpp.obj
[188/472] Building CXX object _deps/catch2-build/src/CMakeFiles/Catch2.dir/catch2/internal/catch_jsonwriter.cpp.obj
[189/472] Building CXX object _deps/catch2-build/src/CMakeFiles/Catch2.dir/catch2/internal/catch_lazy_expr.cpp.obj
[190/472] Building CXX object _deps/catch2-build/src/CMakeFiles/Catch2.dir/catch2/internal/catch_polyfills.cpp.obj
[191/472] Building CXX object _deps/catch2-build/src/CMakeFiles/Catch2.dir/catch2/internal/catch_parse_numbers.cpp.obj
[192/472] Building CXX object _deps/catch2-build/src/CMakeFiles/Catch2.dir/catch2/internal/catch_console_colour.cpp.obj
[193/472] Building CXX object _deps/catch2-build/src/CMakeFiles/Catch2.dir/catch2/internal/catch_debug_console.cpp.obj
[194/472] Building CXX object _deps/catch2-build/src/CMakeFiles/Catch2.dir/catch2/internal/catch_istream.cpp.obj
[195/472] Building CXX object _deps/catch2-build/src/CMakeFiles/Catch2.dir/catch2/internal/catch_clara.cpp.obj
[196/472] Building CXX object _deps/catch2-build/src/CMakeFiles/Catch2.dir/catch2/catch_session.cpp.obj
[197/472] Building CXX object _deps/catch2-build/src/CMakeFiles/Catch2.dir/catch2/internal/catch_fatal_condition_handler.cpp.obj
[198/472] Building CXX object _deps/catch2-build/src/CMakeFiles/Catch2.dir/catch2/internal/catch_singletons.cpp.obj
[199/472] Building CXX object _deps/catch2-build/src/CMakeFiles/Catch2.dir/catch2/internal/catch_startup_exception_registry.cpp.obj
[200/472] Building CXX object _deps/catch2-build/src/CMakeFiles/Catch2.dir/catch2/internal/catch_section.cpp.obj
[201/472] Building CXX object _deps/catch2-build/src/CMakeFiles/Catch2.dir/catch2/internal/catch_output_redirect.cpp.obj
[202/472] Building CXX object _deps/catch2-build/src/CMakeFiles/Catch2.dir/catch2/internal/catch_random_seed_generation.cpp.obj
[203/472] Building CXX object _deps/catch2-build/src/CMakeFiles/Catch2.dir/catch2/internal/catch_list.cpp.obj
[204/472] Building CXX object _deps/catch2-build/src/CMakeFiles/Catch2.dir/catch2/internal/catch_commandline.cpp.obj
[205/472] Building CXX object _deps/catch2-build/src/CMakeFiles/Catch2.dir/catch2/internal/catch_test_case_info_hasher.cpp.obj
[206/472] Building CXX object _deps/catch2-build/src/CMakeFiles/Catch2.dir/catch2/internal/catch_reusable_string_stream.cpp.obj
[207/472] Building CXX object _deps/catch2-build/src/CMakeFiles/Catch2.dir/catch2/internal/catch_stdstreams.cpp.obj
[208/472] Building CXX object _deps/catch2-build/src/CMakeFiles/Catch2.dir/catch2/internal/catch_reporter_spec_parser.cpp.obj
[209/472] Building CXX object _deps/catch2-build/src/CMakeFiles/Catch2.dir/catch2/internal/catch_uncaught_exceptions.cpp.obj
[210/472] Building CXX object _deps/catch2-build/src/CMakeFiles/Catch2.dir/catch2/internal/catch_string_manip.cpp.obj
[211/472] Building CXX object _deps/catch2-build/src/CMakeFiles/Catch2.dir/catch2/internal/catch_source_line_info.cpp.obj
[212/472] Building CXX object _deps/catch2-build/src/CMakeFiles/Catch2.dir/catch2/internal/catch_test_registry.cpp.obj
[213/472] Building CXX object _deps/catch2-build/src/CMakeFiles/Catch2.dir/catch2/internal/catch_stringref.cpp.obj
[214/472] Building CXX object _deps/catch2-build/src/CMakeFiles/Catch2.dir/catch2/internal/catch_reporter_registry.cpp.obj
[215/472] Building CXX object _deps/catch2-build/src/CMakeFiles/Catch2.dir/catch2/internal/catch_tag_alias_registry.cpp.obj
[216/472] Building CXX object _deps/catch2-build/src/CMakeFiles/Catch2.dir/catch2/internal/catch_run_context.cpp.obj
[217/472] Building CXX object _deps/catch2-build/src/CMakeFiles/Catch2.dir/catch2/internal/catch_test_spec_parser.cpp.obj
[218/472] Building CXX object _deps/catch2-build/src/CMakeFiles/Catch2.dir/catch2/internal/catch_test_failure_exception.cpp.obj
[219/472] Building CXX object _deps/catch2-build/src/CMakeFiles/Catch2.dir/catch2/internal/catch_test_case_tracker.cpp.obj
[220/472] Building CXX object src/sketch/CMakeFiles/bettercad_sketch.dir/solver/Solver.cpp.obj
[221/472] Building CXX object _deps/catch2-build/src/CMakeFiles/Catch2.dir/catch2/internal/catch_wildcard_pattern.cpp.obj
[222/472] Building CXX object _deps/catch2-build/src/CMakeFiles/Catch2.dir/catch2/internal/catch_test_case_registry_impl.cpp.obj
[223/472] Building CXX object _deps/catch2-build/src/CMakeFiles/Catch2.dir/catch2/internal/catch_textflow.cpp.obj
[224/472] Building CXX object _deps/catch2-build/src/CMakeFiles/Catch2.dir/catch2/internal/catch_xmlwriter.cpp.obj
[225/472] Building CXX object _deps/catch2-build/src/CMakeFiles/Catch2.dir/catch2/matchers/catch_matchers.cpp.obj
[226/472] Building CXX object _deps/catch2-build/src/CMakeFiles/Catch2.dir/catch2/matchers/catch_matchers_container_properties.cpp.obj
[227/472] Building CXX object _deps/catch2-build/src/CMakeFiles/Catch2.dir/catch2/matchers/catch_matchers_exception.cpp.obj
[228/472] Linking CXX shared library bin\libbettercad_sketch.dll
[229/472] Building CXX object _deps/catch2-build/src/CMakeFiles/Catch2.dir/catch2/matchers/catch_matchers_predicate.cpp.obj
[230/472] Building CXX object _deps/catch2-build/src/CMakeFiles/Catch2.dir/catch2/matchers/internal/catch_matchers_impl.cpp.obj
[231/472] Building CXX object _deps/catch2-build/src/CMakeFiles/Catch2.dir/catch2/matchers/catch_matchers_floating_point.cpp.obj
[232/472] Building CXX object _deps/catch2-build/src/CMakeFiles/Catch2.dir/catch2/matchers/catch_matchers_quantifiers.cpp.obj
[233/472] Building CXX object _deps/catch2-build/src/CMakeFiles/Catch2.dir/catch2/matchers/catch_matchers_templated.cpp.obj
[234/472] Linking CXX shared library bin\libbettercad_features.dll
[235/472] Building CXX object src/io/CMakeFiles/bettercad_io.dir/DocumentFile.cpp.obj
[236/472] Building CXX object src/io/CMakeFiles/bettercad_io.dir/FileIo.cpp.obj
[237/472] Building CXX object src/io/CMakeFiles/bettercad_io.dir/StlWriter.cpp.obj
[238/472] Building CXX object _deps/catch2-build/src/CMakeFiles/Catch2.dir/catch2/matchers/catch_matchers_string.cpp.obj
[239/472] Building CXX object src/io/CMakeFiles/bettercad_io.dir/ModelExport.cpp.obj
[240/472] Linking CXX static library lib\libCatch2d.a
[241/472] Building CXX object src/io/CMakeFiles/bettercad_io.dir/json/BooleanJson.cpp.obj
[242/472] Building CXX object src/io/CMakeFiles/bettercad_io.dir/json/DraftJson.cpp.obj
[243/472] Building CXX object src/io/CMakeFiles/bettercad_io.dir/json/ComponentJson.cpp.obj
[244/472] Building CXX object _deps/catch2-build/src/CMakeFiles/Catch2WithMain.dir/catch2/internal/catch_main.cpp.obj
[245/472] Building CXX object src/io/CMakeFiles/bettercad_io.dir/json/HoleStandardsJson.cpp.obj
[246/472] Building CXX object src/io/CMakeFiles/bettercad_io.dir/json/MateJson.cpp.obj
[247/472] Building CXX object src/io/CMakeFiles/bettercad_io.dir/json/ViewJson.cpp.obj
[248/472] Building CXX object src/io/CMakeFiles/bettercad_io.dir/json/SheetJson.cpp.obj
[249/472] Building CXX object src/io/CMakeFiles/bettercad_io.dir/json/DatumJson.cpp.obj
[250/472] Building CXX object src/io/CMakeFiles/bettercad_io.dir/json/ParameterJson.cpp.obj
[251/472] Building CXX object src/io/CMakeFiles/bettercad_io.dir/json/JsonReader.cpp.obj
[252/472] Building CXX object src/io/CMakeFiles/bettercad_io.dir/json/RibJson.cpp.obj
[253/472] Building CXX object src/io/CMakeFiles/bettercad_io.dir/json/ShellJson.cpp.obj
[254/472] Building CXX object src/io/CMakeFiles/bettercad_io.dir/json/VariableFilletJson.cpp.obj
[255/472] Building CXX object src/assembly/CMakeFiles/bettercad_assembly.dir/solver/Solver.cpp.obj
[256/472] Automatic MOC for target bettercad
[257/472] Building CXX object apps/bettercad_cli/CMakeFiles/bettercad_cli_lib.dir/Arguments.cpp.obj
[258/472] Linking CXX shared library bin\libbettercad_assembly.dll
[259/472] Building CXX object src/io/CMakeFiles/bettercad_io.dir/json/DocumentJson.cpp.obj
[260/472] Building CXX object apps/bettercad_cli/CMakeFiles/bettercad_cli_lib.dir/Cli.cpp.obj
[261/472] Building CXX object src/io/CMakeFiles/bettercad_io.dir/json/FeatureJson.cpp.obj
[262/472] Linking CXX shared library bin\libbettercad_drawing.dll
[263/472] Building CXX object examples/reference_models/CMakeFiles/bettercad_reference_models.dir/AssemblyBasic.cpp.obj
[264/472] Building CXX object apps/bettercad_cli/CMakeFiles/bettercad_cli_lib.dir/BatchCommand.cpp.obj
[265/472] Building CXX object src/io/CMakeFiles/bettercad_io.dir/json/SketchJson.cpp.obj
[266/472] Building CXX object examples/reference_models/CMakeFiles/bettercad_reference_models.dir/AssemblyCatalog.cpp.obj
[267/472] Building CXX object apps/bettercad_cli/CMakeFiles/bettercad_cli_lib.dir/ExportCommands.cpp.obj
[268/472] Building CXX object examples/reference_models/CMakeFiles/bettercad_reference_models.dir/AssemblyJoints.cpp.obj
[269/472] Building CXX object apps/bettercad_cli/CMakeFiles/bettercad_cli_lib.dir/AssemblyReports.cpp.obj
[270/472] Building CXX object apps/bettercad_cli/CMakeFiles/bettercad_cli_lib.dir/AssemblyEdits.cpp.obj
[271/472] Building CXX object examples/reference_models/CMakeFiles/bettercad_reference_models.dir/AssemblyConfigured.cpp.obj
[272/472] Linking CXX shared library bin\libbettercad_io.dll
[273/472] Building CXX object apps/bettercad_cli/CMakeFiles/bettercad_cli_lib.dir/Selectors.cpp.obj
[274/472] Building CXX object examples/reference_models/CMakeFiles/bettercad_reference_models.dir/AssemblyParts.cpp.obj
[275/472] Building CXX object examples/reference_models/CMakeFiles/bettercad_reference_models.dir/AssemblyDriven.cpp.obj
[276/472] Building CXX object examples/reference_models/CMakeFiles/bettercad_reference_models.dir/Catalog.cpp.obj
[277/472] Building CXX object apps/bettercad_cli/CMakeFiles/bettercad_cli_lib.dir/DocumentCommands.cpp.obj
[278/472] Linking CXX static library lib\libCatch2Maind.a
[279/472] Building CXX object examples/reference_models/CMakeFiles/bettercad_reference_models.dir/BearingHousing.cpp.obj
[280/472] Building CXX object examples/reference_models/CMakeFiles/bettercad_reference_models.dir/ManifoldTube.cpp.obj
[281/472] Linking CXX static library lib\libbettercad_cli_lib.a
[282/472] Building CXX object examples/reference_models/CMakeFiles/bettercad_reference_models.dir/BuildSupport.cpp.obj
[283/472] Building CXX object examples/reference_models/CMakeFiles/bettercad_reference_models.dir/MotorMount.cpp.obj
[284/472] Building CXX object examples/reference_models/CMakeFiles/bettercad_reference_models.dir/GearboxCover.cpp.obj
[285/472] Building CXX object examples/reference_models/CMakeFiles/bettercad_reference_models.dir/Fingerprint.cpp.obj
[286/472] Building CXX object examples/reference_models/CMakeFiles/bettercad_reference_models.dir/IndexPlate.cpp.obj
[287/472] Building CXX object examples/reference_models/CMakeFiles/bettercad_reference_models.dir/MountingBracket.cpp.obj
[288/472] Building CXX object examples/reference_models/CMakeFiles/bettercad_reference_models.dir/TransitionDuct.cpp.obj
[289/472] Building CXX object examples/reference_models/CMakeFiles/bettercad_reference_models.dir/Flange.cpp.obj
[290/472] Building CXX object examples/reference_models/CMakeFiles/bettercad_reference_models.dir/RibbedBracket.cpp.obj
[291/472] Building CXX object examples/reference_models/CMakeFiles/bettercad_reference_models.dir/Shaft.cpp.obj
[292/472] Building CXX object apps/bettercad_cli/CMakeFiles/bettercad_cli.dir/main.cpp.obj
[293/472] Building CXX object examples/reference_models/CMakeFiles/bettercad_reference_models.dir/Pulley.cpp.obj
[294/472] Building CXX object tests/CMakeFiles/bettercad_test_occt.dir/support/occt/StepReadBack.cpp.obj
[295/472] Building CXX object examples/reference_models/CMakeFiles/bettercad_reference_models.dir/UBolt.cpp.obj
[296/472] Linking CXX static library lib\libbettercad_test_occt.a
[297/472] Linking CXX static library lib\libbettercad_reference_models.a
[298/472] Building CXX object tests/CMakeFiles/bettercad_tests.dir/drawing/Section2dTests.cpp.obj
[299/472] Building CXX object apps/bettercad/CMakeFiles/bettercad.dir/bettercad_autogen/mocs_compilation.cpp.obj
[300/472] Building CXX object tests/CMakeFiles/bettercad_tests.dir/drawing/SectionGeometryTests.cpp.obj
[301/472] Building CXX object apps/bettercad/CMakeFiles/bettercad.dir/main.cpp.obj
[302/472] Building CXX object examples/reference_models/CMakeFiles/bettercad_example_reference_models.dir/main.cpp.obj
[303/472] Building CXX object examples/CMakeFiles/bettercad_example_geometry_accuracy.dir/geometry_accuracy/main.cpp.obj
[304/472] Building CXX object apps/bettercad/CMakeFiles/bettercad.dir/MainWindow.cpp.obj
[305/472] Building CXX object tests/CMakeFiles/bettercad_tests.dir/drawing/ViewProjectionTests.cpp.obj
[306/472] Building CXX object tests/CMakeFiles/bettercad_tests.dir/drawing/SheetFileTests.cpp.obj
[307/472] Building CXX object tests/CMakeFiles/bettercad_tests.dir/drawing/ViewAssemblyTests.cpp.obj
[308/472] Building CXX object tests/CMakeFiles/bettercad_tests.dir/assembly/ComponentFileTests.cpp.obj
[309/472] Building CXX object tests/CMakeFiles/bettercad_tests.dir/drawing/SheetTests.cpp.obj
[310/472] Building CXX object tests/CMakeFiles/bettercad_tests.dir/drawing/ViewKindTests.cpp.obj
[311/472] Building CXX object tests/CMakeFiles/bettercad_tests.dir/drawing/ViewTests.cpp.obj
[312/472] Building CXX object tests/CMakeFiles/bettercad_tests.dir/assembly/CommandTests.cpp.obj
[313/472] Building CXX object tests/CMakeFiles/bettercad_tests.dir/assembly/ComponentTests.cpp.obj
[314/472] Building CXX object tests/CMakeFiles/bettercad_tests.dir/assembly/MateFileTests.cpp.obj
[315/472] Building CXX object tests/CMakeFiles/bettercad_tests.dir/assembly/ConfigurationTests.cpp.obj
[316/472] Building CXX object tests/CMakeFiles/bettercad_tests.dir/assembly/SolverDerivativeTests.cpp.obj
[317/472] Building CXX object tests/CMakeFiles/bettercad_tests.dir/assembly/ReferenceFileTests.cpp.obj
[318/472] Building CXX object tests/CMakeFiles/bettercad_tests.dir/assembly/MechanicalSolveTests.cpp.obj
[319/472] Building CXX object tests/CMakeFiles/bettercad_tests.dir/assembly/MechanicalMateTests.cpp.obj
[320/472] Building CXX object tests/CMakeFiles/bettercad_tests.dir/assembly/MateTests.cpp.obj
[321/472] Building CXX object tests/CMakeFiles/bettercad_tests.dir/assembly/SolverTests.cpp.obj
[322/472] Building CXX object tests/CMakeFiles/bettercad_tests.dir/assembly/RegenerationTests.cpp.obj
[323/472] Building CXX object tests/CMakeFiles/bettercad_tests.dir/core/BuildInfoTests.cpp.obj
[324/472] Building CXX object tests/CMakeFiles/bettercad_tests.dir/assembly/StableReferenceTests.cpp.obj
[325/472] Building CXX object tests/CMakeFiles/bettercad_tests.dir/assembly/ReferenceTests.cpp.obj
[326/472] Building CXX object tests/CMakeFiles/bettercad_tests.dir/core/UuidTests.cpp.obj
[327/472] Building CXX object tests/CMakeFiles/bettercad_tests.dir/assembly/PlacementFileTests.cpp.obj
[328/472] Building CXX object tests/CMakeFiles/bettercad_tests.dir/core/IdTests.cpp.obj
[329/472] Building CXX object tests/CMakeFiles/bettercad_tests.dir/core/geometry/BooleanTests.cpp.obj
[330/472] Building CXX object tests/CMakeFiles/bettercad_tests.dir/core/document/CommandTests.cpp.obj
[331/472] Building CXX object tests/CMakeFiles/bettercad_tests.dir/core/document/ConfigurationTests.cpp.obj
[332/472] Building CXX object tests/CMakeFiles/bettercad_tests.dir/assembly/PlacementTests.cpp.obj
[333/472] Building CXX object tests/CMakeFiles/bettercad_tests.dir/core/document/DependencyGraphTests.cpp.obj
[334/472] Building CXX object tests/CMakeFiles/bettercad_tests.dir/core/geometry/ChamferTests.cpp.obj
[335/472] Building CXX object tests/CMakeFiles/bettercad_tests.dir/core/geometry/DraftTests.cpp.obj
[336/472] Building CXX object tests/CMakeFiles/bettercad_tests.dir/core/geometry/CurvedProfileTests.cpp.obj
[337/472] Building CXX object tests/CMakeFiles/bettercad_tests.dir/core/geometry/FilletTests.cpp.obj
[338/472] Building CXX object tests/CMakeFiles/bettercad_tests.dir/core/geometry/LoftShapeTests.cpp.obj
[339/472] Building CXX object tests/CMakeFiles/bettercad_tests.dir/assembly/PersistenceTests.cpp.obj
[340/472] Building CXX object tests/CMakeFiles/bettercad_tests.dir/core/geometry/MeshTests.cpp.obj
[341/472] Building CXX object tests/CMakeFiles/bettercad_tests.dir/core/geometry/LoftTests.cpp.obj
[342/472] Building CXX object tests/CMakeFiles/bettercad_tests.dir/core/document/DocumentTests.cpp.obj
[343/472] Building CXX object tests/CMakeFiles/bettercad_tests.dir/core/geometry/HoleTests.cpp.obj
[344/472] Building CXX object tests/CMakeFiles/bettercad_tests.dir/core/geometry/PropertyTests.cpp.obj
[345/472] Building CXX object tests/CMakeFiles/bettercad_tests.dir/core/document/ParameterExpressionTests.cpp.obj
[346/472] Building CXX object tests/CMakeFiles/bettercad_tests.dir/core/geometry/PrimitiveTests.cpp.obj
[347/472] Building CXX object tests/CMakeFiles/bettercad_tests.dir/core/geometry/FaceNameTests.cpp.obj
[348/472] Building CXX object tests/CMakeFiles/bettercad_tests.dir/core/geometry/SplitTests.cpp.obj
[349/472] Building CXX object tests/CMakeFiles/bettercad_tests.dir/core/math/RigidTransformTests.cpp.obj
[350/472] Building CXX object tests/CMakeFiles/bettercad_tests.dir/core/geometry/RibTests.cpp.obj
[351/472] Building CXX object tests/CMakeFiles/bettercad_tests.dir/core/math/BSplineTests.cpp.obj
[352/472] Building CXX object tests/CMakeFiles/bettercad_tests.dir/core/geometry/SweepTests.cpp.obj
[353/472] Building CXX object tests/CMakeFiles/bettercad_tests.dir/core/geometry/RevolutionTests.cpp.obj
[354/472] Building CXX object tests/CMakeFiles/bettercad_tests.dir/core/geometry/SweptPathTests.cpp.obj
[355/472] Building CXX object tests/CMakeFiles/bettercad_tests.dir/core/geometry/ShellTests.cpp.obj
[356/472] Building CXX object tests/CMakeFiles/bettercad_tests.dir/core/math/FrameTests.cpp.obj
[357/472] Building CXX object tests/CMakeFiles/bettercad_tests.dir/core/units/ConversionTests.cpp.obj
[358/472] Building CXX object tests/CMakeFiles/bettercad_tests.dir/core/parameters/ParameterTableTests.cpp.obj
[359/472] Building CXX object tests/CMakeFiles/bettercad_tests.dir/core/geometry/TransformTests.cpp.obj
[360/472] Building CXX object tests/CMakeFiles/bettercad_tests.dir/core/parameters/ParameterTests.cpp.obj
[361/472] Building CXX object tests/CMakeFiles/bettercad_tests.dir/core/units/FormatAndCatalogTests.cpp.obj
[362/472] Building CXX object tests/CMakeFiles/bettercad_tests.dir/core/units/QuantityTests.cpp.obj
[363/472] Building CXX object tests/CMakeFiles/bettercad_tests.dir/core/parameters/ExpressionTests.cpp.obj
[364/472] Building CXX object tests/CMakeFiles/bettercad_tests.dir/core/standards/HoleStandardsTests.cpp.obj
[365/472] Building CXX object tests/CMakeFiles/bettercad_tests.dir/core/geometry/VariableFilletTests.cpp.obj
[366/472] Building CXX object tests/CMakeFiles/bettercad_tests.dir/features/ExtrudeTests.cpp.obj
[367/472] Building CXX object tests/CMakeFiles/bettercad_tests.dir/features/ExpressionRegenerationTests.cpp.obj
[368/472] Building CXX object tests/CMakeFiles/bettercad_tests.dir/features/ChamferFeatureTests.cpp.obj
[369/472] Building CXX object tests/CMakeFiles/bettercad_tests.dir/features/DatumTests.cpp.obj
[370/472] Building CXX object tests/CMakeFiles/bettercad_tests.dir/features/FaceReferenceTests.cpp.obj
[371/472] Building CXX object tests/CMakeFiles/bettercad_tests.dir/features/ThroughAllExtrudeTests.cpp.obj
[372/472] Building CXX object tests/CMakeFiles/bettercad_tests.dir/features/LoftShapeFeatureTests.cpp.obj
[373/472] Building CXX object tests/CMakeFiles/bettercad_tests.dir/features/FilletFeatureTests.cpp.obj
[374/472] Building CXX object tests/CMakeFiles/bettercad_tests.dir/features/HoleStandardTests.cpp.obj
[375/472] Building CXX object tests/CMakeFiles/bettercad_tests.dir/features/ConfigurationFeatureTests.cpp.obj
[376/472] Building CXX object tests/CMakeFiles/bettercad_tests.dir/features/SketchOnFaceTests.cpp.obj
[377/472] Building CXX object tests/CMakeFiles/bettercad_tests.dir/features/BodyOpsTests.cpp.obj
[378/472] Building CXX object tests/CMakeFiles/bettercad_tests.dir/features/DraftFeatureTests.cpp.obj
[379/472] Building CXX object tests/CMakeFiles/bettercad_tests.dir/features/HoleFeatureTests.cpp.obj
[380/472] Building CXX object tests/CMakeFiles/bettercad_tests.dir/features/CircularPatternFeatureTests.cpp.obj
[381/472] Building CXX object tests/CMakeFiles/bettercad_tests.dir/features/LinearPatternFeatureTests.cpp.obj
[382/472] Building CXX object tests/CMakeFiles/bettercad_tests.dir/features/LoftFeatureTests.cpp.obj
[383/472] Building CXX object tests/CMakeFiles/bettercad_tests.dir/features/MirrorFeatureTests.cpp.obj
[384/472] Building CXX object tests/CMakeFiles/bettercad_tests.dir/features/ProfileTests.cpp.obj
[385/472] Building CXX object tests/CMakeFiles/bettercad_tests.dir/features/RegenerationTests.cpp.obj
[386/472] Building CXX object tests/CMakeFiles/bettercad_tests.dir/features/PatternNestingTests.cpp.obj
[387/472] Building CXX object tests/CMakeFiles/bettercad_tests.dir/features/PatternDistributionTests.cpp.obj
[388/472] Building CXX object tests/CMakeFiles/bettercad_tests.dir/features/RegeneratorTests.cpp.obj
[389/472] Building CXX object tests/CMakeFiles/bettercad_tests.dir/features/SpatialSweepTests.cpp.obj
[390/472] Building CXX object tests/CMakeFiles/bettercad_tests.dir/features/RevolveTests.cpp.obj
[391/472] Building CXX object tests/CMakeFiles/bettercad_tests.dir/io/ChamferFileTests.cpp.obj
[392/472] Building CXX object tests/CMakeFiles/bettercad_tests.dir/io/DatumFileTests.cpp.obj
[393/472] Building CXX object tests/CMakeFiles/bettercad_tests.dir/io/ConfigurationFileTests.cpp.obj
[394/472] Building CXX object tests/CMakeFiles/bettercad_tests.dir/io/FaceReferenceFileTests.cpp.obj
[395/472] Building CXX object tests/CMakeFiles/bettercad_tests.dir/io/ExampleModelTests.cpp.obj
[396/472] Building CXX object tests/CMakeFiles/bettercad_tests.dir/features/SweepFeatureTests.cpp.obj
[397/472] Building CXX object tests/CMakeFiles/bettercad_tests.dir/io/CircularPatternFileTests.cpp.obj
[398/472] Building CXX object tests/CMakeFiles/bettercad_tests.dir/features/ValidationTests.cpp.obj
[399/472] Building CXX object tests/CMakeFiles/bettercad_tests.dir/features/RibFeatureTests.cpp.obj
[400/472] Building CXX object tests/CMakeFiles/bettercad_tests.dir/io/ThroughAllFileTests.cpp.obj
[401/472] Building CXX object tests/CMakeFiles/bettercad_tests.dir/io/FaceKindFileTests.cpp.obj
[402/472] Building CXX object tests/CMakeFiles/bettercad_tests.dir/features/ShellFeatureTests.cpp.obj
[403/472] Building CXX object tests/CMakeFiles/bettercad_tests.dir/features/VariableFilletFeatureTests.cpp.obj
[404/472] Building CXX object tests/CMakeFiles/bettercad_tests.dir/io/BodyOpsFileTests.cpp.obj
[405/472] Building CXX object tests/CMakeFiles/bettercad_tests.dir/io/DraftFileTests.cpp.obj
[406/472] Building CXX object tests/CMakeFiles/bettercad_tests.dir/io/ExpressionFileTests.cpp.obj
[407/472] Building CXX object tests/CMakeFiles/bettercad_tests.dir/io/ParameterJsonTests.cpp.obj
[408/472] Building CXX object tests/CMakeFiles/bettercad_tests.dir/io/DocumentFileTests.cpp.obj
[409/472] Building CXX object tests/CMakeFiles/bettercad_tests.dir/io/FilletFileTests.cpp.obj
[410/472] Building CXX object tests/CMakeFiles/bettercad_tests.dir/io/HoleFileTests.cpp.obj
[411/472] Building CXX object tests/CMakeFiles/bettercad_tests.dir/io/HoleStandardFileTests.cpp.obj
[412/472] Building CXX object tests/CMakeFiles/bettercad_tests.dir/io/LinearPatternFileTests.cpp.obj
[413/472] Building CXX object tests/CMakeFiles/bettercad_tests.dir/io/PatternInstanceFileTests.cpp.obj
[414/472] Building CXX object tests/CMakeFiles/bettercad_tests.dir/io/LoftFileTests.cpp.obj
[415/472] Building CXX object tests/CMakeFiles/bettercad_tests.dir/io/RevolveFileTests.cpp.obj
[416/472] Building CXX object tests/CMakeFiles/bettercad_tests.dir/io/SpatialSweepFileTests.cpp.obj
[417/472] Building CXX object tests/CMakeFiles/bettercad_tests.dir/sketch/ConstraintTests.cpp.obj
[418/472] Building CXX object tests/CMakeFiles/bettercad_tests.dir/io/StepExportTests.cpp.obj
[419/472] Building CXX object tests/CMakeFiles/bettercad_tests.dir/io/MirrorFileTests.cpp.obj
[420/472] Building CXX object tests/CMakeFiles/bettercad_tests.dir/io/RibFileTests.cpp.obj
[421/472] Building CXX object tests/CMakeFiles/bettercad_tests.dir/io/ShellFileTests.cpp.obj
[422/472] Building CXX object tests/CMakeFiles/bettercad_tests.dir/io/VariableFilletFileTests.cpp.obj
[423/472] Building CXX object tests/CMakeFiles/bettercad_tests.dir/sketch/AdvancedConstraintSolverTests.cpp.obj
[424/472] Building CXX object tests/CMakeFiles/bettercad_tests.dir/io/StlTests.cpp.obj
[425/472] Building CXX object tests/CMakeFiles/bettercad_tests.dir/io/SweepFileTests.cpp.obj
[426/472] Building CXX object tests/CMakeFiles/bettercad_tests.dir/sketch/AdvancedConstraintDocumentTests.cpp.obj
[427/472] Building CXX object tests/CMakeFiles/bettercad_tests.dir/sketch/SketchTests.cpp.obj
[428/472] Building CXX object tests/CMakeFiles/bettercad_tests.dir/sketch/SketchDocumentTests.cpp.obj
[429/472] Building CXX object tests/CMakeFiles/bettercad_tests.dir/sketch/EllipseSplineTests.cpp.obj
[430/472] Building CXX object tests/CMakeFiles/bettercad_tests.dir/sketch/SolverTests.cpp.obj
[431/472] Building CXX object tests/CMakeFiles/bettercad_tests.dir/sketch/EllipseSplineDocumentTests.cpp.obj
[432/472] Building CXX object tests/CMakeFiles/bettercad_tests.dir/cli/DatumCliTests.cpp.obj
[433/472] Building CXX object tests/CMakeFiles/bettercad_tests.dir/cli/ConfigurationCliTests.cpp.obj
[434/472] Building CXX object tests/CMakeFiles/bettercad_tests.dir/cli/PatternInstanceCliTests.cpp.obj
[435/472] Building CXX object tests/CMakeFiles/bettercad_tests.dir/cli/BodyOpsCliTests.cpp.obj
[436/472] Building CXX object tests/CMakeFiles/bettercad_tests.dir/cli/HoleStandardCliTests.cpp.obj
[437/472] Building CXX object tests/CMakeFiles/bettercad_tests.dir/cli/DraftCliTests.cpp.obj
[438/472] Building CXX object tests/CMakeFiles/bettercad_tests.dir/cli/SheetCliTests.cpp.obj
[439/472] Building CXX object tests/CMakeFiles/bettercad_tests.dir/cli/VariableFilletCliTests.cpp.obj
[440/472] Building CXX object tests/CMakeFiles/bettercad_tests.dir/cli/RibCliTests.cpp.obj
[441/472] Building CXX object tests/CMakeFiles/bettercad_tests.dir/cli/ThroughAllCliTests.cpp.obj
[442/472] Building CXX object tests/CMakeFiles/bettercad_tests.dir/cli/FaceReferenceCliTests.cpp.obj
[443/472] Building CXX object tests/CMakeFiles/bettercad_tests.dir/cli/ComponentCliTests.cpp.obj
[444/472] Building CXX object tests/CMakeFiles/bettercad_tests.dir/cli/ShellCliTests.cpp.obj
[445/472] Building CXX object tests/CMakeFiles/bettercad_tests.dir/cli/SpatialSweepCliTests.cpp.obj
[446/472] Building CXX object tests/CMakeFiles/bettercad_tests.dir/cli/CliTests.cpp.obj
[447/472] Building CXX object tests/CMakeFiles/bettercad_tests.dir/cli/ExpressionCliTests.cpp.obj
[448/472] Building CXX object tests/CMakeFiles/bettercad_tests.dir/reference/AssemblyWorkflowTests.cpp.obj
[449/472] Building CXX object tests/CMakeFiles/bettercad_tests.dir/reference/AllModelsTests.cpp.obj
[450/472] Building CXX object tests/CMakeFiles/bettercad_tests.dir/cli/AssemblyCliTests.cpp.obj
[451/472] Building CXX object tests/CMakeFiles/bettercad_tests.dir/reference/GearboxCoverTests.cpp.obj
[452/472] Building CXX object tests/CMakeFiles/bettercad_tests.dir/reference/AssemblyModelsTests.cpp.obj
[453/472] Building CXX object tests/CMakeFiles/bettercad_tests.dir/reference/IndexPlateTests.cpp.obj
[454/472] Linking CXX executable bin\bettercad.exe; Deploying Qt runtime for bettercad
[455/472] Building CXX object tests/CMakeFiles/bettercad_tests.dir/reference/ManifoldTubeTests.cpp.obj
[456/472] Building CXX object tests/CMakeFiles/bettercad_tests.dir/reference/MotorMountTests.cpp.obj
[457/472] Building CXX object tests/CMakeFiles/bettercad_tests.dir/reference/RibbedBracketTests.cpp.obj
[458/472] Building CXX object tests/compile_fail/CMakeFiles/bettercad_cf_units_control.dir/UnitsMisuse.cpp.obj
[459/472] Building CXX object tests/CMakeFiles/bettercad_tests.dir/reference/P12ModelsTests.cpp.obj
[460/472] Building CXX object tests/CMakeFiles/bettercad_tests.dir/reference/TransitionDuctTests.cpp.obj
[461/472] Building CXX object tests/compile_fail/CMakeFiles/bettercad_cf_ids_control.dir/IdsMisuse.cpp.obj
[462/472] Building CXX object tests/CMakeFiles/bettercad_tests.dir/reference/FlangeTests.cpp.obj
[463/472] Linking CXX executable bin\bettercad_example_reference_models.exe
[464/472] Linking CXX executable bin\bettercad_example_geometry_accuracy.exe
[465/472] Linking CXX executable bin\bettercad-cli.exe
[466/472] Building CXX object tests/CMakeFiles/bettercad_tests.dir/reference/MountingBracketTests.cpp.obj
[467/472] Building CXX object tests/CMakeFiles/bettercad_tests.dir/reference/BearingHousingTests.cpp.obj
[468/472] Building CXX object tests/CMakeFiles/bettercad_tests.dir/reference/PulleyTests.cpp.obj
[469/472] Building CXX object tests/CMakeFiles/bettercad_tests.dir/reference/UBoltTests.cpp.obj
[470/472] Building CXX object tests/CMakeFiles/bettercad_tests.dir/reference/ShaftTests.cpp.obj
[471/472] Building CXX object tests/CMakeFiles/bettercad_tests.dir/io/AssemblyStepTests.cpp.obj
[472/472] Linking CXX executable bin\bettercad_tests.exe
