Built with GCC 16.1 (MinGW-w64 UCRT), -O2, against OCCT 8.0.1; run 2026-09-27T18:56+10:00.
P15-MASS-001 tolerance cost probe

cylinder r 2 h 6 (3 faces, 200 repeats)
  eps 1e-10      1.7246 ms   x1.00   xx 301.5928944937956
  eps 1e-12      1.7450 ms   x1.01   xx 301.59289474725369
  eps 1e-14      2.0150 ms   x1.17   xx 301.59289474459865
  eps 1e-14 repeatable bit for bit over 10 runs: YES

sphere r 3 (1 faces, 200 repeats)
  eps 1e-10      0.4563 ms   x1.00   xx 407.15040790523727
  eps 1e-12      0.5718 ms   x1.25   xx 407.1504079052371
  eps 1e-14      0.7324 ms   x1.61   xx 407.15040790523716
  eps 1e-14 repeatable bit for bit over 10 runs: YES

torus R 20 r 5 (1 faces, 100 repeats)
  eps 1e-10      0.5840 ms   x1.00   xx 2128133.4427325432
  eps 1e-12      0.7590 ms   x1.30   xx 2128133.4490505401
  eps 1e-14      0.8472 ms   x1.45   xx 2128133.448984371
  eps 1e-14 repeatable bit for bit over 10 runs: YES

box 10^3 (6 faces, 500 repeats)
  eps 1e-10      0.7768 ms   x1.00   xx 16666.666666666672
  eps 1e-12      0.8935 ms   x1.15   xx 16666.666666666657
  eps 1e-14      0.9429 ms   x1.21   xx 16666.666666666642
  eps 1e-14 repeatable bit for bit over 10 runs: YES

plate, boss and 5 holes (13 faces, 50 repeats)
  eps 1e-10      9.0084 ms   x1.00   xx 10133913.734344475
  eps 1e-12     10.9834 ms   x1.22   xx 10133913.734558344
  eps 1e-14     12.7184 ms   x1.41   xx 10133913.734556112
  eps 1e-14 repeatable bit for bit over 10 runs: YES

