[1/625] Checking git revision
[2/625] Building CXX object _deps/catch2-build/src/CMakeFiles/Catch2.dir/catch2/benchmark/catch_chronometer.cpp.obj
[3/625] Building CXX object _deps/catch2-build/src/CMakeFiles/Catch2.dir/catch2/benchmark/detail/catch_benchmark_function.cpp.obj
[4/625] Building CXX object _deps/catch2-build/src/CMakeFiles/Catch2.dir/catch2/benchmark/detail/catch_run_for_at_least.cpp.obj
[5/625] Building CXX object _deps/catch2-build/src/CMakeFiles/Catch2.dir/catch2/benchmark/detail/catch_analyse.cpp.obj
[6/625] Building CXX object _deps/catch2-build/src/CMakeFiles/Catch2.dir/catch2/benchmark/catch_benchmark.cpp.obj
[7/625] Building CXX object src/core/CMakeFiles/bettercad_core.dir/Error.cpp.obj
[8/625] Building CXX object src/core/CMakeFiles/bettercad_core.dir/BuildInfo.cpp.obj
[9/625] Building CXX object src/core/CMakeFiles/bettercad_core.dir/Uuid.cpp.obj
[10/625] Building CXX object src/core/CMakeFiles/bettercad_core.dir/Naming.cpp.obj
[11/625] Building CXX object src/core/CMakeFiles/bettercad_core.dir/document/CommandHistory.cpp.obj
[12/625] Building CXX object src/core/CMakeFiles/bettercad_core.dir/document/DocumentObject.cpp.obj
[13/625] Building CXX object src/core/CMakeFiles/bettercad_core.dir/document/DependencyGraph.cpp.obj
[14/625] Building CXX object src/core/CMakeFiles/bettercad_core.dir/document/Configurations.cpp.obj
[15/625] Building CXX object src/core/CMakeFiles/bettercad_core.dir/document/Commands.cpp.obj
[16/625] Building CXX object src/core/CMakeFiles/bettercad_core.dir/document/ObjectReference.cpp.obj
[17/625] Building CXX object src/core/CMakeFiles/bettercad_core.dir/document/MateReference.cpp.obj
[18/625] Building CXX object src/core/CMakeFiles/bettercad_core.dir/math/Direction.cpp.obj
[19/625] Building CXX object src/core/CMakeFiles/bettercad_core.dir/document/Document.cpp.obj
[20/625] Building CXX object src/core/CMakeFiles/bettercad_core.dir/document/Placement.cpp.obj
[21/625] Building CXX object src/core/CMakeFiles/bettercad_core.dir/math/Frame.cpp.obj
[22/625] Building CXX object src/core/CMakeFiles/bettercad_core.dir/document/References.cpp.obj
[23/625] Building CXX object src/core/CMakeFiles/bettercad_core.dir/document/ParameterExpressions.cpp.obj
[24/625] Building CXX object src/core/CMakeFiles/bettercad_core.dir/math/BSpline.cpp.obj
[25/625] Building CXX object src/core/CMakeFiles/bettercad_core.dir/parameters/Parameter.cpp.obj
[26/625] Building CXX object src/core/CMakeFiles/bettercad_core.dir/parameters/Expression.cpp.obj
[27/625] Building CXX object src/core/CMakeFiles/bettercad_core.dir/parameters/ParameterTable.cpp.obj
[28/625] Building CXX object src/core/CMakeFiles/bettercad_core.dir/materials/Completeness.cpp.obj
[29/625] Building CXX object src/core/CMakeFiles/bettercad_core.dir/materials/MaterialLibrary.cpp.obj
[30/625] Building CXX object src/core/CMakeFiles/bettercad_core.dir/materials/MaterialProperty.cpp.obj
[31/625] Building CXX object src/core/CMakeFiles/bettercad_core.dir/standards/ClearanceHoles.cpp.obj
[32/625] Building CXX object src/core/CMakeFiles/bettercad_core.dir/materials/MechanicalProperties.cpp.obj
[33/625] Building CXX object src/core/CMakeFiles/bettercad_core.dir/units/Format.cpp.obj
[34/625] Building CXX object src/core/CMakeFiles/bettercad_core.dir/materials/Provenance.cpp.obj
[35/625] Building CXX object src/core/CMakeFiles/bettercad_core.dir/__/__/generated/src/core/GitRevision.cpp.obj
[36/625] Building CXX object src/core/CMakeFiles/bettercad_core.dir/standards/HoleTolerances.cpp.obj
[37/625] Building CXX object src/core/CMakeFiles/bettercad_core.dir/materials/ThermalProperties.cpp.obj
[38/625] Building CXX object src/core/CMakeFiles/bettercad_core.dir/units/UnitCatalog.cpp.obj
[39/625] Building CXX object src/core/CMakeFiles/bettercad_core.dir/standards/MetricThreads.cpp.obj
[40/625] Linking CXX shared library bin\libbettercad_core.dll
[41/625] Building CXX object src/core/geometry/CMakeFiles/bettercad_geometry.dir/Blends.cpp.obj
[42/625] Building CXX object src/core/geometry/CMakeFiles/bettercad_geometry.dir/Edges.cpp.obj
[43/625] Building CXX object src/core/geometry/CMakeFiles/bettercad_geometry.dir/Draft.cpp.obj
[44/625] Building CXX object src/core/geometry/CMakeFiles/bettercad_geometry.dir/Faces.cpp.obj
[45/625] Building CXX object src/core/geometry/CMakeFiles/bettercad_geometry.dir/Holes.cpp.obj
[46/625] Building CXX object src/core/geometry/CMakeFiles/bettercad_geometry.dir/RadiusLaw.cpp.obj
[47/625] Building CXX object src/core/geometry/CMakeFiles/bettercad_geometry.dir/LoftMatching.cpp.obj
[48/625] Building CXX object src/core/geometry/CMakeFiles/bettercad_geometry.dir/Profile.cpp.obj
[49/625] Building CXX object src/core/geometry/CMakeFiles/bettercad_geometry.dir/Shell.cpp.obj
[50/625] Building CXX object src/core/geometry/CMakeFiles/bettercad_geometry.dir/LoftPlan.cpp.obj
[51/625] Building CXX object src/core/geometry/CMakeFiles/bettercad_geometry.dir/Rib.cpp.obj
[52/625] Building CXX object src/core/geometry/CMakeFiles/bettercad_geometry.dir/Split.cpp.obj
[53/625] Building CXX object src/core/geometry/CMakeFiles/bettercad_geometry.dir/SweepPlan.cpp.obj
[54/625] Building CXX object src/core/geometry/CMakeFiles/bettercad_geometry.dir/SweptPathPlan.cpp.obj
[55/625] Building CXX object src/core/geometry/CMakeFiles/bettercad_geometry.dir/VariableFillet.cpp.obj
[56/625] Building CXX object src/core/geometry/CMakeFiles/bettercad_geometry.dir/occt/OcctBody.cpp.obj
[57/625] Building CXX object src/core/geometry/CMakeFiles/bettercad_geometry.dir/occt/OcctBlend.cpp.obj
[58/625] Building CXX object src/core/geometry/CMakeFiles/bettercad_geometry.dir/occt/OcctBooleans.cpp.obj
[59/625] Building CXX object src/core/geometry/CMakeFiles/bettercad_geometry.dir/occt/OcctChamfer.cpp.obj
[60/625] Building CXX object src/core/geometry/CMakeFiles/bettercad_geometry.dir/occt/OcctDraft.cpp.obj
[61/625] Building CXX object src/core/geometry/CMakeFiles/bettercad_geometry.dir/occt/OcctEdges.cpp.obj
[62/625] Building CXX object src/core/geometry/CMakeFiles/bettercad_geometry.dir/occt/OcctFaceNames.cpp.obj
[63/625] Building CXX object src/core/geometry/CMakeFiles/bettercad_geometry.dir/occt/OcctFillet.cpp.obj
[64/625] Building CXX object src/core/geometry/CMakeFiles/bettercad_geometry.dir/occt/OcctKernel.cpp.obj
[65/625] Building CXX object src/core/geometry/CMakeFiles/bettercad_geometry.dir/occt/OcctFaces.cpp.obj
[66/625] Building CXX object src/core/geometry/CMakeFiles/bettercad_geometry.dir/occt/OcctHiddenLine.cpp.obj
[67/625] Building CXX object src/core/geometry/CMakeFiles/bettercad_geometry.dir/occt/OcctHole.cpp.obj
[68/625] Building CXX object src/core/geometry/CMakeFiles/bettercad_geometry.dir/occt/OcctMesh.cpp.obj
[69/625] Building CXX object src/core/geometry/CMakeFiles/bettercad_geometry.dir/occt/OcctPrimitives.cpp.obj
[70/625] Building CXX object src/core/geometry/CMakeFiles/bettercad_geometry.dir/occt/OcctShell.cpp.obj
[71/625] Building CXX object src/core/geometry/CMakeFiles/bettercad_geometry.dir/occt/OcctStep.cpp.obj
[72/625] Building CXX object src/core/geometry/CMakeFiles/bettercad_geometry.dir/occt/OcctSplit.cpp.obj
[73/625] Building CXX object src/core/geometry/CMakeFiles/bettercad_geometry.dir/occt/OcctTransform.cpp.obj
[74/625] Building CXX object src/sketch/CMakeFiles/bettercad_sketch.dir/SketchRegeneration.cpp.obj
[75/625] Building CXX object src/core/geometry/CMakeFiles/bettercad_geometry.dir/occt/OcctSweeps.cpp.obj
[76/625] Building CXX object src/sketch/CMakeFiles/bettercad_sketch.dir/SketchCommands.cpp.obj
[77/625] Building CXX object src/core/geometry/CMakeFiles/bettercad_geometry.dir/occt/OcctVariableFillet.cpp.obj
[78/625] Linking CXX shared library bin\libbettercad_geometry.dll
[79/625] Building CXX object src/sketch/CMakeFiles/bettercad_sketch.dir/entities/Entities.cpp.obj
[80/625] Building CXX object src/sketch/CMakeFiles/bettercad_sketch.dir/Sketch.cpp.obj
[81/625] Building CXX object src/sketch/CMakeFiles/bettercad_sketch.dir/constraints/SketchConstraints.cpp.obj
[82/625] Building CXX object src/features/CMakeFiles/bettercad_features.dir/Feature.cpp.obj
[83/625] Building CXX object src/sketch/CMakeFiles/bettercad_sketch.dir/solver/SolverSystem.cpp.obj
[84/625] Building CXX object src/features/CMakeFiles/bettercad_features.dir/ResultBodies.cpp.obj
[85/625] Building CXX object src/features/CMakeFiles/bettercad_features.dir/SolidSupport.cpp.obj
[86/625] Building CXX object src/features/CMakeFiles/bettercad_features.dir/Regenerator.cpp.obj
[87/625] Building CXX object src/features/CMakeFiles/bettercad_features.dir/boolean/CombineFeature.cpp.obj
[88/625] Building CXX object src/features/CMakeFiles/bettercad_features.dir/boolean/BooleanRegeneration.cpp.obj
[89/625] Building CXX object src/features/CMakeFiles/bettercad_features.dir/boolean/SplitFeature.cpp.obj
[90/625] Building CXX object src/features/CMakeFiles/bettercad_features.dir/Validation.cpp.obj
[91/625] Building CXX object src/features/CMakeFiles/bettercad_features.dir/chamfer/ChamferFeature.cpp.obj
[92/625] Building CXX object src/features/CMakeFiles/bettercad_features.dir/chamfer/ChamferRegeneration.cpp.obj
[93/625] Building CXX object src/features/CMakeFiles/bettercad_features.dir/datum/Datums.cpp.obj
[94/625] Building CXX object src/features/CMakeFiles/bettercad_features.dir/draft/DraftFeature.cpp.obj
[95/625] Building CXX object src/features/CMakeFiles/bettercad_features.dir/datum/DatumResolution.cpp.obj
[96/625] Building CXX object src/features/CMakeFiles/bettercad_features.dir/draft/DraftRegeneration.cpp.obj
[97/625] Building CXX object src/features/CMakeFiles/bettercad_features.dir/fillet/FilletFeature.cpp.obj
[98/625] Building CXX object src/features/CMakeFiles/bettercad_features.dir/extrude/ExtrudeFeature.cpp.obj
[99/625] Building CXX object src/features/CMakeFiles/bettercad_features.dir/reference/FaceReferences.cpp.obj
[100/625] Building CXX object src/features/CMakeFiles/bettercad_features.dir/extrude/ExtrudeRegeneration.cpp.obj
[101/625] Building CXX object src/features/CMakeFiles/bettercad_features.dir/fillet/FilletRegeneration.cpp.obj
[102/625] Building CXX object src/features/CMakeFiles/bettercad_features.dir/fillet/VariableFilletFeature.cpp.obj
[103/625] Building CXX object src/features/CMakeFiles/bettercad_features.dir/fillet/VariableFilletRegeneration.cpp.obj
[104/625] Building CXX object src/features/CMakeFiles/bettercad_features.dir/hole/HoleFeature.cpp.obj
[105/625] Building CXX object src/sketch/CMakeFiles/bettercad_sketch.dir/solver/Solver.cpp.obj
[106/625] Building CXX object src/features/CMakeFiles/bettercad_features.dir/hole/HoleRegeneration.cpp.obj
[107/625] Linking CXX shared library bin\libbettercad_sketch.dll
[108/625] Building CXX object src/features/CMakeFiles/bettercad_features.dir/loft/LoftFeature.cpp.obj
[109/625] Building CXX object src/features/CMakeFiles/bettercad_features.dir/material/Material.cpp.obj
[110/625] Building CXX object src/features/CMakeFiles/bettercad_features.dir/loft/LoftRegeneration.cpp.obj
[111/625] Building CXX object src/features/CMakeFiles/bettercad_features.dir/material/MassProperties.cpp.obj
[112/625] Building CXX object src/features/CMakeFiles/bettercad_features.dir/material/MaterialCommands.cpp.obj
[113/625] Building CXX object src/features/CMakeFiles/bettercad_features.dir/pattern/CircularPatternFeature.cpp.obj
[114/625] Building CXX object src/features/CMakeFiles/bettercad_features.dir/pattern/LinearPatternFeature.cpp.obj
[115/625] Building CXX object src/features/CMakeFiles/bettercad_features.dir/material/Materials.cpp.obj
[116/625] Building CXX object src/features/CMakeFiles/bettercad_features.dir/pattern/CircularPatternRegeneration.cpp.obj
[117/625] Building CXX object src/features/CMakeFiles/bettercad_features.dir/pattern/LinearPatternRegeneration.cpp.obj
[118/625] Building CXX object src/features/CMakeFiles/bettercad_features.dir/pattern/MirrorFeature.cpp.obj
[119/625] Building CXX object src/features/CMakeFiles/bettercad_features.dir/pattern/MirrorRegeneration.cpp.obj
[120/625] Building CXX object src/features/CMakeFiles/bettercad_features.dir/revolve/RevolveFeature.cpp.obj
[121/625] Building CXX object src/features/CMakeFiles/bettercad_features.dir/pattern/PatternSupport.cpp.obj
[122/625] Building CXX object src/features/CMakeFiles/bettercad_features.dir/profile/Profiles.cpp.obj
[123/625] Building CXX object src/features/CMakeFiles/bettercad_features.dir/rib/RibFeature.cpp.obj
[124/625] Building CXX object src/features/CMakeFiles/bettercad_features.dir/revolve/RevolveRegeneration.cpp.obj
[125/625] Building CXX object src/features/CMakeFiles/bettercad_features.dir/shell/ShellFeature.cpp.obj
[126/625] Building CXX object src/assembly/CMakeFiles/bettercad_assembly.dir/Component.cpp.obj
[127/625] Building CXX object src/features/CMakeFiles/bettercad_features.dir/rib/RibRegeneration.cpp.obj
[128/625] Building CXX object src/features/CMakeFiles/bettercad_features.dir/sweep/SweepFeature.cpp.obj
[129/625] Building CXX object src/features/CMakeFiles/bettercad_features.dir/shell/ShellRegeneration.cpp.obj
[130/625] Building CXX object src/assembly/CMakeFiles/bettercad_assembly.dir/Commands.cpp.obj
[131/625] Building CXX object src/features/CMakeFiles/bettercad_features.dir/sweep/SweepRegeneration.cpp.obj
[132/625] Linking CXX shared library bin\libbettercad_features.dll
[133/625] Building CXX object src/assembly/CMakeFiles/bettercad_assembly.dir/Components.cpp.obj
[134/625] Building CXX object src/assembly/CMakeFiles/bettercad_assembly.dir/Configurations.cpp.obj
[135/625] Building CXX object src/assembly/CMakeFiles/bettercad_assembly.dir/Mate.cpp.obj
[136/625] Building CXX object src/assembly/CMakeFiles/bettercad_assembly.dir/Mates.cpp.obj
[137/625] Building CXX object src/assembly/CMakeFiles/bettercad_assembly.dir/Placement.cpp.obj
[138/625] Building CXX object src/assembly/CMakeFiles/bettercad_assembly.dir/Resolution.cpp.obj
[139/625] Building CXX object src/meshing/CMakeFiles/bettercad_meshing.dir/GeometryPreparation.cpp.obj
[140/625] Building CXX object src/meshing/CMakeFiles/bettercad_meshing.dir/Mesh.cpp.obj
[141/625] Building CXX object src/assembly/CMakeFiles/bettercad_assembly.dir/solver/SolverSystem.cpp.obj
[142/625] Building CXX object src/meshing/CMakeFiles/bettercad_meshing.dir/GeometryMeshMap.cpp.obj
[143/625] Building CXX object src/meshing/CMakeFiles/bettercad_meshing.dir/Mesher.cpp.obj
[144/625] Building CXX object src/meshing/CMakeFiles/bettercad_meshing.dir/MeshControl.cpp.obj
[145/625] Building CXX object src/meshing/CMakeFiles/bettercad_meshing.dir/MeshValidation.cpp.obj
[146/625] Building CXX object src/meshing/CMakeFiles/bettercad_meshing.dir/MeshingCommands.cpp.obj
[147/625] Building CXX object src/meshing/CMakeFiles/bettercad_meshing.dir/MeshQuality.cpp.obj
[148/625] Building CXX object src/meshing/CMakeFiles/bettercad_meshing.dir/netgen/NetgenBackend.cpp.obj
[149/625] Building CXX object src/meshing/CMakeFiles/bettercad_meshing.dir/MeshSizing.cpp.obj
[150/625] Building CXX object src/drawing/CMakeFiles/bettercad_drawing.dir/Annotation.cpp.obj
[151/625] Building CXX object src/meshing/CMakeFiles/bettercad_meshing.dir/SurfaceMesh.cpp.obj
[152/625] Building CXX object src/meshing/CMakeFiles/bettercad_meshing.dir/VolumeMesh.cpp.obj
[153/625] Building CXX object src/drawing/CMakeFiles/bettercad_drawing.dir/HiddenLine.cpp.obj
[154/625] Building CXX object src/drawing/CMakeFiles/bettercad_drawing.dir/Dimension.cpp.obj
[155/625] Building CXX object src/drawing/CMakeFiles/bettercad_drawing.dir/Annotations.cpp.obj
[156/625] Building CXX object src/drawing/CMakeFiles/bettercad_drawing.dir/Dimensions.cpp.obj
[157/625] Building CXX object src/drawing/CMakeFiles/bettercad_drawing.dir/Scene.cpp.obj
[158/625] Building CXX object src/drawing/CMakeFiles/bettercad_drawing.dir/Regeneration.cpp.obj
[159/625] Building CXX object src/assembly/CMakeFiles/bettercad_assembly.dir/solver/Solver.cpp.obj
[160/625] Linking CXX shared library bin\libbettercad_assembly.dll
[161/625] Building CXX object src/drawing/CMakeFiles/bettercad_drawing.dir/Section.cpp.obj
[162/625] Building CXX object src/drawing/CMakeFiles/bettercad_drawing.dir/Sheet.cpp.obj
[163/625] Building CXX object src/drawing/CMakeFiles/bettercad_drawing.dir/Sheets.cpp.obj
[164/625] Building CXX object src/drawing/CMakeFiles/bettercad_drawing.dir/SheetScene.cpp.obj
[165/625] Building CXX object src/drawing/CMakeFiles/bettercad_drawing.dir/Resolution.cpp.obj
[166/625] Building CXX object src/drawing/CMakeFiles/bettercad_drawing.dir/Bom.cpp.obj
[167/625] Linking CXX shared library bin\libbettercad_meshing.dll
[168/625] Building CXX object src/drawing/CMakeFiles/bettercad_drawing.dir/Tolerance.cpp.obj
[169/625] Building CXX object src/drawing/CMakeFiles/bettercad_drawing.dir/Commands.cpp.obj
[170/625] Building CXX object src/drawing/CMakeFiles/bettercad_drawing.dir/View.cpp.obj
[171/625] Building CXX object src/renderer/CMakeFiles/bettercad_renderer.dir/MeshView.cpp.obj
[172/625] Building CXX object src/drawing/CMakeFiles/bettercad_drawing.dir/Views.cpp.obj
[173/625] Building CXX object src/renderer/CMakeFiles/bettercad_renderer.dir/MeshInspection.cpp.obj
[174/625] Building CXX object _deps/catch2-build/src/CMakeFiles/Catch2.dir/catch2/generators/catch_generator_exception.cpp.obj
[175/625] Building CXX object src/renderer/CMakeFiles/bettercad_renderer.dir/MeshScene.cpp.obj
[176/625] Building CXX object _deps/catch2-build/src/CMakeFiles/Catch2.dir/catch2/benchmark/detail/catch_stats.cpp.obj
[177/625] Building CXX object src/renderer/CMakeFiles/bettercad_renderer.dir/occt/OcctMeshPresentation.cpp.obj
[178/625] Building CXX object _deps/catch2-build/src/CMakeFiles/Catch2.dir/catch2/generators/catch_generators.cpp.obj
[179/625] Building CXX object _deps/catch2-build/src/CMakeFiles/Catch2.dir/catch2/generators/catch_generators_random.cpp.obj
[180/625] Building CXX object _deps/catch2-build/src/CMakeFiles/Catch2.dir/catch2/generators/catch_generators_throw.cpp.obj
[181/625] Building CXX object _deps/catch2-build/src/CMakeFiles/Catch2.dir/catch2/reporters/catch_reporter_automake.cpp.obj
[182/625] Building CXX object _deps/catch2-build/src/CMakeFiles/Catch2.dir/catch2/reporters/catch_reporter_common_base.cpp.obj
[183/625] Building CXX object _deps/catch2-build/src/CMakeFiles/Catch2.dir/catch2/reporters/catch_reporter_compact.cpp.obj
[184/625] Building CXX object src/renderer/CMakeFiles/bettercad_renderer.dir/occt/OcctViewer.cpp.obj
[185/625] Building CXX object _deps/catch2-build/src/CMakeFiles/Catch2.dir/catch2/reporters/catch_reporter_console.cpp.obj
[186/625] Building CXX object _deps/catch2-build/src/CMakeFiles/Catch2.dir/catch2/reporters/catch_reporter_event_listener.cpp.obj
[187/625] Building CXX object _deps/catch2-build/src/CMakeFiles/Catch2.dir/catch2/reporters/catch_reporter_cumulative_base.cpp.obj
[188/625] Building CXX object _deps/catch2-build/src/CMakeFiles/Catch2.dir/catch2/reporters/catch_reporter_registrars.cpp.obj
[189/625] Building CXX object _deps/catch2-build/src/CMakeFiles/Catch2.dir/catch2/reporters/catch_reporter_helpers.cpp.obj
[190/625] Building CXX object _deps/catch2-build/src/CMakeFiles/Catch2.dir/catch2/reporters/catch_reporter_junit.cpp.obj
[191/625] Building CXX object _deps/catch2-build/src/CMakeFiles/Catch2.dir/catch2/reporters/catch_reporter_json.cpp.obj
[192/625] Building CXX object _deps/catch2-build/src/CMakeFiles/Catch2.dir/catch2/reporters/catch_reporter_multi.cpp.obj
[193/625] Building CXX object _deps/catch2-build/src/CMakeFiles/Catch2.dir/catch2/reporters/catch_reporter_sonarqube.cpp.obj
[194/625] Building CXX object _deps/catch2-build/src/CMakeFiles/Catch2.dir/catch2/reporters/catch_reporter_streaming_base.cpp.obj
[195/625] Building CXX object _deps/catch2-build/src/CMakeFiles/Catch2.dir/catch2/reporters/catch_reporter_tap.cpp.obj
[196/625] Building CXX object _deps/catch2-build/src/CMakeFiles/Catch2.dir/catch2/interfaces/catch_interfaces_capture.cpp.obj
[197/625] Building CXX object _deps/catch2-build/src/CMakeFiles/Catch2.dir/catch2/interfaces/catch_interfaces_exception.cpp.obj
[198/625] Building CXX object _deps/catch2-build/src/CMakeFiles/Catch2.dir/catch2/reporters/catch_reporter_teamcity.cpp.obj
[199/625] Building CXX object _deps/catch2-build/src/CMakeFiles/Catch2.dir/catch2/interfaces/catch_interfaces_registry_hub.cpp.obj
[200/625] Building CXX object _deps/catch2-build/src/CMakeFiles/Catch2.dir/catch2/reporters/catch_reporter_xml.cpp.obj
[201/625] Building CXX object _deps/catch2-build/src/CMakeFiles/Catch2.dir/catch2/interfaces/catch_interfaces_testcase.cpp.obj
[202/625] Building CXX object _deps/catch2-build/src/CMakeFiles/Catch2.dir/catch2/interfaces/catch_interfaces_config.cpp.obj
[203/625] Building CXX object _deps/catch2-build/src/CMakeFiles/Catch2.dir/catch2/interfaces/catch_interfaces_reporter_factory.cpp.obj
[204/625] Building CXX object _deps/catch2-build/src/CMakeFiles/Catch2.dir/catch2/interfaces/catch_interfaces_generatortracker.cpp.obj
[205/625] Building CXX object _deps/catch2-build/src/CMakeFiles/Catch2.dir/catch2/interfaces/catch_interfaces_reporter.cpp.obj
[206/625] Building CXX object _deps/catch2-build/src/CMakeFiles/Catch2.dir/catch2/catch_assertion_result.cpp.obj
[207/625] Building CXX object _deps/catch2-build/src/CMakeFiles/Catch2.dir/catch2/catch_approx.cpp.obj
[208/625] Building CXX object _deps/catch2-build/src/CMakeFiles/Catch2.dir/catch2/catch_get_random_seed.cpp.obj
[209/625] Building CXX object _deps/catch2-build/src/CMakeFiles/Catch2.dir/catch2/catch_tag_alias_autoregistrar.cpp.obj
[210/625] Building CXX object _deps/catch2-build/src/CMakeFiles/Catch2.dir/catch2/catch_config.cpp.obj
[211/625] Building CXX object _deps/catch2-build/src/CMakeFiles/Catch2.dir/catch2/catch_message.cpp.obj
[212/625] Building CXX object _deps/catch2-build/src/CMakeFiles/Catch2.dir/catch2/catch_registry_hub.cpp.obj
[213/625] Building CXX object _deps/catch2-build/src/CMakeFiles/Catch2.dir/catch2/catch_totals.cpp.obj
[214/625] Building CXX object _deps/catch2-build/src/CMakeFiles/Catch2.dir/catch2/catch_test_case_info.cpp.obj
[215/625] Building CXX object _deps/catch2-build/src/CMakeFiles/Catch2.dir/catch2/catch_translate_exception.cpp.obj
[216/625] Building CXX object _deps/catch2-build/src/CMakeFiles/Catch2.dir/catch2/catch_timer.cpp.obj
[217/625] Building CXX object _deps/catch2-build/src/CMakeFiles/Catch2.dir/catch2/catch_test_spec.cpp.obj
[218/625] Building CXX object _deps/catch2-build/src/CMakeFiles/Catch2.dir/catch2/catch_tostring.cpp.obj
[219/625] Building CXX object _deps/catch2-build/src/CMakeFiles/Catch2.dir/catch2/catch_version.cpp.obj
[220/625] Building CXX object _deps/catch2-build/src/CMakeFiles/Catch2.dir/catch2/internal/catch_case_insensitive_comparisons.cpp.obj
[221/625] Building CXX object _deps/catch2-build/src/CMakeFiles/Catch2.dir/catch2/internal/catch_context.cpp.obj
[222/625] Building CXX object _deps/catch2-build/src/CMakeFiles/Catch2.dir/catch2/internal/catch_assertion_handler.cpp.obj
[223/625] Building CXX object _deps/catch2-build/src/CMakeFiles/Catch2.dir/catch2/catch_session.cpp.obj
[224/625] Building CXX object _deps/catch2-build/src/CMakeFiles/Catch2.dir/catch2/internal/catch_debugger.cpp.obj
[225/625] Building CXX object _deps/catch2-build/src/CMakeFiles/Catch2.dir/catch2/internal/catch_clara.cpp.obj
[226/625] Building CXX object _deps/catch2-build/src/CMakeFiles/Catch2.dir/catch2/internal/catch_enforce.cpp.obj
[227/625] Building CXX object _deps/catch2-build/src/CMakeFiles/Catch2.dir/catch2/internal/catch_errno_guard.cpp.obj
[228/625] Building CXX object _deps/catch2-build/src/CMakeFiles/Catch2.dir/catch2/internal/catch_debug_console.cpp.obj
[229/625] Building CXX object _deps/catch2-build/src/CMakeFiles/Catch2.dir/catch2/internal/catch_decomposer.cpp.obj
[230/625] Building CXX object _deps/catch2-build/src/CMakeFiles/Catch2.dir/catch2/internal/catch_console_colour.cpp.obj
[231/625] Building CXX object _deps/catch2-build/src/CMakeFiles/Catch2.dir/catch2/internal/catch_getenv.cpp.obj
[232/625] Building CXX object _deps/catch2-build/src/CMakeFiles/Catch2.dir/catch2/internal/catch_enum_info.cpp.obj
[233/625] Building CXX object _deps/catch2-build/src/CMakeFiles/Catch2.dir/catch2/internal/catch_floating_point_helpers.cpp.obj
[234/625] Building CXX object _deps/catch2-build/src/CMakeFiles/Catch2.dir/catch2/internal/catch_commandline.cpp.obj
[235/625] Building CXX object _deps/catch2-build/src/CMakeFiles/Catch2.dir/catch2/internal/catch_exception_translator_registry.cpp.obj
[236/625] Building CXX object _deps/catch2-build/src/CMakeFiles/Catch2.dir/catch2/internal/catch_istream.cpp.obj
[237/625] Building CXX object _deps/catch2-build/src/CMakeFiles/Catch2.dir/catch2/internal/catch_leak_detector.cpp.obj
[238/625] Building CXX object _deps/catch2-build/src/CMakeFiles/Catch2.dir/catch2/internal/catch_jsonwriter.cpp.obj
[239/625] Building CXX object _deps/catch2-build/src/CMakeFiles/Catch2.dir/catch2/internal/catch_lazy_expr.cpp.obj
[240/625] Building CXX object _deps/catch2-build/src/CMakeFiles/Catch2.dir/catch2/internal/catch_fatal_condition_handler.cpp.obj
[241/625] Building CXX object _deps/catch2-build/src/CMakeFiles/Catch2.dir/catch2/internal/catch_random_number_generator.cpp.obj
[242/625] Building CXX object _deps/catch2-build/src/CMakeFiles/Catch2.dir/catch2/internal/catch_message_info.cpp.obj
[243/625] Building CXX object _deps/catch2-build/src/CMakeFiles/Catch2.dir/catch2/internal/catch_polyfills.cpp.obj
[244/625] Building CXX object _deps/catch2-build/src/CMakeFiles/Catch2.dir/catch2/internal/catch_parse_numbers.cpp.obj
[245/625] Building CXX object _deps/catch2-build/src/CMakeFiles/Catch2.dir/catch2/internal/catch_output_redirect.cpp.obj
[246/625] Building CXX object _deps/catch2-build/src/CMakeFiles/Catch2.dir/catch2/internal/catch_list.cpp.obj
[247/625] Building CXX object _deps/catch2-build/src/CMakeFiles/Catch2.dir/catch2/internal/catch_random_seed_generation.cpp.obj
[248/625] Building CXX object _deps/catch2-build/src/CMakeFiles/Catch2.dir/catch2/internal/catch_reusable_string_stream.cpp.obj
[249/625] Building CXX object _deps/catch2-build/src/CMakeFiles/Catch2.dir/catch2/internal/catch_section.cpp.obj
[250/625] Building CXX object _deps/catch2-build/src/CMakeFiles/Catch2.dir/catch2/internal/catch_singletons.cpp.obj
[251/625] Building CXX object _deps/catch2-build/src/CMakeFiles/Catch2.dir/catch2/internal/catch_reporter_spec_parser.cpp.obj
[252/625] Building CXX object _deps/catch2-build/src/CMakeFiles/Catch2.dir/catch2/internal/catch_startup_exception_registry.cpp.obj
[253/625] Building CXX object _deps/catch2-build/src/CMakeFiles/Catch2.dir/catch2/internal/catch_reporter_registry.cpp.obj
[254/625] Building CXX object _deps/catch2-build/src/CMakeFiles/Catch2.dir/catch2/internal/catch_source_line_info.cpp.obj
[255/625] Building CXX object _deps/catch2-build/src/CMakeFiles/Catch2.dir/catch2/internal/catch_stdstreams.cpp.obj
[256/625] Building CXX object _deps/catch2-build/src/CMakeFiles/Catch2.dir/catch2/internal/catch_run_context.cpp.obj
[257/625] Building CXX object _deps/catch2-build/src/CMakeFiles/Catch2.dir/catch2/internal/catch_string_manip.cpp.obj
[258/625] Building CXX object _deps/catch2-build/src/CMakeFiles/Catch2.dir/catch2/internal/catch_test_case_info_hasher.cpp.obj
[259/625] Building CXX object _deps/catch2-build/src/CMakeFiles/Catch2.dir/catch2/internal/catch_stringref.cpp.obj
[260/625] Building CXX object _deps/catch2-build/src/CMakeFiles/Catch2.dir/catch2/internal/catch_tag_alias_registry.cpp.obj
[261/625] Building CXX object _deps/catch2-build/src/CMakeFiles/Catch2.dir/catch2/internal/catch_test_registry.cpp.obj
[262/625] Building CXX object _deps/catch2-build/src/CMakeFiles/Catch2.dir/catch2/internal/catch_uncaught_exceptions.cpp.obj
[263/625] Building CXX object _deps/catch2-build/src/CMakeFiles/Catch2.dir/catch2/internal/catch_test_spec_parser.cpp.obj
[264/625] Building CXX object _deps/catch2-build/src/CMakeFiles/Catch2.dir/catch2/internal/catch_test_case_tracker.cpp.obj
[265/625] Building CXX object _deps/catch2-build/src/CMakeFiles/Catch2.dir/catch2/internal/catch_test_failure_exception.cpp.obj
[266/625] Building CXX object _deps/catch2-build/src/CMakeFiles/Catch2.dir/catch2/internal/catch_test_case_registry_impl.cpp.obj
[267/625] Building CXX object _deps/catch2-build/src/CMakeFiles/Catch2.dir/catch2/internal/catch_textflow.cpp.obj
[268/625] Building CXX object _deps/catch2-build/src/CMakeFiles/Catch2.dir/catch2/internal/catch_wildcard_pattern.cpp.obj
[269/625] Building CXX object _deps/catch2-build/src/CMakeFiles/Catch2.dir/catch2/internal/catch_xmlwriter.cpp.obj
[270/625] Building CXX object _deps/catch2-build/src/CMakeFiles/Catch2.dir/catch2/matchers/catch_matchers.cpp.obj
[271/625] Building CXX object _deps/catch2-build/src/CMakeFiles/Catch2.dir/catch2/matchers/catch_matchers_container_properties.cpp.obj
[272/625] Building CXX object _deps/catch2-build/src/CMakeFiles/Catch2.dir/catch2/matchers/catch_matchers_exception.cpp.obj
[273/625] Building CXX object _deps/catch2-build/src/CMakeFiles/Catch2.dir/catch2/matchers/catch_matchers_predicate.cpp.obj
[274/625] Building CXX object _deps/catch2-build/src/CMakeFiles/Catch2.dir/catch2/matchers/catch_matchers_quantifiers.cpp.obj
[275/625] Building CXX object _deps/catch2-build/src/CMakeFiles/Catch2.dir/catch2/matchers/catch_matchers_floating_point.cpp.obj
[276/625] Linking CXX shared library bin\libbettercad_drawing.dll
[277/625] Building CXX object _deps/catch2-build/src/CMakeFiles/Catch2.dir/catch2/matchers/catch_matchers_templated.cpp.obj
[278/625] Building CXX object _deps/catch2-build/src/CMakeFiles/Catch2.dir/catch2/matchers/internal/catch_matchers_impl.cpp.obj
[279/625] Building CXX object src/io/CMakeFiles/bettercad_io.dir/FileIo.cpp.obj
[280/625] Building CXX object src/io/CMakeFiles/bettercad_io.dir/StlWriter.cpp.obj
[281/625] Building CXX object _deps/catch2-build/src/CMakeFiles/Catch2.dir/catch2/matchers/catch_matchers_string.cpp.obj
[282/625] Building CXX object src/io/CMakeFiles/bettercad_io.dir/DocumentFile.cpp.obj
[283/625] Building CXX object src/io/CMakeFiles/bettercad_io.dir/DxfWriter.cpp.obj
[284/625] Building CXX object src/io/CMakeFiles/bettercad_io.dir/ModelExport.cpp.obj
[285/625] Building CXX object src/io/CMakeFiles/bettercad_io.dir/PdfWriter.cpp.obj
[286/625] Building CXX object src/io/CMakeFiles/bettercad_io.dir/SvgWriter.cpp.obj
[287/625] Building CXX object src/io/CMakeFiles/bettercad_io.dir/json/BooleanJson.cpp.obj
[288/625] Building CXX object src/io/CMakeFiles/bettercad_io.dir/json/ComponentJson.cpp.obj
[289/625] Building CXX object src/io/CMakeFiles/bettercad_io.dir/json/AnnotationJson.cpp.obj
[290/625] Building CXX object src/io/CMakeFiles/bettercad_io.dir/json/SheetJson.cpp.obj
[291/625] Building CXX object src/io/CMakeFiles/bettercad_io.dir/json/DimensionJson.cpp.obj
[292/625] Building CXX object src/io/CMakeFiles/bettercad_io.dir/json/ViewJson.cpp.obj
[293/625] Building CXX object src/io/CMakeFiles/bettercad_io.dir/json/MeshControlJson.cpp.obj
[294/625] Building CXX object src/io/CMakeFiles/bettercad_io.dir/json/MaterialJson.cpp.obj
[295/625] Building CXX object src/io/CMakeFiles/bettercad_io.dir/json/MateJson.cpp.obj
[296/625] Building CXX object src/io/CMakeFiles/bettercad_io.dir/json/DraftJson.cpp.obj
[297/625] Building CXX object src/io/CMakeFiles/bettercad_io.dir/json/DatumJson.cpp.obj
[298/625] Building CXX object src/io/CMakeFiles/bettercad_io.dir/json/DocumentJson.cpp.obj
[299/625] Building CXX object src/io/CMakeFiles/bettercad_io.dir/json/HoleStandardsJson.cpp.obj
[300/625] Building CXX object src/io/CMakeFiles/bettercad_io.dir/json/ParameterJson.cpp.obj
[301/625] Building CXX object src/io/CMakeFiles/bettercad_io.dir/json/JsonReader.cpp.obj
[302/625] Linking CXX shared library bin\libbettercad_renderer.dll
[303/625] Linking CXX static library lib\libCatch2d.a
[304/625] Building CXX object src/io/CMakeFiles/bettercad_io.dir/json/RibJson.cpp.obj
[305/625] Building CXX object src/io/CMakeFiles/bettercad_io.dir/json/FeatureJson.cpp.obj
[306/625] Building CXX object _deps/catch2-build/src/CMakeFiles/Catch2WithMain.dir/catch2/internal/catch_main.cpp.obj
[307/625] Building CXX object src/io/CMakeFiles/bettercad_io.dir/json/ShellJson.cpp.obj
[308/625] Building CXX object src/structural/CMakeFiles/bettercad_structural.dir/StructuralAnalysisObject.cpp.obj
[309/625] Building CXX object src/structural/CMakeFiles/bettercad_structural.dir/StructuralData.cpp.obj
[310/625] Building CXX object src/structural/CMakeFiles/bettercad_structural.dir/StructuralAnalysis.cpp.obj
[311/625] Building CXX object src/io/CMakeFiles/bettercad_io.dir/json/VariableFilletJson.cpp.obj
[312/625] Building CXX object src/io/CMakeFiles/bettercad_io.dir/json/SketchJson.cpp.obj
[313/625] Building CXX object apps/bettercad_cli/CMakeFiles/bettercad_cli_lib.dir/Arguments.cpp.obj
[314/625] Linking CXX shared library bin\libbettercad_io.dll
[315/625] Building CXX object src/structural/CMakeFiles/bettercad_structural.dir/StructuralResult.cpp.obj
[316/625] Building CXX object apps/bettercad_cli/CMakeFiles/bettercad_cli_lib.dir/BatchCommand.cpp.obj
[317/625] Building CXX object apps/bettercad_cli/CMakeFiles/bettercad_cli_lib.dir/AssemblyReports.cpp.obj
[318/625] Building CXX object apps/bettercad_cli/CMakeFiles/bettercad_cli_lib.dir/AssemblyEdits.cpp.obj
[319/625] Building CXX object apps/bettercad_cli/CMakeFiles/bettercad_cli_lib.dir/Cli.cpp.obj
[320/625] Building CXX object apps/bettercad_cli/CMakeFiles/bettercad_cli_lib.dir/EditRegistry.cpp.obj
[321/625] Building CXX object apps/bettercad_cli/CMakeFiles/bettercad_cli_lib.dir/DrawingEdits.cpp.obj
[322/625] Building CXX object apps/bettercad_cli/CMakeFiles/bettercad_cli_lib.dir/DrawingExportCommands.cpp.obj
[323/625] Building CXX object apps/bettercad_cli/CMakeFiles/bettercad_cli_lib.dir/ExportCommands.cpp.obj
[324/625] Building CXX object apps/bettercad_cli/CMakeFiles/bettercad_cli_lib.dir/DocumentCommands.cpp.obj
[325/625] Building CXX object apps/bettercad_cli/CMakeFiles/bettercad_cli_lib.dir/DrawingReports.cpp.obj
[326/625] Building CXX object apps/bettercad_cli/CMakeFiles/bettercad_cli_lib.dir/MaterialEdits.cpp.obj
[327/625] Automatic MOC for target bettercad
[328/625] Building CXX object apps/bettercad_cli/CMakeFiles/bettercad_cli_lib.dir/MaterialVocabulary.cpp.obj
[329/625] Building CXX object apps/bettercad_cli/CMakeFiles/bettercad_cli_lib.dir/MeshingEdits.cpp.obj
[330/625] Building CXX object apps/bettercad_cli/CMakeFiles/bettercad_cli_lib.dir/MaterialReports.cpp.obj
[331/625] Building CXX object apps/bettercad_cli/CMakeFiles/bettercad_cli_lib.dir/Selectors.cpp.obj
[332/625] Building CXX object apps/bettercad_cli/CMakeFiles/bettercad_cli_lib.dir/MeshingReports.cpp.obj
[333/625] Building CXX object examples/reference_models/CMakeFiles/bettercad_reference_models.dir/AssemblyBasic.cpp.obj
[334/625] Building CXX object examples/reference_models/CMakeFiles/bettercad_reference_models.dir/AssemblyCatalog.cpp.obj
[335/625] Building CXX object examples/reference_models/CMakeFiles/bettercad_reference_models.dir/AssemblyConfigured.cpp.obj
[336/625] Building CXX object examples/reference_models/CMakeFiles/bettercad_reference_models.dir/AssemblyJoints.cpp.obj
[337/625] Building CXX object examples/reference_models/CMakeFiles/bettercad_reference_models.dir/AssemblyDriven.cpp.obj
[338/625] Building CXX object examples/reference_models/CMakeFiles/bettercad_reference_models.dir/AssemblyParts.cpp.obj
[339/625] Building CXX object examples/reference_models/CMakeFiles/bettercad_reference_models.dir/Catalog.cpp.obj
[340/625] Building CXX object examples/reference_models/CMakeFiles/bettercad_reference_models.dir/BearingHousing.cpp.obj
[341/625] Building CXX object examples/reference_models/CMakeFiles/bettercad_reference_models.dir/BuildSupport.cpp.obj
[342/625] Building CXX object examples/reference_models/CMakeFiles/bettercad_reference_models.dir/DrawingAngleBracket.cpp.obj
[343/625] Building CXX object examples/reference_models/CMakeFiles/bettercad_reference_models.dir/DrawingCatalog.cpp.obj
[344/625] Building CXX object examples/reference_models/CMakeFiles/bettercad_reference_models.dir/DrawingBoltedStack.cpp.obj
[345/625] Building CXX object examples/reference_models/CMakeFiles/bettercad_reference_models.dir/DrawingClampSet.cpp.obj
[346/625] Building CXX object examples/reference_models/CMakeFiles/bettercad_reference_models.dir/DrawingGuardedFrame.cpp.obj
[347/625] Building CXX object examples/reference_models/CMakeFiles/bettercad_reference_models.dir/DrawingPocketBlock.cpp.obj
[348/625] Building CXX object examples/reference_models/CMakeFiles/bettercad_reference_models.dir/DrawingHolePlate.cpp.obj
[349/625] Building CXX object examples/reference_models/CMakeFiles/bettercad_reference_models.dir/DrawingStepPlate.cpp.obj
[350/625] Building CXX object examples/reference_models/CMakeFiles/bettercad_reference_models.dir/DrawingToleranceBlock.cpp.obj
[351/625] Building CXX object examples/reference_models/CMakeFiles/bettercad_reference_models.dir/MaterialCatalog.cpp.obj
[352/625] Building CXX object examples/reference_models/CMakeFiles/bettercad_reference_models.dir/Fingerprint.cpp.obj
[353/625] Building CXX object examples/reference_models/CMakeFiles/bettercad_reference_models.dir/GearboxCover.cpp.obj
[354/625] Building CXX object examples/reference_models/CMakeFiles/bettercad_reference_models.dir/IndexPlate.cpp.obj
[355/625] Building CXX object examples/reference_models/CMakeFiles/bettercad_reference_models.dir/ManifoldTube.cpp.obj
[356/625] Building CXX object examples/reference_models/CMakeFiles/bettercad_reference_models.dir/MaterialModels.cpp.obj
[357/625] Building CXX object examples/reference_models/CMakeFiles/bettercad_reference_models.dir/MeshCatalog.cpp.obj
[358/625] Building CXX object examples/reference_models/CMakeFiles/bettercad_reference_models.dir/MotorMount.cpp.obj
[359/625] Building CXX object examples/reference_models/CMakeFiles/bettercad_reference_models.dir/MeshModels.cpp.obj
[360/625] Building CXX object examples/reference_models/CMakeFiles/bettercad_reference_models.dir/Flange.cpp.obj
[361/625] Building CXX object examples/reference_models/CMakeFiles/bettercad_reference_models.dir/MountingBracket.cpp.obj
[362/625] Building CXX object examples/reference_models/CMakeFiles/bettercad_reference_models.dir/Pulley.cpp.obj
[363/625] Linking CXX static library lib\libCatch2Maind.a
[364/625] Linking CXX shared library bin\libbettercad_structural.dll
[365/625] Building CXX object examples/reference_models/CMakeFiles/bettercad_reference_models.dir/RibbedBracket.cpp.obj
[366/625] Linking CXX static library lib\libbettercad_cli_lib.a
[367/625] Building CXX object examples/reference_models/CMakeFiles/bettercad_reference_models.dir/Shaft.cpp.obj
[368/625] Building CXX object examples/reference_models/CMakeFiles/bettercad_reference_models.dir/TransitionDuct.cpp.obj
[369/625] Building CXX object tests/CMakeFiles/bettercad_test_occt.dir/support/occt/StepReadBack.cpp.obj
[370/625] Building CXX object examples/reference_models/CMakeFiles/bettercad_reference_models.dir/UBolt.cpp.obj
[371/625] Building CXX object apps/bettercad_cli/CMakeFiles/bettercad_cli.dir/main.cpp.obj
[372/625] Building CXX object examples/CMakeFiles/bettercad_example_geometry_accuracy.dir/geometry_accuracy/main.cpp.obj
[373/625] Linking CXX static library lib\libbettercad_reference_models.a
[374/625] Building CXX object apps/bettercad/CMakeFiles/bettercad.dir/bettercad_autogen/mocs_compilation.cpp.obj
[375/625] Building CXX object apps/bettercad/CMakeFiles/bettercad.dir/ViewportWidget.cpp.obj
[376/625] Linking CXX static library lib\libbettercad_test_occt.a
[377/625] Building CXX object apps/bettercad/CMakeFiles/bettercad.dir/MeshInspectorPanel.cpp.obj
[378/625] Building CXX object apps/bettercad/CMakeFiles/bettercad.dir/main.cpp.obj
[379/625] Building CXX object apps/bettercad/CMakeFiles/bettercad.dir/MainWindow.cpp.obj
[380/625] Building CXX object examples/reference_models/CMakeFiles/bettercad_example_reference_models.dir/main.cpp.obj
[381/625] Building CXX object tests/CMakeFiles/bettercad_tests.dir/assembly/CommandTests.cpp.obj
[382/625] Building CXX object tests/CMakeFiles/bettercad_tests.dir/renderer/MeshDisplayTests.cpp.obj
[383/625] Building CXX object tests/CMakeFiles/bettercad_tests.dir/renderer/MeshSceneTests.cpp.obj
[384/625] Building CXX object tests/CMakeFiles/bettercad_tests.dir/meshing/GeometryMeshMapTests.cpp.obj
[385/625] Building CXX object tests/CMakeFiles/bettercad_tests.dir/renderer/MeshInspectionTests.cpp.obj
[386/625] Building CXX object tests/CMakeFiles/bettercad_tests.dir/renderer/MeshViewTests.cpp.obj
[387/625] Building CXX object tests/CMakeFiles/bettercad_tests.dir/renderer/ViewerTests.cpp.obj
[388/625] Building CXX object tests/CMakeFiles/bettercad_tests.dir/meshing/MeshDataTests.cpp.obj
[389/625] Building CXX object tests/CMakeFiles/bettercad_tests.dir/meshing/GeometryPreparationTests.cpp.obj
[390/625] Building CXX object tests/CMakeFiles/bettercad_tests.dir/meshing/NetgenVolumeBackendTests.cpp.obj
[391/625] Building CXX object tests/CMakeFiles/bettercad_tests.dir/meshing/MeshControlTests.cpp.obj
[392/625] Building CXX object tests/CMakeFiles/bettercad_tests.dir/meshing/MeshingCommandTests.cpp.obj
[393/625] Building CXX object tests/CMakeFiles/bettercad_tests.dir/meshing/MeshQualityTests.cpp.obj
[394/625] Building CXX object tests/CMakeFiles/bettercad_tests.dir/meshing/VolumeBackendTests.cpp.obj
[395/625] Building CXX object tests/CMakeFiles/bettercad_tests.dir/meshing/MeshSizingTests.cpp.obj
[396/625] Building CXX object tests/CMakeFiles/bettercad_tests.dir/meshing/SurfaceMeshTests.cpp.obj
[397/625] Building CXX object tests/CMakeFiles/bettercad_tests.dir/meshing/TetValidationTests.cpp.obj
[398/625] Building CXX object tests/CMakeFiles/bettercad_tests.dir/meshing/VolumeMeshTests.cpp.obj
[399/625] Building CXX object tests/CMakeFiles/bettercad_tests.dir/structural/StructuralAnalysisBoundaryTests.cpp.obj
[400/625] Building CXX object tests/CMakeFiles/bettercad_tests.dir/structural/StructuralDataTests.cpp.obj
[401/625] Building CXX object tests/CMakeFiles/bettercad_tests.dir/drawing/AssemblyDrawingTests.cpp.obj
[402/625] Building CXX object tests/CMakeFiles/bettercad_tests.dir/drawing/AnnotationTests.cpp.obj
[403/625] Building CXX object tests/CMakeFiles/bettercad_tests.dir/drawing/BomTests.cpp.obj
[404/625] Building CXX object tests/CMakeFiles/bettercad_tests.dir/drawing/StableReferenceTests.cpp.obj
[405/625] Building CXX object tests/CMakeFiles/bettercad_tests.dir/drawing/DrawingPersistenceTests.cpp.obj
[406/625] Building CXX object tests/CMakeFiles/bettercad_tests.dir/drawing/DimensionTests.cpp.obj
[407/625] Building CXX object tests/CMakeFiles/bettercad_tests.dir/drawing/DrawingCommandTests.cpp.obj
[408/625] Building CXX object tests/CMakeFiles/bettercad_tests.dir/drawing/DrawingRegenerationTests.cpp.obj
[409/625] Building CXX object tests/CMakeFiles/bettercad_tests.dir/drawing/HiddenLineViewTests.cpp.obj
[410/625] Building CXX object tests/CMakeFiles/bettercad_tests.dir/drawing/Section2dTests.cpp.obj
[411/625] Building CXX object tests/CMakeFiles/bettercad_tests.dir/drawing/SectionGeometryTests.cpp.obj
[412/625] Building CXX object tests/CMakeFiles/bettercad_tests.dir/drawing/SheetFileTests.cpp.obj
[413/625] Building CXX object tests/CMakeFiles/bettercad_tests.dir/drawing/ViewAssemblyTests.cpp.obj
[414/625] Building CXX object tests/CMakeFiles/bettercad_tests.dir/drawing/ViewProjectionTests.cpp.obj
[415/625] Building CXX object tests/CMakeFiles/bettercad_tests.dir/drawing/SheetTests.cpp.obj
[416/625] Building CXX object tests/CMakeFiles/bettercad_tests.dir/drawing/ViewKindTests.cpp.obj
[417/625] Building CXX object tests/CMakeFiles/bettercad_tests.dir/drawing/ToleranceTests.cpp.obj
[418/625] Building CXX object tests/CMakeFiles/bettercad_tests.dir/assembly/ComponentFileTests.cpp.obj
[419/625] Building CXX object tests/CMakeFiles/bettercad_tests.dir/drawing/ViewTests.cpp.obj
[420/625] Building CXX object tests/CMakeFiles/bettercad_tests.dir/assembly/ComponentTests.cpp.obj
[421/625] Building CXX object tests/CMakeFiles/bettercad_tests.dir/assembly/ConfigurationTests.cpp.obj
[422/625] Building CXX object tests/CMakeFiles/bettercad_tests.dir/assembly/MateFileTests.cpp.obj
[423/625] Building CXX object tests/CMakeFiles/bettercad_tests.dir/assembly/MateTests.cpp.obj
[424/625] Building CXX object tests/CMakeFiles/bettercad_tests.dir/assembly/MechanicalMateTests.cpp.obj
[425/625] Building CXX object tests/CMakeFiles/bettercad_tests.dir/assembly/SolverDerivativeTests.cpp.obj
[426/625] Building CXX object tests/CMakeFiles/bettercad_tests.dir/assembly/MechanicalSolveTests.cpp.obj
[427/625] Building CXX object tests/CMakeFiles/bettercad_tests.dir/assembly/SolverTests.cpp.obj
[428/625] Building CXX object tests/CMakeFiles/bettercad_tests.dir/assembly/StableReferenceTests.cpp.obj
[429/625] Building CXX object tests/CMakeFiles/bettercad_tests.dir/assembly/ReferenceFileTests.cpp.obj
[430/625] Building CXX object tests/CMakeFiles/bettercad_tests.dir/assembly/RegenerationTests.cpp.obj
[431/625] Building CXX object tests/CMakeFiles/bettercad_tests.dir/assembly/ReferenceTests.cpp.obj
[432/625] Building CXX object tests/CMakeFiles/bettercad_tests.dir/assembly/PlacementFileTests.cpp.obj
[433/625] Building CXX object tests/CMakeFiles/bettercad_tests.dir/core/BuildInfoTests.cpp.obj
[434/625] Building CXX object tests/CMakeFiles/bettercad_tests.dir/assembly/PersistenceTests.cpp.obj
[435/625] Building CXX object tests/CMakeFiles/bettercad_tests.dir/assembly/PlacementTests.cpp.obj
[436/625] Building CXX object tests/CMakeFiles/bettercad_tests.dir/core/IdTests.cpp.obj
[437/625] Building CXX object tests/CMakeFiles/bettercad_tests.dir/core/UuidTests.cpp.obj
[438/625] Building CXX object tests/CMakeFiles/bettercad_tests.dir/core/document/CommandTests.cpp.obj
[439/625] Building CXX object tests/CMakeFiles/bettercad_tests.dir/core/document/ConfigurationTests.cpp.obj
[440/625] Building CXX object tests/CMakeFiles/bettercad_tests.dir/core/geometry/BooleanTests.cpp.obj
[441/625] Building CXX object tests/CMakeFiles/bettercad_tests.dir/core/document/DependencyGraphTests.cpp.obj
[442/625] Building CXX object tests/CMakeFiles/bettercad_tests.dir/core/document/DocumentTests.cpp.obj
[443/625] Building CXX object tests/CMakeFiles/bettercad_tests.dir/core/document/ParameterExpressionTests.cpp.obj
[444/625] Building CXX object tests/CMakeFiles/bettercad_tests.dir/core/geometry/ChamferTests.cpp.obj
[445/625] Building CXX object tests/CMakeFiles/bettercad_tests.dir/core/geometry/DraftTests.cpp.obj
[446/625] Building CXX object tests/CMakeFiles/bettercad_tests.dir/core/geometry/CurvedProfileTests.cpp.obj
[447/625] Building CXX object tests/CMakeFiles/bettercad_tests.dir/core/geometry/FilletTests.cpp.obj
[448/625] Building CXX object tests/CMakeFiles/bettercad_tests.dir/core/geometry/FaceNameTests.cpp.obj
[449/625] Building CXX object tests/CMakeFiles/bettercad_tests.dir/core/geometry/HiddenLineTests.cpp.obj
[450/625] Building CXX object tests/CMakeFiles/bettercad_tests.dir/core/geometry/LoftTests.cpp.obj
[451/625] Building CXX object tests/CMakeFiles/bettercad_tests.dir/core/geometry/HoleTests.cpp.obj
[452/625] Building CXX object tests/CMakeFiles/bettercad_tests.dir/core/geometry/LoftShapeTests.cpp.obj
[453/625] Building CXX object tests/CMakeFiles/bettercad_tests.dir/core/geometry/MeshTests.cpp.obj
[454/625] Building CXX object tests/CMakeFiles/bettercad_tests.dir/core/geometry/PropertyTests.cpp.obj
[455/625] Building CXX object tests/CMakeFiles/bettercad_tests.dir/core/geometry/PrimitiveTests.cpp.obj
[456/625] Building CXX object tests/CMakeFiles/bettercad_tests.dir/core/geometry/RibTests.cpp.obj
[457/625] Building CXX object tests/CMakeFiles/bettercad_tests.dir/core/geometry/RevolutionTests.cpp.obj
[458/625] Building CXX object tests/CMakeFiles/bettercad_tests.dir/core/geometry/SplitTests.cpp.obj
[459/625] Building CXX object tests/CMakeFiles/bettercad_tests.dir/core/geometry/SweepTests.cpp.obj
[460/625] Building CXX object tests/CMakeFiles/bettercad_tests.dir/core/geometry/ShellTests.cpp.obj
[461/625] Building CXX object tests/CMakeFiles/bettercad_tests.dir/core/geometry/VolumeSecondMomentsTests.cpp.obj
[462/625] Building CXX object tests/CMakeFiles/bettercad_tests.dir/core/geometry/VariableFilletTests.cpp.obj
[463/625] Building CXX object tests/CMakeFiles/bettercad_tests.dir/core/geometry/SweptPathTests.cpp.obj
[464/625] Building CXX object tests/CMakeFiles/bettercad_tests.dir/core/math/BSplineTests.cpp.obj
[465/625] Building CXX object tests/CMakeFiles/bettercad_tests.dir/core/geometry/TransformTests.cpp.obj
[466/625] Building CXX object tests/CMakeFiles/bettercad_tests.dir/core/math/FrameTests.cpp.obj
[467/625] Building CXX object tests/CMakeFiles/bettercad_tests.dir/core/math/RigidTransformTests.cpp.obj
[468/625] Building CXX object tests/CMakeFiles/bettercad_tests.dir/core/parameters/ExpressionTests.cpp.obj
[469/625] Building CXX object tests/CMakeFiles/bettercad_tests.dir/core/materials/MaterialLibraryTests.cpp.obj
[470/625] Building CXX object tests/CMakeFiles/bettercad_tests.dir/core/parameters/ParameterTableTests.cpp.obj
[471/625] Building CXX object tests/CMakeFiles/bettercad_tests.dir/core/parameters/ParameterTests.cpp.obj
[472/625] Building CXX object tests/CMakeFiles/bettercad_tests.dir/core/standards/HoleStandardsTests.cpp.obj
[473/625] Building CXX object tests/CMakeFiles/bettercad_tests.dir/core/materials/MechanicalPropertiesTests.cpp.obj
[474/625] Building CXX object tests/CMakeFiles/bettercad_tests.dir/core/units/ConversionTests.cpp.obj
[475/625] Building CXX object tests/CMakeFiles/bettercad_tests.dir/core/units/FormatAndCatalogTests.cpp.obj
[476/625] Building CXX object tests/CMakeFiles/bettercad_tests.dir/core/materials/ThermalPropertiesTests.cpp.obj
[477/625] Building CXX object tests/CMakeFiles/bettercad_tests.dir/core/units/EngineeringQuantityTests.cpp.obj
[478/625] Building CXX object tests/CMakeFiles/bettercad_tests.dir/core/units/QuantityTests.cpp.obj
[479/625] Building CXX object tests/CMakeFiles/bettercad_tests.dir/features/MassPropertiesTests.cpp.obj
[480/625] Building CXX object tests/CMakeFiles/bettercad_tests.dir/features/ChamferFeatureTests.cpp.obj
[481/625] Building CXX object tests/CMakeFiles/bettercad_tests.dir/features/CustomMaterialTests.cpp.obj
[482/625] Building CXX object tests/CMakeFiles/bettercad_tests.dir/features/MaterialAssignmentTests.cpp.obj
[483/625] Building CXX object tests/CMakeFiles/bettercad_tests.dir/features/MaterialCommandTests.cpp.obj
[484/625] Building CXX object tests/CMakeFiles/bettercad_tests.dir/features/ProvenanceTests.cpp.obj
[485/625] Building CXX object tests/CMakeFiles/bettercad_tests.dir/features/MaterialTests.cpp.obj
[486/625] Building CXX object tests/CMakeFiles/bettercad_tests.dir/features/DatumTests.cpp.obj
[487/625] Building CXX object tests/CMakeFiles/bettercad_tests.dir/features/FaceReferenceTests.cpp.obj
[488/625] Building CXX object tests/CMakeFiles/bettercad_tests.dir/features/DraftFeatureTests.cpp.obj
[489/625] Building CXX object tests/CMakeFiles/bettercad_tests.dir/features/ThroughAllExtrudeTests.cpp.obj
[490/625] Building CXX object tests/CMakeFiles/bettercad_tests.dir/features/SketchOnFaceTests.cpp.obj
[491/625] Building CXX object tests/CMakeFiles/bettercad_tests.dir/features/BodyOpsTests.cpp.obj
[492/625] Building CXX object tests/CMakeFiles/bettercad_tests.dir/features/ExtrudeTests.cpp.obj
[493/625] Building CXX object tests/CMakeFiles/bettercad_tests.dir/features/ExpressionRegenerationTests.cpp.obj
[494/625] Building CXX object tests/CMakeFiles/bettercad_tests.dir/features/CircularPatternFeatureTests.cpp.obj
[495/625] Building CXX object tests/CMakeFiles/bettercad_tests.dir/features/ConfigurationFeatureTests.cpp.obj
[496/625] Building CXX object tests/CMakeFiles/bettercad_tests.dir/features/FilletFeatureTests.cpp.obj
[497/625] Building CXX object tests/CMakeFiles/bettercad_tests.dir/features/HoleStandardTests.cpp.obj
[498/625] Building CXX object tests/CMakeFiles/bettercad_tests.dir/features/HoleFeatureTests.cpp.obj
[499/625] Building CXX object tests/CMakeFiles/bettercad_tests.dir/features/LoftShapeFeatureTests.cpp.obj
[500/625] Building CXX object tests/CMakeFiles/bettercad_tests.dir/features/LinearPatternFeatureTests.cpp.obj
[501/625] Building CXX object tests/CMakeFiles/bettercad_tests.dir/features/LoftFeatureTests.cpp.obj
[502/625] Building CXX object tests/CMakeFiles/bettercad_tests.dir/features/MirrorFeatureTests.cpp.obj
[503/625] Building CXX object tests/CMakeFiles/bettercad_tests.dir/features/ProfileTests.cpp.obj
[504/625] Building CXX object tests/CMakeFiles/bettercad_tests.dir/features/PatternNestingTests.cpp.obj
[505/625] Building CXX object tests/CMakeFiles/bettercad_tests.dir/features/PatternDistributionTests.cpp.obj
[506/625] Building CXX object tests/CMakeFiles/bettercad_tests.dir/features/SpatialSweepTests.cpp.obj
[507/625] Building CXX object tests/CMakeFiles/bettercad_tests.dir/features/RegenerationTests.cpp.obj
[508/625] Building CXX object tests/CMakeFiles/bettercad_tests.dir/features/RegeneratorTests.cpp.obj
[509/625] Building CXX object tests/CMakeFiles/bettercad_tests.dir/features/SweepFeatureTests.cpp.obj
[510/625] Building CXX object tests/CMakeFiles/bettercad_tests.dir/features/RevolveTests.cpp.obj
[511/625] Building CXX object tests/CMakeFiles/bettercad_tests.dir/features/RibFeatureTests.cpp.obj
[512/625] Building CXX object tests/CMakeFiles/bettercad_tests.dir/features/VariableFilletFeatureTests.cpp.obj
[513/625] Building CXX object tests/CMakeFiles/bettercad_tests.dir/features/ShellFeatureTests.cpp.obj
[514/625] Building CXX object tests/CMakeFiles/bettercad_tests.dir/features/ValidationTests.cpp.obj
[515/625] Building CXX object tests/CMakeFiles/bettercad_tests.dir/io/CircularPatternFileTests.cpp.obj
[516/625] Building CXX object tests/CMakeFiles/bettercad_tests.dir/io/ChamferFileTests.cpp.obj
[517/625] Building CXX object tests/CMakeFiles/bettercad_tests.dir/io/DatumFileTests.cpp.obj
[518/625] Building CXX object tests/CMakeFiles/bettercad_tests.dir/io/ConfigurationFileTests.cpp.obj
[519/625] Building CXX object tests/CMakeFiles/bettercad_tests.dir/io/FaceReferenceFileTests.cpp.obj
[520/625] Building CXX object tests/CMakeFiles/bettercad_tests.dir/io/FaceKindFileTests.cpp.obj
[521/625] Building CXX object tests/CMakeFiles/bettercad_tests.dir/io/ThroughAllFileTests.cpp.obj
[522/625] Building CXX object tests/CMakeFiles/bettercad_tests.dir/io/BodyOpsFileTests.cpp.obj
[523/625] Building CXX object tests/CMakeFiles/bettercad_tests.dir/io/DocumentFileTests.cpp.obj
[524/625] Building CXX object tests/CMakeFiles/bettercad_tests.dir/io/DrawingExportTests.cpp.obj
[525/625] Building CXX object tests/CMakeFiles/bettercad_tests.dir/io/ExampleModelTests.cpp.obj
[526/625] Building CXX object tests/CMakeFiles/bettercad_tests.dir/io/MaterialFileTests.cpp.obj
[527/625] Building CXX object tests/CMakeFiles/bettercad_tests.dir/io/DraftFileTests.cpp.obj
[528/625] Building CXX object tests/CMakeFiles/bettercad_tests.dir/io/MeshControlFileTests.cpp.obj
[529/625] Building CXX object tests/CMakeFiles/bettercad_tests.dir/io/ExpressionFileTests.cpp.obj
[530/625] Building CXX object tests/CMakeFiles/bettercad_tests.dir/io/FilletFileTests.cpp.obj
[531/625] Building CXX object tests/CMakeFiles/bettercad_tests.dir/io/HoleFileTests.cpp.obj
[532/625] Building CXX object tests/CMakeFiles/bettercad_tests.dir/io/HoleStandardFileTests.cpp.obj
[533/625] Building CXX object tests/CMakeFiles/bettercad_tests.dir/io/ParameterJsonTests.cpp.obj
[534/625] Building CXX object tests/CMakeFiles/bettercad_tests.dir/io/LinearPatternFileTests.cpp.obj
[535/625] Building CXX object tests/CMakeFiles/bettercad_tests.dir/io/LoftFileTests.cpp.obj
[536/625] Building CXX object tests/CMakeFiles/bettercad_tests.dir/io/MirrorFileTests.cpp.obj
[537/625] Building CXX object tests/CMakeFiles/bettercad_tests.dir/io/PatternInstanceFileTests.cpp.obj
[538/625] Building CXX object tests/CMakeFiles/bettercad_tests.dir/io/SpatialSweepFileTests.cpp.obj
[539/625] Building CXX object tests/CMakeFiles/bettercad_tests.dir/io/RevolveFileTests.cpp.obj
[540/625] Building CXX object tests/CMakeFiles/bettercad_tests.dir/io/SweepFileTests.cpp.obj
[541/625] Building CXX object tests/CMakeFiles/bettercad_tests.dir/io/RibFileTests.cpp.obj
[542/625] Building CXX object tests/CMakeFiles/bettercad_tests.dir/io/ShellFileTests.cpp.obj
[543/625] Building CXX object tests/CMakeFiles/bettercad_tests.dir/io/StepExportTests.cpp.obj
[544/625] Building CXX object tests/CMakeFiles/bettercad_tests.dir/io/VariableFilletFileTests.cpp.obj
[545/625] Building CXX object tests/CMakeFiles/bettercad_tests.dir/io/StlTests.cpp.obj
[546/625] Building CXX object tests/CMakeFiles/bettercad_tests.dir/sketch/AdvancedConstraintSolverTests.cpp.obj
[547/625] Building CXX object tests/CMakeFiles/bettercad_tests.dir/sketch/ConstraintTests.cpp.obj
[548/625] Building CXX object tests/CMakeFiles/bettercad_tests.dir/sketch/AdvancedConstraintDocumentTests.cpp.obj
[549/625] Building CXX object tests/CMakeFiles/bettercad_tests.dir/sketch/EllipseSplineTests.cpp.obj
[550/625] Building CXX object tests/CMakeFiles/bettercad_tests.dir/sketch/EllipseSplineDocumentTests.cpp.obj
[551/625] Building CXX object tests/CMakeFiles/bettercad_tests.dir/sketch/SketchDocumentTests.cpp.obj
[552/625] Building CXX object tests/CMakeFiles/bettercad_tests.dir/sketch/SketchTests.cpp.obj
[553/625] Building CXX object tests/CMakeFiles/bettercad_tests.dir/sketch/SolverTests.cpp.obj
[554/625] Building CXX object tests/CMakeFiles/bettercad_tests.dir/cli/ConfigurationCliTests.cpp.obj
[555/625] Building CXX object tests/CMakeFiles/bettercad_tests.dir/cli/DatumCliTests.cpp.obj
[556/625] Building CXX object tests/CMakeFiles/bettercad_tests.dir/cli/DraftCliTests.cpp.obj
[557/625] Building CXX object tests/CMakeFiles/bettercad_tests.dir/cli/CliTests.cpp.obj
[558/625] Building CXX object tests/CMakeFiles/bettercad_tests.dir/cli/FaceReferenceCliTests.cpp.obj
[559/625] Building CXX object tests/CMakeFiles/bettercad_tests.dir/cli/HoleStandardCliTests.cpp.obj
[560/625] Building CXX object tests/CMakeFiles/bettercad_tests.dir/cli/PatternInstanceCliTests.cpp.obj
[561/625] Building CXX object tests/CMakeFiles/bettercad_tests.dir/cli/ThroughAllCliTests.cpp.obj
[562/625] Building CXX object tests/CMakeFiles/bettercad_tests.dir/cli/BodyOpsCliTests.cpp.obj
[563/625] Building CXX object tests/CMakeFiles/bettercad_tests.dir/cli/RibCliTests.cpp.obj
[564/625] Building CXX object tests/CMakeFiles/bettercad_tests.dir/cli/VariableFilletCliTests.cpp.obj
[565/625] Building CXX object tests/CMakeFiles/bettercad_tests.dir/cli/ShellCliTests.cpp.obj
[566/625] Building CXX object tests/CMakeFiles/bettercad_tests.dir/cli/SpatialSweepCliTests.cpp.obj
[567/625] Building CXX object tests/CMakeFiles/bettercad_tests.dir/cli/ExpressionCliTests.cpp.obj
[568/625] Building CXX object tests/CMakeFiles/bettercad_tests.dir/cli/ComponentCliTests.cpp.obj
[569/625] Building CXX object tests/CMakeFiles/bettercad_tests.dir/cli/SheetCliTests.cpp.obj
[570/625] Building CXX object tests/CMakeFiles/bettercad_tests.dir/cli/DrawingCliTests.cpp.obj
[571/625] Building CXX object tests/CMakeFiles/bettercad_tests.dir/cli/AssemblyCliTests.cpp.obj
[572/625] Building CXX object tests/CMakeFiles/bettercad_tests.dir/cli/MaterialCliTests.cpp.obj
[573/625] Building CXX object tests/CMakeFiles/bettercad_tests.dir/reference/AssemblyWorkflowTests.cpp.obj
[574/625] Building CXX object tests/CMakeFiles/bettercad_tests.dir/cli/MeshingCliTests.cpp.obj
[575/625] Building CXX object tests/CMakeFiles/bettercad_tests.dir/io/AssemblyStepTests.cpp.obj
[576/625] Building CXX object tests/CMakeFiles/bettercad_tests.dir/reference/AllModelsTests.cpp.obj
[577/625] Building CXX object tests/CMakeFiles/bettercad_tests.dir/qualification/P15MaterialsQualificationTests.cpp.obj
[578/625] Building CXX object tests/CMakeFiles/bettercad_tests.dir/qualification/P16MeshingQualificationTests.cpp.obj
[579/625] Building CXX object tests/CMakeFiles/bettercad_tests.dir/reference/MaterialModelsTests.cpp.obj
[580/625] Building CXX object tests/CMakeFiles/bettercad_tests.dir/reference/AssemblyModelsTests.cpp.obj
[581/625] Building CXX object tests/CMakeFiles/bettercad_tests.dir/reference/DrawingStepPlateTests.cpp.obj
[582/625] Building CXX object tests/CMakeFiles/bettercad_tests.dir/reference/MeshModelsTests.cpp.obj
[583/625] Building CXX object tests/CMakeFiles/bettercad_tests.dir/reference/DrawingAngleBracketTests.cpp.obj
[584/625] Building CXX object tests/CMakeFiles/bettercad_tests.dir/reference/DrawingModelsTests.cpp.obj
[585/625] Building CXX object tests/CMakeFiles/bettercad_tests.dir/reference/DrawingPocketBlockTests.cpp.obj
[586/625] Building CXX object tests/CMakeFiles/bettercad_tests.dir/reference/DrawingToleranceBlockTests.cpp.obj
[587/625] Building CXX object tests/CMakeFiles/bettercad_tests.dir/reference/DrawingHolePlateTests.cpp.obj
[588/625] Building CXX object tests/CMakeFiles/bettercad_tests.dir/reference/DrawingClampSetTests.cpp.obj
[589/625] Building CXX object tests/CMakeFiles/bettercad_tests.dir/reference/DrawingBomTests.cpp.obj
[590/625] Building CXX object tests/CMakeFiles/bettercad_tests.dir/reference/DrawingEquivalenceTests.cpp.obj
[591/625] Building CXX object tests/CMakeFiles/bettercad_tests.dir/reference/FlangeTests.cpp.obj
[592/625] Building CXX object tests/CMakeFiles/bettercad_tests.dir/reference/GearboxCoverTests.cpp.obj
[593/625] Building CXX object tests/CMakeFiles/bettercad_tests.dir/reference/ManifoldTubeTests.cpp.obj
[594/625] Building CXX object tests/CMakeFiles/bettercad_tests.dir/reference/IndexPlateTests.cpp.obj
[595/625] Building CXX object tests/CMakeFiles/bettercad_tests.dir/reference/BearingHousingTests.cpp.obj
[596/625] Building CXX object tests/CMakeFiles/bettercad_tests.dir/reference/MotorMountTests.cpp.obj
[597/625] Building CXX object tests/CMakeFiles/bettercad_tests.dir/reference/MountingBracketTests.cpp.obj
[598/625] Building CXX object tests/CMakeFiles/bettercad_tests.dir/reference/P12ModelsTests.cpp.obj
[599/625] Linking CXX executable bin\bettercad-cli.exe
[600/625] Building CXX object tests/CMakeFiles/bettercad_tests.dir/reference/RibbedBracketTests.cpp.obj
[601/625] Linking CXX executable bin\bettercad.exe; Deploying Qt runtime for bettercad
[602/625] Building CXX object tests/CMakeFiles/bettercad_tests.dir/reference/PulleyTests.cpp.obj
[603/625] Linking CXX executable bin\bettercad_example_geometry_accuracy.exe
[604/625] Building CXX object tests/CMakeFiles/bettercad_tests.dir/reference/TransitionDuctTests.cpp.obj
[605/625] Linking CXX executable bin\bettercad_example_reference_models.exe
[606/625] Building CXX object tests/compile_fail/CMakeFiles/bettercad_cf_mech_control.dir/MechanicalMisuse.cpp.obj
[607/625] Building CXX object tests/compile_fail/CMakeFiles/bettercad_cf_units_control.dir/UnitsMisuse.cpp.obj
[608/625] Building CXX object tests/compile_fail/CMakeFiles/bettercad_cf_therm_control.dir/ThermalMisuse.cpp.obj
[609/625] Building CXX object tests/CMakeFiles/bettercad_tests.dir/reference/ShaftTests.cpp.obj
[610/625] Building CXX object tests/compile_fail/CMakeFiles/bettercad_cf_assign_control.dir/AssignmentMisuse.cpp.obj
[611/625] Building CXX object tests/compile_fail/CMakeFiles/bettercad_cf_ids_control.dir/IdsMisuse.cpp.obj
[612/625] Building CXX object tests/compile_fail/CMakeFiles/bettercad_cf_massp_control.dir/MassMisuse.cpp.obj
[613/625] Building CXX object tests/compile_fail/CMakeFiles/bettercad_cf_custom_control.dir/CustomMaterialMisuse.cpp.obj
[614/625] Building CXX object tests/compile_fail/CMakeFiles/bettercad_cf_prov_control.dir/ProvenanceMisuse.cpp.obj
[615/625] Building CXX object tests/compile_fail/CMakeFiles/bettercad_cf_meshids_control.dir/MeshIdsMisuse.cpp.obj
[616/625] Building CXX object tests/CMakeFiles/bettercad_tests.dir/reference/UBoltTests.cpp.obj
[617/625] Building CXX object tests/compile_fail/CMakeFiles/bettercad_cf_matcmd_control.dir/MaterialCommandMisuse.cpp.obj
[618/625] Building CXX object tests/compile_fail/CMakeFiles/bettercad_cf_meshquality_control.dir/MeshQualityMisuse.cpp.obj
[619/625] Building CXX object tests/compile_fail/CMakeFiles/bettercad_cf_volumemesh_control.dir/VolumeMeshMisuse.cpp.obj
[620/625] Building CXX object tests/compile_fail/CMakeFiles/bettercad_cf_viewer_control.dir/ViewerMisuse.cpp.obj
[621/625] Building CXX object tests/compile_fail/CMakeFiles/bettercad_cf_geometrymeshmap_control.dir/GeometryMeshMapMisuse.cpp.obj
[622/625] Building CXX object tests/compile_fail/CMakeFiles/bettercad_cf_meshview_control.dir/MeshViewMisuse.cpp.obj
[623/625] Building CXX object tests/compile_fail/CMakeFiles/bettercad_cf_structids_control.dir/StructuralIdMisuse.cpp.obj
[624/625] Building CXX object tests/compile_fail/CMakeFiles/bettercad_cf_meshcmd_control.dir/MeshingCommandMisuse.cpp.obj
[625/625] Linking CXX executable bin\bettercad_tests.exe
