P11-FEAT-008 sweep kernel probe (OCCT 8.0.1, GCC 16.1 MinGW, -O2), run 2026-09-15T20:22:40+10:00.
One process per line; '-> exit N' marks a process that ended with an error.

straight-rect    pipe     done solids=1 valid=1 V=19999.999999999996 expected=20000 (A L = 200 x 100) rel=1.82e-16 box=(-5,-10,0)-(5,10,100) centre=(-1.36002321e-17,2.77555756e-18,50) t=0.003s faces: plane=6 selfcheck=1 (0.003s)
straight-rect    pipe-cn  done solids=1 valid=1 V=19999.999999999996 expected=20000 (A L = 200 x 100) rel=1.82e-16 box=(-5,-10,0)-(5,10,100) centre=(-1.36002321e-17,2.77555756e-18,50) t=0.003s faces: plane=6 selfcheck=1 (0.004s)
straight-rect    shell-t  done solids=1 valid=1 V=19999.999999999996 expected=20000 (A L = 200 x 100) rel=1.82e-16 box=(-5,-10,0)-(5,10,100) centre=(-2.72004641e-17,2.77555756e-18,50) t=0.004s faces: plane=6 selfcheck=1 (0.002s)
straight-rect    shell-r  done solids=1 valid=1 V=19999.999999999996 expected=20000 (A L = 200 x 100) rel=1.82e-16 box=(-5,-10,0)-(5,10,100) centre=(-2.72004641e-17,2.77555756e-18,50) t=0.002s faces: plane=6 selfcheck=1 (0.002s)
straight-rect    shell-o  done solids=1 valid=1 V=19999.999999999996 expected=20000 (A L = 200 x 100) rel=1.82e-16 box=(-5,-10,0)-(5,10,100) centre=(-2.72004641e-17,2.77555756e-18,50) t=0.003s faces: plane=6 selfcheck=1 (0.002s)
straight-rect    shell-rh done solids=1 valid=1 V=19999.999999999996 expected=20000 (A L = 200 x 100) rel=1.82e-16 box=(-5,-10,0)-(5,10,100) centre=(-2.72004641e-17,2.77555756e-18,50) t=0.003s faces: plane=6 selfcheck=1 (0.002s)
straight-circle  pipe     done solids=1 valid=1 V=7853.981633974483 expected=7853.981633974483 (pi r^2 L) rel=0.00e+00 box=(-5,-5,0)-(5,5,100) centre=(4.05301617e-16,-1.92650089e-16,50) t=0.002s faces: cylinder=1 plane=2 selfcheck=1 (0.003s)
straight-circle  pipe-cn  done solids=1 valid=1 V=7853.981633974483 expected=7853.981633974483 (pi r^2 L) rel=0.00e+00 box=(-5,-5,0)-(5,5,100) centre=(4.05301617e-16,-1.92650089e-16,50) t=0.002s faces: cylinder=1 plane=2 selfcheck=1 (0.002s)
straight-circle  shell-t  done solids=1 valid=1 V=7853.981633974483 expected=7853.981633974483 (pi r^2 L) rel=0.00e+00 box=(-5,-5,0)-(5,5,100) centre=(4.05301617e-16,-1.92650089e-16,50) t=0.002s faces: cylinder=1 plane=2 selfcheck=1 (0.002s)
straight-circle  shell-r  done solids=1 valid=1 V=7853.981633974483 expected=7853.981633974483 (pi r^2 L) rel=0.00e+00 box=(-5,-5,0)-(5,5,100) centre=(4.05301617e-16,-1.92650089e-16,50) t=0.002s faces: cylinder=1 plane=2 selfcheck=1 (0.003s)
straight-circle  shell-o  done solids=1 valid=1 V=7853.981633974483 expected=7853.981633974483 (pi r^2 L) rel=0.00e+00 box=(-5,-5,0)-(5,5,100) centre=(4.05301617e-16,-1.92650089e-16,50) t=0.002s faces: cylinder=1 plane=2 selfcheck=1 (0.002s)
straight-circle  shell-rh done solids=1 valid=1 V=7853.981633974483 expected=7853.981633974483 (pi r^2 L) rel=0.00e+00 box=(-5,-5,0)-(5,5,100) centre=(4.05301617e-16,-1.92650089e-16,50) t=0.002s faces: cylinder=1 plane=2 selfcheck=1 (0.002s)
quarter          pipe     done solids=1 valid=1 V=394.78417604357435 expected=394.78417604357429 (pi r^2 R theta = 40 pi^2) rel=1.44e-16 box=(-1e-07,-1e-07,-2.0000001)-(22.0000001,22.0000001,2.0000001) centre=(12.7642264,12.7642264,-1.16988675e-16) t=0.002s faces: plane=2 torus=1 selfcheck=1 (0.003s)
quarter          pipe-cn  done solids=1 valid=1 V=394.78417604357435 expected=394.78417604357429 (pi r^2 R theta = 40 pi^2) rel=1.44e-16 box=(-1e-07,-1e-07,-2.0000001)-(22.0000001,22.0000001,2.0000001) centre=(12.7642264,12.7642264,-1.16988675e-16) t=0.002s faces: plane=2 torus=1 selfcheck=1 (0.002s)
quarter          shell-t  done solids=1 valid=1 V=394.78417604357435 expected=394.78417604357429 (pi r^2 R theta = 40 pi^2) rel=1.44e-16 box=(-1e-07,-1e-07,-2.0000001)-(22.0000001,22.0000001,2.0000001) centre=(12.7642264,12.7642264,4.49956444e-17) t=0.002s faces: plane=2 torus=1 selfcheck=1 (0.002s)
quarter          shell-r  done solids=1 valid=1 V=394.78417604357435 expected=394.78417604357429 (pi r^2 R theta = 40 pi^2) rel=1.44e-16 box=(-1e-07,-1e-07,-2.0000001)-(22.0000001,22.0000001,2.0000001) centre=(12.7642264,12.7642264,4.49956444e-17) t=0.002s faces: plane=2 torus=1 selfcheck=1 (0.003s)
quarter          shell-o  done solids=1 valid=1 V=394.78417604357435 expected=394.78417604357429 (pi r^2 R theta = 40 pi^2) rel=1.44e-16 box=(-1e-07,-1e-07,-2.0000001)-(22.0000001,22.0000001,2.0000001) centre=(12.7642264,12.7642264,4.49956444e-17) t=0.002s faces: plane=2 torus=1 selfcheck=1 (0.002s)
quarter          shell-rh done solids=1 valid=1 V=394.78417604357435 expected=394.78417604357429 (pi r^2 R theta = 40 pi^2) rel=1.44e-16 box=(-1e-07,-1e-07,-2.0000001)-(22.0000001,22.0000001,2.0000001) centre=(12.7642264,12.7642264,4.49956444e-17) t=0.002s faces: plane=2 torus=1 selfcheck=1 (0.004s)
torus            pipe     done solids=1 valid=1 V=1579.1367041742974 expected=1579.1367041742974 (2 pi^2 R r^2) rel=0.00e+00 box=(-22.0000001,-22.0000001,-2.0000001)-(22.0000001,22.0000001,2.0000001) centre=(7.10542736e-15,1.56125113e-18,-8.8817842e-16) t=0.002s faces: torus=1 selfcheck=1 (0.001s)
torus            pipe-cn  done solids=1 valid=1 V=1579.1367041742974 expected=1579.1367041742974 (2 pi^2 R r^2) rel=0.00e+00 box=(-22.0000001,-22.0000001,-2.0000001)-(22.0000001,22.0000001,2.0000001) centre=(7.10542736e-15,1.56125113e-18,-8.8817842e-16) t=0.001s faces: torus=1 selfcheck=1 (0.002s)
torus            shell-t  done solids=1 valid=1 V=1579.1367041742974 expected=1579.1367041742974 (2 pi^2 R r^2) rel=0.00e+00 box=(-22.0000001,-22.0000001,-2.0000001)-(22.0000001,22.0000001,2.0000001) centre=(7.10542736e-15,1.56125113e-18,-8.8817842e-16) t=0.001s faces: torus=1 selfcheck=1 (0.002s)
torus            shell-r  done solids=1 valid=1 V=1579.1367041742974 expected=1579.1367041742974 (2 pi^2 R r^2) rel=0.00e+00 box=(-22.0000001,-22.0000001,-2.0000001)-(22.0000001,22.0000001,2.0000001) centre=(7.10542736e-15,1.56125113e-18,-8.8817842e-16) t=0.002s faces: torus=1 selfcheck=1 (0.001s)
torus            shell-o  done solids=1 valid=1 V=1579.1367041742974 expected=1579.1367041742974 (2 pi^2 R r^2) rel=0.00e+00 box=(-22.0000001,-22.0000001,-2.0000001)-(22.0000001,22.0000001,2.0000001) centre=(7.10542736e-15,1.56125113e-18,-8.8817842e-16) t=0.001s faces: torus=1 selfcheck=1 (0.001s)
torus            shell-rh done solids=1 valid=1 V=1579.1367041742974 expected=1579.1367041742974 (2 pi^2 R r^2) rel=0.00e+00 box=(-22.0000001,-22.0000001,-2.0000001)-(22.0000001,22.0000001,2.0000001) centre=(7.10542736e-15,1.56125113e-18,-8.8817842e-16) t=0.001s faces: torus=1 selfcheck=1 (0.001s)
arc270           pipe     done solids=1 valid=1 V=1184.3525281307232 expected=1184.3525281307229 (pi r^2 R 3pi/2) rel=1.92e-16 box=(-22.0000001,-22.0000001,-2.0000001)-(22.0000001,22.0000001,2.0000001) centre=(-4.25474215,4.25474215,-2.84972414e-16) t=0.002s faces: plane=2 torus=1 selfcheck=1 (0.003s)
arc270           pipe-cn  done solids=1 valid=1 V=1184.3525281307232 expected=1184.3525281307229 (pi r^2 R 3pi/2) rel=1.92e-16 box=(-22.0000001,-22.0000001,-2.0000001)-(22.0000001,22.0000001,2.0000001) centre=(-4.25474215,4.25474215,-2.84972414e-16) t=0.002s faces: plane=2 torus=1 selfcheck=1 (0.003s)
arc270           shell-t  done solids=1 valid=1 V=1184.3525281307232 expected=1184.3525281307229 (pi r^2 R 3pi/2) rel=1.92e-16 box=(-22.0000001,-22.0000001,-2.0000001)-(22.0000001,22.0000001,2.0000001) centre=(-4.25474215,4.25474215,-3.08970091e-16) t=0.003s faces: plane=2 torus=1 selfcheck=1 (0.002s)
arc270           shell-r  done solids=1 valid=1 V=1184.3525281307232 expected=1184.3525281307229 (pi r^2 R 3pi/2) rel=1.92e-16 box=(-22.0000001,-22.0000001,-2.0000001)-(22.0000001,22.0000001,2.0000001) centre=(-4.25474215,4.25474215,-3.08970091e-16) t=0.002s faces: plane=2 torus=1 selfcheck=1 (0.003s)
arc270           shell-o  done solids=1 valid=1 V=1184.3525281307232 expected=1184.3525281307229 (pi r^2 R 3pi/2) rel=1.92e-16 box=(-22.0000001,-22.0000001,-2.0000001)-(22.0000001,22.0000001,2.0000001) centre=(-4.25474215,4.25474215,-3.08970091e-16) t=0.002s faces: plane=2 torus=1 selfcheck=1 (0.003s)
arc270           shell-rh done solids=1 valid=1 V=1184.3525281307232 expected=1184.3525281307229 (pi r^2 R 3pi/2) rel=1.92e-16 box=(-22.0000001,-22.0000001,-2.0000001)-(22.0000001,22.0000001,2.0000001) centre=(-4.25474215,4.25474215,-3.08970091e-16) t=0.002s faces: plane=2 torus=1 selfcheck=1 (0.004s)
rect-arc         pipe     done solids=1 valid=1 V=628.31853071795888 expected=628.31853071795865 (A R theta (Pappus)) rel=3.62e-16 box=(2.93915232e-15,0,-1)-(52,52,1) centre=(31.8479651,31.8479651,7.61720759e-16) t=0.003s faces: cylinder=2 plane=4 selfcheck=1 (0.006s)
rect-arc         pipe-cn  done solids=1 valid=1 V=628.31853071795888 expected=628.31853071795865 (A R theta (Pappus)) rel=3.62e-16 box=(2.93915232e-15,0,-1)-(52,52,1) centre=(31.8479651,31.8479651,7.61720759e-16) t=0.003s faces: cylinder=2 plane=4 selfcheck=1 (0.006s)
rect-arc         shell-t  done solids=1 valid=1 V=628.31853071795877 expected=628.31853071795865 (A R theta (Pappus)) rel=1.81e-16 box=(2.93915232e-15,0,-1)-(52,52,1) centre=(31.8479651,31.8479651,7.61654497e-16) t=0.002s faces: cylinder=2 plane=4 selfcheck=1 (0.005s)
rect-arc         shell-r  done solids=1 valid=1 V=628.31853071795877 expected=628.31853071795865 (A R theta (Pappus)) rel=1.81e-16 box=(2.93915232e-15,0,-1)-(52,52,1) centre=(31.8479651,31.8479651,7.61654497e-16) t=0.005s faces: cylinder=2 plane=4 selfcheck=1 (0.008s)
rect-arc         shell-o  done solids=1 valid=1 V=628.31853071795877 expected=628.31853071795865 (A R theta (Pappus)) rel=1.81e-16 box=(2.93915232e-15,0,-1)-(52,52,1) centre=(31.8479651,31.8479651,7.61654497e-16) t=0.003s faces: cylinder=2 plane=4 selfcheck=1 (0.007s)
rect-arc         shell-rh done solids=1 valid=1 V=628.31853071795877 expected=628.31853071795865 (A R theta (Pappus)) rel=1.81e-16 box=(2.93915232e-15,0,-1)-(52,52,1) centre=(31.8479651,31.8479651,7.61654497e-16) t=0.003s faces: cylinder=2 plane=4 selfcheck=1 (0.006s)
annulus-arc      pipe     done solids=1 valid=1 V=493.48022005446774 expected=493.48022005446791 (pi (3^2 - 2^2) R theta) rel=3.46e-16 box=(-1e-07,-1e-07,-3.0000001)-(23.0000001,23.0000001,3.0000001) centre=(12.8358462,12.8358462,-2.30377699e-16) t=0.002s faces: plane=2 torus=2 selfcheck=1 (0.012s)
annulus-arc      pipe-cn  done solids=1 valid=1 V=493.48022005446774 expected=493.48022005446791 (pi (3^2 - 2^2) R theta) rel=3.46e-16 box=(-1e-07,-1e-07,-3.0000001)-(23.0000001,23.0000001,3.0000001) centre=(12.8358462,12.8358462,-2.30377699e-16) t=0.002s faces: plane=2 torus=2 selfcheck=1 (0.008s)
annulus-arc      shell-t  done solids=1 valid=1 V=888.2643960980422 expected=493.48022005446791 (pi (3^2 - 2^2) R theta) rel=8.00e-01 box=(-1e-07,-1e-07,-3.0000001)-(23.0000001,23.0000001,3.0000001) centre=(12.8040152,12.8040152,4.47956637e-16) t=0.002s faces: plane=2 torus=1 selfcheck=1 (0.002s)
annulus-arc      shell-r  done solids=1 valid=1 V=888.2643960980422 expected=493.48022005446791 (pi (3^2 - 2^2) R theta) rel=8.00e-01 box=(-1e-07,-1e-07,-3.0000001)-(23.0000001,23.0000001,3.0000001) centre=(12.8040152,12.8040152,4.47956637e-16) t=0.002s faces: plane=2 torus=1 selfcheck=1 (0.003s)
annulus-arc      shell-o  done solids=1 valid=1 V=888.2643960980422 expected=493.48022005446791 (pi (3^2 - 2^2) R theta) rel=8.00e-01 box=(-1e-07,-1e-07,-3.0000001)-(23.0000001,23.0000001,3.0000001) centre=(12.8040152,12.8040152,4.47956637e-16) t=0.002s faces: plane=2 torus=1 selfcheck=1 (0.002s)
annulus-arc      shell-rh done solids=1 valid=1 V=493.48022005446774 expected=493.48022005446791 (pi (3^2 - 2^2) R theta) rel=3.46e-16 box=(-1e-07,-1e-07,-3.0000001)-(23.0000001,23.0000001,3.0000001) centre=(12.8358462,12.8358462,-1.1518885e-16) t=0.013s faces: plane=2 torus=2 selfcheck=1 (0.007s)
offset-profile   pipe     done solids=1 valid=1 V=1256.6370614359171 expected=1256.6370614359173 (A L) rel=1.81e-16 box=(8,-2,0)-(12,2,100) centre=(10,4.76732186e-18,50) t=0.002s faces: cylinder=1 plane=2 selfcheck=1 (0.002s)
offset-profile   pipe-cn  done solids=1 valid=1 V=1256.6370614359171 expected=1256.6370614359173 (A L) rel=1.81e-16 box=(8,-2,0)-(12,2,100) centre=(10,4.76732186e-18,50) t=0.002s faces: cylinder=1 plane=2 selfcheck=1 (0.002s)
offset-profile   shell-t  done solids=1 valid=1 V=1256.6370614359171 expected=1256.6370614359173 (A L) rel=1.81e-16 box=(8,-2,0)-(12,2,100) centre=(10,-5.29407431e-18,50) t=0.002s faces: cylinder=1 plane=2 selfcheck=1 (0.003s)
offset-profile   shell-r  done solids=1 valid=1 V=1256.6370614359171 expected=1256.6370614359173 (A L) rel=1.81e-16 box=(8,-2,0)-(12,2,100) centre=(10,-5.29407431e-18,50) t=0.002s faces: cylinder=1 plane=2 selfcheck=1 (0.002s)
offset-profile   shell-o  done solids=1 valid=1 V=1256.6370614359171 expected=1256.6370614359173 (A L) rel=1.81e-16 box=(8,-2,0)-(12,2,100) centre=(10,-5.29407431e-18,50) t=0.002s faces: cylinder=1 plane=2 selfcheck=1 (0.002s)
offset-profile   shell-rh done solids=1 valid=1 V=1256.6370614359171 expected=1256.6370614359173 (A L) rel=1.81e-16 box=(8,-2,0)-(12,2,100) centre=(10,-5.29407431e-18,50) t=0.002s faces: cylinder=1 plane=2 selfcheck=1 (0.002s)
offset-quarter   pipe     done solids=1 valid=1 V=493.48022005446819 expected=493.48022005446791 (A (R+5) theta) rel=5.76e-16 box=(-1e-07,-1e-07,-2.0000001)-(27.0000001,27.0000001,2.0000001) centre=(15.9409591,15.9409591,6.69535188e-16) t=0.002s faces: plane=2 torus=1 selfcheck=1 (0.003s)
offset-quarter   pipe-cn  done solids=1 valid=1 V=493.48022005446819 expected=493.48022005446791 (A (R+5) theta) rel=5.76e-16 box=(-1e-07,-1e-07,-2.0000001)-(27.0000001,27.0000001,2.0000001) centre=(15.9409591,15.9409591,6.69535188e-16) t=0.002s faces: plane=2 torus=1 selfcheck=1 (0.003s)
offset-quarter   shell-t  done solids=1 valid=1 V=493.48022005446819 expected=493.48022005446791 (A (R+5) theta) rel=5.76e-16 box=(-1e-07,-1e-07,-2.0000001)-(27.0000001,27.0000001,2.0000001) centre=(15.9409591,15.9409591,6.47937279e-16) t=0.002s faces: plane=2 torus=1 selfcheck=1 (0.003s)
offset-quarter   shell-r  done solids=1 valid=1 V=493.48022005446819 expected=493.48022005446791 (A (R+5) theta) rel=5.76e-16 box=(-1e-07,-1e-07,-2.0000001)-(27.0000001,27.0000001,2.0000001) centre=(15.9409591,15.9409591,6.47937279e-16) t=0.002s faces: plane=2 torus=1 selfcheck=1 (0.003s)
offset-quarter   shell-o  done solids=1 valid=1 V=493.48022005446819 expected=493.48022005446791 (A (R+5) theta) rel=5.76e-16 box=(-1e-07,-1e-07,-2.0000001)-(27.0000001,27.0000001,2.0000001) centre=(15.9409591,15.9409591,6.47937279e-16) t=0.002s faces: plane=2 torus=1 selfcheck=1 (0.003s)
offset-quarter   shell-rh done solids=1 valid=1 V=493.48022005446819 expected=493.48022005446791 (A (R+5) theta) rel=5.76e-16 box=(-1e-07,-1e-07,-2.0000001)-(27.0000001,27.0000001,2.0000001) centre=(15.9409591,15.9409591,6.47937279e-16) t=0.002s faces: plane=2 torus=1 selfcheck=1 (0.003s)
reversed         pipe     done solids=1 valid=1 V=19999.999999999996 expected=20000 (A L) rel=1.82e-16 box=(-5,-10,-100)-(5,10,0) centre=(-1.36002321e-17,2.77555756e-18,-50) t=0.002s faces: plane=6 selfcheck=1 (0.003s)
reversed         pipe-cn  done solids=1 valid=1 V=19999.999999999996 expected=20000 (A L) rel=1.82e-16 box=(-5,-10,-100)-(5,10,0) centre=(-1.36002321e-17,2.77555756e-18,-50) t=0.002s faces: plane=6 selfcheck=1 (0.002s)
reversed         shell-t  done solids=1 valid=1 V=19999.999999999996 expected=20000 (A L) rel=1.82e-16 box=(-5,-10,-100)-(5,10,0) centre=(-2.72004641e-17,2.77555756e-18,-50) t=0.003s faces: plane=6 selfcheck=1 (0.003s)
reversed         shell-r  done solids=1 valid=1 V=19999.999999999996 expected=20000 (A L) rel=1.82e-16 box=(-5,-10,-100)-(5,10,0) centre=(-2.72004641e-17,2.77555756e-18,-50) t=0.003s faces: plane=6 selfcheck=1 (0.002s)
reversed         shell-o  done solids=1 valid=1 V=19999.999999999996 expected=20000 (A L) rel=1.82e-16 box=(-5,-10,-100)-(5,10,0) centre=(-2.72004641e-17,2.77555756e-18,-50) t=0.003s faces: plane=6 selfcheck=1 (0.002s)
reversed         shell-rh done solids=1 valid=1 V=19999.999999999996 expected=20000 (A L) rel=1.82e-16 box=(-5,-10,-100)-(5,10,0) centre=(-2.72004641e-17,2.77555756e-18,-50) t=0.002s faces: plane=6 selfcheck=1 (0.002s)
polyline         pipe     done solids=1 valid=1 V=628.31853071795854 expected=1256.6370614359173 (A L (mitred corner, centred profile)) rel=5.00e-01 box=(0,-2,-2)-(50,52,2) centre=(25,-5.7900231e-15,-1.08562933e-15) t=0.002s faces: cylinder=1 extrusion=1 plane=2 selfcheck=1 (0.036s)
polyline         pipe-cn  done solids=1 valid=1 V=628.31853071795854 expected=1256.6370614359173 (A L (mitred corner, centred profile)) rel=5.00e-01 box=(0,-2,-2)-(50,52,2) centre=(25,-5.7900231e-15,-1.08562933e-15) t=0.002s faces: cylinder=1 extrusion=1 plane=2 selfcheck=1 (0.046s)
polyline         shell-t  done solids=1 valid=1 V=628.31853071795842 expected=1256.6370614359173 (A L (mitred corner, centred profile)) rel=5.00e-01 box=(0,-2,-2)-(50,52,2) centre=(25,-6.51377599e-15,-1.07997501e-15) t=0.002s faces: cylinder=1 extrusion=1 plane=2 selfcheck=1 (0.038s)
polyline         shell-r  done solids=1 valid=1 V=1256.6370614362686 expected=1256.6370614359173 (A L (mitred corner, centred profile)) rel=2.80e-13 box=(0,-2,-2)-(52,50,2) centre=(37.515,12.485,1.60152944e-13) t=0.013s faces: cylinder=2 plane=2 selfcheck=1 (0.008s)
polyline         shell-o  done solids=1 valid=1 V=1254.3479751798268 expected=1256.6370614359173 (A L (mitred corner, centred profile)) rel=1.82e-03 box=(0,-2,-2)-(52,50,2) centre=(37.4897113,12.5102887,3.39606385e-13) t=0.008s faces: cylinder=2 plane=2 revolution=1 selfcheck=1 (0.017s)
polyline         shell-rh done solids=1 valid=1 V=1256.6370614362686 expected=1256.6370614359173 (A L (mitred corner, centred profile)) rel=2.80e-13 box=(0,-2,-2)-(52,50,2) centre=(37.515,12.485,1.60152944e-13) t=0.015s faces: cylinder=2 plane=2 selfcheck=1 (0.009s)
obtuse           pipe     done solids=1 valid=1 V=184.03023690212203 expected=1256.6370614359173 (A L (mitred corner)) rel=8.54e-01 box=(0,-2,-2)-(50,37.3553391,2) centre=(7.32233047,-42.6776695,-1.87259025e-15) t=0.003s faces: cylinder=1 extrusion=1 plane=2 selfcheck=0 (0.030s)
obtuse           pipe-cn  done solids=1 valid=1 V=184.03023690212203 expected=1256.6370614359173 (A L (mitred corner)) rel=8.54e-01 box=(0,-2,-2)-(50,37.3553391,2) centre=(7.32233047,-42.6776695,-1.87259025e-15) t=0.003s faces: cylinder=1 extrusion=1 plane=2 selfcheck=0 (0.025s)
obtuse           shell-t  done solids=1 valid=1 V=184.03023690212223 expected=1256.6370614359173 (A L (mitred corner)) rel=8.54e-01 box=(0,-2,-2)-(50,37.3553391,2) centre=(7.32233047,-42.6776695,-1.35135379e-15) t=0.002s faces: cylinder=1 extrusion=1 plane=2 selfcheck=0 (0.026s)
obtuse           shell-r  done solids=1 valid=1 V=1256.6370614353818 expected=1256.6370614359173 (A L (mitred corner)) rel=4.26e-13 box=(0,-2,-2)-(54.8284271,36.7695526,2) centre=(28.727985,8.8111571,1.9927518e-13) t=0.016s faces: cylinder=2 plane=2 selfcheck=1 (0.009s)
obtuse           shell-o  done solids=1 valid=1 V=1243.4518207194608 expected=1256.6370614359173 (A L (mitred corner)) rel=1.05e-02 box=(0,-2,-2)-(52,36.7695526,2) centre=(28.477284,8.91500088,4.40496423e-13) t=0.009s faces: cylinder=2 plane=2 revolution=1 selfcheck=1 (0.018s)
obtuse           shell-rh done solids=1 valid=1 V=1256.6370614353818 expected=1256.6370614359173 (A L (mitred corner)) rel=4.26e-13 box=(0,-2,-2)-(54.8284271,36.7695526,2) centre=(28.727985,8.8111571,1.9927518e-13) t=0.015s faces: cylinder=2 plane=2 selfcheck=1 (0.009s)
square           pipe     done solids=1 valid=1 V=-1.7053025658242404e-13 expected=2513.2741228718346 (A L (mitred corners)) rel=1.00e+00 box=(0,-2,-2)-(50,52,2) centre=(18.6666667,1.84224941e+17,3.04166667) t=0.005s faces: cylinder=3 extrusion=2 selfcheck=1 (0.094s)
square           pipe-cn  done solids=1 valid=1 V=-1.7053025658242404e-13 expected=2513.2741228718346 (A L (mitred corners)) rel=1.00e+00 box=(0,-2,-2)-(50,52,2) centre=(18.6666667,1.84224941e+17,3.04166667) t=0.004s faces: cylinder=3 extrusion=2 selfcheck=1 (0.092s)
square           shell-t  done solids=1 valid=1 V=-1.7053025658242404e-13 expected=2513.2741228718346 (A L (mitred corners)) rel=1.00e+00 box=(0,-2,-2)-(50,52,2) centre=(18.6666667,1.84224941e+17,3.04166667) t=0.002s faces: cylinder=3 extrusion=2 selfcheck=1 (0.092s)
square           shell-r  done solids=1 valid=1 V=2513.2741228776945 expected=2513.2741228718346 (A L (mitred corners)) rel=2.33e-12 box=(-2,-2,-2)-(52,52,2) centre=(25,25,6.20220973e-13) t=0.051s faces: cylinder=5 selfcheck=1 (0.037s)
square           shell-o  done solids=1 valid=1 V=2504.1177778568631 expected=2513.2741228718346 (A L (mitred corners)) rel=3.64e-03 box=(-2,-2,-2)-(52,52,2) centre=(25,25,1.07286339e-12) t=0.020s faces: cylinder=5 revolution=4 selfcheck=1 (0.062s)
square           shell-rh done solids=1 valid=1 V=2513.2741228776945 expected=2513.2741228718346 (A L (mitred corners)) rel=2.33e-12 box=(-2,-2,-2)-(52,52,2) centre=(25,25,6.20220973e-13) t=0.053s faces: cylinder=5 selfcheck=1 (0.027s)
square-vertex    pipe     done solids=1 valid=1 V=-2.7827063247139836e-13 expected=2513.2741228718346 (A L (mitred corners)) rel=1.00e+00 box=(0,-2,-2)-(50,52,2) centre=(22.4769178,1.12897025e+17,2.31726909) t=0.002s faces: cylinder=2 extrusion=2 selfcheck=1 (0.092s)
square-vertex    pipe-cn  done solids=1 valid=1 V=-2.7827063247139836e-13 expected=2513.2741228718346 (A L (mitred corners)) rel=1.00e+00 box=(0,-2,-2)-(50,52,2) centre=(22.4769178,1.12897025e+17,2.31726909) t=0.002s faces: cylinder=2 extrusion=2 selfcheck=1 (0.089s)
square-vertex    shell-t  done solids=1 valid=1 V=-2.7827063247139836e-13 expected=2513.2741228718346 (A L (mitred corners)) rel=1.00e+00 box=(0,-2,-2)-(50,52,2) centre=(22.4769178,1.12897025e+17,2.31726909) t=0.002s faces: cylinder=2 extrusion=2 selfcheck=1 (0.106s)
square-vertex    shell-r  done solids=1 valid=1 V=2513.2741228777886 expected=2513.2741228718346 (A L (mitred corners)) rel=2.37e-12 box=(-2,-2,-2)-(52,52,2) centre=(25,25,6.29801766e-13) t=0.050s faces: cylinder=4 selfcheck=1 (0.027s)
square-vertex    shell-o  done solids=1 valid=1 V=2504.1177778570895 expected=2513.2741228718346 (A L (mitred corners)) rel=3.64e-03 box=(-2,-2,-2)-(52,52,2) centre=(25,25,1.01390942e-12) t=0.021s faces: cylinder=4 revolution=4 selfcheck=1 (0.056s)
square-vertex    shell-rh done solids=1 valid=1 V=2513.2741228777886 expected=2513.2741228718346 (A L (mitred corners)) rel=2.37e-12 box=(-2,-2,-2)-(52,52,2) centre=(25,25,6.29801766e-13) t=0.049s faces: cylinder=4 selfcheck=1 (0.029s)
line-arc-line    pipe     done solids=1 valid=1 V=1651.4212374794915 expected=1651.4212374794915 (A L, L = 100 + 10 pi) rel=0.00e+00 box=(0,-2.0000001,-2.0000001)-(72.0000001,70,2.0000001) centre=(51.1490236,18.8509764,-4.90497942e-16) t=0.002s faces: cylinder=2 plane=2 torus=1 selfcheck=1 (0.018s)
line-arc-line    pipe-cn  done solids=1 valid=1 V=1651.4212374794915 expected=1651.4212374794915 (A L, L = 100 + 10 pi) rel=0.00e+00 box=(0,-2.0000001,-2.0000001)-(72.0000001,70,2.0000001) centre=(51.1490236,18.8509764,-4.90497942e-16) t=0.002s faces: cylinder=2 plane=2 torus=1 selfcheck=1 (0.020s)
line-arc-line    shell-t  done solids=1 valid=1 V=1651.4212374794915 expected=1651.4212374794915 (A L, L = 100 + 10 pi) rel=0.00e+00 box=(0,-2.0000001,-2.0000001)-(72.0000001,70,2.0000001) centre=(51.1490236,18.8509764,-4.3886658e-16) t=0.002s faces: cylinder=2 plane=2 torus=1 selfcheck=1 (0.019s)
line-arc-line    shell-r  done solids=1 valid=1 V=1651.4212374794915 expected=1651.4212374794915 (A L, L = 100 + 10 pi) rel=0.00e+00 box=(0,-2.0000001,-2.0000001)-(72.0000001,70,2.0000001) centre=(51.1490236,18.8509764,-4.3886658e-16) t=0.002s faces: cylinder=2 plane=2 torus=1 selfcheck=1 (0.020s)
line-arc-line    shell-o  done solids=1 valid=1 V=1651.4212374794915 expected=1651.4212374794915 (A L, L = 100 + 10 pi) rel=0.00e+00 box=(0,-2.0000001,-2.0000001)-(72.0000001,70,2.0000001) centre=(51.1490236,18.8509764,-4.3886658e-16) t=0.002s faces: cylinder=2 plane=2 torus=1 selfcheck=1 (0.018s)
line-arc-line    shell-rh done solids=1 valid=1 V=1651.4212374794915 expected=1651.4212374794915 (A L, L = 100 + 10 pi) rel=0.00e+00 box=(0,-2.0000001,-2.0000001)-(72.0000001,70,2.0000001) centre=(51.1490236,18.8509764,-4.3886658e-16) t=0.002s faces: cylinder=2 plane=2 torus=1 selfcheck=1 (0.019s)
u-apart          pipe     done solids=1 valid=1 V=1651.4212374794915 expected=1651.4212374794915 (A L) rel=0.00e+00 box=(0,-2.0000001,-2.0000001)-(62.0000001,22.0000001,2.0000001) centre=(32.513535,10,2.75367266e-16) t=0.002s faces: cylinder=2 plane=2 torus=1 selfcheck=1 (0.019s)
u-apart          pipe-cn  done solids=1 valid=1 V=1651.4212374794915 expected=1651.4212374794915 (A L) rel=0.00e+00 box=(0,-2.0000001,-2.0000001)-(62.0000001,22.0000001,2.0000001) centre=(32.513535,10,2.75367266e-16) t=0.002s faces: cylinder=2 plane=2 torus=1 selfcheck=1 (0.024s)
u-apart          shell-t  done solids=1 valid=1 V=1651.4212374794915 expected=1651.4212374794915 (A L) rel=0.00e+00 box=(0,-2.0000001,-2.0000001)-(62.0000001,22.0000001,2.0000001) centre=(32.513535,10,1.85012382e-16) t=0.002s faces: cylinder=2 plane=2 torus=1 selfcheck=1 (0.018s)
u-apart          shell-r  done solids=1 valid=1 V=1651.4212374794915 expected=1651.4212374794915 (A L) rel=0.00e+00 box=(0,-2.0000001,-2.0000001)-(62.0000001,22.0000001,2.0000001) centre=(32.513535,10,1.85012382e-16) t=0.002s faces: cylinder=2 plane=2 torus=1 selfcheck=1 (0.017s)
u-apart          shell-o  done solids=1 valid=1 V=1651.4212374794915 expected=1651.4212374794915 (A L) rel=0.00e+00 box=(0,-2.0000001,-2.0000001)-(62.0000001,22.0000001,2.0000001) centre=(32.513535,10,1.85012382e-16) t=0.003s faces: cylinder=2 plane=2 torus=1 selfcheck=1 (0.018s)
u-apart          shell-rh done solids=1 valid=1 V=1651.4212374794915 expected=1651.4212374794915 (A L) rel=0.00e+00 box=(0,-2.0000001,-2.0000001)-(62.0000001,22.0000001,2.0000001) centre=(32.513535,10,1.85012382e-16) t=0.003s faces: cylinder=2 plane=2 torus=1 selfcheck=1 (0.019s)
u-close          pipe     done solids=1 valid=1 V=328.96367196061328 box=(0,-1.0000001,-1.0000001)-(52.5000001,4.0000001,1.0000001) centre=(26.172829,1.5,-3.2399143e-17) t=0.002s faces: cylinder=2 plane=2 torus=1 selfcheck=1 (0.019s)
u-close          pipe-cn  done solids=1 valid=1 V=328.96367196061328 box=(0,-1.0000001,-1.0000001)-(52.5000001,4.0000001,1.0000001) centre=(26.172829,1.5,-3.2399143e-17) t=0.002s faces: cylinder=2 plane=2 torus=1 selfcheck=1 (0.018s)
u-close          shell-t  done solids=1 valid=1 V=328.96367196061328 box=(0,-1.0000001,-1.0000001)-(52.5000001,4.0000001,1.0000001) centre=(26.172829,1.5,-7.28980717e-17) t=0.002s faces: cylinder=2 plane=2 torus=1 selfcheck=1 (0.019s)
u-close          shell-r  done solids=1 valid=1 V=328.96367196061328 box=(0,-1.0000001,-1.0000001)-(52.5000001,4.0000001,1.0000001) centre=(26.172829,1.5,-7.28980717e-17) t=0.002s faces: cylinder=2 plane=2 torus=1 selfcheck=1 (0.016s)
u-close          shell-o  done solids=1 valid=1 V=328.96367196061328 box=(0,-1.0000001,-1.0000001)-(52.5000001,4.0000001,1.0000001) centre=(26.172829,1.5,-7.28980717e-17) t=0.002s faces: cylinder=2 plane=2 torus=1 selfcheck=1 (0.017s)
u-close          shell-rh done solids=1 valid=1 V=328.96367196061328 box=(0,-1.0000001,-1.0000001)-(52.5000001,4.0000001,1.0000001) centre=(26.172829,1.5,-7.28980717e-17) t=0.002s faces: cylinder=2 plane=2 torus=1 selfcheck=1 (0.019s)
self-intersect   pipe     done solids=1 valid=1 V=61685.02750680851 box=(-5.0000001,-5.0000001,-25.0000001)-(45.0000001,45.0000001,25.0000001) centre=(17.7059874,17.7059874,4.24632175e-15) t=0.002s faces: plane=2 torus=1 selfcheck=0 (0.014s)
self-intersect   pipe-cn  done solids=1 valid=1 V=61685.02750680851 box=(-5.0000001,-5.0000001,-25.0000001)-(45.0000001,45.0000001,25.0000001) centre=(17.7059874,17.7059874,4.24632175e-15) t=0.003s faces: plane=2 torus=1 selfcheck=0 (0.016s)
self-intersect   shell-t  done solids=1 valid=1 V=61685.02750680851 box=(-5.0000001,-5.0000001,-25.0000001)-(45.0000001,45.0000001,25.0000001) centre=(17.7059874,17.7059874,4.71813528e-15) t=0.002s faces: plane=2 torus=1 selfcheck=0 (0.016s)
self-intersect   shell-r  done solids=1 valid=1 V=61685.02750680851 box=(-5.0000001,-5.0000001,-25.0000001)-(45.0000001,45.0000001,25.0000001) centre=(17.7059874,17.7059874,4.71813528e-15) t=0.002s faces: plane=2 torus=1 selfcheck=0 (0.018s)
self-intersect   shell-o  done solids=1 valid=1 V=61685.02750680851 box=(-5.0000001,-5.0000001,-25.0000001)-(45.0000001,45.0000001,25.0000001) centre=(17.7059874,17.7059874,4.71813528e-15) t=0.002s faces: plane=2 torus=1 selfcheck=0 (0.015s)
self-intersect   shell-rh done solids=1 valid=1 V=61685.02750680851 box=(-5.0000001,-5.0000001,-25.0000001)-(45.0000001,45.0000001,25.0000001) centre=(17.7059874,17.7059874,4.71813528e-15) t=0.002s faces: plane=2 torus=1 selfcheck=0 (0.015s)
tight-corner     pipe     done solids=1 valid=1 V=1570.7963267948965 box=(0,-10,-10)-(5,15,10) centre=(2.5,1.44750578e-16,-1.628444e-15) t=0.002s faces: cylinder=1 extrusion=1 plane=2 selfcheck=0 (0.050s)
tight-corner     pipe-cn  done solids=1 valid=1 V=1570.7963267948965 box=(0,-10,-10)-(5,15,10) centre=(2.5,1.44750578e-16,-1.628444e-15) t=0.003s faces: cylinder=1 extrusion=1 plane=2 selfcheck=0 (0.048s)
tight-corner     shell-t  done solids=1 valid=1 V=1570.7963267948965 box=(0,-10,-10)-(5,15,10) centre=(2.5,7.23752888e-17,-1.59225635e-15) t=0.002s faces: cylinder=1 extrusion=1 plane=2 selfcheck=0 (0.052s)
tight-corner     shell-r  done solids=1 valid=0 V=2880.4842745803485 box=(-5,-10,-10)-(15,10,10) centre=(3.6649433,1.3350567,-0.226618328) t=0.017s faces: cylinder=2 plane=2 selfcheck=0 (0.009s)
tight-corner     shell-o  done solids=1 valid=0 V=2827.4333882308133 box=(-5,-10,-10)-(15,10,10) centre=(3.65277778,1.34722222,-0.277777778) t=0.008s faces: cylinder=2 plane=2 selfcheck=0 (0.007s)
tight-corner     shell-rh done solids=1 valid=0 V=2880.4842745803485 box=(-5,-10,-10)-(15,10,10) centre=(3.6649433,1.3350567,-0.226618328) t=0.017s faces: cylinder=2 plane=2 selfcheck=0 (0.011s)
crossing         pipe     done solids=1 valid=1 V=1723.1496193576872 box=(0,-30,-2.0000001)-(62.0000001,22.0000001,2.0000001) centre=(38.703646,1.25608235,2.55657716e-16) t=0.002s faces: cylinder=2 plane=2 torus=1 selfcheck=0 (0.024s)
crossing         pipe-cn  done solids=1 valid=1 V=1723.1496193576872 box=(0,-30,-2.0000001)-(62.0000001,22.0000001,2.0000001) centre=(38.703646,1.25608235,2.55657716e-16) t=0.002s faces: cylinder=2 plane=2 torus=1 selfcheck=0 (0.023s)
crossing         shell-t  done solids=1 valid=1 V=1723.1496193576875 box=(0,-30,-2.0000001)-(62.0000001,22.0000001,2.0000001) centre=(38.703646,1.25608235,2.72151762e-16) t=0.002s faces: cylinder=2 plane=2 torus=1 selfcheck=0 (0.022s)
crossing         shell-r  done solids=1 valid=1 V=1723.1496193576875 box=(0,-30,-2.0000001)-(62.0000001,22.0000001,2.0000001) centre=(38.703646,1.25608235,2.72151762e-16) t=0.003s faces: cylinder=2 plane=2 torus=1 selfcheck=0 (0.026s)
crossing         shell-o  done solids=1 valid=1 V=1723.1496193576875 box=(0,-30,-2.0000001)-(62.0000001,22.0000001,2.0000001) centre=(38.703646,1.25608235,2.72151762e-16) t=0.003s faces: cylinder=2 plane=2 torus=1 selfcheck=0 (0.025s)
crossing         shell-rh done solids=1 valid=1 V=1723.1496193576875 box=(0,-30,-2.0000001)-(62.0000001,22.0000001,2.0000001) centre=(38.703646,1.25608235,2.72151762e-16) t=0.002s faces: cylinder=2 plane=2 torus=1 selfcheck=0 (0.025s)
line-arc-corner  pipe     done solids=1 valid=1 V=628.31853071795842 box=(0,-2,-2)-(72,20.0997512,2) centre=(25.02,0.02,-2.26172777e-16) t=0.004s faces: cylinder=1 plane=2 revolution=1 selfcheck=1 (0.055s)
line-arc-corner  pipe-cn  done solids=1 valid=1 V=628.31853071795842 box=(0,-2,-2)-(72,20.0997512,2) centre=(25.02,0.02,-2.26172777e-16) t=0.003s faces: cylinder=1 plane=2 revolution=1 selfcheck=1 (0.063s)
line-arc-corner  shell-t  done solids=1 valid=1 V=628.31853071795842 box=(0,-2,-2)-(72,20.0997512,2) centre=(25.02,0.02,-2.43135736e-16) t=0.003s faces: cylinder=1 plane=2 revolution=1 selfcheck=1 (0.057s)
line-arc-corner  shell-r  done solids=1 valid=0 V=1163.0691545215459 box=(0,-11.0064678,-2.0000001)-(70.0000001,22.0000001,2.0000001) centre=(39.275111,4.00676256,-0.0587300074) t=0.112s faces: bspline=1 cylinder=1 plane=2 selfcheck=0 (0.140s)
line-arc-corner  shell-o  done solids=1 valid=1 V=1020.9578447261957 box=(-1e-07,-2.0000001,-2.0000001)-(70.0000001,22.0000001,2.0000001) centre=(37.4275476,4.9204796,3.75512429e-10) t=0.021s faces: cylinder=1 plane=2 revolution=1 torus=1 selfcheck=1 (0.029s)
line-arc-corner  shell-rh done solids=1 valid=0 V=1163.0691545215459 box=(0,-11.0064678,-2.0000001)-(70.0000001,22.0000001,2.0000001) centre=(39.275111,4.00676256,-0.0587300074) t=0.119s faces: bspline=1 cylinder=1 plane=2 selfcheck=0 (0.151s)
hairpin          pipe     done solids=1 valid=1 V=1.1368683772161603e-13 box=(0,-2,-2)-(50,2,2) centre=(32,0.217513682,1.375) t=0.002s faces: cylinder=2 selfcheck=0 (0.002s)
hairpin          pipe-cn  done solids=1 valid=1 V=1.1368683772161603e-13 box=(0,-2,-2)-(50,2,2) centre=(32,0.217513682,1.375) t=0.002s faces: cylinder=2 selfcheck=0 (0.002s)
hairpin          shell-t  done solids=1 valid=1 V=0 box=(0,-2,-2)-(50,2,2) centre=(0,0,0) t=0.002s faces: cylinder=2 selfcheck=0 (0.002s)
hairpin          shell-r  Standard_Failure:  
   -> exit 1
hairpin          shell-o  Standard_Failure:  
   -> exit 1
hairpin          shell-rh Standard_Failure:  
   -> exit 1
