[1/389] Building CXX object _deps/catch2-build/src/CMakeFiles/Catch2.dir/catch2/generators/catch_generator_exception.cpp.obj
[2/389] Checking git revision
[3/389] Building CXX object _deps/catch2-build/src/CMakeFiles/Catch2.dir/catch2/generators/catch_generators_throw.cpp.obj
[4/389] Building CXX object _deps/catch2-build/src/CMakeFiles/Catch2.dir/catch2/benchmark/detail/catch_run_for_at_least.cpp.obj
[5/389] Building CXX object _deps/catch2-build/src/CMakeFiles/Catch2.dir/catch2/benchmark/catch_chronometer.cpp.obj
[6/389] Building CXX object _deps/catch2-build/src/CMakeFiles/Catch2.dir/catch2/generators/catch_generators.cpp.obj
[7/389] Building CXX object _deps/catch2-build/src/CMakeFiles/Catch2.dir/catch2/reporters/catch_reporter_common_base.cpp.obj
[8/389] Building CXX object _deps/catch2-build/src/CMakeFiles/Catch2.dir/catch2/benchmark/catch_benchmark.cpp.obj
[9/389] Building CXX object _deps/catch2-build/src/CMakeFiles/Catch2.dir/catch2/benchmark/detail/catch_analyse.cpp.obj
[10/389] Building CXX object _deps/catch2-build/src/CMakeFiles/Catch2.dir/catch2/reporters/catch_reporter_event_listener.cpp.obj
[11/389] Building CXX object _deps/catch2-build/src/CMakeFiles/Catch2.dir/catch2/benchmark/detail/catch_benchmark_function.cpp.obj
[12/389] Building CXX object src/core/CMakeFiles/bettercad_core.dir/Error.cpp.obj
[13/389] Building CXX object _deps/catch2-build/src/CMakeFiles/Catch2.dir/catch2/benchmark/detail/catch_stats.cpp.obj
[14/389] Building CXX object _deps/catch2-build/src/CMakeFiles/Catch2.dir/catch2/generators/catch_generators_random.cpp.obj
[15/389] Building CXX object _deps/catch2-build/src/CMakeFiles/Catch2.dir/catch2/reporters/catch_reporter_automake.cpp.obj
[16/389] Building CXX object _deps/catch2-build/src/CMakeFiles/Catch2.dir/catch2/reporters/catch_reporter_helpers.cpp.obj
[17/389] Building CXX object _deps/catch2-build/src/CMakeFiles/Catch2.dir/catch2/reporters/catch_reporter_console.cpp.obj
[18/389] Building CXX object _deps/catch2-build/src/CMakeFiles/Catch2.dir/catch2/reporters/catch_reporter_json.cpp.obj
[19/389] Building CXX object _deps/catch2-build/src/CMakeFiles/Catch2.dir/catch2/reporters/catch_reporter_compact.cpp.obj
[20/389] Building CXX object src/core/CMakeFiles/bettercad_core.dir/BuildInfo.cpp.obj
[21/389] Building CXX object _deps/catch2-build/src/CMakeFiles/Catch2.dir/catch2/reporters/catch_reporter_cumulative_base.cpp.obj
[22/389] Building CXX object src/core/CMakeFiles/bettercad_core.dir/math/Direction.cpp.obj
[23/389] Building CXX object src/core/CMakeFiles/bettercad_core.dir/Uuid.cpp.obj
[24/389] Building CXX object src/core/CMakeFiles/bettercad_core.dir/standards/ClearanceHoles.cpp.obj
[25/389] Building CXX object src/core/CMakeFiles/bettercad_core.dir/Naming.cpp.obj
[26/389] Building CXX object src/core/CMakeFiles/bettercad_core.dir/math/Frame.cpp.obj
[27/389] Building CXX object src/core/CMakeFiles/bettercad_core.dir/__/__/generated/src/core/GitRevision.cpp.obj
[28/389] Building CXX object src/core/CMakeFiles/bettercad_core.dir/document/DocumentObject.cpp.obj
[29/389] Building CXX object src/core/CMakeFiles/bettercad_core.dir/units/UnitCatalog.cpp.obj
[30/389] Building CXX object src/core/CMakeFiles/bettercad_core.dir/units/Format.cpp.obj
[31/389] Building CXX object src/core/CMakeFiles/bettercad_core.dir/document/CommandHistory.cpp.obj
[32/389] Building CXX object src/core/CMakeFiles/bettercad_core.dir/document/References.cpp.obj
[33/389] Building CXX object src/core/CMakeFiles/bettercad_core.dir/math/BSpline.cpp.obj
[34/389] Building CXX object src/core/CMakeFiles/bettercad_core.dir/document/DependencyGraph.cpp.obj
[35/389] Building CXX object src/core/CMakeFiles/bettercad_core.dir/parameters/Parameter.cpp.obj
[36/389] Building CXX object src/core/CMakeFiles/bettercad_core.dir/document/Commands.cpp.obj
[37/389] Building CXX object src/core/CMakeFiles/bettercad_core.dir/standards/HoleTolerances.cpp.obj
[38/389] Building CXX object src/core/CMakeFiles/bettercad_core.dir/parameters/Expression.cpp.obj
[39/389] Building CXX object src/core/CMakeFiles/bettercad_core.dir/parameters/ParameterTable.cpp.obj
[40/389] Building CXX object src/core/CMakeFiles/bettercad_core.dir/standards/MetricThreads.cpp.obj
[41/389] Building CXX object src/core/geometry/CMakeFiles/bettercad_geometry.dir/Blends.cpp.obj
[42/389] Building CXX object src/core/geometry/CMakeFiles/bettercad_geometry.dir/RadiusLaw.cpp.obj
[43/389] Building CXX object src/core/CMakeFiles/bettercad_core.dir/document/Document.cpp.obj
[44/389] Building CXX object src/core/CMakeFiles/bettercad_core.dir/document/ParameterExpressions.cpp.obj
[45/389] Building CXX object src/core/geometry/CMakeFiles/bettercad_geometry.dir/Draft.cpp.obj
[46/389] Building CXX object src/core/geometry/CMakeFiles/bettercad_geometry.dir/Edges.cpp.obj
[47/389] Building CXX object src/core/geometry/CMakeFiles/bettercad_geometry.dir/Holes.cpp.obj
[48/389] Building CXX object src/core/geometry/CMakeFiles/bettercad_geometry.dir/Profile.cpp.obj
[49/389] Building CXX object src/core/geometry/CMakeFiles/bettercad_geometry.dir/Faces.cpp.obj
[50/389] Linking CXX static library lib\libbettercad_core.a
[51/389] Building CXX object src/core/geometry/CMakeFiles/bettercad_geometry.dir/Shell.cpp.obj
[52/389] Building CXX object src/core/geometry/CMakeFiles/bettercad_geometry.dir/LoftPlan.cpp.obj
[53/389] Building CXX object src/core/geometry/CMakeFiles/bettercad_geometry.dir/SweepPlan.cpp.obj
[54/389] Building CXX object src/core/geometry/CMakeFiles/bettercad_geometry.dir/LoftMatching.cpp.obj
[55/389] Building CXX object src/core/geometry/CMakeFiles/bettercad_geometry.dir/SweptPathPlan.cpp.obj
[56/389] Building CXX object src/core/geometry/CMakeFiles/bettercad_geometry.dir/Rib.cpp.obj
[57/389] Building CXX object src/core/geometry/CMakeFiles/bettercad_geometry.dir/VariableFillet.cpp.obj
[58/389] Building CXX object src/core/geometry/CMakeFiles/bettercad_geometry.dir/Split.cpp.obj
[59/389] Building CXX object src/core/geometry/CMakeFiles/bettercad_geometry.dir/occt/OcctFaceNames.cpp.obj
[60/389] Building CXX object src/core/geometry/CMakeFiles/bettercad_geometry.dir/occt/OcctBooleans.cpp.obj
[61/389] Building CXX object src/core/geometry/CMakeFiles/bettercad_geometry.dir/occt/OcctKernel.cpp.obj
[62/389] Building CXX object src/core/geometry/CMakeFiles/bettercad_geometry.dir/occt/OcctChamfer.cpp.obj
[63/389] Building CXX object src/core/geometry/CMakeFiles/bettercad_geometry.dir/occt/OcctBlend.cpp.obj
[64/389] Building CXX object src/core/geometry/CMakeFiles/bettercad_geometry.dir/occt/OcctDraft.cpp.obj
[65/389] Building CXX object src/core/geometry/CMakeFiles/bettercad_geometry.dir/occt/OcctBody.cpp.obj
[66/389] Building CXX object src/core/geometry/CMakeFiles/bettercad_geometry.dir/occt/OcctFillet.cpp.obj
[67/389] Building CXX object src/core/geometry/CMakeFiles/bettercad_geometry.dir/occt/OcctFaces.cpp.obj
[68/389] Building CXX object src/core/geometry/CMakeFiles/bettercad_geometry.dir/occt/OcctPrimitives.cpp.obj
[69/389] Building CXX object src/core/geometry/CMakeFiles/bettercad_geometry.dir/occt/OcctHole.cpp.obj
[70/389] Building CXX object src/core/geometry/CMakeFiles/bettercad_geometry.dir/occt/OcctMesh.cpp.obj
[71/389] Building CXX object src/core/geometry/CMakeFiles/bettercad_geometry.dir/occt/OcctShell.cpp.obj
[72/389] Building CXX object src/sketch/CMakeFiles/bettercad_sketch.dir/entities/Entities.cpp.obj
[73/389] Building CXX object src/core/geometry/CMakeFiles/bettercad_geometry.dir/occt/OcctEdges.cpp.obj
[74/389] Building CXX object src/core/geometry/CMakeFiles/bettercad_geometry.dir/occt/OcctTransform.cpp.obj
[75/389] Building CXX object src/core/geometry/CMakeFiles/bettercad_geometry.dir/occt/OcctStep.cpp.obj
[76/389] Building CXX object src/core/geometry/CMakeFiles/bettercad_geometry.dir/occt/OcctSplit.cpp.obj
[77/389] Building CXX object src/sketch/CMakeFiles/bettercad_sketch.dir/SketchRegeneration.cpp.obj
[78/389] Building CXX object src/sketch/CMakeFiles/bettercad_sketch.dir/SketchCommands.cpp.obj
[79/389] Building CXX object src/features/CMakeFiles/bettercad_features.dir/Feature.cpp.obj
[80/389] Building CXX object src/core/geometry/CMakeFiles/bettercad_geometry.dir/occt/OcctVariableFillet.cpp.obj
[81/389] Building CXX object src/features/CMakeFiles/bettercad_features.dir/chamfer/ChamferFeature.cpp.obj
[82/389] Building CXX object src/sketch/CMakeFiles/bettercad_sketch.dir/constraints/SketchConstraints.cpp.obj
[83/389] Building CXX object src/features/CMakeFiles/bettercad_features.dir/ResultBodies.cpp.obj
[84/389] Building CXX object src/core/geometry/CMakeFiles/bettercad_geometry.dir/occt/OcctSweeps.cpp.obj
[85/389] Building CXX object src/features/CMakeFiles/bettercad_features.dir/boolean/BooleanRegeneration.cpp.obj
[86/389] Building CXX object src/features/CMakeFiles/bettercad_features.dir/boolean/SplitFeature.cpp.obj
[87/389] Building CXX object src/sketch/CMakeFiles/bettercad_sketch.dir/Sketch.cpp.obj
[88/389] Building CXX object src/features/CMakeFiles/bettercad_features.dir/boolean/CombineFeature.cpp.obj
[89/389] Building CXX object src/features/CMakeFiles/bettercad_features.dir/SolidSupport.cpp.obj
[90/389] Building CXX object src/features/CMakeFiles/bettercad_features.dir/datum/DatumResolution.cpp.obj
[91/389] Building CXX object src/features/CMakeFiles/bettercad_features.dir/chamfer/ChamferRegeneration.cpp.obj
[92/389] Building CXX object src/sketch/CMakeFiles/bettercad_sketch.dir/solver/SolverSystem.cpp.obj
[93/389] Linking CXX static library lib\libbettercad_geometry.a
[94/389] Building CXX object src/features/CMakeFiles/bettercad_features.dir/datum/Datums.cpp.obj
[95/389] Building CXX object src/features/CMakeFiles/bettercad_features.dir/draft/DraftFeature.cpp.obj
[96/389] Building CXX object src/features/CMakeFiles/bettercad_features.dir/Regenerator.cpp.obj
[97/389] Building CXX object src/features/CMakeFiles/bettercad_features.dir/extrude/ExtrudeFeature.cpp.obj
[98/389] Building CXX object src/features/CMakeFiles/bettercad_features.dir/fillet/FilletFeature.cpp.obj
[99/389] Building CXX object src/features/CMakeFiles/bettercad_features.dir/Validation.cpp.obj
[100/389] Building CXX object src/features/CMakeFiles/bettercad_features.dir/draft/DraftRegeneration.cpp.obj
[101/389] Building CXX object src/features/CMakeFiles/bettercad_features.dir/reference/FaceReferences.cpp.obj
[102/389] Building CXX object src/features/CMakeFiles/bettercad_features.dir/extrude/ExtrudeRegeneration.cpp.obj
[103/389] Building CXX object src/features/CMakeFiles/bettercad_features.dir/fillet/FilletRegeneration.cpp.obj
[104/389] Building CXX object src/features/CMakeFiles/bettercad_features.dir/hole/HoleFeature.cpp.obj
[105/389] Building CXX object src/features/CMakeFiles/bettercad_features.dir/fillet/VariableFilletRegeneration.cpp.obj
[106/389] Building CXX object src/features/CMakeFiles/bettercad_features.dir/fillet/VariableFilletFeature.cpp.obj
[107/389] Building CXX object src/features/CMakeFiles/bettercad_features.dir/loft/LoftFeature.cpp.obj
[108/389] Building CXX object src/features/CMakeFiles/bettercad_features.dir/hole/HoleRegeneration.cpp.obj
[109/389] Building CXX object src/features/CMakeFiles/bettercad_features.dir/loft/LoftRegeneration.cpp.obj
[110/389] Building CXX object src/features/CMakeFiles/bettercad_features.dir/pattern/LinearPatternFeature.cpp.obj
[111/389] Building CXX object src/features/CMakeFiles/bettercad_features.dir/pattern/CircularPatternFeature.cpp.obj
[112/389] Building CXX object src/features/CMakeFiles/bettercad_features.dir/pattern/CircularPatternRegeneration.cpp.obj
[113/389] Building CXX object src/features/CMakeFiles/bettercad_features.dir/pattern/LinearPatternRegeneration.cpp.obj
[114/389] Building CXX object src/features/CMakeFiles/bettercad_features.dir/pattern/MirrorFeature.cpp.obj
[115/389] Building CXX object src/features/CMakeFiles/bettercad_features.dir/pattern/MirrorRegeneration.cpp.obj
[116/389] Building CXX object _deps/catch2-build/src/CMakeFiles/Catch2.dir/catch2/reporters/catch_reporter_registrars.cpp.obj
[117/389] Building CXX object src/features/CMakeFiles/bettercad_features.dir/rib/RibFeature.cpp.obj
[118/389] Building CXX object src/features/CMakeFiles/bettercad_features.dir/revolve/RevolveFeature.cpp.obj
[119/389] Building CXX object src/features/CMakeFiles/bettercad_features.dir/shell/ShellFeature.cpp.obj
[120/389] Building CXX object _deps/catch2-build/src/CMakeFiles/Catch2.dir/catch2/reporters/catch_reporter_junit.cpp.obj
[121/389] Building CXX object _deps/catch2-build/src/CMakeFiles/Catch2.dir/catch2/interfaces/catch_interfaces_exception.cpp.obj
[122/389] Building CXX object _deps/catch2-build/src/CMakeFiles/Catch2.dir/catch2/reporters/catch_reporter_multi.cpp.obj
[123/389] Building CXX object src/features/CMakeFiles/bettercad_features.dir/revolve/RevolveRegeneration.cpp.obj
[124/389] Building CXX object src/features/CMakeFiles/bettercad_features.dir/sweep/SweepFeature.cpp.obj
[125/389] Building CXX object src/features/CMakeFiles/bettercad_features.dir/profile/Profiles.cpp.obj
[126/389] Building CXX object _deps/catch2-build/src/CMakeFiles/Catch2.dir/catch2/reporters/catch_reporter_sonarqube.cpp.obj
[127/389] Building CXX object _deps/catch2-build/src/CMakeFiles/Catch2.dir/catch2/reporters/catch_reporter_streaming_base.cpp.obj
[128/389] Building CXX object src/features/CMakeFiles/bettercad_features.dir/pattern/PatternSupport.cpp.obj
[129/389] Building CXX object _deps/catch2-build/src/CMakeFiles/Catch2.dir/catch2/interfaces/catch_interfaces_capture.cpp.obj
[130/389] Building CXX object _deps/catch2-build/src/CMakeFiles/Catch2.dir/catch2/interfaces/catch_interfaces_registry_hub.cpp.obj
[131/389] Building CXX object _deps/catch2-build/src/CMakeFiles/Catch2.dir/catch2/reporters/catch_reporter_tap.cpp.obj
[132/389] Building CXX object _deps/catch2-build/src/CMakeFiles/Catch2.dir/catch2/reporters/catch_reporter_teamcity.cpp.obj
[133/389] Building CXX object src/features/CMakeFiles/bettercad_features.dir/shell/ShellRegeneration.cpp.obj
[134/389] Building CXX object _deps/catch2-build/src/CMakeFiles/Catch2.dir/catch2/interfaces/catch_interfaces_testcase.cpp.obj
[135/389] Building CXX object _deps/catch2-build/src/CMakeFiles/Catch2.dir/catch2/interfaces/catch_interfaces_reporter_factory.cpp.obj
[136/389] Building CXX object _deps/catch2-build/src/CMakeFiles/Catch2.dir/catch2/interfaces/catch_interfaces_config.cpp.obj
[137/389] Building CXX object _deps/catch2-build/src/CMakeFiles/Catch2.dir/catch2/reporters/catch_reporter_xml.cpp.obj
[138/389] Building CXX object _deps/catch2-build/src/CMakeFiles/Catch2.dir/catch2/catch_totals.cpp.obj
[139/389] Building CXX object src/features/CMakeFiles/bettercad_features.dir/rib/RibRegeneration.cpp.obj
[140/389] Building CXX object _deps/catch2-build/src/CMakeFiles/Catch2.dir/catch2/catch_tag_alias_autoregistrar.cpp.obj
[141/389] Building CXX object _deps/catch2-build/src/CMakeFiles/Catch2.dir/catch2/interfaces/catch_interfaces_generatortracker.cpp.obj
[142/389] Building CXX object _deps/catch2-build/src/CMakeFiles/Catch2.dir/catch2/catch_assertion_result.cpp.obj
[143/389] Building CXX object _deps/catch2-build/src/CMakeFiles/Catch2.dir/catch2/catch_translate_exception.cpp.obj
[144/389] Building CXX object _deps/catch2-build/src/CMakeFiles/Catch2.dir/catch2/catch_approx.cpp.obj
[145/389] Building CXX object _deps/catch2-build/src/CMakeFiles/Catch2.dir/catch2/interfaces/catch_interfaces_reporter.cpp.obj
[146/389] Building CXX object _deps/catch2-build/src/CMakeFiles/Catch2.dir/catch2/catch_get_random_seed.cpp.obj
[147/389] Building CXX object _deps/catch2-build/src/CMakeFiles/Catch2.dir/catch2/catch_test_case_info.cpp.obj
[148/389] Building CXX object _deps/catch2-build/src/CMakeFiles/Catch2.dir/catch2/internal/catch_context.cpp.obj
[149/389] Building CXX object _deps/catch2-build/src/CMakeFiles/Catch2.dir/catch2/catch_timer.cpp.obj
[150/389] Building CXX object _deps/catch2-build/src/CMakeFiles/Catch2.dir/catch2/internal/catch_case_insensitive_comparisons.cpp.obj
[151/389] Building CXX object _deps/catch2-build/src/CMakeFiles/Catch2.dir/catch2/catch_registry_hub.cpp.obj
[152/389] Building CXX object _deps/catch2-build/src/CMakeFiles/Catch2.dir/catch2/internal/catch_debugger.cpp.obj
[153/389] Building CXX object _deps/catch2-build/src/CMakeFiles/Catch2.dir/catch2/internal/catch_errno_guard.cpp.obj
[154/389] Building CXX object _deps/catch2-build/src/CMakeFiles/Catch2.dir/catch2/catch_message.cpp.obj
[155/389] Building CXX object src/features/CMakeFiles/bettercad_features.dir/sweep/SweepRegeneration.cpp.obj
[156/389] Building CXX object _deps/catch2-build/src/CMakeFiles/Catch2.dir/catch2/catch_test_spec.cpp.obj
[157/389] Building CXX object _deps/catch2-build/src/CMakeFiles/Catch2.dir/catch2/catch_tostring.cpp.obj
[158/389] Building CXX object _deps/catch2-build/src/CMakeFiles/Catch2.dir/catch2/catch_config.cpp.obj
[159/389] Building CXX object _deps/catch2-build/src/CMakeFiles/Catch2.dir/catch2/internal/catch_getenv.cpp.obj
[160/389] Building CXX object _deps/catch2-build/src/CMakeFiles/Catch2.dir/catch2/catch_version.cpp.obj
[161/389] Building CXX object _deps/catch2-build/src/CMakeFiles/Catch2.dir/catch2/internal/catch_enum_info.cpp.obj
[162/389] Building CXX object _deps/catch2-build/src/CMakeFiles/Catch2.dir/catch2/internal/catch_assertion_handler.cpp.obj
[163/389] Building CXX object _deps/catch2-build/src/CMakeFiles/Catch2.dir/catch2/internal/catch_floating_point_helpers.cpp.obj
[164/389] Building CXX object _deps/catch2-build/src/CMakeFiles/Catch2.dir/catch2/internal/catch_enforce.cpp.obj
[165/389] Building CXX object _deps/catch2-build/src/CMakeFiles/Catch2.dir/catch2/internal/catch_decomposer.cpp.obj
[166/389] Building CXX object _deps/catch2-build/src/CMakeFiles/Catch2.dir/catch2/internal/catch_leak_detector.cpp.obj
[167/389] Building CXX object _deps/catch2-build/src/CMakeFiles/Catch2.dir/catch2/internal/catch_debug_console.cpp.obj
[168/389] Building CXX object _deps/catch2-build/src/CMakeFiles/Catch2.dir/catch2/internal/catch_random_number_generator.cpp.obj
[169/389] Building CXX object _deps/catch2-build/src/CMakeFiles/Catch2.dir/catch2/internal/catch_message_info.cpp.obj
[170/389] Building CXX object _deps/catch2-build/src/CMakeFiles/Catch2.dir/catch2/internal/catch_jsonwriter.cpp.obj
[171/389] Building CXX object _deps/catch2-build/src/CMakeFiles/Catch2.dir/catch2/internal/catch_parse_numbers.cpp.obj
[172/389] Building CXX object _deps/catch2-build/src/CMakeFiles/Catch2.dir/catch2/internal/catch_exception_translator_registry.cpp.obj
[173/389] Building CXX object _deps/catch2-build/src/CMakeFiles/Catch2.dir/catch2/internal/catch_polyfills.cpp.obj
[174/389] Building CXX object _deps/catch2-build/src/CMakeFiles/Catch2.dir/catch2/catch_session.cpp.obj
[175/389] Building CXX object _deps/catch2-build/src/CMakeFiles/Catch2.dir/catch2/internal/catch_istream.cpp.obj
[176/389] Building CXX object _deps/catch2-build/src/CMakeFiles/Catch2.dir/catch2/internal/catch_console_colour.cpp.obj
[177/389] Building CXX object _deps/catch2-build/src/CMakeFiles/Catch2.dir/catch2/internal/catch_lazy_expr.cpp.obj
[178/389] Building CXX object _deps/catch2-build/src/CMakeFiles/Catch2.dir/catch2/internal/catch_clara.cpp.obj
[179/389] Building CXX object _deps/catch2-build/src/CMakeFiles/Catch2.dir/catch2/internal/catch_output_redirect.cpp.obj
[180/389] Building CXX object _deps/catch2-build/src/CMakeFiles/Catch2.dir/catch2/internal/catch_section.cpp.obj
[181/389] Building CXX object _deps/catch2-build/src/CMakeFiles/Catch2.dir/catch2/internal/catch_singletons.cpp.obj
[182/389] Building CXX object _deps/catch2-build/src/CMakeFiles/Catch2.dir/catch2/internal/catch_startup_exception_registry.cpp.obj
[183/389] Building CXX object _deps/catch2-build/src/CMakeFiles/Catch2.dir/catch2/internal/catch_fatal_condition_handler.cpp.obj
[184/389] Building CXX object _deps/catch2-build/src/CMakeFiles/Catch2.dir/catch2/internal/catch_list.cpp.obj
[185/389] Building CXX object _deps/catch2-build/src/CMakeFiles/Catch2.dir/catch2/internal/catch_random_seed_generation.cpp.obj
[186/389] Building CXX object _deps/catch2-build/src/CMakeFiles/Catch2.dir/catch2/internal/catch_source_line_info.cpp.obj
[187/389] Building CXX object _deps/catch2-build/src/CMakeFiles/Catch2.dir/catch2/internal/catch_commandline.cpp.obj
[188/389] Building CXX object _deps/catch2-build/src/CMakeFiles/Catch2.dir/catch2/internal/catch_test_case_info_hasher.cpp.obj
[189/389] Building CXX object _deps/catch2-build/src/CMakeFiles/Catch2.dir/catch2/internal/catch_stdstreams.cpp.obj
[190/389] Building CXX object _deps/catch2-build/src/CMakeFiles/Catch2.dir/catch2/internal/catch_reusable_string_stream.cpp.obj
[191/389] Building CXX object _deps/catch2-build/src/CMakeFiles/Catch2.dir/catch2/internal/catch_uncaught_exceptions.cpp.obj
[192/389] Building CXX object _deps/catch2-build/src/CMakeFiles/Catch2.dir/catch2/internal/catch_reporter_spec_parser.cpp.obj
[193/389] Building CXX object _deps/catch2-build/src/CMakeFiles/Catch2.dir/catch2/internal/catch_stringref.cpp.obj
[194/389] Building CXX object _deps/catch2-build/src/CMakeFiles/Catch2.dir/catch2/internal/catch_reporter_registry.cpp.obj
[195/389] Building CXX object _deps/catch2-build/src/CMakeFiles/Catch2.dir/catch2/internal/catch_test_registry.cpp.obj
[196/389] Building CXX object _deps/catch2-build/src/CMakeFiles/Catch2.dir/catch2/internal/catch_string_manip.cpp.obj
[197/389] Building CXX object _deps/catch2-build/src/CMakeFiles/Catch2.dir/catch2/internal/catch_run_context.cpp.obj
[198/389] Building CXX object _deps/catch2-build/src/CMakeFiles/Catch2.dir/catch2/internal/catch_test_failure_exception.cpp.obj
[199/389] Building CXX object _deps/catch2-build/src/CMakeFiles/Catch2.dir/catch2/internal/catch_test_case_tracker.cpp.obj
[200/389] Building CXX object _deps/catch2-build/src/CMakeFiles/Catch2.dir/catch2/internal/catch_tag_alias_registry.cpp.obj
[201/389] Building CXX object _deps/catch2-build/src/CMakeFiles/Catch2.dir/catch2/internal/catch_test_spec_parser.cpp.obj
[202/389] Building CXX object _deps/catch2-build/src/CMakeFiles/Catch2.dir/catch2/internal/catch_wildcard_pattern.cpp.obj
[203/389] Building CXX object _deps/catch2-build/src/CMakeFiles/Catch2.dir/catch2/internal/catch_test_case_registry_impl.cpp.obj
[204/389] Building CXX object _deps/catch2-build/src/CMakeFiles/Catch2.dir/catch2/internal/catch_textflow.cpp.obj
[205/389] Building CXX object _deps/catch2-build/src/CMakeFiles/Catch2.dir/catch2/internal/catch_xmlwriter.cpp.obj
[206/389] Building CXX object _deps/catch2-build/src/CMakeFiles/Catch2.dir/catch2/matchers/catch_matchers_container_properties.cpp.obj
[207/389] Building CXX object _deps/catch2-build/src/CMakeFiles/Catch2.dir/catch2/matchers/catch_matchers.cpp.obj
[208/389] Building CXX object _deps/catch2-build/src/CMakeFiles/Catch2.dir/catch2/matchers/catch_matchers_exception.cpp.obj
[209/389] Building CXX object _deps/catch2-build/src/CMakeFiles/Catch2.dir/catch2/matchers/catch_matchers_floating_point.cpp.obj
[210/389] Building CXX object _deps/catch2-build/src/CMakeFiles/Catch2.dir/catch2/matchers/catch_matchers_quantifiers.cpp.obj
[211/389] Building CXX object _deps/catch2-build/src/CMakeFiles/Catch2.dir/catch2/matchers/catch_matchers_templated.cpp.obj
[212/389] Building CXX object _deps/catch2-build/src/CMakeFiles/Catch2.dir/catch2/matchers/catch_matchers_predicate.cpp.obj
[213/389] Building CXX object _deps/catch2-build/src/CMakeFiles/Catch2.dir/catch2/matchers/internal/catch_matchers_impl.cpp.obj
[214/389] Building CXX object src/sketch/CMakeFiles/bettercad_sketch.dir/solver/Solver.cpp.obj
[215/389] Linking CXX static library lib\libbettercad_sketch.a
[216/389] Building CXX object src/io/CMakeFiles/bettercad_io.dir/DocumentFile.cpp.obj
[217/389] Building CXX object src/io/CMakeFiles/bettercad_io.dir/FileIo.cpp.obj
[218/389] Building CXX object src/io/CMakeFiles/bettercad_io.dir/StlWriter.cpp.obj
[219/389] Building CXX object src/io/CMakeFiles/bettercad_io.dir/ModelExport.cpp.obj
[220/389] Building CXX object _deps/catch2-build/src/CMakeFiles/Catch2.dir/catch2/matchers/catch_matchers_string.cpp.obj
[221/389] Building CXX object _deps/catch2-build/src/CMakeFiles/Catch2WithMain.dir/catch2/internal/catch_main.cpp.obj
[222/389] Linking CXX static library lib\libbettercad_features.a
[223/389] Building CXX object src/io/CMakeFiles/bettercad_io.dir/json/VariableFilletJson.cpp.obj
[224/389] Building CXX object src/io/CMakeFiles/bettercad_io.dir/json/BooleanJson.cpp.obj
[225/389] Building CXX object src/io/CMakeFiles/bettercad_io.dir/json/DraftJson.cpp.obj
[226/389] Linking CXX static library lib\libCatch2d.a
[227/389] Building CXX object apps/bettercad_cli/CMakeFiles/bettercad_cli_lib.dir/Cli.cpp.obj
[228/389] Building CXX object apps/bettercad_cli/CMakeFiles/bettercad_cli_lib.dir/Arguments.cpp.obj
[229/389] Building CXX object src/io/CMakeFiles/bettercad_io.dir/json/ParameterJson.cpp.obj
[230/389] Building CXX object src/io/CMakeFiles/bettercad_io.dir/json/RibJson.cpp.obj
[231/389] Building CXX object src/io/CMakeFiles/bettercad_io.dir/json/DatumJson.cpp.obj
[232/389] Automatic MOC for target bettercad
[233/389] Building CXX object src/io/CMakeFiles/bettercad_io.dir/json/HoleStandardsJson.cpp.obj
[234/389] Building CXX object src/io/CMakeFiles/bettercad_io.dir/json/ShellJson.cpp.obj
[235/389] Linking CXX static library lib\libCatch2Maind.a
[236/389] Building CXX object src/io/CMakeFiles/bettercad_io.dir/json/JsonReader.cpp.obj
[237/389] Building CXX object examples/reference_models/CMakeFiles/bettercad_reference_models.dir/Catalog.cpp.obj
[238/389] Building CXX object src/io/CMakeFiles/bettercad_io.dir/json/SketchJson.cpp.obj
[239/389] Building CXX object src/io/CMakeFiles/bettercad_io.dir/json/FeatureJson.cpp.obj
[240/389] Building CXX object examples/reference_models/CMakeFiles/bettercad_reference_models.dir/BearingHousing.cpp.obj
[241/389] Building CXX object src/io/CMakeFiles/bettercad_io.dir/json/DocumentJson.cpp.obj
[242/389] Building CXX object examples/reference_models/CMakeFiles/bettercad_reference_models.dir/BuildSupport.cpp.obj
[243/389] Building CXX object apps/bettercad_cli/CMakeFiles/bettercad_cli_lib.dir/ExportCommands.cpp.obj
[244/389] Building CXX object tests/CMakeFiles/bettercad_test_occt.dir/support/occt/StepReadBack.cpp.obj
[245/389] Building CXX object examples/reference_models/CMakeFiles/bettercad_reference_models.dir/MountingBracket.cpp.obj
[246/389] Building CXX object apps/bettercad_cli/CMakeFiles/bettercad_cli.dir/main.cpp.obj
[247/389] Building CXX object examples/reference_models/CMakeFiles/bettercad_reference_models.dir/Flange.cpp.obj
[248/389] Building CXX object examples/reference_models/CMakeFiles/bettercad_reference_models.dir/Fingerprint.cpp.obj
[249/389] Building CXX object examples/reference_models/CMakeFiles/bettercad_reference_models.dir/UBolt.cpp.obj
[250/389] Building CXX object apps/bettercad_cli/CMakeFiles/bettercad_cli_lib.dir/DocumentCommands.cpp.obj
[251/389] Linking CXX static library lib\libbettercad_test_occt.a
[252/389] Building CXX object examples/reference_models/CMakeFiles/bettercad_reference_models.dir/Pulley.cpp.obj
[253/389] Building CXX object examples/reference_models/CMakeFiles/bettercad_reference_models.dir/Shaft.cpp.obj
[254/389] Linking CXX static library lib\libbettercad_io.a
[255/389] Linking CXX static library lib\libbettercad_reference_models.a
[256/389] Linking CXX static library lib\libbettercad_cli_lib.a
[257/389] Building CXX object tests/CMakeFiles/bettercad_tests.dir/core/BuildInfoTests.cpp.obj
[258/389] Building CXX object examples/reference_models/CMakeFiles/bettercad_example_reference_models.dir/main.cpp.obj
[259/389] Building CXX object apps/bettercad/CMakeFiles/bettercad.dir/main.cpp.obj
[260/389] Building CXX object examples/CMakeFiles/bettercad_example_geometry_accuracy.dir/geometry_accuracy/main.cpp.obj
[261/389] Building CXX object apps/bettercad/CMakeFiles/bettercad.dir/bettercad_autogen/mocs_compilation.cpp.obj
[262/389] Building CXX object apps/bettercad/CMakeFiles/bettercad.dir/MainWindow.cpp.obj
[263/389] Building CXX object tests/CMakeFiles/bettercad_tests.dir/core/UuidTests.cpp.obj
[264/389] Building CXX object tests/CMakeFiles/bettercad_tests.dir/core/geometry/DraftTests.cpp.obj
[265/389] Building CXX object tests/CMakeFiles/bettercad_tests.dir/core/geometry/BooleanTests.cpp.obj
[266/389] Building CXX object tests/CMakeFiles/bettercad_tests.dir/core/IdTests.cpp.obj
[267/389] Building CXX object tests/CMakeFiles/bettercad_tests.dir/core/geometry/CurvedProfileTests.cpp.obj
[268/389] Building CXX object tests/CMakeFiles/bettercad_tests.dir/core/document/DependencyGraphTests.cpp.obj
[269/389] Building CXX object tests/CMakeFiles/bettercad_tests.dir/core/document/CommandTests.cpp.obj
[270/389] Building CXX object tests/CMakeFiles/bettercad_tests.dir/core/geometry/ChamferTests.cpp.obj
[271/389] Building CXX object tests/CMakeFiles/bettercad_tests.dir/core/document/DocumentTests.cpp.obj
[272/389] Building CXX object tests/CMakeFiles/bettercad_tests.dir/core/geometry/MeshTests.cpp.obj
[273/389] Building CXX object tests/CMakeFiles/bettercad_tests.dir/core/geometry/FilletTests.cpp.obj
[274/389] Building CXX object tests/CMakeFiles/bettercad_tests.dir/core/geometry/LoftTests.cpp.obj
[275/389] Building CXX object tests/CMakeFiles/bettercad_tests.dir/core/geometry/LoftShapeTests.cpp.obj
[276/389] Building CXX object tests/CMakeFiles/bettercad_tests.dir/core/document/ParameterExpressionTests.cpp.obj
[277/389] Building CXX object tests/CMakeFiles/bettercad_tests.dir/core/geometry/PropertyTests.cpp.obj
[278/389] Building CXX object tests/CMakeFiles/bettercad_tests.dir/core/geometry/FaceNameTests.cpp.obj
[279/389] Building CXX object tests/CMakeFiles/bettercad_tests.dir/core/geometry/PrimitiveTests.cpp.obj
[280/389] Building CXX object tests/CMakeFiles/bettercad_tests.dir/core/geometry/HoleTests.cpp.obj
[281/389] Building CXX object tests/CMakeFiles/bettercad_tests.dir/core/math/BSplineTests.cpp.obj
[282/389] Building CXX object tests/CMakeFiles/bettercad_tests.dir/core/geometry/RibTests.cpp.obj
[283/389] Building CXX object tests/CMakeFiles/bettercad_tests.dir/core/geometry/SplitTests.cpp.obj
[284/389] Building CXX object tests/CMakeFiles/bettercad_tests.dir/core/math/RigidTransformTests.cpp.obj
[285/389] Building CXX object tests/CMakeFiles/bettercad_tests.dir/core/geometry/RevolutionTests.cpp.obj
[286/389] Building CXX object tests/CMakeFiles/bettercad_tests.dir/core/geometry/TransformTests.cpp.obj
[287/389] Building CXX object tests/CMakeFiles/bettercad_tests.dir/core/geometry/SweepTests.cpp.obj
[288/389] Building CXX object tests/CMakeFiles/bettercad_tests.dir/core/geometry/ShellTests.cpp.obj
[289/389] Building CXX object tests/CMakeFiles/bettercad_tests.dir/core/geometry/SweptPathTests.cpp.obj
[290/389] Building CXX object tests/CMakeFiles/bettercad_tests.dir/core/math/FrameTests.cpp.obj
[291/389] Building CXX object tests/CMakeFiles/bettercad_tests.dir/core/units/ConversionTests.cpp.obj
[292/389] Building CXX object tests/CMakeFiles/bettercad_tests.dir/core/parameters/ExpressionTests.cpp.obj
[293/389] Building CXX object tests/CMakeFiles/bettercad_tests.dir/core/units/QuantityTests.cpp.obj
[294/389] Building CXX object tests/CMakeFiles/bettercad_tests.dir/core/parameters/ParameterTableTests.cpp.obj
[295/389] Building CXX object tests/CMakeFiles/bettercad_tests.dir/core/parameters/ParameterTests.cpp.obj
[296/389] Building CXX object tests/CMakeFiles/bettercad_tests.dir/core/units/FormatAndCatalogTests.cpp.obj
[297/389] Building CXX object tests/CMakeFiles/bettercad_tests.dir/core/standards/HoleStandardsTests.cpp.obj
[298/389] Building CXX object tests/CMakeFiles/bettercad_tests.dir/core/geometry/VariableFilletTests.cpp.obj
[299/389] Building CXX object tests/CMakeFiles/bettercad_tests.dir/features/ChamferFeatureTests.cpp.obj
[300/389] Building CXX object tests/CMakeFiles/bettercad_tests.dir/features/ExtrudeTests.cpp.obj
[301/389] Building CXX object tests/CMakeFiles/bettercad_tests.dir/features/DatumTests.cpp.obj
[302/389] Building CXX object tests/CMakeFiles/bettercad_tests.dir/features/FaceReferenceTests.cpp.obj
[303/389] Building CXX object tests/CMakeFiles/bettercad_tests.dir/features/ExpressionRegenerationTests.cpp.obj
[304/389] Building CXX object tests/CMakeFiles/bettercad_tests.dir/features/ThroughAllExtrudeTests.cpp.obj
[305/389] Building CXX object tests/CMakeFiles/bettercad_tests.dir/features/LoftShapeFeatureTests.cpp.obj
[306/389] Building CXX object tests/CMakeFiles/bettercad_tests.dir/features/DraftFeatureTests.cpp.obj
[307/389] Building CXX object tests/CMakeFiles/bettercad_tests.dir/features/FilletFeatureTests.cpp.obj
[308/389] Building CXX object tests/CMakeFiles/bettercad_tests.dir/features/HoleStandardTests.cpp.obj
[309/389] Building CXX object tests/CMakeFiles/bettercad_tests.dir/features/BodyOpsTests.cpp.obj
[310/389] Building CXX object tests/CMakeFiles/bettercad_tests.dir/features/SketchOnFaceTests.cpp.obj
[311/389] Building CXX object tests/CMakeFiles/bettercad_tests.dir/features/PatternDistributionTests.cpp.obj
[312/389] Building CXX object tests/CMakeFiles/bettercad_tests.dir/features/HoleFeatureTests.cpp.obj
[313/389] Building CXX object tests/CMakeFiles/bettercad_tests.dir/features/CircularPatternFeatureTests.cpp.obj
[314/389] Building CXX object tests/CMakeFiles/bettercad_tests.dir/features/ProfileTests.cpp.obj
[315/389] Building CXX object tests/CMakeFiles/bettercad_tests.dir/features/LinearPatternFeatureTests.cpp.obj
[316/389] Building CXX object tests/CMakeFiles/bettercad_tests.dir/features/MirrorFeatureTests.cpp.obj
[317/389] Building CXX object tests/CMakeFiles/bettercad_tests.dir/features/LoftFeatureTests.cpp.obj
[318/389] Building CXX object tests/CMakeFiles/bettercad_tests.dir/features/RegenerationTests.cpp.obj
[319/389] Building CXX object tests/CMakeFiles/bettercad_tests.dir/features/PatternNestingTests.cpp.obj
[320/389] Building CXX object tests/CMakeFiles/bettercad_tests.dir/features/RegeneratorTests.cpp.obj
[321/389] Building CXX object tests/CMakeFiles/bettercad_tests.dir/features/SpatialSweepTests.cpp.obj
[322/389] Building CXX object tests/CMakeFiles/bettercad_tests.dir/io/DatumFileTests.cpp.obj
[323/389] Building CXX object tests/CMakeFiles/bettercad_tests.dir/features/SweepFeatureTests.cpp.obj
[324/389] Building CXX object tests/CMakeFiles/bettercad_tests.dir/features/ValidationTests.cpp.obj
[325/389] Building CXX object tests/CMakeFiles/bettercad_tests.dir/features/RevolveTests.cpp.obj
[326/389] Building CXX object tests/CMakeFiles/bettercad_tests.dir/io/ChamferFileTests.cpp.obj
[327/389] Building CXX object tests/CMakeFiles/bettercad_tests.dir/io/FaceReferenceFileTests.cpp.obj
[328/389] Building CXX object tests/CMakeFiles/bettercad_tests.dir/io/ThroughAllFileTests.cpp.obj
[329/389] Building CXX object tests/CMakeFiles/bettercad_tests.dir/io/ExampleModelTests.cpp.obj
[330/389] Building CXX object tests/CMakeFiles/bettercad_tests.dir/io/CircularPatternFileTests.cpp.obj
[331/389] Building CXX object tests/CMakeFiles/bettercad_tests.dir/features/VariableFilletFeatureTests.cpp.obj
[332/389] Building CXX object tests/CMakeFiles/bettercad_tests.dir/io/BodyOpsFileTests.cpp.obj
[333/389] Building CXX object tests/CMakeFiles/bettercad_tests.dir/features/ShellFeatureTests.cpp.obj
[334/389] Building CXX object tests/CMakeFiles/bettercad_tests.dir/io/DraftFileTests.cpp.obj
[335/389] Building CXX object tests/CMakeFiles/bettercad_tests.dir/io/FaceKindFileTests.cpp.obj
[336/389] Building CXX object tests/CMakeFiles/bettercad_tests.dir/features/RibFeatureTests.cpp.obj
[337/389] Building CXX object tests/CMakeFiles/bettercad_tests.dir/io/DocumentFileTests.cpp.obj
[338/389] Building CXX object tests/CMakeFiles/bettercad_tests.dir/io/ExpressionFileTests.cpp.obj
[339/389] Building CXX object tests/CMakeFiles/bettercad_tests.dir/io/FilletFileTests.cpp.obj
[340/389] Building CXX object tests/CMakeFiles/bettercad_tests.dir/io/ParameterJsonTests.cpp.obj
[341/389] Building CXX object tests/CMakeFiles/bettercad_tests.dir/io/HoleFileTests.cpp.obj
[342/389] Building CXX object tests/CMakeFiles/bettercad_tests.dir/io/HoleStandardFileTests.cpp.obj
[343/389] Building CXX object tests/CMakeFiles/bettercad_tests.dir/io/RevolveFileTests.cpp.obj
[344/389] Building CXX object tests/CMakeFiles/bettercad_tests.dir/io/RibFileTests.cpp.obj
[345/389] Building CXX object tests/CMakeFiles/bettercad_tests.dir/io/PatternInstanceFileTests.cpp.obj
[346/389] Building CXX object tests/CMakeFiles/bettercad_tests.dir/io/LinearPatternFileTests.cpp.obj
[347/389] Building CXX object tests/CMakeFiles/bettercad_tests.dir/io/SpatialSweepFileTests.cpp.obj
[348/389] Building CXX object tests/CMakeFiles/bettercad_tests.dir/io/VariableFilletFileTests.cpp.obj
[349/389] Building CXX object tests/CMakeFiles/bettercad_tests.dir/io/LoftFileTests.cpp.obj
[350/389] Building CXX object tests/CMakeFiles/bettercad_tests.dir/io/ShellFileTests.cpp.obj
[351/389] Building CXX object tests/CMakeFiles/bettercad_tests.dir/sketch/ConstraintTests.cpp.obj
[352/389] Building CXX object tests/CMakeFiles/bettercad_tests.dir/sketch/AdvancedConstraintSolverTests.cpp.obj
[353/389] Building CXX object tests/CMakeFiles/bettercad_tests.dir/io/StlTests.cpp.obj
[354/389] Building CXX object tests/CMakeFiles/bettercad_tests.dir/io/StepExportTests.cpp.obj
[355/389] Building CXX object tests/CMakeFiles/bettercad_tests.dir/io/SweepFileTests.cpp.obj
[356/389] Building CXX object tests/CMakeFiles/bettercad_tests.dir/io/MirrorFileTests.cpp.obj
[357/389] Building CXX object tests/CMakeFiles/bettercad_tests.dir/sketch/SketchDocumentTests.cpp.obj
[358/389] Building CXX object tests/CMakeFiles/bettercad_tests.dir/sketch/AdvancedConstraintDocumentTests.cpp.obj
[359/389] Building CXX object tests/CMakeFiles/bettercad_tests.dir/sketch/EllipseSplineDocumentTests.cpp.obj
[360/389] Building CXX object tests/CMakeFiles/bettercad_tests.dir/sketch/SketchTests.cpp.obj
[361/389] Building CXX object tests/CMakeFiles/bettercad_tests.dir/sketch/EllipseSplineTests.cpp.obj
[362/389] Building CXX object tests/CMakeFiles/bettercad_tests.dir/sketch/SolverTests.cpp.obj
[363/389] Building CXX object tests/CMakeFiles/bettercad_tests.dir/cli/DatumCliTests.cpp.obj
[364/389] Building CXX object tests/CMakeFiles/bettercad_tests.dir/cli/DraftCliTests.cpp.obj
[365/389] Building CXX object tests/CMakeFiles/bettercad_tests.dir/cli/PatternInstanceCliTests.cpp.obj
[366/389] Building CXX object tests/CMakeFiles/bettercad_tests.dir/cli/HoleStandardCliTests.cpp.obj
[367/389] Building CXX object tests/CMakeFiles/bettercad_tests.dir/cli/BodyOpsCliTests.cpp.obj
[368/389] Building CXX object tests/CMakeFiles/bettercad_tests.dir/cli/ThroughAllCliTests.cpp.obj
[369/389] Building CXX object tests/CMakeFiles/bettercad_tests.dir/cli/FaceReferenceCliTests.cpp.obj
[370/389] Building CXX object tests/CMakeFiles/bettercad_tests.dir/cli/RibCliTests.cpp.obj
[371/389] Building CXX object tests/CMakeFiles/bettercad_tests.dir/cli/SpatialSweepCliTests.cpp.obj
[372/389] Linking CXX executable bin\bettercad.exe; Deploying Qt runtime for bettercad
[373/389] Building CXX object tests/compile_fail/CMakeFiles/bettercad_cf_units_control.dir/UnitsMisuse.cpp.obj
[374/389] Building CXX object tests/CMakeFiles/bettercad_tests.dir/cli/VariableFilletCliTests.cpp.obj
[375/389] Linking CXX executable bin\bettercad_example_geometry_accuracy.exe
[376/389] Building CXX object tests/CMakeFiles/bettercad_tests.dir/cli/ShellCliTests.cpp.obj
[377/389] Building CXX object tests/CMakeFiles/bettercad_tests.dir/cli/ExpressionCliTests.cpp.obj
[378/389] Building CXX object tests/compile_fail/CMakeFiles/bettercad_cf_ids_control.dir/IdsMisuse.cpp.obj
[379/389] Building CXX object tests/CMakeFiles/bettercad_tests.dir/cli/CliTests.cpp.obj
[380/389] Building CXX object tests/CMakeFiles/bettercad_tests.dir/reference/AllModelsTests.cpp.obj
[381/389] Linking CXX executable bin\bettercad-cli.exe
[382/389] Building CXX object tests/CMakeFiles/bettercad_tests.dir/reference/BearingHousingTests.cpp.obj
[383/389] Building CXX object tests/CMakeFiles/bettercad_tests.dir/reference/FlangeTests.cpp.obj
[384/389] Linking CXX executable bin\bettercad_example_reference_models.exe
[385/389] Building CXX object tests/CMakeFiles/bettercad_tests.dir/reference/PulleyTests.cpp.obj
[386/389] Building CXX object tests/CMakeFiles/bettercad_tests.dir/reference/UBoltTests.cpp.obj
[387/389] Building CXX object tests/CMakeFiles/bettercad_tests.dir/reference/ShaftTests.cpp.obj
[388/389] Building CXX object tests/CMakeFiles/bettercad_tests.dir/reference/MountingBracketTests.cpp.obj
[389/389] Linking CXX executable bin\bettercad_tests.exe
