[1/438] Building CXX object _deps/catch2-build/src/CMakeFiles/Catch2.dir/catch2/generators/catch_generator_exception.cpp.obj
[2/438] Checking git revision
[3/438] Building CXX object _deps/catch2-build/src/CMakeFiles/Catch2.dir/catch2/generators/catch_generators_throw.cpp.obj
[4/438] Building CXX object _deps/catch2-build/src/CMakeFiles/Catch2.dir/catch2/benchmark/catch_chronometer.cpp.obj
[5/438] Building CXX object _deps/catch2-build/src/CMakeFiles/Catch2.dir/catch2/benchmark/detail/catch_benchmark_function.cpp.obj
[6/438] Building CXX object _deps/catch2-build/src/CMakeFiles/Catch2.dir/catch2/benchmark/detail/catch_analyse.cpp.obj
[7/438] Building CXX object _deps/catch2-build/src/CMakeFiles/Catch2.dir/catch2/benchmark/detail/catch_run_for_at_least.cpp.obj
[8/438] Building CXX object _deps/catch2-build/src/CMakeFiles/Catch2.dir/catch2/generators/catch_generators_random.cpp.obj
[9/438] Building CXX object _deps/catch2-build/src/CMakeFiles/Catch2.dir/catch2/generators/catch_generators.cpp.obj
[10/438] Building CXX object _deps/catch2-build/src/CMakeFiles/Catch2.dir/catch2/reporters/catch_reporter_common_base.cpp.obj
[11/438] Building CXX object _deps/catch2-build/src/CMakeFiles/Catch2.dir/catch2/reporters/catch_reporter_automake.cpp.obj
[12/438] Building CXX object _deps/catch2-build/src/CMakeFiles/Catch2.dir/catch2/reporters/catch_reporter_event_listener.cpp.obj
[13/438] Building CXX object _deps/catch2-build/src/CMakeFiles/Catch2.dir/catch2/benchmark/detail/catch_stats.cpp.obj
[14/438] Building CXX object src/core/CMakeFiles/bettercad_core.dir/Error.cpp.obj
[15/438] Building CXX object _deps/catch2-build/src/CMakeFiles/Catch2.dir/catch2/benchmark/catch_benchmark.cpp.obj
[16/438] Building CXX object _deps/catch2-build/src/CMakeFiles/Catch2.dir/catch2/reporters/catch_reporter_console.cpp.obj
[17/438] Building CXX object _deps/catch2-build/src/CMakeFiles/Catch2.dir/catch2/reporters/catch_reporter_compact.cpp.obj
[18/438] Building CXX object _deps/catch2-build/src/CMakeFiles/Catch2.dir/catch2/reporters/catch_reporter_cumulative_base.cpp.obj
[19/438] Building CXX object _deps/catch2-build/src/CMakeFiles/Catch2.dir/catch2/reporters/catch_reporter_helpers.cpp.obj
[20/438] Building CXX object src/core/CMakeFiles/bettercad_core.dir/math/Direction.cpp.obj
[21/438] Building CXX object _deps/catch2-build/src/CMakeFiles/Catch2.dir/catch2/reporters/catch_reporter_json.cpp.obj
[22/438] Building CXX object src/core/CMakeFiles/bettercad_core.dir/Uuid.cpp.obj
[23/438] Building CXX object src/core/CMakeFiles/bettercad_core.dir/math/Frame.cpp.obj
[24/438] Building CXX object src/core/CMakeFiles/bettercad_core.dir/BuildInfo.cpp.obj
[25/438] Building CXX object src/core/CMakeFiles/bettercad_core.dir/document/DocumentObject.cpp.obj
[26/438] Building CXX object src/core/CMakeFiles/bettercad_core.dir/document/ObjectReference.cpp.obj
[27/438] Building CXX object src/core/CMakeFiles/bettercad_core.dir/standards/ClearanceHoles.cpp.obj
[28/438] Building CXX object src/core/CMakeFiles/bettercad_core.dir/document/DependencyGraph.cpp.obj
[29/438] Building CXX object src/core/CMakeFiles/bettercad_core.dir/document/MateReference.cpp.obj
[30/438] Building CXX object src/core/CMakeFiles/bettercad_core.dir/Naming.cpp.obj
[31/438] Building CXX object src/core/CMakeFiles/bettercad_core.dir/__/__/generated/src/core/GitRevision.cpp.obj
[32/438] Building CXX object src/core/CMakeFiles/bettercad_core.dir/document/CommandHistory.cpp.obj
[33/438] Building CXX object src/core/CMakeFiles/bettercad_core.dir/units/UnitCatalog.cpp.obj
[34/438] Building CXX object src/core/CMakeFiles/bettercad_core.dir/document/Placement.cpp.obj
[35/438] Building CXX object src/core/CMakeFiles/bettercad_core.dir/document/Configurations.cpp.obj
[36/438] Building CXX object src/core/CMakeFiles/bettercad_core.dir/units/Format.cpp.obj
[37/438] Building CXX object src/core/CMakeFiles/bettercad_core.dir/document/References.cpp.obj
[38/438] Building CXX object src/core/CMakeFiles/bettercad_core.dir/math/BSpline.cpp.obj
[39/438] Building CXX object src/core/CMakeFiles/bettercad_core.dir/parameters/Parameter.cpp.obj
[40/438] Building CXX object src/core/CMakeFiles/bettercad_core.dir/document/ParameterExpressions.cpp.obj
[41/438] Building CXX object src/core/CMakeFiles/bettercad_core.dir/document/Commands.cpp.obj
[42/438] Building CXX object src/core/CMakeFiles/bettercad_core.dir/parameters/Expression.cpp.obj
[43/438] Building CXX object src/core/CMakeFiles/bettercad_core.dir/parameters/ParameterTable.cpp.obj
[44/438] Building CXX object src/core/CMakeFiles/bettercad_core.dir/document/Document.cpp.obj
[45/438] Building CXX object src/core/CMakeFiles/bettercad_core.dir/standards/HoleTolerances.cpp.obj
[46/438] Building CXX object src/core/geometry/CMakeFiles/bettercad_geometry.dir/RadiusLaw.cpp.obj
[47/438] Building CXX object src/core/CMakeFiles/bettercad_core.dir/standards/MetricThreads.cpp.obj
[48/438] Building CXX object src/core/geometry/CMakeFiles/bettercad_geometry.dir/Profile.cpp.obj
[49/438] Building CXX object src/core/geometry/CMakeFiles/bettercad_geometry.dir/Faces.cpp.obj
[50/438] Building CXX object src/core/geometry/CMakeFiles/bettercad_geometry.dir/Blends.cpp.obj
[51/438] Building CXX object src/core/geometry/CMakeFiles/bettercad_geometry.dir/Edges.cpp.obj
[52/438] Linking CXX static library lib\libbettercad_core.a
[53/438] Building CXX object src/core/geometry/CMakeFiles/bettercad_geometry.dir/Holes.cpp.obj
[54/438] Building CXX object src/core/geometry/CMakeFiles/bettercad_geometry.dir/Draft.cpp.obj
[55/438] Building CXX object src/core/geometry/CMakeFiles/bettercad_geometry.dir/LoftMatching.cpp.obj
[56/438] Building CXX object src/core/geometry/CMakeFiles/bettercad_geometry.dir/LoftPlan.cpp.obj
[57/438] Building CXX object src/core/geometry/CMakeFiles/bettercad_geometry.dir/Shell.cpp.obj
[58/438] Building CXX object src/core/geometry/CMakeFiles/bettercad_geometry.dir/SweepPlan.cpp.obj
[59/438] Building CXX object src/core/geometry/CMakeFiles/bettercad_geometry.dir/Rib.cpp.obj
[60/438] Building CXX object src/core/geometry/CMakeFiles/bettercad_geometry.dir/Split.cpp.obj
[61/438] Building CXX object src/core/geometry/CMakeFiles/bettercad_geometry.dir/VariableFillet.cpp.obj
[62/438] Building CXX object src/core/geometry/CMakeFiles/bettercad_geometry.dir/occt/OcctKernel.cpp.obj
[63/438] Building CXX object src/core/geometry/CMakeFiles/bettercad_geometry.dir/SweptPathPlan.cpp.obj
[64/438] Building CXX object src/core/geometry/CMakeFiles/bettercad_geometry.dir/occt/OcctBody.cpp.obj
[65/438] Building CXX object src/core/geometry/CMakeFiles/bettercad_geometry.dir/occt/OcctBooleans.cpp.obj
[66/438] Building CXX object src/core/geometry/CMakeFiles/bettercad_geometry.dir/occt/OcctBlend.cpp.obj
[67/438] Building CXX object src/core/geometry/CMakeFiles/bettercad_geometry.dir/occt/OcctFaceNames.cpp.obj
[68/438] Building CXX object src/core/geometry/CMakeFiles/bettercad_geometry.dir/occt/OcctChamfer.cpp.obj
[69/438] Building CXX object src/core/geometry/CMakeFiles/bettercad_geometry.dir/occt/OcctDraft.cpp.obj
[70/438] Building CXX object src/core/geometry/CMakeFiles/bettercad_geometry.dir/occt/OcctEdges.cpp.obj
[71/438] Building CXX object src/sketch/CMakeFiles/bettercad_sketch.dir/entities/Entities.cpp.obj
[72/438] Building CXX object src/core/geometry/CMakeFiles/bettercad_geometry.dir/occt/OcctFillet.cpp.obj
[73/438] Building CXX object src/core/geometry/CMakeFiles/bettercad_geometry.dir/occt/OcctFaces.cpp.obj
[74/438] Building CXX object src/core/geometry/CMakeFiles/bettercad_geometry.dir/occt/OcctPrimitives.cpp.obj
[75/438] Building CXX object src/core/geometry/CMakeFiles/bettercad_geometry.dir/occt/OcctMesh.cpp.obj
[76/438] Building CXX object src/core/geometry/CMakeFiles/bettercad_geometry.dir/occt/OcctHole.cpp.obj
[77/438] Building CXX object src/core/geometry/CMakeFiles/bettercad_geometry.dir/occt/OcctSplit.cpp.obj
[78/438] Building CXX object src/core/geometry/CMakeFiles/bettercad_geometry.dir/occt/OcctShell.cpp.obj
[79/438] Building CXX object src/core/geometry/CMakeFiles/bettercad_geometry.dir/occt/OcctStep.cpp.obj
[80/438] Building CXX object src/sketch/CMakeFiles/bettercad_sketch.dir/SketchCommands.cpp.obj
[81/438] Building CXX object src/sketch/CMakeFiles/bettercad_sketch.dir/SketchRegeneration.cpp.obj
[82/438] Building CXX object src/core/geometry/CMakeFiles/bettercad_geometry.dir/occt/OcctVariableFillet.cpp.obj
[83/438] Building CXX object src/core/geometry/CMakeFiles/bettercad_geometry.dir/occt/OcctTransform.cpp.obj
[84/438] Building CXX object src/sketch/CMakeFiles/bettercad_sketch.dir/constraints/SketchConstraints.cpp.obj
[85/438] Building CXX object src/features/CMakeFiles/bettercad_features.dir/Feature.cpp.obj
[86/438] Building CXX object src/sketch/CMakeFiles/bettercad_sketch.dir/Sketch.cpp.obj
[87/438] Building CXX object src/core/geometry/CMakeFiles/bettercad_geometry.dir/occt/OcctSweeps.cpp.obj
[88/438] Building CXX object src/features/CMakeFiles/bettercad_features.dir/chamfer/ChamferFeature.cpp.obj
[89/438] Building CXX object src/features/CMakeFiles/bettercad_features.dir/ResultBodies.cpp.obj
[90/438] Building CXX object src/features/CMakeFiles/bettercad_features.dir/boolean/BooleanRegeneration.cpp.obj
[91/438] Building CXX object src/features/CMakeFiles/bettercad_features.dir/SolidSupport.cpp.obj
[92/438] Building CXX object src/features/CMakeFiles/bettercad_features.dir/boolean/CombineFeature.cpp.obj
[93/438] Linking CXX static library lib\libbettercad_geometry.a
[94/438] Building CXX object src/features/CMakeFiles/bettercad_features.dir/Validation.cpp.obj
[95/438] Building CXX object src/features/CMakeFiles/bettercad_features.dir/chamfer/ChamferRegeneration.cpp.obj
[96/438] Building CXX object src/features/CMakeFiles/bettercad_features.dir/boolean/SplitFeature.cpp.obj
[97/438] Building CXX object src/features/CMakeFiles/bettercad_features.dir/draft/DraftFeature.cpp.obj
[98/438] Building CXX object src/features/CMakeFiles/bettercad_features.dir/datum/Datums.cpp.obj
[99/438] Building CXX object src/features/CMakeFiles/bettercad_features.dir/fillet/FilletFeature.cpp.obj
[100/438] Building CXX object src/features/CMakeFiles/bettercad_features.dir/datum/DatumResolution.cpp.obj
[101/438] Building CXX object src/features/CMakeFiles/bettercad_features.dir/Regenerator.cpp.obj
[102/438] Building CXX object src/features/CMakeFiles/bettercad_features.dir/draft/DraftRegeneration.cpp.obj
[103/438] Building CXX object src/features/CMakeFiles/bettercad_features.dir/reference/FaceReferences.cpp.obj
[104/438] Building CXX object src/features/CMakeFiles/bettercad_features.dir/extrude/ExtrudeFeature.cpp.obj
[105/438] Building CXX object src/features/CMakeFiles/bettercad_features.dir/extrude/ExtrudeRegeneration.cpp.obj
[106/438] Building CXX object src/features/CMakeFiles/bettercad_features.dir/fillet/VariableFilletFeature.cpp.obj
[107/438] Building CXX object src/features/CMakeFiles/bettercad_features.dir/hole/HoleFeature.cpp.obj
[108/438] Building CXX object src/features/CMakeFiles/bettercad_features.dir/fillet/FilletRegeneration.cpp.obj
[109/438] Building CXX object src/features/CMakeFiles/bettercad_features.dir/fillet/VariableFilletRegeneration.cpp.obj
[110/438] Building CXX object src/sketch/CMakeFiles/bettercad_sketch.dir/solver/SolverSystem.cpp.obj
[111/438] Building CXX object src/features/CMakeFiles/bettercad_features.dir/loft/LoftFeature.cpp.obj
[112/438] Building CXX object src/features/CMakeFiles/bettercad_features.dir/loft/LoftRegeneration.cpp.obj
[113/438] Building CXX object src/features/CMakeFiles/bettercad_features.dir/hole/HoleRegeneration.cpp.obj
[114/438] Building CXX object src/features/CMakeFiles/bettercad_features.dir/pattern/CircularPatternFeature.cpp.obj
[115/438] Building CXX object src/features/CMakeFiles/bettercad_features.dir/pattern/MirrorFeature.cpp.obj
[116/438] Building CXX object src/features/CMakeFiles/bettercad_features.dir/pattern/CircularPatternRegeneration.cpp.obj
[117/438] Building CXX object src/features/CMakeFiles/bettercad_features.dir/shell/ShellFeature.cpp.obj
[118/438] Building CXX object src/features/CMakeFiles/bettercad_features.dir/revolve/RevolveFeature.cpp.obj
[119/438] Building CXX object src/features/CMakeFiles/bettercad_features.dir/pattern/LinearPatternFeature.cpp.obj
[120/438] Building CXX object src/features/CMakeFiles/bettercad_features.dir/profile/Profiles.cpp.obj
[121/438] Building CXX object src/assembly/CMakeFiles/bettercad_assembly.dir/Component.cpp.obj
[122/438] Building CXX object src/features/CMakeFiles/bettercad_features.dir/pattern/MirrorRegeneration.cpp.obj
[123/438] Building CXX object src/features/CMakeFiles/bettercad_features.dir/pattern/LinearPatternRegeneration.cpp.obj
[124/438] Building CXX object src/features/CMakeFiles/bettercad_features.dir/pattern/PatternSupport.cpp.obj
[125/438] Building CXX object src/features/CMakeFiles/bettercad_features.dir/rib/RibFeature.cpp.obj
[126/438] Building CXX object src/features/CMakeFiles/bettercad_features.dir/shell/ShellRegeneration.cpp.obj
[127/438] Building CXX object _deps/catch2-build/src/CMakeFiles/Catch2.dir/catch2/reporters/catch_reporter_registrars.cpp.obj
[128/438] Building CXX object src/assembly/CMakeFiles/bettercad_assembly.dir/Components.cpp.obj
[129/438] Building CXX object src/sketch/CMakeFiles/bettercad_sketch.dir/solver/Solver.cpp.obj
[130/438] Building CXX object src/features/CMakeFiles/bettercad_features.dir/rib/RibRegeneration.cpp.obj
[131/438] Building CXX object _deps/catch2-build/src/CMakeFiles/Catch2.dir/catch2/reporters/catch_reporter_junit.cpp.obj
[132/438] Building CXX object src/features/CMakeFiles/bettercad_features.dir/sweep/SweepFeature.cpp.obj
[133/438] Building CXX object src/assembly/CMakeFiles/bettercad_assembly.dir/Configurations.cpp.obj
[134/438] Building CXX object src/features/CMakeFiles/bettercad_features.dir/revolve/RevolveRegeneration.cpp.obj
[135/438] Linking CXX static library lib\libbettercad_sketch.a
[136/438] Building CXX object _deps/catch2-build/src/CMakeFiles/Catch2.dir/catch2/reporters/catch_reporter_streaming_base.cpp.obj
[137/438] Building CXX object _deps/catch2-build/src/CMakeFiles/Catch2.dir/catch2/reporters/catch_reporter_multi.cpp.obj
[138/438] Building CXX object _deps/catch2-build/src/CMakeFiles/Catch2.dir/catch2/reporters/catch_reporter_sonarqube.cpp.obj
[139/438] Building CXX object src/assembly/CMakeFiles/bettercad_assembly.dir/Placement.cpp.obj
[140/438] Building CXX object src/assembly/CMakeFiles/bettercad_assembly.dir/Mate.cpp.obj
[141/438] Building CXX object src/features/CMakeFiles/bettercad_features.dir/sweep/SweepRegeneration.cpp.obj
[142/438] Building CXX object _deps/catch2-build/src/CMakeFiles/Catch2.dir/catch2/interfaces/catch_interfaces_capture.cpp.obj
[143/438] Building CXX object src/assembly/CMakeFiles/bettercad_assembly.dir/Mates.cpp.obj
[144/438] Building CXX object _deps/catch2-build/src/CMakeFiles/Catch2.dir/catch2/interfaces/catch_interfaces_exception.cpp.obj
[145/438] Building CXX object _deps/catch2-build/src/CMakeFiles/Catch2.dir/catch2/interfaces/catch_interfaces_config.cpp.obj
[146/438] Building CXX object _deps/catch2-build/src/CMakeFiles/Catch2.dir/catch2/reporters/catch_reporter_tap.cpp.obj
[147/438] Building CXX object _deps/catch2-build/src/CMakeFiles/Catch2.dir/catch2/interfaces/catch_interfaces_testcase.cpp.obj
[148/438] Building CXX object _deps/catch2-build/src/CMakeFiles/Catch2.dir/catch2/interfaces/catch_interfaces_registry_hub.cpp.obj
[149/438] Building CXX object _deps/catch2-build/src/CMakeFiles/Catch2.dir/catch2/interfaces/catch_interfaces_reporter_factory.cpp.obj
[150/438] Building CXX object _deps/catch2-build/src/CMakeFiles/Catch2.dir/catch2/reporters/catch_reporter_teamcity.cpp.obj
[151/438] Building CXX object _deps/catch2-build/src/CMakeFiles/Catch2.dir/catch2/interfaces/catch_interfaces_generatortracker.cpp.obj
[152/438] Linking CXX static library lib\libbettercad_features.a
[153/438] Building CXX object _deps/catch2-build/src/CMakeFiles/Catch2.dir/catch2/reporters/catch_reporter_xml.cpp.obj
[154/438] Building CXX object _deps/catch2-build/src/CMakeFiles/Catch2.dir/catch2/catch_assertion_result.cpp.obj
[155/438] Building CXX object _deps/catch2-build/src/CMakeFiles/Catch2.dir/catch2/catch_tag_alias_autoregistrar.cpp.obj
[156/438] Building CXX object src/assembly/CMakeFiles/bettercad_assembly.dir/Resolution.cpp.obj
[157/438] Building CXX object _deps/catch2-build/src/CMakeFiles/Catch2.dir/catch2/interfaces/catch_interfaces_reporter.cpp.obj
[158/438] Building CXX object _deps/catch2-build/src/CMakeFiles/Catch2.dir/catch2/catch_totals.cpp.obj
[159/438] Building CXX object _deps/catch2-build/src/CMakeFiles/Catch2.dir/catch2/catch_approx.cpp.obj
[160/438] Building CXX object _deps/catch2-build/src/CMakeFiles/Catch2.dir/catch2/catch_get_random_seed.cpp.obj
[161/438] Building CXX object _deps/catch2-build/src/CMakeFiles/Catch2.dir/catch2/catch_translate_exception.cpp.obj
[162/438] Building CXX object _deps/catch2-build/src/CMakeFiles/Catch2.dir/catch2/catch_timer.cpp.obj
[163/438] Building CXX object _deps/catch2-build/src/CMakeFiles/Catch2.dir/catch2/internal/catch_context.cpp.obj
[164/438] Building CXX object _deps/catch2-build/src/CMakeFiles/Catch2.dir/catch2/catch_message.cpp.obj
[165/438] Building CXX object _deps/catch2-build/src/CMakeFiles/Catch2.dir/catch2/internal/catch_case_insensitive_comparisons.cpp.obj
[166/438] Building CXX object _deps/catch2-build/src/CMakeFiles/Catch2.dir/catch2/catch_registry_hub.cpp.obj
[167/438] Building CXX object _deps/catch2-build/src/CMakeFiles/Catch2.dir/catch2/catch_test_spec.cpp.obj
[168/438] Building CXX object _deps/catch2-build/src/CMakeFiles/Catch2.dir/catch2/internal/catch_debugger.cpp.obj
[169/438] Building CXX object _deps/catch2-build/src/CMakeFiles/Catch2.dir/catch2/catch_test_case_info.cpp.obj
[170/438] Building CXX object _deps/catch2-build/src/CMakeFiles/Catch2.dir/catch2/catch_version.cpp.obj
[171/438] Building CXX object _deps/catch2-build/src/CMakeFiles/Catch2.dir/catch2/catch_tostring.cpp.obj
[172/438] Building CXX object _deps/catch2-build/src/CMakeFiles/Catch2.dir/catch2/internal/catch_errno_guard.cpp.obj
[173/438] Building CXX object src/assembly/CMakeFiles/bettercad_assembly.dir/solver/SolverSystem.cpp.obj
[174/438] Building CXX object _deps/catch2-build/src/CMakeFiles/Catch2.dir/catch2/catch_config.cpp.obj
[175/438] Building CXX object _deps/catch2-build/src/CMakeFiles/Catch2.dir/catch2/internal/catch_assertion_handler.cpp.obj
[176/438] Building CXX object _deps/catch2-build/src/CMakeFiles/Catch2.dir/catch2/internal/catch_floating_point_helpers.cpp.obj
[177/438] Building CXX object _deps/catch2-build/src/CMakeFiles/Catch2.dir/catch2/internal/catch_getenv.cpp.obj
[178/438] Building CXX object _deps/catch2-build/src/CMakeFiles/Catch2.dir/catch2/internal/catch_enum_info.cpp.obj
[179/438] Building CXX object _deps/catch2-build/src/CMakeFiles/Catch2.dir/catch2/internal/catch_enforce.cpp.obj
[180/438] Building CXX object _deps/catch2-build/src/CMakeFiles/Catch2.dir/catch2/internal/catch_leak_detector.cpp.obj
[181/438] Building CXX object _deps/catch2-build/src/CMakeFiles/Catch2.dir/catch2/internal/catch_exception_translator_registry.cpp.obj
[182/438] Building CXX object _deps/catch2-build/src/CMakeFiles/Catch2.dir/catch2/internal/catch_decomposer.cpp.obj
[183/438] Building CXX object _deps/catch2-build/src/CMakeFiles/Catch2.dir/catch2/internal/catch_clara.cpp.obj
[184/438] Building CXX object _deps/catch2-build/src/CMakeFiles/Catch2.dir/catch2/internal/catch_message_info.cpp.obj
[185/438] Building CXX object _deps/catch2-build/src/CMakeFiles/Catch2.dir/catch2/internal/catch_parse_numbers.cpp.obj
[186/438] Building CXX object _deps/catch2-build/src/CMakeFiles/Catch2.dir/catch2/internal/catch_random_number_generator.cpp.obj
[187/438] Building CXX object _deps/catch2-build/src/CMakeFiles/Catch2.dir/catch2/internal/catch_console_colour.cpp.obj
[188/438] Building CXX object _deps/catch2-build/src/CMakeFiles/Catch2.dir/catch2/internal/catch_debug_console.cpp.obj
[189/438] Building CXX object _deps/catch2-build/src/CMakeFiles/Catch2.dir/catch2/internal/catch_istream.cpp.obj
[190/438] Building CXX object _deps/catch2-build/src/CMakeFiles/Catch2.dir/catch2/internal/catch_polyfills.cpp.obj
[191/438] Building CXX object _deps/catch2-build/src/CMakeFiles/Catch2.dir/catch2/internal/catch_jsonwriter.cpp.obj
[192/438] Building CXX object _deps/catch2-build/src/CMakeFiles/Catch2.dir/catch2/internal/catch_lazy_expr.cpp.obj
[193/438] Building CXX object _deps/catch2-build/src/CMakeFiles/Catch2.dir/catch2/internal/catch_fatal_condition_handler.cpp.obj
[194/438] Building CXX object _deps/catch2-build/src/CMakeFiles/Catch2.dir/catch2/internal/catch_output_redirect.cpp.obj
[195/438] Building CXX object _deps/catch2-build/src/CMakeFiles/Catch2.dir/catch2/internal/catch_singletons.cpp.obj
[196/438] Building CXX object _deps/catch2-build/src/CMakeFiles/Catch2.dir/catch2/internal/catch_section.cpp.obj
[197/438] Building CXX object _deps/catch2-build/src/CMakeFiles/Catch2.dir/catch2/internal/catch_startup_exception_registry.cpp.obj
[198/438] Building CXX object _deps/catch2-build/src/CMakeFiles/Catch2.dir/catch2/internal/catch_list.cpp.obj
[199/438] Building CXX object _deps/catch2-build/src/CMakeFiles/Catch2.dir/catch2/catch_session.cpp.obj
[200/438] Building CXX object _deps/catch2-build/src/CMakeFiles/Catch2.dir/catch2/internal/catch_random_seed_generation.cpp.obj
[201/438] Building CXX object _deps/catch2-build/src/CMakeFiles/Catch2.dir/catch2/internal/catch_source_line_info.cpp.obj
[202/438] Building CXX object _deps/catch2-build/src/CMakeFiles/Catch2.dir/catch2/internal/catch_reusable_string_stream.cpp.obj
[203/438] Building CXX object _deps/catch2-build/src/CMakeFiles/Catch2.dir/catch2/internal/catch_stdstreams.cpp.obj
[204/438] Building CXX object _deps/catch2-build/src/CMakeFiles/Catch2.dir/catch2/internal/catch_commandline.cpp.obj
[205/438] Building CXX object _deps/catch2-build/src/CMakeFiles/Catch2.dir/catch2/internal/catch_reporter_spec_parser.cpp.obj
[206/438] Building CXX object _deps/catch2-build/src/CMakeFiles/Catch2.dir/catch2/internal/catch_string_manip.cpp.obj
[207/438] Building CXX object _deps/catch2-build/src/CMakeFiles/Catch2.dir/catch2/internal/catch_stringref.cpp.obj
[208/438] Building CXX object _deps/catch2-build/src/CMakeFiles/Catch2.dir/catch2/internal/catch_test_case_info_hasher.cpp.obj
[209/438] Building CXX object _deps/catch2-build/src/CMakeFiles/Catch2.dir/catch2/internal/catch_uncaught_exceptions.cpp.obj
[210/438] Building CXX object _deps/catch2-build/src/CMakeFiles/Catch2.dir/catch2/internal/catch_reporter_registry.cpp.obj
[211/438] Building CXX object _deps/catch2-build/src/CMakeFiles/Catch2.dir/catch2/internal/catch_test_registry.cpp.obj
[212/438] Building CXX object _deps/catch2-build/src/CMakeFiles/Catch2.dir/catch2/internal/catch_tag_alias_registry.cpp.obj
[213/438] Building CXX object _deps/catch2-build/src/CMakeFiles/Catch2.dir/catch2/internal/catch_test_failure_exception.cpp.obj
[214/438] Building CXX object _deps/catch2-build/src/CMakeFiles/Catch2.dir/catch2/internal/catch_run_context.cpp.obj
[215/438] Building CXX object _deps/catch2-build/src/CMakeFiles/Catch2.dir/catch2/internal/catch_test_case_tracker.cpp.obj
[216/438] Building CXX object _deps/catch2-build/src/CMakeFiles/Catch2.dir/catch2/internal/catch_wildcard_pattern.cpp.obj
[217/438] Building CXX object _deps/catch2-build/src/CMakeFiles/Catch2.dir/catch2/internal/catch_test_spec_parser.cpp.obj
[218/438] Building CXX object _deps/catch2-build/src/CMakeFiles/Catch2.dir/catch2/internal/catch_test_case_registry_impl.cpp.obj
[219/438] Building CXX object _deps/catch2-build/src/CMakeFiles/Catch2.dir/catch2/matchers/catch_matchers.cpp.obj
[220/438] Building CXX object _deps/catch2-build/src/CMakeFiles/Catch2.dir/catch2/internal/catch_xmlwriter.cpp.obj
[221/438] Building CXX object _deps/catch2-build/src/CMakeFiles/Catch2.dir/catch2/matchers/catch_matchers_container_properties.cpp.obj
[222/438] Building CXX object _deps/catch2-build/src/CMakeFiles/Catch2.dir/catch2/internal/catch_textflow.cpp.obj
[223/438] Building CXX object _deps/catch2-build/src/CMakeFiles/Catch2.dir/catch2/matchers/catch_matchers_quantifiers.cpp.obj
[224/438] Building CXX object _deps/catch2-build/src/CMakeFiles/Catch2.dir/catch2/matchers/catch_matchers_exception.cpp.obj
[225/438] Building CXX object _deps/catch2-build/src/CMakeFiles/Catch2.dir/catch2/matchers/catch_matchers_predicate.cpp.obj
[226/438] Building CXX object _deps/catch2-build/src/CMakeFiles/Catch2.dir/catch2/matchers/catch_matchers_templated.cpp.obj
[227/438] Building CXX object _deps/catch2-build/src/CMakeFiles/Catch2.dir/catch2/matchers/catch_matchers_floating_point.cpp.obj
[228/438] Building CXX object _deps/catch2-build/src/CMakeFiles/Catch2.dir/catch2/matchers/internal/catch_matchers_impl.cpp.obj
[229/438] Building CXX object src/assembly/CMakeFiles/bettercad_assembly.dir/solver/Solver.cpp.obj
[230/438] Building CXX object src/io/CMakeFiles/bettercad_io.dir/FileIo.cpp.obj
[231/438] Building CXX object _deps/catch2-build/src/CMakeFiles/Catch2.dir/catch2/matchers/catch_matchers_string.cpp.obj
[232/438] Linking CXX static library lib\libbettercad_assembly.a
[233/438] Building CXX object src/io/CMakeFiles/bettercad_io.dir/StlWriter.cpp.obj
[234/438] Building CXX object src/io/CMakeFiles/bettercad_io.dir/json/DraftJson.cpp.obj
[235/438] Building CXX object src/io/CMakeFiles/bettercad_io.dir/DocumentFile.cpp.obj
[236/438] Building CXX object src/io/CMakeFiles/bettercad_io.dir/ModelExport.cpp.obj
[237/438] Linking CXX static library lib\libCatch2.a
[238/438] Building CXX object src/io/CMakeFiles/bettercad_io.dir/json/ComponentJson.cpp.obj
[239/438] Building CXX object _deps/catch2-build/src/CMakeFiles/Catch2WithMain.dir/catch2/internal/catch_main.cpp.obj
[240/438] Building CXX object src/io/CMakeFiles/bettercad_io.dir/json/BooleanJson.cpp.obj
[241/438] Building CXX object src/io/CMakeFiles/bettercad_io.dir/json/ParameterJson.cpp.obj
[242/438] Building CXX object src/io/CMakeFiles/bettercad_io.dir/json/MateJson.cpp.obj
[243/438] Building CXX object src/io/CMakeFiles/bettercad_io.dir/json/RibJson.cpp.obj
[244/438] Building CXX object src/io/CMakeFiles/bettercad_io.dir/json/JsonReader.cpp.obj
[245/438] Building CXX object src/io/CMakeFiles/bettercad_io.dir/json/DocumentJson.cpp.obj
[246/438] Building CXX object src/io/CMakeFiles/bettercad_io.dir/json/HoleStandardsJson.cpp.obj
[247/438] Building CXX object src/io/CMakeFiles/bettercad_io.dir/json/VariableFilletJson.cpp.obj
[248/438] Automatic MOC for target bettercad
[249/438] Building CXX object src/io/CMakeFiles/bettercad_io.dir/json/ShellJson.cpp.obj
[250/438] Building CXX object src/io/CMakeFiles/bettercad_io.dir/json/DatumJson.cpp.obj
[251/438] Building CXX object apps/bettercad_cli/CMakeFiles/bettercad_cli_lib.dir/Cli.cpp.obj
[252/438] Building CXX object examples/reference_models/CMakeFiles/bettercad_reference_models.dir/Catalog.cpp.obj
[253/438] Building CXX object src/io/CMakeFiles/bettercad_io.dir/json/FeatureJson.cpp.obj
[254/438] Building CXX object examples/reference_models/CMakeFiles/bettercad_reference_models.dir/BearingHousing.cpp.obj
[255/438] Building CXX object apps/bettercad_cli/CMakeFiles/bettercad_cli_lib.dir/Arguments.cpp.obj
[256/438] Building CXX object examples/reference_models/CMakeFiles/bettercad_reference_models.dir/IndexPlate.cpp.obj
[257/438] Linking CXX static library lib\libCatch2Main.a
[258/438] Building CXX object examples/reference_models/CMakeFiles/bettercad_reference_models.dir/ManifoldTube.cpp.obj
[259/438] Building CXX object src/io/CMakeFiles/bettercad_io.dir/json/SketchJson.cpp.obj
[260/438] Building CXX object examples/reference_models/CMakeFiles/bettercad_reference_models.dir/GearboxCover.cpp.obj
[261/438] Building CXX object examples/reference_models/CMakeFiles/bettercad_reference_models.dir/BuildSupport.cpp.obj
[262/438] Building CXX object apps/bettercad_cli/CMakeFiles/bettercad_cli_lib.dir/ExportCommands.cpp.obj
[263/438] Building CXX object examples/reference_models/CMakeFiles/bettercad_reference_models.dir/MotorMount.cpp.obj
[264/438] Building CXX object examples/reference_models/CMakeFiles/bettercad_reference_models.dir/UBolt.cpp.obj
[265/438] Building CXX object examples/reference_models/CMakeFiles/bettercad_reference_models.dir/MountingBracket.cpp.obj
[266/438] Building CXX object examples/reference_models/CMakeFiles/bettercad_reference_models.dir/Flange.cpp.obj
[267/438] Linking CXX static library lib\libbettercad_io.a
[268/438] Building CXX object examples/reference_models/CMakeFiles/bettercad_reference_models.dir/Shaft.cpp.obj
[269/438] Building CXX object examples/reference_models/CMakeFiles/bettercad_reference_models.dir/Pulley.cpp.obj
[270/438] Building CXX object apps/bettercad_cli/CMakeFiles/bettercad_cli_lib.dir/DocumentCommands.cpp.obj
[271/438] Building CXX object examples/reference_models/CMakeFiles/bettercad_reference_models.dir/RibbedBracket.cpp.obj
[272/438] Building CXX object examples/reference_models/CMakeFiles/bettercad_reference_models.dir/TransitionDuct.cpp.obj
[273/438] Building CXX object tests/CMakeFiles/bettercad_test_occt.dir/support/occt/StepReadBack.cpp.obj
[274/438] Building CXX object apps/bettercad_cli/CMakeFiles/bettercad_cli.dir/main.cpp.obj
[275/438] Building CXX object examples/reference_models/CMakeFiles/bettercad_reference_models.dir/Fingerprint.cpp.obj
[276/438] Linking CXX static library lib\libbettercad_cli_lib.a
[277/438] Linking CXX static library lib\libbettercad_test_occt.a
[278/438] Linking CXX static library lib\libbettercad_reference_models.a
[279/438] Building CXX object examples/reference_models/CMakeFiles/bettercad_example_reference_models.dir/main.cpp.obj
[280/438] Building CXX object apps/bettercad/CMakeFiles/bettercad.dir/bettercad_autogen/mocs_compilation.cpp.obj
[281/438] Building CXX object apps/bettercad/CMakeFiles/bettercad.dir/MainWindow.cpp.obj
[282/438] Building CXX object apps/bettercad/CMakeFiles/bettercad.dir/main.cpp.obj
[283/438] Building CXX object examples/CMakeFiles/bettercad_example_geometry_accuracy.dir/geometry_accuracy/main.cpp.obj
[284/438] Building CXX object tests/CMakeFiles/bettercad_tests.dir/assembly/ComponentFileTests.cpp.obj
[285/438] Building CXX object tests/CMakeFiles/bettercad_tests.dir/assembly/MateFileTests.cpp.obj
[286/438] Building CXX object tests/CMakeFiles/bettercad_tests.dir/core/BuildInfoTests.cpp.obj
[287/438] Building CXX object tests/CMakeFiles/bettercad_tests.dir/assembly/SolverDerivativeTests.cpp.obj
[288/438] Building CXX object tests/CMakeFiles/bettercad_tests.dir/assembly/ComponentTests.cpp.obj
[289/438] Building CXX object tests/CMakeFiles/bettercad_tests.dir/assembly/ReferenceFileTests.cpp.obj
[290/438] Building CXX object tests/CMakeFiles/bettercad_tests.dir/assembly/StableReferenceTests.cpp.obj
[291/438] Building CXX object tests/CMakeFiles/bettercad_tests.dir/assembly/MechanicalMateTests.cpp.obj
[292/438] Building CXX object tests/CMakeFiles/bettercad_tests.dir/assembly/PlacementTests.cpp.obj
[293/438] Building CXX object tests/CMakeFiles/bettercad_tests.dir/core/UuidTests.cpp.obj
[294/438] Building CXX object tests/CMakeFiles/bettercad_tests.dir/assembly/MechanicalSolveTests.cpp.obj
[295/438] Building CXX object tests/CMakeFiles/bettercad_tests.dir/assembly/ConfigurationTests.cpp.obj
[296/438] Building CXX object tests/CMakeFiles/bettercad_tests.dir/assembly/PlacementFileTests.cpp.obj
[297/438] Building CXX object tests/CMakeFiles/bettercad_tests.dir/core/IdTests.cpp.obj
[298/438] Building CXX object tests/CMakeFiles/bettercad_tests.dir/assembly/ReferenceTests.cpp.obj
[299/438] Building CXX object tests/CMakeFiles/bettercad_tests.dir/assembly/SolverTests.cpp.obj
[300/438] Building CXX object tests/CMakeFiles/bettercad_tests.dir/assembly/MateTests.cpp.obj
[301/438] Building CXX object tests/CMakeFiles/bettercad_tests.dir/assembly/RegenerationTests.cpp.obj
[302/438] Building CXX object tests/CMakeFiles/bettercad_tests.dir/core/geometry/BooleanTests.cpp.obj
[303/438] Building CXX object tests/CMakeFiles/bettercad_tests.dir/core/document/CommandTests.cpp.obj
[304/438] Building CXX object tests/CMakeFiles/bettercad_tests.dir/core/geometry/MeshTests.cpp.obj
[305/438] Building CXX object tests/CMakeFiles/bettercad_tests.dir/core/geometry/ChamferTests.cpp.obj
[306/438] Building CXX object tests/CMakeFiles/bettercad_tests.dir/core/geometry/DraftTests.cpp.obj
[307/438] Building CXX object tests/CMakeFiles/bettercad_tests.dir/core/document/DependencyGraphTests.cpp.obj
[308/438] Building CXX object tests/CMakeFiles/bettercad_tests.dir/core/geometry/FilletTests.cpp.obj
[309/438] Building CXX object tests/CMakeFiles/bettercad_tests.dir/core/geometry/PropertyTests.cpp.obj
[310/438] Building CXX object tests/CMakeFiles/bettercad_tests.dir/core/document/ConfigurationTests.cpp.obj
[311/438] Building CXX object tests/CMakeFiles/bettercad_tests.dir/core/geometry/CurvedProfileTests.cpp.obj
[312/438] Building CXX object tests/CMakeFiles/bettercad_tests.dir/core/geometry/LoftTests.cpp.obj
[313/438] Building CXX object tests/CMakeFiles/bettercad_tests.dir/core/geometry/LoftShapeTests.cpp.obj
[314/438] Building CXX object tests/CMakeFiles/bettercad_tests.dir/core/geometry/PrimitiveTests.cpp.obj
[315/438] Building CXX object tests/CMakeFiles/bettercad_tests.dir/core/geometry/SplitTests.cpp.obj
[316/438] Building CXX object tests/CMakeFiles/bettercad_tests.dir/core/document/ParameterExpressionTests.cpp.obj
[317/438] Building CXX object tests/CMakeFiles/bettercad_tests.dir/core/geometry/HoleTests.cpp.obj
[318/438] Building CXX object tests/CMakeFiles/bettercad_tests.dir/core/document/DocumentTests.cpp.obj
[319/438] Building CXX object tests/CMakeFiles/bettercad_tests.dir/core/geometry/RibTests.cpp.obj
[320/438] Building CXX object tests/CMakeFiles/bettercad_tests.dir/core/math/BSplineTests.cpp.obj
[321/438] Building CXX object tests/CMakeFiles/bettercad_tests.dir/core/geometry/RevolutionTests.cpp.obj
[322/438] Building CXX object tests/CMakeFiles/bettercad_tests.dir/core/geometry/SweptPathTests.cpp.obj
[323/438] Building CXX object tests/CMakeFiles/bettercad_tests.dir/core/geometry/SweepTests.cpp.obj
[324/438] Building CXX object tests/CMakeFiles/bettercad_tests.dir/core/math/RigidTransformTests.cpp.obj
[325/438] Building CXX object tests/CMakeFiles/bettercad_tests.dir/core/geometry/FaceNameTests.cpp.obj
[326/438] Building CXX object tests/CMakeFiles/bettercad_tests.dir/core/geometry/ShellTests.cpp.obj
[327/438] Building CXX object tests/CMakeFiles/bettercad_tests.dir/core/math/FrameTests.cpp.obj
[328/438] Building CXX object tests/CMakeFiles/bettercad_tests.dir/core/geometry/TransformTests.cpp.obj
[329/438] Building CXX object tests/CMakeFiles/bettercad_tests.dir/core/parameters/ParameterTableTests.cpp.obj
[330/438] Building CXX object tests/CMakeFiles/bettercad_tests.dir/core/units/ConversionTests.cpp.obj
[331/438] Building CXX object tests/CMakeFiles/bettercad_tests.dir/core/parameters/ExpressionTests.cpp.obj
[332/438] Building CXX object tests/CMakeFiles/bettercad_tests.dir/core/units/QuantityTests.cpp.obj
[333/438] Building CXX object tests/CMakeFiles/bettercad_tests.dir/core/parameters/ParameterTests.cpp.obj
[334/438] Building CXX object tests/CMakeFiles/bettercad_tests.dir/core/units/FormatAndCatalogTests.cpp.obj
[335/438] Building CXX object tests/CMakeFiles/bettercad_tests.dir/core/geometry/VariableFilletTests.cpp.obj
[336/438] Building CXX object tests/CMakeFiles/bettercad_tests.dir/core/standards/HoleStandardsTests.cpp.obj
[337/438] Building CXX object tests/CMakeFiles/bettercad_tests.dir/features/ChamferFeatureTests.cpp.obj
[338/438] Building CXX object tests/CMakeFiles/bettercad_tests.dir/features/DatumTests.cpp.obj
[339/438] Building CXX object tests/CMakeFiles/bettercad_tests.dir/features/ThroughAllExtrudeTests.cpp.obj
[340/438] Building CXX object tests/CMakeFiles/bettercad_tests.dir/features/ExpressionRegenerationTests.cpp.obj
[341/438] Building CXX object tests/CMakeFiles/bettercad_tests.dir/features/DraftFeatureTests.cpp.obj
[342/438] Building CXX object tests/CMakeFiles/bettercad_tests.dir/features/FaceReferenceTests.cpp.obj
[343/438] Building CXX object tests/CMakeFiles/bettercad_tests.dir/features/BodyOpsTests.cpp.obj
[344/438] Building CXX object tests/CMakeFiles/bettercad_tests.dir/features/ExtrudeTests.cpp.obj
[345/438] Building CXX object tests/CMakeFiles/bettercad_tests.dir/features/LoftShapeFeatureTests.cpp.obj
[346/438] Building CXX object tests/CMakeFiles/bettercad_tests.dir/features/SketchOnFaceTests.cpp.obj
[347/438] Building CXX object tests/CMakeFiles/bettercad_tests.dir/features/HoleStandardTests.cpp.obj
[348/438] Building CXX object tests/CMakeFiles/bettercad_tests.dir/features/FilletFeatureTests.cpp.obj
[349/438] Building CXX object tests/CMakeFiles/bettercad_tests.dir/features/ConfigurationFeatureTests.cpp.obj
[350/438] Building CXX object tests/CMakeFiles/bettercad_tests.dir/features/CircularPatternFeatureTests.cpp.obj
[351/438] Building CXX object tests/CMakeFiles/bettercad_tests.dir/features/ProfileTests.cpp.obj
[352/438] Building CXX object tests/CMakeFiles/bettercad_tests.dir/features/RegenerationTests.cpp.obj
[353/438] Building CXX object tests/CMakeFiles/bettercad_tests.dir/features/HoleFeatureTests.cpp.obj
[354/438] Building CXX object tests/CMakeFiles/bettercad_tests.dir/features/LinearPatternFeatureTests.cpp.obj
[355/438] Building CXX object tests/CMakeFiles/bettercad_tests.dir/features/PatternNestingTests.cpp.obj
[356/438] Building CXX object tests/CMakeFiles/bettercad_tests.dir/features/RegeneratorTests.cpp.obj
[357/438] Building CXX object tests/CMakeFiles/bettercad_tests.dir/features/SpatialSweepTests.cpp.obj
[358/438] Building CXX object tests/CMakeFiles/bettercad_tests.dir/features/LoftFeatureTests.cpp.obj
[359/438] Building CXX object tests/CMakeFiles/bettercad_tests.dir/features/PatternDistributionTests.cpp.obj
[360/438] Building CXX object tests/CMakeFiles/bettercad_tests.dir/features/RevolveTests.cpp.obj
[361/438] Building CXX object tests/CMakeFiles/bettercad_tests.dir/features/MirrorFeatureTests.cpp.obj
[362/438] Building CXX object tests/CMakeFiles/bettercad_tests.dir/features/RibFeatureTests.cpp.obj
[363/438] Building CXX object tests/CMakeFiles/bettercad_tests.dir/features/VariableFilletFeatureTests.cpp.obj
[364/438] Building CXX object tests/CMakeFiles/bettercad_tests.dir/io/ExampleModelTests.cpp.obj
[365/438] Building CXX object tests/CMakeFiles/bettercad_tests.dir/io/ChamferFileTests.cpp.obj
[366/438] Building CXX object tests/CMakeFiles/bettercad_tests.dir/features/ShellFeatureTests.cpp.obj
[367/438] Building CXX object tests/CMakeFiles/bettercad_tests.dir/features/SweepFeatureTests.cpp.obj
[368/438] Building CXX object tests/CMakeFiles/bettercad_tests.dir/io/DatumFileTests.cpp.obj
[369/438] Building CXX object tests/CMakeFiles/bettercad_tests.dir/io/CircularPatternFileTests.cpp.obj
[370/438] Building CXX object tests/CMakeFiles/bettercad_tests.dir/io/FaceReferenceFileTests.cpp.obj
[371/438] Building CXX object tests/CMakeFiles/bettercad_tests.dir/io/ConfigurationFileTests.cpp.obj
[372/438] Building CXX object tests/CMakeFiles/bettercad_tests.dir/features/ValidationTests.cpp.obj
[373/438] Building CXX object tests/CMakeFiles/bettercad_tests.dir/io/ThroughAllFileTests.cpp.obj
[374/438] Building CXX object tests/CMakeFiles/bettercad_tests.dir/io/BodyOpsFileTests.cpp.obj
[375/438] Building CXX object tests/CMakeFiles/bettercad_tests.dir/io/DraftFileTests.cpp.obj
[376/438] Building CXX object tests/CMakeFiles/bettercad_tests.dir/io/ExpressionFileTests.cpp.obj
[377/438] Building CXX object tests/CMakeFiles/bettercad_tests.dir/io/FaceKindFileTests.cpp.obj
[378/438] Building CXX object tests/CMakeFiles/bettercad_tests.dir/io/FilletFileTests.cpp.obj
[379/438] Building CXX object tests/CMakeFiles/bettercad_tests.dir/io/DocumentFileTests.cpp.obj
[380/438] Building CXX object tests/CMakeFiles/bettercad_tests.dir/io/HoleStandardFileTests.cpp.obj
[381/438] Building CXX object tests/CMakeFiles/bettercad_tests.dir/io/ParameterJsonTests.cpp.obj
[382/438] Building CXX object tests/CMakeFiles/bettercad_tests.dir/io/LinearPatternFileTests.cpp.obj
[383/438] Building CXX object tests/CMakeFiles/bettercad_tests.dir/io/HoleFileTests.cpp.obj
[384/438] Building CXX object tests/CMakeFiles/bettercad_tests.dir/io/PatternInstanceFileTests.cpp.obj
[385/438] Building CXX object tests/CMakeFiles/bettercad_tests.dir/io/SpatialSweepFileTests.cpp.obj
[386/438] Building CXX object tests/CMakeFiles/bettercad_tests.dir/io/RevolveFileTests.cpp.obj
[387/438] Building CXX object tests/CMakeFiles/bettercad_tests.dir/io/LoftFileTests.cpp.obj
[388/438] Building CXX object tests/CMakeFiles/bettercad_tests.dir/io/ShellFileTests.cpp.obj
[389/438] Building CXX object tests/CMakeFiles/bettercad_tests.dir/io/SweepFileTests.cpp.obj
[390/438] Building CXX object tests/CMakeFiles/bettercad_tests.dir/io/RibFileTests.cpp.obj
[391/438] Building CXX object tests/CMakeFiles/bettercad_tests.dir/io/VariableFilletFileTests.cpp.obj
[392/438] Building CXX object tests/CMakeFiles/bettercad_tests.dir/io/MirrorFileTests.cpp.obj
[393/438] Building CXX object tests/CMakeFiles/bettercad_tests.dir/io/StepExportTests.cpp.obj
[394/438] Building CXX object tests/CMakeFiles/bettercad_tests.dir/io/StlTests.cpp.obj
[395/438] Building CXX object tests/CMakeFiles/bettercad_tests.dir/sketch/ConstraintTests.cpp.obj
[396/438] Building CXX object tests/CMakeFiles/bettercad_tests.dir/sketch/AdvancedConstraintSolverTests.cpp.obj
[397/438] Building CXX object tests/CMakeFiles/bettercad_tests.dir/sketch/AdvancedConstraintDocumentTests.cpp.obj
[398/438] Building CXX object tests/CMakeFiles/bettercad_tests.dir/sketch/EllipseSplineDocumentTests.cpp.obj
[399/438] Building CXX object tests/CMakeFiles/bettercad_tests.dir/sketch/SketchTests.cpp.obj
[400/438] Building CXX object tests/CMakeFiles/bettercad_tests.dir/sketch/EllipseSplineTests.cpp.obj
[401/438] Building CXX object tests/CMakeFiles/bettercad_tests.dir/sketch/SketchDocumentTests.cpp.obj
[402/438] Building CXX object tests/CMakeFiles/bettercad_tests.dir/cli/ConfigurationCliTests.cpp.obj
[403/438] Building CXX object tests/CMakeFiles/bettercad_tests.dir/sketch/SolverTests.cpp.obj
[404/438] Building CXX object tests/CMakeFiles/bettercad_tests.dir/cli/DraftCliTests.cpp.obj
[405/438] Building CXX object tests/CMakeFiles/bettercad_tests.dir/cli/HoleStandardCliTests.cpp.obj
[406/438] Building CXX object tests/CMakeFiles/bettercad_tests.dir/cli/DatumCliTests.cpp.obj
[407/438] Building CXX object tests/CMakeFiles/bettercad_tests.dir/cli/PatternInstanceCliTests.cpp.obj
[408/438] Building CXX object tests/CMakeFiles/bettercad_tests.dir/cli/ThroughAllCliTests.cpp.obj
[409/438] Building CXX object tests/CMakeFiles/bettercad_tests.dir/cli/BodyOpsCliTests.cpp.obj
[410/438] Building CXX object tests/CMakeFiles/bettercad_tests.dir/cli/FaceReferenceCliTests.cpp.obj
[411/438] Building CXX object tests/CMakeFiles/bettercad_tests.dir/cli/ShellCliTests.cpp.obj
[412/438] Building CXX object tests/CMakeFiles/bettercad_tests.dir/cli/SpatialSweepCliTests.cpp.obj
[413/438] Building CXX object tests/CMakeFiles/bettercad_tests.dir/cli/VariableFilletCliTests.cpp.obj
[414/438] Building CXX object tests/CMakeFiles/bettercad_tests.dir/cli/ExpressionCliTests.cpp.obj
[415/438] Building CXX object tests/CMakeFiles/bettercad_tests.dir/cli/RibCliTests.cpp.obj
[416/438] Building CXX object tests/CMakeFiles/bettercad_tests.dir/cli/ComponentCliTests.cpp.obj
[417/438] Building CXX object tests/CMakeFiles/bettercad_tests.dir/cli/CliTests.cpp.obj
[418/438] Building CXX object tests/CMakeFiles/bettercad_tests.dir/reference/GearboxCoverTests.cpp.obj
[419/438] Linking CXX executable bin\bettercad.exe; Deploying Qt runtime for bettercad
[420/438] Building CXX object tests/CMakeFiles/bettercad_tests.dir/reference/ManifoldTubeTests.cpp.obj
[421/438] Building CXX object tests/CMakeFiles/bettercad_tests.dir/reference/FlangeTests.cpp.obj
[422/438] Building CXX object tests/compile_fail/CMakeFiles/bettercad_cf_units_control.dir/UnitsMisuse.cpp.obj
[423/438] Building CXX object tests/CMakeFiles/bettercad_tests.dir/reference/IndexPlateTests.cpp.obj
[424/438] Building CXX object tests/CMakeFiles/bettercad_tests.dir/reference/AllModelsTests.cpp.obj
[425/438] Building CXX object tests/compile_fail/CMakeFiles/bettercad_cf_ids_control.dir/IdsMisuse.cpp.obj
[426/438] Building CXX object tests/CMakeFiles/bettercad_tests.dir/reference/MotorMountTests.cpp.obj
[427/438] Linking CXX executable bin\bettercad_example_reference_models.exe
[428/438] Building CXX object tests/CMakeFiles/bettercad_tests.dir/reference/BearingHousingTests.cpp.obj
[429/438] Linking CXX executable bin\bettercad_example_geometry_accuracy.exe
[430/438] Linking CXX executable bin\bettercad-cli.exe
[431/438] Building CXX object tests/CMakeFiles/bettercad_tests.dir/reference/P12ModelsTests.cpp.obj
[432/438] Building CXX object tests/CMakeFiles/bettercad_tests.dir/reference/RibbedBracketTests.cpp.obj
[433/438] Building CXX object tests/CMakeFiles/bettercad_tests.dir/reference/TransitionDuctTests.cpp.obj
[434/438] Building CXX object tests/CMakeFiles/bettercad_tests.dir/reference/MountingBracketTests.cpp.obj
[435/438] Building CXX object tests/CMakeFiles/bettercad_tests.dir/reference/PulleyTests.cpp.obj
[436/438] Building CXX object tests/CMakeFiles/bettercad_tests.dir/reference/UBoltTests.cpp.obj
[437/438] Building CXX object tests/CMakeFiles/bettercad_tests.dir/reference/ShaftTests.cpp.obj
[438/438] Linking CXX executable bin\bettercad_tests.exe
