Built with GCC 16.1 (MinGW-w64 UCRT), -O2, against OCCT 8.0.1; run 2026-09-17T03:26:06+10:00.
P12-DATUM-001 face moment probe (OCCT 8.0.1)

block with a hole (V = 43978.761403405064), apex (29.6, 20, 10)
  face  0 natural 0  ada m     7893.3333333333321 M (-175232, 0, 0) 0.000s
                     gk  m     7893.3333333333321 M (-175232, 0, 0) 0.000s  |dm| 0.00e+00 |dM| 8.73e-11
  face  1 natural 0  ada m     8000.0000000000018 M (2400, -120000, 0) 0.000s
                     gk  m     7999.9999999999991 M (2400, -120000, 0) 0.000s  |dm| 2.73e-12 |dM| 2.96e-11
  face  2 natural 0  ada m     7329.7935672341791 M (7225.486316, 0, 54973.45175) 0.001s
                     gk  m     7329.7935672341773 M (7225.486316, 0, 54973.45175) 0.001s  |dm| 1.82e-12 |dM| 1.46e-11
  face  3 natural 0  ada m     8000.0000000000018 M (2400, 120000, 0) 0.000s
                     gk  m     7999.9999999999991 M (2400, 120000, 0) 0.000s  |dm| 2.73e-12 |dM| 4.37e-11
  face  4 natural 0  ada m     7329.7935672341791 M (7225.486316, 0, -54973.45175) 0.001s
                     gk  m     7329.7935672341773 M (7225.486316, 0, -54973.45175) 0.001s  |dm| 1.82e-12 |dM| 7.28e-12
  face  5 natural 0  ada m     8106.6666666666661 M (184832, 0, 0) 0.000s
                     gk  m     8106.6666666666652 M (184832, 0, 0) 0.000s  |dm| 9.09e-13 |dM| 2.91e-11
  face  6 natural 0  ada m    -2680.8257310632907 M (28952.9179, -0, -0) 0.000s
                     gk  m    -2680.8257310632848 M (28952.9179, -0, -0) 0.003s  |dm| 5.91e-12 |dM| 6.55e-11
  face sums  ada V rel 0.00e+00  G (30.9143592198, 20, 10)  0.003s
             gk  V rel 0.00e+00  G (30.9143592198, 20, 10)  0.004s
  whole      ada V rel 0.00e+00  |G - sum G| 7.11e-15;  gk V rel 0.00e+00  |G - sum G| 3.55e-15

elliptic prism (V = 18849.555921538758), apex (30, 0, 10)
  face  0 natural 0  ada m     12566.370718869341 M (-424127.0348, -1.071473203e-11, 0) 0.000s
                     gk  m     12566.370614359148 M (-424115.0082, 8.867906409e-12, 0) 0.003s  |dm| 1.05e-04 |dM| 1.20e+01
  face  1 natural 0  ada m      3141.592653589792 M (-70685.83471, 3.637978807e-12, -23561.9449) 0.001s
                     gk  m     3141.5926535897843 M (-70685.83471, -2.975397706e-12, -23561.9449) 0.004s  |dm| 7.73e-12 |dM| 1.75e-10
  face  2 natural 0  ada m      3141.592653589792 M (-70685.83471, 3.637978807e-12, 23561.9449) 0.001s
                     gk  m     3141.5926535897843 M (-70685.83471, -2.975397706e-12, 23561.9449) 0.005s  |dm| 7.73e-12 |dM| 1.75e-10
  face sums  ada V rel 5.54e-09  G (-0.000637861832232, -1.82432647588e-16, 10)  0.002s
             gk  V rel 2.11e-15  G (7.1054273576e-15, 1.54757544918e-16, 10)  0.012s
  whole      ada V rel 5.54e-09  |G - sum G| 2.04e-15;  gk V rel 2.11e-15  |G - sum G| 3.25e-15

elliptic prism cut at x = 15 (V = 15164.446825712486), apex (15, 8.88178e-16, 10)
  face  0 natural 0  ada m     10109.631217271692 M (-229056.761, -7.143154684e-12, 0) 0.001s
                     gk  m     10109.631217141636 M (-229056.7415, -9.077738561e-12, 0) 0.008s  |dm| 1.30e-07 |dM| 1.95e-02
  face  1 natural 0  ada m     2527.4078042854153 M (-38176.12359, 1.932676241e-12, -18955.55853) 0.001s
                     gk  m     2527.4078042854139 M (-38176.12359, 3.673450433e-13, -18955.55853) 0.007s  |dm| 1.36e-12 |dM| 2.18e-11
  face  2 natural 0  ada m                      0 M (0, 0, 0) 0.000s
                     gk  m                      0 M (0, 0, 0) 0.000s  |dm| 0.00e+00 |dM| 0.00e+00
  face  3 natural 0  ada m     2527.4078042854153 M (-38176.12359, 1.932676241e-12, 18955.55853) 0.001s
                     gk  m     2527.4078042854139 M (-38176.12359, 3.673450433e-13, 18955.55853) 0.007s  |dm| 1.36e-12 |dM| 2.18e-11
  face sums  ada V rel 8.58e-12  G (-5.13980541005, 6.72027956776e-16, 10)  0.002s
             gk  V rel 1.44e-15  G (-5.1398041245, 3.38006786657e-16, 10)  0.022s
  whole      ada V rel 8.58e-12  |G - sum G| 4.44e-15;  gk V rel 1.33e-15  |G - sum G| 8.88e-16

spline prism (V = 30000), apex (30, 0, 5)
  face  0 natural 0  ada m     21345.953715353069 M (0, 748526.2058, 0) 0.000s
                     gk  m     20000.000000000007 M (0, 675000, 0) 0.004s  |dm| 1.35e+03 |dM| 7.35e+04
  face  1 natural 0  ada m                   5000 M (0, 112500, -18750) 0.001s
                     gk  m     4999.9999999999873 M (0, 112500, -18750) 0.000s  |dm| 1.27e-11 |dM| 3.20e-10
  face  2 natural 0  ada m                   5000 M (0, 112500, 18750) 0.001s
                     gk  m     4999.9999999999873 M (0, 112500, 18750) 0.000s  |dm| 1.27e-11 |dM| 3.20e-10
  face sums  ada V rel 4.49e-02  G (30, 31.0574760177, 5)  0.002s
             gk  V rel 7.77e-16  G (30, 30, 5)  0.005s
  whole      ada V rel 4.49e-02  |G - sum G| 3.55e-15;  gk V rel 7.77e-16  |G - sum G| 7.11e-15

spline prism cut at y = 30 (V = 15000), apex (30, 20, 5)
  face  0 natural 0  ada m                   4000 M (63000, -25500, 0) 0.000s
                     gk  m     3999.9999999999909 M (63000, -25500, 0) 0.000s  |dm| 9.09e-12 |dM| 1.75e-10
  face  1 natural 0  ada m                   2500 M (0, -6000, -9375) 0.000s
                     gk  m     2499.9999999999932 M (0, -6000, -9375) 0.000s  |dm| 6.82e-12 |dM| 2.91e-11
  face  2 natural 0  ada m     2000.0000000000005 M (0, 15000, 0) 0.000s
                     gk  m     1999.9999999999998 M (0, 15000, 0) 0.000s  |dm| 6.82e-13 |dM| 5.46e-12
  face  3 natural 0  ada m                   2500 M (0, -6000, 9375) 0.000s
                     gk  m     2499.9999999999932 M (0, -6000, 9375) 0.000s  |dm| 6.82e-12 |dM| 2.55e-11
  face  4 natural 0  ada m     3999.9999999999995 M (-63000, -25500, 0) 0.000s
                     gk  m     3999.9999999999918 M (-63000, -25500, 0) 0.000s  |dm| 7.73e-12 |dM| 1.46e-10
  face sums  ada V rel 0.00e+00  G (30, 16.8, 5)  0.002s
             gk  V rel 2.22e-15  G (30, 16.8, 5)  0.001s
  whole      ada V rel 0.00e+00  |G - sum G| 3.55e-15;  gk V rel 2.22e-15  |G - sum G| 3.55e-15

revolved ellipse cut at z = 30 (V = 41781.469607440085), apex (20, 0, 20)
  face  0 natural 0  ada m      36154.78653219968 M (-932854.9992, -5.920514923e-07, -1595865.405) 0.002s
                     gk  m     36154.786531881779 M (-932855.0091, -5.920521788e-07, -1595865.421) 0.245s  |dm| 3.18e-07 |dM| 1.57e-02
  face  1 natural 0  ada m     4032.6992063846742 M (121135.375, -2.511863784e-07, -14087.47107) 0.002s
                     gk  m     4032.6992064215606 M (121135.375, -2.511851769e-07, -14087.47107) 0.168s  |dm| 3.69e-08 |dM| 1.37e-06
  face  2 natural 0  ada m     796.99193421501047 M (-35516.82392, 2.898782647e-08, 5977.439507) 0.001s
                     gk  m     796.99193438405848 M (-35516.82393, 2.898766629e-08, 5977.439508) 0.039s  |dm| 1.69e-07 |dM| 8.57e-06
  face  3 natural 0  ada m     796.99193421501104 M (11607.06589, 2.898870832e-08, 5977.439507) 0.001s
                     gk  m     796.99193421844097 M (11607.06589, 2.898895257e-08, 5977.439507) 0.037s  |dm| 3.43e-09 |dM| 2.71e-07
  face sums  ada V rel 1.02e-11  G (2.37565409122e-07, -1.87944881602e-11, -18.2465722832)  0.007s
             gk  V rel 1.28e-11  G (5.33582067419e-11, -1.87944738237e-11, -18.2465726581)  0.490s
  whole      ada V rel 1.01e-11  |G - sum G| 5.44e-08;  gk V rel 1.18e-11  |G - sum G| 1.93e-10

