Built with GCC 16.1 (MinGW-w64 UCRT), -O2, against OCCT 8.0.1; run 2026-09-17T02:48:06+10:00.
P12-DATUM-001 face integration probe (OCCT 8.0.1)
Surface types: 0 plane, 1 cylinder, 2 cone, 3 sphere, 4 torus, 5 Bezier, 6 B-spline,
7 surface of revolution, 8 surface of extrusion, 9 offset, 10 other.

elliptic prism (V = 28274.333882308139)
  face  0 type  8  ada      18849.55607830402 0.001s  gk10     18849.555921538722 0.000s  gk6     18849.555921538726 0.000s
  face  1 type  0  ada                      0 0.001s  gk10                      0 0.000s  gk6                      0 0.000s
  face  2 type  0  ada                      0 0.001s  gk10                      0 0.000s  gk6                      0 0.000s
  sums: ada rel 3.33e-01 (0.002s)  gk10 rel 3.33e-01 (0.001s)  gk6 rel 3.33e-01 (0.000s)

spline square prism (V = 30000)
  face  0 type  8  ada     21345.953715353069 0.000s  gk10     20000.000000000007 0.005s  gk6     20000.000000000007 0.005s
  face  1 type  0  ada                      0 0.001s  gk10                      0 0.000s  gk6                      0 0.000s
  face  2 type  0  ada                      0 0.001s  gk10                      0 0.000s  gk6                      0 0.000s
  sums: ada rel 2.88e-01 (0.002s)  gk10 rel 3.33e-01 (0.005s)  gk6 rel 3.33e-01 (0.005s)

revolved ellipse (V = 59217.626406536147)
  face  0 type  7  ada      59217.62660353315 0.001s  gk10     59217.626406536037 10.416s  gk6     59217.626406513285 0.017s
  sums: ada rel 3.33e-09 (0.001s)  gk10 rel 1.89e-15 (10.416s)  gk6 rel 3.86e-13 (0.017s)

revolved spline square (V = 104719.75511965976)
  face  0 type  7  ada     104719.75540996582 0.001s  gk10     104719.75511965956 10.043s  gk6     104719.75511965956 3.134s
  sums: ada rel 2.77e-09 (0.001s)  gk10 rel 2.00e-15 (10.043s)  gk6 rel 2.00e-15 (3.134s)

ruled square frustum loft (V = 7000)
  face  0 type  6  ada  3.403996764830521e-15 0.005s  gk10 9.7970990654196582e-16 0.057s  gk6 9.7970990654196582e-16 0.057s
  face  1 type  6  ada  3.403996764830521e-15 0.005s  gk10 9.7970990654196582e-16 0.057s  gk6 9.7970990654196582e-16 0.057s
  face  2 type  6  ada  3.403996764830521e-15 0.005s  gk10 9.7970990654196582e-16 0.058s  gk6 9.7970990654196582e-16 0.057s
  face  3 type  6  ada  3.403996764830521e-15 0.005s  gk10 9.7970990654196582e-16 0.057s  gk6 9.7970990654196582e-16 0.057s
  face  4 type  0  ada                      0 0.001s  gk10                      0 0.000s  gk6                      0 0.000s
  face  5 type  0  ada                      0 0.000s  gk10                      0 0.000s  gk6                      0 0.000s
  sums: ada rel 1.00e+00 (0.022s)  gk10 rel 1.00e+00 (0.228s)  gk6 rel 1.00e+00 (0.227s)

ruled oblique circle loft (V = 8508.4801034723569)
  face  0 type  6  ada     5235.9877561800786 0.001s  gk10     5235.9877561800795 7.417s  gk6     5235.9877561800768 7.118s
  face  1 type  0  ada                      0 0.001s  gk10                      0 0.000s  gk6                      0 0.000s
  face  2 type  0  ada                      0 0.001s  gk10                      0 0.000s  gk6                      0 0.000s
  sums: ada rel 3.85e-01 (0.003s)  gk10 rel 3.85e-01 (7.418s)  gk6 rel 3.85e-01 (7.118s)

swept ellipse (V = 25305.110290576344)
  face  0 type  8  ada     5026.5482875477364 0.000s  gk10     5026.5482457436592 0.003s  gk6     5026.5482457436592 0.003s
  face  1 type  7  ada     14623.695268371053 0.000s  gk10     14623.695268371028 0.024s  gk6     14623.695268367905 0.015s
  face  2 type  0  ada                      0 0.001s  gk10                      0 0.000s  gk6                      0 0.000s
  face  3 type  0  ada 4.4644716774510487e-13 0.001s  gk10 4.4644716774510365e-13 0.000s  gk6 4.4644716774510345e-13 0.000s
  sums: ada rel 2.23e-01 (0.002s)  gk10 rel 2.23e-01 (0.027s)  gk6 rel 2.23e-01 (0.018s)

