[1/26] Checking git revision
[2/25] Building CXX object src/core/CMakeFiles/bettercad_core.dir/Error.cpp.obj
[3/25] Building CXX object _deps/catch2-build/src/CMakeFiles/Catch2WithMain.dir/catch2/internal/catch_main.cpp.obj
[4/25] Building CXX object tests/compile_fail/CMakeFiles/bettercad_cf_units_control.dir/UnitsMisuse.cpp.obj
[5/25] Linking CXX static library lib\libCatch2Main.a
[6/25] Building CXX object src/core/CMakeFiles/bettercad_core.dir/units/Format.cpp.obj
[7/25] Building CXX object tests/CMakeFiles/bettercad_tests.dir/cli/CliTests.cpp.obj
[8/25] Building CXX object tests/CMakeFiles/bettercad_tests.dir/core/parameters/ParameterTableTests.cpp.obj
[9/25] Building CXX object tests/CMakeFiles/bettercad_tests.dir/io/ParameterJsonTests.cpp.obj
[10/25] Building CXX object tests/CMakeFiles/bettercad_tests.dir/core/UuidTests.cpp.obj
[11/25] Building CXX object tests/CMakeFiles/bettercad_tests.dir/core/BuildInfoTests.cpp.obj
[12/25] Building CXX object src/core/CMakeFiles/bettercad_core.dir/parameters/Parameter.cpp.obj
[13/25] Building CXX object src/core/CMakeFiles/bettercad_core.dir/parameters/ParameterTable.cpp.obj
[14/25] Building CXX object tests/CMakeFiles/bettercad_tests.dir/core/units/ConversionTests.cpp.obj
[15/25] Building CXX object tests/CMakeFiles/bettercad_tests.dir/core/units/QuantityTests.cpp.obj
[16/25] Linking CXX static library lib\libbettercad_core.a
[17/25] Linking CXX executable bin\bettercad-cli.exe
[18/25] Building CXX object tests/CMakeFiles/bettercad_tests.dir/core/units/FormatAndCatalogTests.cpp.obj
[19/25] Linking CXX executable bin\bettercad.exe; Deploying Qt runtime for bettercad
[20/25] Building CXX object tests/CMakeFiles/bettercad_tests.dir/core/IdTests.cpp.obj
[21/25] Building CXX object tests/CMakeFiles/bettercad_tests.dir/core/parameters/ParameterTests.cpp.obj
[22/25] Building CXX object src/io/CMakeFiles/bettercad_io.dir/json/ParameterJson.cpp.obj
[23/25] Building CXX object src/io/CMakeFiles/bettercad_io.dir/json/JsonReader.cpp.obj
[24/25] Linking CXX static library lib\libbettercad_io.a
[25/25] Linking CXX executable bin\bettercad_tests.exe
